Archive member included because of file (symbol)

c:/winavr-20100110/bin/../lib/gcc/avr/4.3.3/../../../../avr/lib/avrxmega6\libprintf_flt.a(vfprintf_flt.o)
                              (vfprintf)
c:/winavr-20100110/bin/../lib/gcc/avr/4.3.3/../../../../avr/lib/avrxmega6\libm.a(addsf3.o)
                              gcode.o (__subsf3)
c:/winavr-20100110/bin/../lib/gcc/avr/4.3.3/../../../../avr/lib/avrxmega6\libm.a(addsf3x.o)
                              c:/winavr-20100110/bin/../lib/gcc/avr/4.3.3/../../../../avr/lib/avrxmega6\libm.a(addsf3.o) (__addsf3x)
c:/winavr-20100110/bin/../lib/gcc/avr/4.3.3/../../../../avr/lib/avrxmega6\libm.a(atan.o)
                              gcode.o (atan)
c:/winavr-20100110/bin/../lib/gcc/avr/4.3.3/../../../../avr/lib/avrxmega6\libm.a(ceil.o)
                              motion_control.o (ceil)
c:/winavr-20100110/bin/../lib/gcc/avr/4.3.3/../../../../avr/lib/avrxmega6\libm.a(cmpsf2.o)
                              gcode.o (__ltsf2)
c:/winavr-20100110/bin/../lib/gcc/avr/4.3.3/../../../../avr/lib/avrxmega6\libm.a(cos.o)
                              motion_control.o (cos)
c:/winavr-20100110/bin/../lib/gcc/avr/4.3.3/../../../../avr/lib/avrxmega6\libm.a(divsf3.o)
                              gcode.o (__divsf3)
c:/winavr-20100110/bin/../lib/gcc/avr/4.3.3/../../../../avr/lib/avrxmega6\libm.a(divsf3x.o)
                              c:/winavr-20100110/bin/../lib/gcc/avr/4.3.3/../../../../avr/lib/avrxmega6\libm.a(divsf3.o) (__divsf3x)
c:/winavr-20100110/bin/../lib/gcc/avr/4.3.3/../../../../avr/lib/avrxmega6\libm.a(fixsfsi.o)
                              gcode.o (__fixsfsi)
c:/winavr-20100110/bin/../lib/gcc/avr/4.3.3/../../../../avr/lib/avrxmega6\libm.a(fixunssfsi.o)
                              gcode.o (__fixunssfsi)
c:/winavr-20100110/bin/../lib/gcc/avr/4.3.3/../../../../avr/lib/avrxmega6\libm.a(floatsisf.o)
                              config.o (__floatunsisf)
c:/winavr-20100110/bin/../lib/gcc/avr/4.3.3/../../../../avr/lib/avrxmega6\libm.a(fp_cmp.o)
                              c:/winavr-20100110/bin/../lib/gcc/avr/4.3.3/../../../../avr/lib/avrxmega6\libm.a(cmpsf2.o) (__fp_cmp)
c:/winavr-20100110/bin/../lib/gcc/avr/4.3.3/../../../../avr/lib/avrxmega6\libm.a(fp_inf.o)
                              c:/winavr-20100110/bin/../lib/gcc/avr/4.3.3/../../../../avr/lib/avrxmega6\libm.a(addsf3x.o) (__fp_inf)
c:/winavr-20100110/bin/../lib/gcc/avr/4.3.3/../../../../avr/lib/avrxmega6\libm.a(fp_mintl.o)
                              c:/winavr-20100110/bin/../lib/gcc/avr/4.3.3/../../../../avr/lib/avrxmega6\libm.a(ceil.o) (__fp_mintl)
c:/winavr-20100110/bin/../lib/gcc/avr/4.3.3/../../../../avr/lib/avrxmega6\libm.a(fp_mpack.o)
                              c:/winavr-20100110/bin/../lib/gcc/avr/4.3.3/../../../../avr/lib/avrxmega6\libm.a(ceil.o) (__fp_mpack)
c:/winavr-20100110/bin/../lib/gcc/avr/4.3.3/../../../../avr/lib/avrxmega6\libm.a(fp_nan.o)
                              c:/winavr-20100110/bin/../lib/gcc/avr/4.3.3/../../../../avr/lib/avrxmega6\libm.a(addsf3x.o) (__fp_nan)
c:/winavr-20100110/bin/../lib/gcc/avr/4.3.3/../../../../avr/lib/avrxmega6\libm.a(fp_powser.o)
                              c:/winavr-20100110/bin/../lib/gcc/avr/4.3.3/../../../../avr/lib/avrxmega6\libm.a(atan.o) (__fp_powser)
c:/winavr-20100110/bin/../lib/gcc/avr/4.3.3/../../../../avr/lib/avrxmega6\libm.a(fp_pscA.o)
                              c:/winavr-20100110/bin/../lib/gcc/avr/4.3.3/../../../../avr/lib/avrxmega6\libm.a(addsf3x.o) (__fp_pscA)
c:/winavr-20100110/bin/../lib/gcc/avr/4.3.3/../../../../avr/lib/avrxmega6\libm.a(fp_pscB.o)
                              c:/winavr-20100110/bin/../lib/gcc/avr/4.3.3/../../../../avr/lib/avrxmega6\libm.a(addsf3x.o) (__fp_pscB)
c:/winavr-20100110/bin/../lib/gcc/avr/4.3.3/../../../../avr/lib/avrxmega6\libm.a(fp_rempio2.o)
                              c:/winavr-20100110/bin/../lib/gcc/avr/4.3.3/../../../../avr/lib/avrxmega6\libm.a(cos.o) (__fp_rempio2)
c:/winavr-20100110/bin/../lib/gcc/avr/4.3.3/../../../../avr/lib/avrxmega6\libm.a(fp_round.o)
                              c:/winavr-20100110/bin/../lib/gcc/avr/4.3.3/../../../../avr/lib/avrxmega6\libm.a(addsf3.o) (__fp_round)
c:/winavr-20100110/bin/../lib/gcc/avr/4.3.3/../../../../avr/lib/avrxmega6\libm.a(fp_sinus.o)
                              c:/winavr-20100110/bin/../lib/gcc/avr/4.3.3/../../../../avr/lib/avrxmega6\libm.a(cos.o) (__fp_sinus)
c:/winavr-20100110/bin/../lib/gcc/avr/4.3.3/../../../../avr/lib/avrxmega6\libm.a(fp_split3.o)
                              c:/winavr-20100110/bin/../lib/gcc/avr/4.3.3/../../../../avr/lib/avrxmega6\libm.a(addsf3x.o) (__fp_split3)
c:/winavr-20100110/bin/../lib/gcc/avr/4.3.3/../../../../avr/lib/avrxmega6\libm.a(fp_trunc.o)
                              c:/winavr-20100110/bin/../lib/gcc/avr/4.3.3/../../../../avr/lib/avrxmega6\libm.a(ceil.o) (__fp_trunc)
[...]
Memory Configuration

Name             Origin             Length             Attributes
text             0x00000000         0x00100000         xr
data             0x00802000         0x0000ffa0         rw !x
eeprom           0x00810000         0x00010000         rw !x
fuse             0x00820000         0x00000400         rw !x
lock             0x00830000         0x00000400         rw !x
signature        0x00840000         0x00000400         rw !x
*default*        0x00000000         0xffffffff

Linker script and memory map

LOAD c:/winavr-20100110/bin/../lib/gcc/avr/4.3.3/../../../../avr/lib/avrxmega6/crtx256a3.o
LOAD c:/winavr-20100110/bin/../lib/gcc/avr/4.3.3/../../../../avr/lib/avrxmega6\libprintf_flt.a
LOAD c:/winavr-20100110/bin/../lib/gcc/avr/4.3.3/../../../../avr/lib/avrxmega6\libm.a
LOAD main.o
LOAD gcode.o
LOAD config.o
LOAD encoder.o
LOAD xmega_init.o
LOAD motion_control.o
LOAD spindle_control.o
LOAD stepper.o
LOAD xmega_interrupts.o
LOAD xio.o
LOAD xio_usb.o
LOAD xmega_eeprom.o
LOAD xio_pgm.o
LOAD controller.o
LOAD direct_drive.o
LOAD move_buffer.o
LOAD limit_switches.o
LOAD xio_rs485.o
LOAD signals.o
LOAD xio_usart.o
LOAD c:/winavr-20100110/bin/../lib/gcc/avr/4.3.3/../../../../avr/lib/avrxmega6\libm.a
LOAD c:/winavr-20100110/bin/../lib/gcc/avr/4.3.3/avrxmega6\libgcc.a
LOAD c:/winavr-20100110/bin/../lib/gcc/avr/4.3.3/../../../../avr/lib/avrxmega6\libc.a
LOAD c:/winavr-20100110/bin/../lib/gcc/avr/4.3.3/avrxmega6\libgcc.a

.hash
 *(.hash)

.dynsym
 *(.dynsym)

.dynstr
 *(.dynstr)

.gnu.version
 *(.gnu.version)

.gnu.version_d
 *(.gnu.version_d)

.gnu.version_r
 *(.gnu.version_r)

.rel.init
 *(.rel.init)

.rela.init
 *(.rela.init)

.rel.text
 *(.rel.text)
 *(.rel.text.*)
 *(.rel.gnu.linkonce.t*)

.rela.text
 *(.rela.text)
 *(.rela.text.*)
 *(.rela.gnu.linkonce.t*)

.rel.fini
 *(.rel.fini)

.rela.fini
 *(.rela.fini)

.rel.rodata
 *(.rel.rodata)
 *(.rel.rodata.*)
 *(.rel.gnu.linkonce.r*)

.rela.rodata
 *(.rela.rodata)
 *(.rela.rodata.*)
 *(.rela.gnu.linkonce.r*)

.rel.data
 *(.rel.data)
 *(.rel.data.*)
 *(.rel.gnu.linkonce.d*)

.rela.data
 *(.rela.data)
 *(.rela.data.*)
 *(.rela.gnu.linkonce.d*)

.rel.ctors
 *(.rel.ctors)

.rela.ctors
 *(.rela.ctors)

.rel.dtors
 *(.rel.dtors)

.rela.dtors
 *(.rela.dtors)

.rel.got
 *(.rel.got)

.rela.got
 *(.rela.got)

.rel.bss
 *(.rel.bss)

.rela.bss
 *(.rela.bss)

.rel.plt
 *(.rel.plt)

.rela.plt
 *(.rela.plt)

.text           0x00000000     0x953a
 *(.vectors)
 .vectors       0x00000000      0x1e8 c:/winavr-20100110/bin/../lib/gcc/avr/4.3.3/../../../../avr/lib/avrxmega6/crtx256a3.o
                0x00000000                __vectors
                0x00000000                __vector_default
 *(.vectors)
 *(.progmem.gcc*)
 .progmem.gcc_fplib
                0x000001e8       0x2d c:/winavr-20100110/bin/../lib/gcc/avr/4.3.3/../../../../avr/lib/avrxmega6\libm.a(atan.o)
 .progmem.gcc_fplib
                0x00000215       0x1e c:/winavr-20100110/bin/../lib/gcc/avr/4.3.3/../../../../avr/lib/avrxmega6\libm.a(fp_sinus.o)
 *(.progmem*)
 .progmem.data  0x00000233        0x8 c:/winavr-20100110/bin/../lib/gcc/avr/4.3.3/../../../../avr/lib/avrxmega6\libprintf_flt.a(vfprintf_flt.o)
 .progmem.data  0x0000023b      0x4e9 config.o
                0x00000243                cfgMsgs
                0x0000023b                cfgMsgXaxis
                0x0000023d                cfgMsgYaxis
                0x0000024b                configs_P
                0x00000241                cfgMsgAaxis
                0x0000023f                cfgMsgZaxis
 .progmem.data  0x00000724       0x2c xio.o
 .progmem.data  0x00000750      0x200 xio_usb.o
 .progmem.data  0x00000950     0x1293 controller.o
                0x00000dc9                radius_arc_test2
                0x00001b9a                tgModeStrings
                0x000009e4                square_test10
                0x00001b8d                tgModeStringDirect
                0x00000ae8                square_circle_test100
                0x00000dcd                zoetrope
                0x00000bf8                dwell_test1
                0x00001788                contraptor_circle
                0x00000a72                square_circle_test10
                0x00000d40                g0_test2
                0x00000c8c                dwell_test2
                0x00000da4                radius_arc_test1
                0x00001b75                tgModeStringConfig
                0x00001b68                tgModeStringControl
                0x00000d16                dwell_testMax
                0x00000bd8                spiral_test50a
                0x00000950                square_test1
                0x00000d76                g0_test3
                0x00001b81                tgModeStringGCode
                0x00000b5e                spiral_test5
                0x00000a10                circle_test10
                0x00000d20                g0_test1
                0x000009be                square_test2
 .progmem.data  0x00001be3      0x200 xio_rs485.o
 .progmem.data  0x00001de3       0x32 xio_usart.o
                0x00001dfc                pin_ct1_bm
                0x00001dff                bsel
                0x00001de3                usart_addr
                0x00001e0a                bscale
                0x00001df9                pin_ct0_bm
                0x00001df6                pin_tx_bm
                0x00001deb                port_addr
                0x00001df3                pin_rx_bm
 .progmem.data  0x00001e15       0x3b c:/winavr-20100110/bin/../lib/gcc/avr/4.3.3/../../../../avr/lib/avrxmega6\libc.a(strtod.o)
 .progmem.data  0x00001e50       0xfa c:/winavr-20100110/bin/../lib/gcc/avr/4.3.3/../../../../avr/lib/avrxmega6\libc.a(ftoa_engine.o)
                0x00001f4a                . = ALIGN (0x2)
                0x00001f4a                __trampolines_start = .
 *(.trampolines)
 .trampolines   0x00001f4a        0x0 linker stubs
 *(.trampolines*)
                0x00001f4a                __trampolines_end = .
 *(.jumptables)
 *(.jumptables*)
 *(.lowtext)
 *(.lowtext*)
                0x00001f4a                __ctors_start = .
 *(.ctors)
                0x00001f4a                __ctors_end = .
                0x00001f4a                __dtors_start = .
 *(.dtors)
                0x00001f4a                __dtors_end = .
 SORT(*)(.ctors)
 SORT(*)(.dtors)
 *(.init0)
 .init0         0x00001f4a        0x0 c:/winavr-20100110/bin/../lib/gcc/avr/4.3.3/../../../../avr/lib/avrxmega6/crtx256a3.o
                0x00001f4a                __init
 *(.init0)
 *(.init1)
 *(.init1)
 *(.init2)
 .init2         0x00001f4a       0x10 c:/winavr-20100110/bin/../lib/gcc/avr/4.3.3/../../../../avr/lib/avrxmega6/crtx256a3.o
 *(.init2)
 *(.init3)
 *(.init3)
 *(.init4)
 .init4         0x00001f5a       0x1a c:/winavr-20100110/bin/../lib/gcc/avr/4.3.3/../../../../avr/lib/avrxmega6/crtx256a3.o
                0x00001f5a                __do_copy_data
 .init4         0x00001f74       0x10 c:/winavr-20100110/bin/../lib/gcc/avr/4.3.3/avrxmega6\libgcc.a(_clear_bss.o)
                0x00001f74                __do_clear_bss
 *(.init4)
 *(.init5)
 *(.init5)
 *(.init6)
 *(.init6)
 *(.init7)
 *(.init7)
 *(.init8)
 *(.init8)
 *(.init9)
 .init9         0x00001f84        0x8 c:/winavr-20100110/bin/../lib/gcc/avr/4.3.3/../../../../avr/lib/avrxmega6/crtx256a3.o
 *(.init9)
 *(.text)
 .text          0x00001f8c        0x4 c:/winavr-20100110/bin/../lib/gcc/avr/4.3.3/../../../../avr/lib/avrxmega6/crtx256a3.o
                0x00001f8c                __vector_38
                0x00001f8c                __vector_22
                0x00001f8c                __vector_63
                0x00001f8c                __vector_1
                0x00001f8c                __vector_119
                0x00001f8c                __vector_32
                0x00001f8c                __vector_75
                0x00001f8c                __vector_71
                0x00001f8c                __vector_91
                0x00001f8c                __vector_34
                0x00001f8c                __vector_62
                0x00001f8c                __vector_102
                0x00001f8c                __vector_24
                0x00001f8c                __vector_12
                0x00001f8c                __vector_55
                0x00001f8c                __vector_69
                0x00001f8c                __vector_81
                0x00001f8c                __vector_90
                0x00001f8c                __vector_46
                0x00001f8c                __bad_interrupt
                0x00001f8c                __vector_72
                0x00001f8c                __vector_114
                0x00001f8c                __vector_6
                0x00001f8c                __vector_110
                0x00001f8c                __vector_31
                0x00001f8c                __vector_92
                0x00001f8c                __vector_35
                0x00001f8c                __vector_78
                0x00001f8c                __vector_74
                0x00001f8c                __vector_117
                0x00001f8c                __vector_39
                0x00001f8c                __vector_107
                0x00001f8c                __vector_3
                0x00001f8c                __vector_98
                0x00001f8c                __vector_23
                0x00001f8c                __vector_68
                0x00001f8c                __vector_30
                0x00001f8c                __vector_73
                0x00001f8c                __vector_45
                0x00001f8c                __vector_93
                0x00001f8c                __vector_61
                0x00001f8c                __vector_11
                0x00001f8c                __vector_54
                0x00001f8c                __vector_99
                0x00001f8c                __vector_13
                0x00001f8c                __vector_17
                0x00001f8c                __vector_19
                0x00001f8c                __vector_56
                0x00001f8c                __vector_7
                0x00001f8c                __vector_49
                0x00001f8c                __vector_41
                0x00001f8c                __vector_86
                0x00001f8c                __vector_100
                0x00001f8c                __vector_101
                0x00001f8c                __vector_88
                0x00001f8c                __vector_109
                0x00001f8c                __vector_27
                0x00001f8c                __vector_5
                0x00001f8c                __vector_113
                0x00001f8c                __vector_33
                0x00001f8c                __vector_76
                0x00001f8c                __vector_115
                0x00001f8c                __vector_52
                0x00001f8c                __vector_37
                0x00001f8c                __vector_95
                0x00001f8c                __vector_103
                0x00001f8c                __vector_96
                0x00001f8c                __vector_89
                0x00001f8c                __vector_4
                0x00001f8c                __vector_82
                0x00001f8c                __vector_106
                0x00001f8c                __vector_118
                0x00001f8c                __vector_51
                0x00001f8c                __vector_9
                0x00001f8c                __vector_2
                0x00001f8c                __vector_21
                0x00001f8c                __vector_15
                0x00001f8c                __vector_36
                0x00001f8c                __vector_79
                0x00001f8c                __vector_58
                0x00001f8c                __vector_70
                0x00001f8c                __vector_83
                0x00001f8c                __vector_60
                0x00001f8c                __vector_121
                0x00001f8c                __vector_40
                0x00001f8c                __vector_85
                0x00001f8c                __vector_94
                0x00001f8c                __vector_8
                0x00001f8c                __vector_48
                0x00001f8c                __vector_116
                0x00001f8c                __vector_112
                0x00001f8c                __vector_111
                0x00001f8c                __vector_80
                0x00001f8c                __vector_84
                0x00001f8c                __vector_57
                0x00001f8c                __vector_53
                0x00001f8c                __vector_10
                0x00001f8c                __vector_50
                0x00001f8c                __vector_16
                0x00001f8c                __vector_59
                0x00001f8c                __vector_18
                0x00001f8c                __vector_97
                0x00001f8c                __vector_20
                0x00001f8c                __vector_42
                0x00001f8c                __vector_87
                0x00001f8c                __vector_120
 .text          0x00001f90        0x0 c:/winavr-20100110/bin/../lib/gcc/avr/4.3.3/../../../../avr/lib/avrxmega6\libprintf_flt.a(vfprintf_flt.o)
 .text          0x00001f90       0x5a main.o
                0x00001f90                main
 .text          0x00001fea      0xcd0 gcode.o
                0x00001ff8                to_millimeters
                0x000021c6                theta
                0x0000202e                gc_init
                0x00001fea                select_plane
                0x00002c52                gc_gcode_parser
                0x00002244                gc_execute_block
 .text          0x00002cba      0xa00 config.o
                0x000032d6                cfg_write
                0x00002dda                cfg_reset
                0x00003010                _cfg_dump_axis
                0x00002f6c                cfg_init
                0x00002cba                _cfg_computed
                0x00002f72                _cfg_print_status
                0x000031ea                cfg_dump
                0x00003318                cfg_parse
                0x000032e8                cfg_read
                0x00003636                cfg_test
 .text          0x000036ba       0x5e encoder.o
                0x000036ba                en_init
                0x000036bc                en_write
 .text          0x00003718       0x96 xmega_init.o
                0x00003784                CCPWrite
                0x0000377e                xmega_init
                0x00003718                xmega_init_clocks
 .text          0x000037ae     0x1096 motion_control.o
                0x0000458e                mc_line_blocking
                0x000040a8                mc_arc_blocking
                0x000037bc                mc_go_home
                0x000038ee                mc_line
                0x0000387a                mc_dwell
                0x00003d5a                mc_arc
                0x000037e8                mc_line_continue
                0x000037d0                mc_init
                0x00003b66                mc_arc_continue
                0x000037ae                mc_motion_stop
 .text          0x00004844       0x38 spindle_control.o
                0x00004872                spindle_stop
                0x00004844                spindle_init
                0x00004852                spindle_run
 .text          0x0000487c      0x7bc stepper.o
                0x00004e98                __vector_77
                0x00004a34                st_stop_steppers
                0x00004a6a                st_execute_move
                0x00004956                st_set_polarity
                0x0000496c                st_motor_test
                0x00004dce                __vector_47
                0x00004d04                __vector_108
                0x00004cfa                _st_fake_move
                0x00004a2a                st_terminate
                0x0000487c                st_init
                0x00004f62                __vector_14
 .text          0x00005038       0x20 xmega_interrupts.o
                0x00005038                PMIC_SetVectorLocationToBoot
                0x00005048                PMIC_SetVectorLocationToApplication
 .text          0x00005058       0xe4 xio.o
                0x000050e6                xio_init
                0x0000508c                xio_control
                0x000050ba                xio_dev_init
                0x00005058                xio_fget_ln
 .text          0x0000513c      0x7e8 xio_usb.o
                0x000052b0                xio_usb_control
                0x00005874                __vector_25
                0x000057f0                xio_usb_queue_RX_char
                0x00005448                xio_usb_putc
                0x00005634                _xio_usb_readchar
                0x0000568a                xio_usb_readln
                0x000053be                __vector_26
                0x0000513c                xio_usb_init
                0x00005542                xio_usb_getc
                0x0000584e                xio_usb_queue_RX_string
 .text          0x00005924      0x39c xmega_eeprom.o
                0x00005924                EEPROM_ReadByte
                0x00005a1a                EEPROM_WaitForNVM
                0x00005b6e                EEPROM_LoadByte
                0x00005ac4                eeprom_put_char
                0x00005ada                memcpy_to_eeprom_with_checksum
                0x00005c48                EEPROM_SplitWritePage
                0x00005bb4                EEPROM_AtomicWritePage
                0x00005b8c                EEPROM_LoadPage
                0x00005c92                EEPROM_EraseAll
                0x00005992                memcpy_from_eeprom_with_checksum
                0x00005a24                EEPROM_FlushBuffer
                0x00005bfe                EEPROM_ErasePage
                0x00005a5a                EEPROM_WriteByte
                0x0000597e                eeprom_get_char
 .text          0x00005cc0      0x2ce xio_pgm.o
                0x00005ea8                xio_pgm_putc
                0x00005cc0                xio_pgm_init
                0x00005dec                xio_pgm_control
                0x00005dc4                xio_pgm_open
                0x00005eae                xio_pgm_readln
                0x00005ef4                xio_pgm_getc
 .text          0x00005f8e      0x21a controller.o
                0x00006156                tg_init
                0x00005f98                tg_parser
                0x0000603a                tg_controller
                0x00005f8e                tg_reset_source
 .text          0x000061a8        0x8 direct_drive.o
                0x000061a8                dd_init
                0x000061aa                dd_parser
 .text          0x000061b0      0x448 move_buffer.o
                0x000061ba                mv_dequeue_move_buffer
                0x00006256                mv_queue_move_buffer
                0x0000621a                mv_synchronize
                0x000061b0                mv_init
                0x000061fe                mv_test_move_buffer_full
                0x00006240                mv_flush
 .text          0x000065f8       0xf0 limit_switches.o
                0x00006670                __vector_104
                0x0000665c                __vector_67
                0x00006684                __vector_105
                0x000066c0                __vector_64
                0x00006698                __vector_43
                0x000065f8                ls_init
                0x000066ac                __vector_44
                0x00006648                __vector_66
                0x000066d4                __vector_65
 .text          0x000066e8      0x7a4 xio_rs485.o
                0x00006ddc                __vector_28
                0x000069f6                xio_rs485_putc
                0x00006d58                xio_rs485_queue_RX_char
                0x000066e8                xio_rs485_init
                0x00006db6                xio_rs485_queue_RX_string
                0x00006af0                xio_rs485_getc
                0x0000696c                __vector_29
                0x00006be2                xio_rs485_readln
                0x0000685e                xio_rs485_control
 .text          0x00006e8c       0x12 signals.o
                0x00006e8c                signal_etx
 .text          0x00006e9e      0x16c xio_usart.o
                0x00006e9e                xio_init_usarts
                0x00006ea0                xio_init_usart
 .text          0x0000700a        0x0 c:/winavr-20100110/bin/../lib/gcc/avr/4.3.3/../../../../avr/lib/avrxmega6\libm.a(addsf3.o)
 .text          0x0000700a        0x0 c:/winavr-20100110/bin/../lib/gcc/avr/4.3.3/../../../../avr/lib/avrxmega6\libm.a(addsf3x.o)
 .text          0x0000700a        0x0 c:/winavr-20100110/bin/../lib/gcc/avr/4.3.3/../../../../avr/lib/avrxmega6\libm.a(atan.o)
 .text          0x0000700a        0x0 c:/winavr-20100110/bin/../lib/gcc/avr/4.3.3/../../../../avr/lib/avrxmega6\libm.a(ceil.o)
 .text          0x0000700a        0x0 c:/winavr-20100110/bin/../lib/gcc/avr/4.3.3/../../../../avr/lib/avrxmega6\libm.a(cmpsf2.o)
 .text          0x0000700a        0x0 c:/winavr-20100110/bin/../lib/gcc/avr/4.3.3/../../../../avr/lib/avrxmega6\libm.a(cos.o)
 .text          0x0000700a        0x0 c:/winavr-20100110/bin/../lib/gcc/avr/4.3.3/../../../../avr/lib/avrxmega6\libm.a(divsf3.o)
 .text          0x0000700a        0x0 c:/winavr-20100110/bin/../lib/gcc/avr/4.3.3/../../../../avr/lib/avrxmega6\libm.a(divsf3x.o)
 .text          0x0000700a        0x0 c:/winavr-20100110/bin/../lib/gcc/avr/4.3.3/../../../../avr/lib/avrxmega6\libm.a(fixsfsi.o)
 .text          0x0000700a        0x0 c:/winavr-20100110/bin/../lib/gcc/avr/4.3.3/../../../../avr/lib/avrxmega6\libm.a(fixunssfsi.o)
 .text          0x0000700a        0x0 c:/winavr-20100110/bin/../lib/gcc/avr/4.3.3/../../../../avr/lib/avrxmega6\libm.a(floatsisf.o)
 .text          0x0000700a        0x0 c:/winavr-20100110/bin/../lib/gcc/avr/4.3.3/../../../../avr/lib/avrxmega6\libm.a(fp_cmp.o)
 .text          0x0000700a        0x0 c:/winavr-20100110/bin/../lib/gcc/avr/4.3.3/../../../../avr/lib/avrxmega6\libm.a(fp_inf.o)
 .text          0x0000700a        0x0 c:/winavr-20100110/bin/../lib/gcc/avr/4.3.3/../../../../avr/lib/avrxmega6\libm.a(fp_mintl.o)
 .text          0x0000700a        0x0 c:/winavr-20100110/bin/../lib/gcc/avr/4.3.3/../../../../avr/lib/avrxmega6\libm.a(fp_mpack.o)
 .text          0x0000700a        0x0 c:/winavr-20100110/bin/../lib/gcc/avr/4.3.3/../../../../avr/lib/avrxmega6\libm.a(fp_nan.o)
 .text          0x0000700a        0x0 c:/winavr-20100110/bin/../lib/gcc/avr/4.3.3/../../../../avr/lib/avrxmega6\libm.a(fp_powser.o)
 .text          0x0000700a        0x0 c:/winavr-20100110/bin/../lib/gcc/avr/4.3.3/../../../../avr/lib/avrxmega6\libm.a(fp_pscA.o)
 .text          0x0000700a        0x0 c:/winavr-20100110/bin/../lib/gcc/avr/4.3.3/../../../../avr/lib/avrxmega6\libm.a(fp_pscB.o)
 .text          0x0000700a        0x0 c:/winavr-20100110/bin/../lib/gcc/avr/4.3.3/../../../../avr/lib/avrxmega6\libm.a(fp_rempio2.o)
 .text          0x0000700a        0x0 c:/winavr-20100110/bin/../lib/gcc/avr/4.3.3/../../../../avr/lib/avrxmega6\libm.a(fp_round.o)
 .text          0x0000700a        0x0 c:/winavr-20100110/bin/../lib/gcc/avr/4.3.3/../../../../avr/lib/avrxmega6\libm.a(fp_sinus.o)
 .text          0x0000700a        0x0 c:/winavr-20100110/bin/../lib/gcc/avr/4.3.3/../../../../avr/lib/avrxmega6\libm.a(fp_split3.o)
 .text          0x0000700a        0x0 c:/winavr-20100110/bin/../lib/gcc/avr/4.3.3/../../../../avr/lib/avrxmega6\libm.a(fp_trunc.o)
 .text          0x0000700a        0x0 c:/winavr-20100110/bin/../lib/gcc/avr/4.3.3/../../../../avr/lib/avrxmega6\libm.a(fp_zero.o)
 .text          0x0000700a        0x0 c:/winavr-20100110/bin/../lib/gcc/avr/4.3.3/../../../../avr/lib/avrxmega6\libm.a(gesf2.o)
 .text          0x0000700a        0x0 c:/winavr-20100110/bin/../lib/gcc/avr/4.3.3/../../../../avr/lib/avrxmega6\libm.a(hypot.o)
 .text          0x0000700a        0x0 c:/winavr-20100110/bin/../lib/gcc/avr/4.3.3/../../../../avr/lib/avrxmega6\libm.a(inverse.o)
 .text          0x0000700a        0x0 c:/winavr-20100110/bin/../lib/gcc/avr/4.3.3/../../../../avr/lib/avrxmega6\libm.a(ldexp.o)
 .text          0x0000700a        0x0 c:/winavr-20100110/bin/../lib/gcc/avr/4.3.3/../../../../avr/lib/avrxmega6\libm.a(lround.o)
 .text          0x0000700a        0x0 c:/winavr-20100110/bin/../lib/gcc/avr/4.3.3/../../../../avr/lib/avrxmega6\libm.a(mulsf3.o)
 .text          0x0000700a        0x0 c:/winavr-20100110/bin/../lib/gcc/avr/4.3.3/../../../../avr/lib/avrxmega6\libm.a(mulsf3x.o)
 .text          0x0000700a        0x0 c:/winavr-20100110/bin/../lib/gcc/avr/4.3.3/../../../../avr/lib/avrxmega6\libm.a(sin.o)
 .text          0x0000700a        0x0 c:/winavr-20100110/bin/../lib/gcc/avr/4.3.3/../../../../avr/lib/avrxmega6\libm.a(sqrt.o)
 .text          0x0000700a        0x0 c:/winavr-20100110/bin/../lib/gcc/avr/4.3.3/../../../../avr/lib/avrxmega6\libm.a(square.o)
 .text          0x0000700a        0x0 c:/winavr-20100110/bin/../lib/gcc/avr/4.3.3/../../../../avr/lib/avrxmega6\libm.a(trunc.o)
 .text          0x0000700a        0x0 c:/winavr-20100110/bin/../lib/gcc/avr/4.3.3/../../../../avr/lib/avrxmega6\libm.a(unordsf2.o)
 .text          0x0000700a        0x0 c:/winavr-20100110/bin/../lib/gcc/avr/4.3.3/../../../../avr/lib/avrxmega6\libm.a(fp_norm2.o)
 .text          0x0000700a        0x0 c:/winavr-20100110/bin/../lib/gcc/avr/4.3.3/../../../../avr/lib/avrxmega6\libm.a(fp_powsodd.o)
 .text          0x0000700a        0x0 c:/winavr-20100110/bin/../lib/gcc/avr/4.3.3/avrxmega6\libgcc.a(_exit.o)
 .text          0x0000700a        0x0 c:/winavr-20100110/bin/../lib/gcc/avr/4.3.3/avrxmega6\libgcc.a(_clear_bss.o)
 .text          0x0000700a      0xcea c:/winavr-20100110/bin/../lib/gcc/avr/4.3.3/avrxmega6\libgcc.a(_udivdi3.o)
                0x0000700a                __udivdi3
 .text          0x00007cf4        0x0 c:/winavr-20100110/bin/../lib/gcc/avr/4.3.3/avrxmega6\libgcc.a(_mulsi3.o)
 .text          0x00007cf4        0x0 c:/winavr-20100110/bin/../lib/gcc/avr/4.3.3/avrxmega6\libgcc.a(_udivmodsi4.o)
 .text          0x00007cf4        0x0 c:/winavr-20100110/bin/../lib/gcc/avr/4.3.3/avrxmega6\libgcc.a(_prologue.o)
 .text          0x00007cf4        0x0 c:/winavr-20100110/bin/../lib/gcc/avr/4.3.3/avrxmega6\libgcc.a(_epilogue.o)
 .text          0x00007cf4        0x0 c:/winavr-20100110/bin/../lib/gcc/avr/4.3.3/avrxmega6\libgcc.a(_clz.o)
 .text          0x00007cf4        0x0 c:/winavr-20100110/bin/../lib/gcc/avr/4.3.3/../../../../avr/lib/avrxmega6\libc.a(strtod.o)
 .text          0x00007cf4        0x0 c:/winavr-20100110/bin/../lib/gcc/avr/4.3.3/../../../../avr/lib/avrxmega6\libc.a(atoi.o)
 .text          0x00007cf4        0x0 c:/winavr-20100110/bin/../lib/gcc/avr/4.3.3/../../../../avr/lib/avrxmega6\libc.a(ftoa_engine.o)
 .text          0x00007cf4        0x0 c:/winavr-20100110/bin/../lib/gcc/avr/4.3.3/../../../../avr/lib/avrxmega6\libc.a(isspace.o)
 .text          0x00007cf4        0x0 c:/winavr-20100110/bin/../lib/gcc/avr/4.3.3/../../../../avr/lib/avrxmega6\libc.a(strncasecmp_P.o)
 .text          0x00007cf4        0x0 c:/winavr-20100110/bin/../lib/gcc/avr/4.3.3/../../../../avr/lib/avrxmega6\libc.a(strnlen_P.o)
 .text          0x00007cf4        0x0 c:/winavr-20100110/bin/../lib/gcc/avr/4.3.3/../../../../avr/lib/avrxmega6\libc.a(strnlen.o)
 .text          0x00007cf4        0x0 c:/winavr-20100110/bin/../lib/gcc/avr/4.3.3/../../../../avr/lib/avrxmega6\libc.a(mul10.o)
 .text          0x00007cf4        0x0 c:/winavr-20100110/bin/../lib/gcc/avr/4.3.3/../../../../avr/lib/avrxmega6\libc.a(clearerr.o)
 .text          0x00007cf4        0x0 c:/winavr-20100110/bin/../lib/gcc/avr/4.3.3/../../../../avr/lib/avrxmega6\libc.a(fgets.o)
 .text          0x00007cf4        0x0 c:/winavr-20100110/bin/../lib/gcc/avr/4.3.3/../../../../avr/lib/avrxmega6\libc.a(fputc.o)
 .text          0x00007cf4        0x0 c:/winavr-20100110/bin/../lib/gcc/avr/4.3.3/../../../../avr/lib/avrxmega6\libc.a(iob.o)
 .text          0x00007cf4        0x0 c:/winavr-20100110/bin/../lib/gcc/avr/4.3.3/../../../../avr/lib/avrxmega6\libc.a(printf_p.o)
 .text          0x00007cf4        0x0 c:/winavr-20100110/bin/../lib/gcc/avr/4.3.3/../../../../avr/lib/avrxmega6\libc.a(ultoa_invert.o)
 .text          0x00007cf4        0x0 c:/winavr-20100110/bin/../lib/gcc/avr/4.3.3/../../../../avr/lib/avrxmega6\libc.a(errno.o)
 .text          0x00007cf4        0x0 c:/winavr-20100110/bin/../lib/gcc/avr/4.3.3/../../../../avr/lib/avrxmega6\libc.a(cty_isfalse.o)
 .text          0x00007cf4        0x0 c:/winavr-20100110/bin/../lib/gcc/avr/4.3.3/../../../../avr/lib/avrxmega6\libc.a(fgetc.o)
                0x00007cf4                . = ALIGN (0x2)
 *(.text.*)
 .text.avr-libc
                0x00007cf4      0x754 c:/winavr-20100110/bin/../lib/gcc/avr/4.3.3/../../../../avr/lib/avrxmega6\libprintf_flt.a(vfprintf_flt.o)
                0x00007cf4                vfprintf
 .text.avr-libc.fplib
                0x00008448        0xa c:/winavr-20100110/bin/../lib/gcc/avr/4.3.3/../../../../avr/lib/avrxmega6\libm.a(addsf3.o)
                0x00008448                __subsf3
                0x0000844a                __addsf3
 .text.avr-libc.fplib
                0x00008452       0xc0 c:/winavr-20100110/bin/../lib/gcc/avr/4.3.3/../../../../avr/lib/avrxmega6\libm.a(addsf3x.o)
                0x0000846c                __addsf3x
 .text.avr-libc.fplib
                0x00008512       0x50 c:/winavr-20100110/bin/../lib/gcc/avr/4.3.3/../../../../avr/lib/avrxmega6\libm.a(atan.o)
                0x00008512                atan
 .text.avr-libc.fplib
                0x00008562       0x26 c:/winavr-20100110/bin/../lib/gcc/avr/4.3.3/../../../../avr/lib/avrxmega6\libm.a(ceil.o)
                0x00008562                ceil
 .text.avr-libc.fplib
                0x00008588        0x8 c:/winavr-20100110/bin/../lib/gcc/avr/4.3.3/../../../../avr/lib/avrxmega6\libm.a(cmpsf2.o)
                0x00008588                __lesf2
                0x00008588                __nesf2
                0x00008588                __eqsf2
                0x00008588                __cmpsf2
                0x00008588                __ltsf2
 .text.avr-libc.fplib
                0x00008590        0x6 c:/winavr-20100110/bin/../lib/gcc/avr/4.3.3/../../../../avr/lib/avrxmega6\libm.a(cos.o)
                0x00008590                cos
 .text.avr-libc.fplib
                0x00008596        0x4 c:/winavr-20100110/bin/../lib/gcc/avr/4.3.3/../../../../avr/lib/avrxmega6\libm.a(divsf3.o)
                0x00008596                __divsf3
 .text.avr-libc.fplib
                0x0000859a       0xcc c:/winavr-20100110/bin/../lib/gcc/avr/4.3.3/../../../../avr/lib/avrxmega6\libm.a(divsf3x.o)
                0x000085b0                __divsf3x
                0x000085b4                __divsf3_pse
 .text.avr-libc.fplib
                0x00008666        0xa c:/winavr-20100110/bin/../lib/gcc/avr/4.3.3/../../../../avr/lib/avrxmega6\libm.a(fixsfsi.o)
                0x00008666                __fixsfsi
 .text.avr-libc.fplib
                0x00008670       0x58 c:/winavr-20100110/bin/../lib/gcc/avr/4.3.3/../../../../avr/lib/avrxmega6\libm.a(fixunssfsi.o)
                0x00008670                __fixunssfsi
 .text.avr-libc.fplib
                0x000086c8       0x7a c:/winavr-20100110/bin/../lib/gcc/avr/4.3.3/../../../../avr/lib/avrxmega6\libm.a(floatsisf.o)
                0x000086cc                __floatsisf
                0x000086c8                __floatunsisf
 .text.avr-libc.fplib
                0x00008742       0x48 c:/winavr-20100110/bin/../lib/gcc/avr/4.3.3/../../../../avr/lib/avrxmega6\libm.a(fp_cmp.o)
                0x00008742                __fp_cmp
 .text.avr-libc.fplib
                0x0000878a        0xc c:/winavr-20100110/bin/../lib/gcc/avr/4.3.3/../../../../avr/lib/avrxmega6\libm.a(fp_inf.o)
                0x0000878a                __fp_inf
 .text.avr-libc.fplib
                0x00008796       0x36 c:/winavr-20100110/bin/../lib/gcc/avr/4.3.3/../../../../avr/lib/avrxmega6\libm.a(fp_mintl.o)
                0x00008796                __fp_mintl
 .text.avr-libc.fplib
                0x000087cc       0x1c c:/winavr-20100110/bin/../lib/gcc/avr/4.3.3/../../../../avr/lib/avrxmega6\libm.a(fp_mpack.o)
                0x000087d0                __fp_mpack_finite
                0x000087cc                __fp_mpack
 .text.avr-libc.fplib
                0x000087e8        0x6 c:/winavr-20100110/bin/../lib/gcc/avr/4.3.3/../../../../avr/lib/avrxmega6\libm.a(fp_nan.o)
                0x000087e8                __fp_nan
 .text.avr-libc.fplib
                0x000087ee       0x4a c:/winavr-20100110/bin/../lib/gcc/avr/4.3.3/../../../../avr/lib/avrxmega6\libm.a(fp_powser.o)
                0x000087ee                __fp_powser
 .text.avr-libc.fplib
                0x00008838        0xe c:/winavr-20100110/bin/../lib/gcc/avr/4.3.3/../../../../avr/lib/avrxmega6\libm.a(fp_pscA.o)
                0x00008838                __fp_pscA
 .text.avr-libc.fplib
                0x00008846        0xe c:/winavr-20100110/bin/../lib/gcc/avr/4.3.3/../../../../avr/lib/avrxmega6\libm.a(fp_pscB.o)
                0x00008846                __fp_pscB
 .text.avr-libc.fplib
                0x00008854       0x50 c:/winavr-20100110/bin/../lib/gcc/avr/4.3.3/../../../../avr/lib/avrxmega6\libm.a(fp_rempio2.o)
                0x00008856                __fp_rempio2
 .text.avr-libc.fplib
                0x000088a4       0x22 c:/winavr-20100110/bin/../lib/gcc/avr/4.3.3/../../../../avr/lib/avrxmega6\libm.a(fp_round.o)
                0x000088a4                __fp_round
 .text.avr-libc.fplib
                0x000088c6       0x22 c:/winavr-20100110/bin/../lib/gcc/avr/4.3.3/../../../../avr/lib/avrxmega6\libm.a(fp_sinus.o)
                0x000088c6                __fp_sinus
 .text.avr-libc.fplib
                0x000088e8       0x44 c:/winavr-20100110/bin/../lib/gcc/avr/4.3.3/../../../../avr/lib/avrxmega6\libm.a(fp_split3.o)
                0x000088e8                __fp_split3
                0x000088f8                __fp_splitA
 .text.avr-libc.fplib
                0x0000892c       0x2e c:/winavr-20100110/bin/../lib/gcc/avr/4.3.3/../../../../avr/lib/avrxmega6\libm.a(fp_trunc.o)
                0x0000892c                __fp_trunc
 .text.avr-libc.fplib
                0x0000895a        0xe c:/winavr-20100110/bin/../lib/gcc/avr/4.3.3/../../../../avr/lib/avrxmega6\libm.a(fp_zero.o)
                0x0000895a                __fp_zero
                0x0000895c                __fp_szero
 .text.avr-libc.fplib
                0x00008968        0x8 c:/winavr-20100110/bin/../lib/gcc/avr/4.3.3/../../../../avr/lib/avrxmega6\libm.a(gesf2.o)
                0x00008968                __gtsf2
                0x00008968                __gesf2
 .text.avr-libc.fplib
                0x00008970       0xc2 c:/winavr-20100110/bin/../lib/gcc/avr/4.3.3/../../../../avr/lib/avrxmega6\libm.a(hypot.o)
                0x00008982                hypot
 .text.avr-libc.fplib
                0x00008a32        0xe c:/winavr-20100110/bin/../lib/gcc/avr/4.3.3/../../../../avr/lib/avrxmega6\libm.a(inverse.o)
                0x00008a32                inverse
 .text.avr-libc.fplib
                0x00008a40       0x6c c:/winavr-20100110/bin/../lib/gcc/avr/4.3.3/../../../../avr/lib/avrxmega6\libm.a(ldexp.o)
                0x00008a44                ldexp
 .text.avr-libc.fplib
                0x00008aac       0x60 c:/winavr-20100110/bin/../lib/gcc/avr/4.3.3/../../../../avr/lib/avrxmega6\libm.a(lround.o)
                0x00008aac                lround
 .text.avr-libc.fplib
                0x00008b0c        0x4 c:/winavr-20100110/bin/../lib/gcc/avr/4.3.3/../../../../avr/lib/avrxmega6\libm.a(mulsf3.o)
                0x00008b0c                __mulsf3
 .text.avr-libc.fplib
                0x00008b10       0xc2 c:/winavr-20100110/bin/../lib/gcc/avr/4.3.3/../../../../avr/lib/avrxmega6\libm.a(mulsf3x.o)
                0x00008b28                __mulsf3_pse
                0x00008b24                __mulsf3x
 .text.avr-libc.fplib
                0x00008bd2        0xc c:/winavr-20100110/bin/../lib/gcc/avr/4.3.3/../../../../avr/lib/avrxmega6\libm.a(sin.o)
                0x00008bd2                sin
 .text.avr-libc.fplib
                0x00008bde       0x84 c:/winavr-20100110/bin/../lib/gcc/avr/4.3.3/../../../../avr/lib/avrxmega6\libm.a(sqrt.o)
                0x00008be6                sqrt
 .text.avr-libc.fplib
                0x00008c62        0x6 c:/winavr-20100110/bin/../lib/gcc/avr/4.3.3/../../../../avr/lib/avrxmega6\libm.a(square.o)
                0x00008c62                square
 .text.avr-libc.fplib
                0x00008c68        0xe c:/winavr-20100110/bin/../lib/gcc/avr/4.3.3/../../../../avr/lib/avrxmega6\libm.a(trunc.o)
                0x00008c68                trunc
 .text.avr-libc.fplib
                0x00008c76        0x8 c:/winavr-20100110/bin/../lib/gcc/avr/4.3.3/../../../../avr/lib/avrxmega6\libm.a(unordsf2.o)
                0x00008c76                __unordsf2
 .text.avr-libc.fplib
                0x00008c7e        0xe c:/winavr-20100110/bin/../lib/gcc/avr/4.3.3/../../../../avr/lib/avrxmega6\libm.a(fp_norm2.o)
                0x00008c7e                __fp_norm2
 .text.avr-libc.fplib
                0x00008c8c       0x22 c:/winavr-20100110/bin/../lib/gcc/avr/4.3.3/../../../../avr/lib/avrxmega6\libm.a(fp_powsodd.o)
                0x00008c8c                __fp_powsodd
 .text.libgcc   0x00008cae        0x0 c:/winavr-20100110/bin/../lib/gcc/avr/4.3.3/avrxmega6\libgcc.a(_exit.o)
 .text.libgcc   0x00008cae        0x0 c:/winavr-20100110/bin/../lib/gcc/avr/4.3.3/avrxmega6\libgcc.a(_clear_bss.o)
 .text.libgcc   0x00008cae       0x3e c:/winavr-20100110/bin/../lib/gcc/avr/4.3.3/avrxmega6\libgcc.a(_mulsi3.o)
                0x00008cae                __mulsi3
 .text.libgcc   0x00008cec       0x44 c:/winavr-20100110/bin/../lib/gcc/avr/4.3.3/avrxmega6\libgcc.a(_udivmodsi4.o)
                0x00008cec                __udivmodsi4
 .text.libgcc   0x00008d30       0x38 c:/winavr-20100110/bin/../lib/gcc/avr/4.3.3/avrxmega6\libgcc.a(_prologue.o)
                0x00008d30                __prologue_saves__
 .text.libgcc   0x00008d68       0x36 c:/winavr-20100110/bin/../lib/gcc/avr/4.3.3/avrxmega6\libgcc.a(_epilogue.o)
                0x00008d68                __epilogue_restores__
 .text.avr-libc
                0x00008d9e      0x2dc c:/winavr-20100110/bin/../lib/gcc/avr/4.3.3/../../../../avr/lib/avrxmega6\libc.a(strtod.o)
                0x00008d9e                strtod
 .text.avr-libc
                0x0000907a       0x3c c:/winavr-20100110/bin/../lib/gcc/avr/4.3.3/../../../../avr/lib/avrxmega6\libc.a(atoi.o)
                0x0000907a                atoi
 .text.avr-libc
                0x000090b6      0x1b0 c:/winavr-20100110/bin/../lib/gcc/avr/4.3.3/../../../../avr/lib/avrxmega6\libc.a(ftoa_engine.o)
                0x000090b6                __ftoa_engine
 .text.avr-libc
                0x00009266       0x10 c:/winavr-20100110/bin/../lib/gcc/avr/4.3.3/../../../../avr/lib/avrxmega6\libc.a(isspace.o)
                0x00009266                isspace
 .text.avr-libc
                0x00009276       0x30 c:/winavr-20100110/bin/../lib/gcc/avr/4.3.3/../../../../avr/lib/avrxmega6\libc.a(strncasecmp_P.o)
                0x00009276                strncasecmp_P
 .text.avr-libc
                0x000092a6       0x16 c:/winavr-20100110/bin/../lib/gcc/avr/4.3.3/../../../../avr/lib/avrxmega6\libc.a(strnlen_P.o)
                0x000092a6                strnlen_P
 .text.avr-libc
                0x000092bc       0x16 c:/winavr-20100110/bin/../lib/gcc/avr/4.3.3/../../../../avr/lib/avrxmega6\libc.a(strnlen.o)
                0x000092bc                strnlen
 .text.avr-libc
                0x000092d2       0x10 c:/winavr-20100110/bin/../lib/gcc/avr/4.3.3/../../../../avr/lib/avrxmega6\libc.a(mul10.o)
                0x000092d2                __mulhi_const_10
 .text.avr-libc
                0x000092e2        0xa c:/winavr-20100110/bin/../lib/gcc/avr/4.3.3/../../../../avr/lib/avrxmega6\libc.a(clearerr.o)
                0x000092e2                clearerr
 .text.avr-libc
                0x000092ec       0x66 c:/winavr-20100110/bin/../lib/gcc/avr/4.3.3/../../../../avr/lib/avrxmega6\libc.a(fgets.o)
                0x000092ec                fgets
 .text.avr-libc
                0x00009352       0x58 c:/winavr-20100110/bin/../lib/gcc/avr/4.3.3/../../../../avr/lib/avrxmega6\libc.a(fputc.o)
                0x00009352                fputc
 .text.avr-libc
                0x000093aa       0x46 c:/winavr-20100110/bin/../lib/gcc/avr/4.3.3/../../../../avr/lib/avrxmega6\libc.a(printf_p.o)
                0x000093aa                printf_P
 .text.avr-libc
                0x000093f0       0xbc c:/winavr-20100110/bin/../lib/gcc/avr/4.3.3/../../../../avr/lib/avrxmega6\libc.a(ultoa_invert.o)
                0x000093f0                __ultoa_invert
 .text.avr-libc
                0x000094ac        0x6 c:/winavr-20100110/bin/../lib/gcc/avr/4.3.3/../../../../avr/lib/avrxmega6\libc.a(cty_isfalse.o)
                0x000094b0                __ctype_istrue
                0x000094ac                __ctype_isfalse
 .text.avr-libc
                0x000094b2       0x84 c:/winavr-20100110/bin/../lib/gcc/avr/4.3.3/../../../../avr/lib/avrxmega6\libc.a(fgetc.o)
                0x000094b2                fgetc
                0x00009536                . = ALIGN (0x2)
 *(.fini9)
 .fini9         0x00009536        0x0 c:/winavr-20100110/bin/../lib/gcc/avr/4.3.3/avrxmega6\libgcc.a(_exit.o)
                0x00009536                exit
                0x00009536                _exit
 *(.fini9)
 *(.fini8)
 *(.fini8)
 *(.fini7)
 *(.fini7)
 *(.fini6)
 *(.fini6)
 *(.fini5)
 *(.fini5)
 *(.fini4)
 *(.fini4)
 *(.fini3)
 *(.fini3)
 *(.fini2)
 *(.fini2)
 *(.fini1)
 *(.fini1)
 *(.fini0)
 .fini0         0x00009536        0x4 c:/winavr-20100110/bin/../lib/gcc/avr/4.3.3/avrxmega6\libgcc.a(_exit.o)
 *(.fini0)
                0x0000953a                _etext = .

.data           0x00802000      0x1cc load address 0x0000953a
                0x00802000                PROVIDE (__data_start, .)
 *(.data)
 .data          0x00802000        0x0 c:/winavr-20100110/bin/../lib/gcc/avr/4.3.3/../../../../avr/lib/avrxmega6/crtx256a3.o
 .data          0x00802000        0x0 c:/winavr-20100110/bin/../lib/gcc/avr/4.3.3/../../../../avr/lib/avrxmega6\libprintf_flt.a(vfprintf_flt.o)
 .data          0x00802000        0x0 main.o
 .data          0x00802000        0x0 gcode.o
 .data          0x00802000        0x0 config.o
 .data          0x00802000        0x0 encoder.o
 .data          0x00802000        0x0 xmega_init.o
 .data          0x00802000        0x0 motion_control.o
 .data          0x00802000        0x0 spindle_control.o
 .data          0x00802000        0x0 stepper.o
 .data          0x00802000        0x0 xmega_interrupts.o
 .data          0x00802000        0x0 xio.o
 .data          0x00802000        0xe xio_usb.o
                0x00802000                dev_usb
 .data          0x0080200e        0x0 xmega_eeprom.o
 .data          0x0080200e        0xe xio_pgm.o
                0x0080200e                dev_pgm
 .data          0x0080201c        0x0 controller.o
 .data          0x0080201c        0x0 direct_drive.o
 .data          0x0080201c        0x0 move_buffer.o
 .data          0x0080201c        0x0 limit_switches.o
 .data          0x0080201c        0xe xio_rs485.o
                0x0080201c                dev_rs485
 .data          0x0080202a        0x0 signals.o
 .data          0x0080202a       0xa2 xio_usart.o
                0x0080202a                us
 .data          0x008020cc        0x0 c:/winavr-20100110/bin/../lib/gcc/avr/4.3.3/../../../../avr/lib/avrxmega6\libm.a(addsf3.o)
 .data          0x008020cc        0x0 c:/winavr-20100110/bin/../lib/gcc/avr/4.3.3/../../../../avr/lib/avrxmega6\libm.a(addsf3x.o)
 .data          0x008020cc        0x0 c:/winavr-20100110/bin/../lib/gcc/avr/4.3.3/../../../../avr/lib/avrxmega6\libm.a(atan.o)
 .data          0x008020cc        0x0 c:/winavr-20100110/bin/../lib/gcc/avr/4.3.3/../../../../avr/lib/avrxmega6\libm.a(ceil.o)
 .data          0x008020cc        0x0 c:/winavr-20100110/bin/../lib/gcc/avr/4.3.3/../../../../avr/lib/avrxmega6\libm.a(cmpsf2.o)
 .data          0x008020cc        0x0 c:/winavr-20100110/bin/../lib/gcc/avr/4.3.3/../../../../avr/lib/avrxmega6\libm.a(cos.o)
 .data          0x008020cc        0x0 c:/winavr-20100110/bin/../lib/gcc/avr/4.3.3/../../../../avr/lib/avrxmega6\libm.a(divsf3.o)
 .data          0x008020cc        0x0 c:/winavr-20100110/bin/../lib/gcc/avr/4.3.3/../../../../avr/lib/avrxmega6\libm.a(divsf3x.o)
 .data          0x008020cc        0x0 c:/winavr-20100110/bin/../lib/gcc/avr/4.3.3/../../../../avr/lib/avrxmega6\libm.a(fixsfsi.o)
 .data          0x008020cc        0x0 c:/winavr-20100110/bin/../lib/gcc/avr/4.3.3/../../../../avr/lib/avrxmega6\libm.a(fixunssfsi.o)
 .data          0x008020cc        0x0 c:/winavr-20100110/bin/../lib/gcc/avr/4.3.3/../../../../avr/lib/avrxmega6\libm.a(floatsisf.o)
 .data          0x008020cc        0x0 c:/winavr-20100110/bin/../lib/gcc/avr/4.3.3/../../../../avr/lib/avrxmega6\libm.a(fp_cmp.o)
 .data          0x008020cc        0x0 c:/winavr-20100110/bin/../lib/gcc/avr/4.3.3/../../../../avr/lib/avrxmega6\libm.a(fp_inf.o)
 .data          0x008020cc        0x0 c:/winavr-20100110/bin/../lib/gcc/avr/4.3.3/../../../../avr/lib/avrxmega6\libm.a(fp_mintl.o)
 .data          0x008020cc        0x0 c:/winavr-20100110/bin/../lib/gcc/avr/4.3.3/../../../../avr/lib/avrxmega6\libm.a(fp_mpack.o)
 .data          0x008020cc        0x0 c:/winavr-20100110/bin/../lib/gcc/avr/4.3.3/../../../../avr/lib/avrxmega6\libm.a(fp_nan.o)
 .data          0x008020cc        0x0 c:/winavr-20100110/bin/../lib/gcc/avr/4.3.3/../../../../avr/lib/avrxmega6\libm.a(fp_powser.o)
 .data          0x008020cc        0x0 c:/winavr-20100110/bin/../lib/gcc/avr/4.3.3/../../../../avr/lib/avrxmega6\libm.a(fp_pscA.o)
 .data          0x008020cc        0x0 c:/winavr-20100110/bin/../lib/gcc/avr/4.3.3/../../../../avr/lib/avrxmega6\libm.a(fp_pscB.o)
 .data          0x008020cc        0x0 c:/winavr-20100110/bin/../lib/gcc/avr/4.3.3/../../../../avr/lib/avrxmega6\libm.a(fp_rempio2.o)
 .data          0x008020cc        0x0 c:/winavr-20100110/bin/../lib/gcc/avr/4.3.3/../../../../avr/lib/avrxmega6\libm.a(fp_round.o)
 .data          0x008020cc        0x0 c:/winavr-20100110/bin/../lib/gcc/avr/4.3.3/../../../../avr/lib/avrxmega6\libm.a(fp_sinus.o)
 .data          0x008020cc        0x0 c:/winavr-20100110/bin/../lib/gcc/avr/4.3.3/../../../../avr/lib/avrxmega6\libm.a(fp_split3.o)
 .data          0x008020cc        0x0 c:/winavr-20100110/bin/../lib/gcc/avr/4.3.3/../../../../avr/lib/avrxmega6\libm.a(fp_trunc.o)
 .data          0x008020cc        0x0 c:/winavr-20100110/bin/../lib/gcc/avr/4.3.3/../../../../avr/lib/avrxmega6\libm.a(fp_zero.o)
 .data          0x008020cc        0x0 c:/winavr-20100110/bin/../lib/gcc/avr/4.3.3/../../../../avr/lib/avrxmega6\libm.a(gesf2.o)
 .data          0x008020cc        0x0 c:/winavr-20100110/bin/../lib/gcc/avr/4.3.3/../../../../avr/lib/avrxmega6\libm.a(hypot.o)
 .data          0x008020cc        0x0 c:/winavr-20100110/bin/../lib/gcc/avr/4.3.3/../../../../avr/lib/avrxmega6\libm.a(inverse.o)
 .data          0x008020cc        0x0 c:/winavr-20100110/bin/../lib/gcc/avr/4.3.3/../../../../avr/lib/avrxmega6\libm.a(ldexp.o)
 .data          0x008020cc        0x0 c:/winavr-20100110/bin/../lib/gcc/avr/4.3.3/../../../../avr/lib/avrxmega6\libm.a(lround.o)
 .data          0x008020cc        0x0 c:/winavr-20100110/bin/../lib/gcc/avr/4.3.3/../../../../avr/lib/avrxmega6\libm.a(mulsf3.o)
 .data          0x008020cc        0x0 c:/winavr-20100110/bin/../lib/gcc/avr/4.3.3/../../../../avr/lib/avrxmega6\libm.a(mulsf3x.o)
 .data          0x008020cc        0x0 c:/winavr-20100110/bin/../lib/gcc/avr/4.3.3/../../../../avr/lib/avrxmega6\libm.a(sin.o)
 .data          0x008020cc        0x0 c:/winavr-20100110/bin/../lib/gcc/avr/4.3.3/../../../../avr/lib/avrxmega6\libm.a(sqrt.o)
 .data          0x008020cc        0x0 c:/winavr-20100110/bin/../lib/gcc/avr/4.3.3/../../../../avr/lib/avrxmega6\libm.a(square.o)
 .data          0x008020cc        0x0 c:/winavr-20100110/bin/../lib/gcc/avr/4.3.3/../../../../avr/lib/avrxmega6\libm.a(trunc.o)
 .data          0x008020cc        0x0 c:/winavr-20100110/bin/../lib/gcc/avr/4.3.3/../../../../avr/lib/avrxmega6\libm.a(unordsf2.o)
 .data          0x008020cc        0x0 c:/winavr-20100110/bin/../lib/gcc/avr/4.3.3/../../../../avr/lib/avrxmega6\libm.a(fp_norm2.o)
 .data          0x008020cc        0x0 c:/winavr-20100110/bin/../lib/gcc/avr/4.3.3/../../../../avr/lib/avrxmega6\libm.a(fp_powsodd.o)
 .data          0x008020cc        0x0 c:/winavr-20100110/bin/../lib/gcc/avr/4.3.3/avrxmega6\libgcc.a(_exit.o)
 .data          0x008020cc        0x0 c:/winavr-20100110/bin/../lib/gcc/avr/4.3.3/avrxmega6\libgcc.a(_clear_bss.o)
 .data          0x008020cc        0x0 c:/winavr-20100110/bin/../lib/gcc/avr/4.3.3/avrxmega6\libgcc.a(_udivdi3.o)
 .data          0x008020cc        0x0 c:/winavr-20100110/bin/../lib/gcc/avr/4.3.3/avrxmega6\libgcc.a(_mulsi3.o)
 .data          0x008020cc        0x0 c:/winavr-20100110/bin/../lib/gcc/avr/4.3.3/avrxmega6\libgcc.a(_udivmodsi4.o)
 .data          0x008020cc        0x0 c:/winavr-20100110/bin/../lib/gcc/avr/4.3.3/avrxmega6\libgcc.a(_prologue.o)
 .data          0x008020cc        0x0 c:/winavr-20100110/bin/../lib/gcc/avr/4.3.3/avrxmega6\libgcc.a(_epilogue.o)
 .data          0x008020cc      0x100 c:/winavr-20100110/bin/../lib/gcc/avr/4.3.3/avrxmega6\libgcc.a(_clz.o)
                0x008020cc                __clz_tab
 .data          0x008021cc        0x0 c:/winavr-20100110/bin/../lib/gcc/avr/4.3.3/../../../../avr/lib/avrxmega6\libc.a(strtod.o)
 .data          0x008021cc        0x0 c:/winavr-20100110/bin/../lib/gcc/avr/4.3.3/../../../../avr/lib/avrxmega6\libc.a(atoi.o)
 .data          0x008021cc        0x0 c:/winavr-20100110/bin/../lib/gcc/avr/4.3.3/../../../../avr/lib/avrxmega6\libc.a(ftoa_engine.o)
 .data          0x008021cc        0x0 c:/winavr-20100110/bin/../lib/gcc/avr/4.3.3/../../../../avr/lib/avrxmega6\libc.a(isspace.o)
 .data          0x008021cc        0x0 c:/winavr-20100110/bin/../lib/gcc/avr/4.3.3/../../../../avr/lib/avrxmega6\libc.a(strncasecmp_P.o)
 .data          0x008021cc        0x0 c:/winavr-20100110/bin/../lib/gcc/avr/4.3.3/../../../../avr/lib/avrxmega6\libc.a(strnlen_P.o)
 .data          0x008021cc        0x0 c:/winavr-20100110/bin/../lib/gcc/avr/4.3.3/../../../../avr/lib/avrxmega6\libc.a(strnlen.o)
 .data          0x008021cc        0x0 c:/winavr-20100110/bin/../lib/gcc/avr/4.3.3/../../../../avr/lib/avrxmega6\libc.a(mul10.o)
 .data          0x008021cc        0x0 c:/winavr-20100110/bin/../lib/gcc/avr/4.3.3/../../../../avr/lib/avrxmega6\libc.a(clearerr.o)
 .data          0x008021cc        0x0 c:/winavr-20100110/bin/../lib/gcc/avr/4.3.3/../../../../avr/lib/avrxmega6\libc.a(fgets.o)
 .data          0x008021cc        0x0 c:/winavr-20100110/bin/../lib/gcc/avr/4.3.3/../../../../avr/lib/avrxmega6\libc.a(fputc.o)
 .data          0x008021cc        0x0 c:/winavr-20100110/bin/../lib/gcc/avr/4.3.3/../../../../avr/lib/avrxmega6\libc.a(iob.o)
 .data          0x008021cc        0x0 c:/winavr-20100110/bin/../lib/gcc/avr/4.3.3/../../../../avr/lib/avrxmega6\libc.a(printf_p.o)
 .data          0x008021cc        0x0 c:/winavr-20100110/bin/../lib/gcc/avr/4.3.3/../../../../avr/lib/avrxmega6\libc.a(ultoa_invert.o)
 .data          0x008021cc        0x0 c:/winavr-20100110/bin/../lib/gcc/avr/4.3.3/../../../../avr/lib/avrxmega6\libc.a(errno.o)
 .data          0x008021cc        0x0 c:/winavr-20100110/bin/../lib/gcc/avr/4.3.3/../../../../avr/lib/avrxmega6\libc.a(cty_isfalse.o)
 .data          0x008021cc        0x0 c:/winavr-20100110/bin/../lib/gcc/avr/4.3.3/../../../../avr/lib/avrxmega6\libc.a(fgetc.o)
 *(.data*)
 *(.rodata)
 *(.rodata*)
 *(.gnu.linkonce.d*)
                0x008021cc                . = ALIGN (0x2)
                0x008021cc                _edata = .
                0x008021cc                PROVIDE (__data_end, .)

.bss            0x008021cc      0x3bc
                0x008021cc                PROVIDE (__bss_start, .)
 *(.bss)
 .bss           0x008021cc        0x0 c:/winavr-20100110/bin/../lib/gcc/avr/4.3.3/../../../../avr/lib/avrxmega6/crtx256a3.o
 .bss           0x008021cc        0x0 c:/winavr-20100110/bin/../lib/gcc/avr/4.3.3/../../../../avr/lib/avrxmega6\libprintf_flt.a(vfprintf_flt.o)
 .bss           0x008021cc        0x0 main.o
 .bss           0x008021cc       0x56 gcode.o
 .bss           0x00802222        0x0 config.o
 .bss           0x00802222        0x0 encoder.o
 .bss           0x00802222        0x0 xmega_init.o
 .bss           0x00802222       0x2d motion_control.o
 .bss           0x0080224f        0x0 spindle_control.o
 .bss           0x0080224f        0x0 stepper.o
 .bss           0x0080224f        0x0 xmega_interrupts.o
 .bss           0x0080224f        0x0 xio.o
 .bss           0x0080224f       0x36 xio_usb.o
 .bss           0x00802285        0x0 xmega_eeprom.o
 .bss           0x00802285        0xd xio_pgm.o
 .bss           0x00802292      0x14e controller.o
 .bss           0x008023e0        0x0 direct_drive.o
 .bss           0x008023e0       0x5e move_buffer.o
 .bss           0x0080243e        0x0 limit_switches.o
 .bss           0x0080243e       0x36 xio_rs485.o
 .bss           0x00802474        0x0 signals.o
 .bss           0x00802474        0x0 xio_usart.o
 .bss           0x00802474        0x0 c:/winavr-20100110/bin/../lib/gcc/avr/4.3.3/../../../../avr/lib/avrxmega6\libm.a(addsf3.o)
 .bss           0x00802474        0x0 c:/winavr-20100110/bin/../lib/gcc/avr/4.3.3/../../../../avr/lib/avrxmega6\libm.a(addsf3x.o)
 .bss           0x00802474        0x0 c:/winavr-20100110/bin/../lib/gcc/avr/4.3.3/../../../../avr/lib/avrxmega6\libm.a(atan.o)
 .bss           0x00802474        0x0 c:/winavr-20100110/bin/../lib/gcc/avr/4.3.3/../../../../avr/lib/avrxmega6\libm.a(ceil.o)
 .bss           0x00802474        0x0 c:/winavr-20100110/bin/../lib/gcc/avr/4.3.3/../../../../avr/lib/avrxmega6\libm.a(cmpsf2.o)
 .bss           0x00802474        0x0 c:/winavr-20100110/bin/../lib/gcc/avr/4.3.3/../../../../avr/lib/avrxmega6\libm.a(cos.o)
 .bss           0x00802474        0x0 c:/winavr-20100110/bin/../lib/gcc/avr/4.3.3/../../../../avr/lib/avrxmega6\libm.a(divsf3.o)
 .bss           0x00802474        0x0 c:/winavr-20100110/bin/../lib/gcc/avr/4.3.3/../../../../avr/lib/avrxmega6\libm.a(divsf3x.o)
 .bss           0x00802474        0x0 c:/winavr-20100110/bin/../lib/gcc/avr/4.3.3/../../../../avr/lib/avrxmega6\libm.a(fixsfsi.o)
 .bss           0x00802474        0x0 c:/winavr-20100110/bin/../lib/gcc/avr/4.3.3/../../../../avr/lib/avrxmega6\libm.a(fixunssfsi.o)
 .bss           0x00802474        0x0 c:/winavr-20100110/bin/../lib/gcc/avr/4.3.3/../../../../avr/lib/avrxmega6\libm.a(floatsisf.o)
 .bss           0x00802474        0x0 c:/winavr-20100110/bin/../lib/gcc/avr/4.3.3/../../../../avr/lib/avrxmega6\libm.a(fp_cmp.o)
 .bss           0x00802474        0x0 c:/winavr-20100110/bin/../lib/gcc/avr/4.3.3/../../../../avr/lib/avrxmega6\libm.a(fp_inf.o)
 .bss           0x00802474        0x0 c:/winavr-20100110/bin/../lib/gcc/avr/4.3.3/../../../../avr/lib/avrxmega6\libm.a(fp_mintl.o)
 .bss           0x00802474        0x0 c:/winavr-20100110/bin/../lib/gcc/avr/4.3.3/../../../../avr/lib/avrxmega6\libm.a(fp_mpack.o)
 .bss           0x00802474        0x0 c:/winavr-20100110/bin/../lib/gcc/avr/4.3.3/../../../../avr/lib/avrxmega6\libm.a(fp_nan.o)
 .bss           0x00802474        0x0 c:/winavr-20100110/bin/../lib/gcc/avr/4.3.3/../../../../avr/lib/avrxmega6\libm.a(fp_powser.o)
 .bss           0x00802474        0x0 c:/winavr-20100110/bin/../lib/gcc/avr/4.3.3/../../../../avr/lib/avrxmega6\libm.a(fp_pscA.o)
 .bss           0x00802474        0x0 c:/winavr-20100110/bin/../lib/gcc/avr/4.3.3/../../../../avr/lib/avrxmega6\libm.a(fp_pscB.o)
 .bss           0x00802474        0x0 c:/winavr-20100110/bin/../lib/gcc/avr/4.3.3/../../../../avr/lib/avrxmega6\libm.a(fp_rempio2.o)
 .bss           0x00802474        0x0 c:/winavr-20100110/bin/../lib/gcc/avr/4.3.3/../../../../avr/lib/avrxmega6\libm.a(fp_round.o)
 .bss           0x00802474        0x0 c:/winavr-20100110/bin/../lib/gcc/avr/4.3.3/../../../../avr/lib/avrxmega6\libm.a(fp_sinus.o)
 .bss           0x00802474        0x0 c:/winavr-20100110/bin/../lib/gcc/avr/4.3.3/../../../../avr/lib/avrxmega6\libm.a(fp_split3.o)
 .bss           0x00802474        0x0 c:/winavr-20100110/bin/../lib/gcc/avr/4.3.3/../../../../avr/lib/avrxmega6\libm.a(fp_trunc.o)
 .bss           0x00802474        0x0 c:/winavr-20100110/bin/../lib/gcc/avr/4.3.3/../../../../avr/lib/avrxmega6\libm.a(fp_zero.o)
 .bss           0x00802474        0x0 c:/winavr-20100110/bin/../lib/gcc/avr/4.3.3/../../../../avr/lib/avrxmega6\libm.a(gesf2.o)
 .bss           0x00802474        0x0 c:/winavr-20100110/bin/../lib/gcc/avr/4.3.3/../../../../avr/lib/avrxmega6\libm.a(hypot.o)
 .bss           0x00802474        0x0 c:/winavr-20100110/bin/../lib/gcc/avr/4.3.3/../../../../avr/lib/avrxmega6\libm.a(inverse.o)
 .bss           0x00802474        0x0 c:/winavr-20100110/bin/../lib/gcc/avr/4.3.3/../../../../avr/lib/avrxmega6\libm.a(ldexp.o)
 .bss           0x00802474        0x0 c:/winavr-20100110/bin/../lib/gcc/avr/4.3.3/../../../../avr/lib/avrxmega6\libm.a(lround.o)
 .bss           0x00802474        0x0 c:/winavr-20100110/bin/../lib/gcc/avr/4.3.3/../../../../avr/lib/avrxmega6\libm.a(mulsf3.o)
 .bss           0x00802474        0x0 c:/winavr-20100110/bin/../lib/gcc/avr/4.3.3/../../../../avr/lib/avrxmega6\libm.a(mulsf3x.o)
 .bss           0x00802474        0x0 c:/winavr-20100110/bin/../lib/gcc/avr/4.3.3/../../../../avr/lib/avrxmega6\libm.a(sin.o)
 .bss           0x00802474        0x0 c:/winavr-20100110/bin/../lib/gcc/avr/4.3.3/../../../../avr/lib/avrxmega6\libm.a(sqrt.o)
 .bss           0x00802474        0x0 c:/winavr-20100110/bin/../lib/gcc/avr/4.3.3/../../../../avr/lib/avrxmega6\libm.a(square.o)
 .bss           0x00802474        0x0 c:/winavr-20100110/bin/../lib/gcc/avr/4.3.3/../../../../avr/lib/avrxmega6\libm.a(trunc.o)
 .bss           0x00802474        0x0 c:/winavr-20100110/bin/../lib/gcc/avr/4.3.3/../../../../avr/lib/avrxmega6\libm.a(unordsf2.o)
 .bss           0x00802474        0x0 c:/winavr-20100110/bin/../lib/gcc/avr/4.3.3/../../../../avr/lib/avrxmega6\libm.a(fp_norm2.o)
 .bss           0x00802474        0x0 c:/winavr-20100110/bin/../lib/gcc/avr/4.3.3/../../../../avr/lib/avrxmega6\libm.a(fp_powsodd.o)
 .bss           0x00802474        0x0 c:/winavr-20100110/bin/../lib/gcc/avr/4.3.3/avrxmega6\libgcc.a(_exit.o)
 .bss           0x00802474        0x0 c:/winavr-20100110/bin/../lib/gcc/avr/4.3.3/avrxmega6\libgcc.a(_clear_bss.o)
 .bss           0x00802474        0x0 c:/winavr-20100110/bin/../lib/gcc/avr/4.3.3/avrxmega6\libgcc.a(_udivdi3.o)
 .bss           0x00802474        0x0 c:/winavr-20100110/bin/../lib/gcc/avr/4.3.3/avrxmega6\libgcc.a(_mulsi3.o)
 .bss           0x00802474        0x0 c:/winavr-20100110/bin/../lib/gcc/avr/4.3.3/avrxmega6\libgcc.a(_udivmodsi4.o)
 .bss           0x00802474        0x0 c:/winavr-20100110/bin/../lib/gcc/avr/4.3.3/avrxmega6\libgcc.a(_prologue.o)
 .bss           0x00802474        0x0 c:/winavr-20100110/bin/../lib/gcc/avr/4.3.3/avrxmega6\libgcc.a(_epilogue.o)
 .bss           0x00802474        0x0 c:/winavr-20100110/bin/../lib/gcc/avr/4.3.3/avrxmega6\libgcc.a(_clz.o)
 .bss           0x00802474        0x0 c:/winavr-20100110/bin/../lib/gcc/avr/4.3.3/../../../../avr/lib/avrxmega6\libc.a(strtod.o)
 .bss           0x00802474        0x0 c:/winavr-20100110/bin/../lib/gcc/avr/4.3.3/../../../../avr/lib/avrxmega6\libc.a(atoi.o)
 .bss           0x00802474        0x0 c:/winavr-20100110/bin/../lib/gcc/avr/4.3.3/../../../../avr/lib/avrxmega6\libc.a(ftoa_engine.o)
 .bss           0x00802474        0x0 c:/winavr-20100110/bin/../lib/gcc/avr/4.3.3/../../../../avr/lib/avrxmega6\libc.a(isspace.o)
 .bss           0x00802474        0x0 c:/winavr-20100110/bin/../lib/gcc/avr/4.3.3/../../../../avr/lib/avrxmega6\libc.a(strncasecmp_P.o)
 .bss           0x00802474        0x0 c:/winavr-20100110/bin/../lib/gcc/avr/4.3.3/../../../../avr/lib/avrxmega6\libc.a(strnlen_P.o)
 .bss           0x00802474        0x0 c:/winavr-20100110/bin/../lib/gcc/avr/4.3.3/../../../../avr/lib/avrxmega6\libc.a(strnlen.o)
 .bss           0x00802474        0x0 c:/winavr-20100110/bin/../lib/gcc/avr/4.3.3/../../../../avr/lib/avrxmega6\libc.a(mul10.o)
 .bss           0x00802474        0x0 c:/winavr-20100110/bin/../lib/gcc/avr/4.3.3/../../../../avr/lib/avrxmega6\libc.a(clearerr.o)
 .bss           0x00802474        0x0 c:/winavr-20100110/bin/../lib/gcc/avr/4.3.3/../../../../avr/lib/avrxmega6\libc.a(fgets.o)
 .bss           0x00802474        0x0 c:/winavr-20100110/bin/../lib/gcc/avr/4.3.3/../../../../avr/lib/avrxmega6\libc.a(fputc.o)
 .bss           0x00802474        0x0 c:/winavr-20100110/bin/../lib/gcc/avr/4.3.3/../../../../avr/lib/avrxmega6\libc.a(iob.o)
 .bss           0x00802474        0x0 c:/winavr-20100110/bin/../lib/gcc/avr/4.3.3/../../../../avr/lib/avrxmega6\libc.a(printf_p.o)
 .bss           0x00802474        0x0 c:/winavr-20100110/bin/../lib/gcc/avr/4.3.3/../../../../avr/lib/avrxmega6\libc.a(ultoa_invert.o)
 .bss           0x00802474        0x0 c:/winavr-20100110/bin/../lib/gcc/avr/4.3.3/../../../../avr/lib/avrxmega6\libc.a(errno.o)
 .bss           0x00802474        0x0 c:/winavr-20100110/bin/../lib/gcc/avr/4.3.3/../../../../avr/lib/avrxmega6\libc.a(cty_isfalse.o)
 .bss           0x00802474        0x0 c:/winavr-20100110/bin/../lib/gcc/avr/4.3.3/../../../../avr/lib/avrxmega6\libc.a(fgetc.o)
 *(.bss*)
 *(COMMON)
 COMMON         0x00802474       0xb4 main.o
                0x00802474                ax
                0x008024b8                cfg
                0x00802526                stddev
 COMMON         0x00802528       0x41 motion_control.o
                0x00802528                ma
 COMMON         0x00802569       0x17 direct_drive.o
                0x00802569                dd
 COMMON         0x00802580        0x6 c:/winavr-20100110/bin/../lib/gcc/avr/4.3.3/../../../../avr/lib/avrxmega6\libc.a(iob.o)
                0x00802580                __iob
 COMMON         0x00802586        0x2 c:/winavr-20100110/bin/../lib/gcc/avr/4.3.3/../../../../avr/lib/avrxmega6\libc.a(errno.o)
                0x00802586                errno
                0x00802588                PROVIDE (__bss_end, .)
                0x0000953a                __data_load_start = LOADADDR (.data)
                0x00009706                __data_load_end = (__data_load_start + SIZEOF (.data))

.noinit         0x00802588        0x0
                0x00802588                PROVIDE (__noinit_start, .)
 *(.noinit*)
                0x00802588                PROVIDE (__noinit_end, .)
                0x00802588                _end = .
                0x00802588                PROVIDE (__heap_start, .)

.eeprom         0x00810000        0x0
 *(.eeprom*)
                0x00810000                __eeprom_end = .

.fuse
 *(.fuse)
 *(.lfuse)
 *(.hfuse)
 *(.efuse)

.lock
 *(.lock*)

.signature
 *(.signature*)

.stab
 *(.stab)

.stabstr
 *(.stabstr)

.stab.excl
 *(.stab.excl)

.stab.exclstr
 *(.stab.exclstr)

.stab.index
 *(.stab.index)

.stab.indexstr
 *(.stab.indexstr)

.comment
 *(.comment)

.debug
 *(.debug)

.line
 *(.line)

.debug_srcinfo
 *(.debug_srcinfo)

.debug_sfnames
 *(.debug_sfnames)

.debug_aranges  0x00000000      0x380
 *(.debug_aranges)
 .debug_aranges
                0x00000000       0x20 c:/winavr-20100110/bin/../lib/gcc/avr/4.3.3/../../../../avr/lib/avrxmega6\libprintf_flt.a(vfprintf_flt.o)
 .debug_aranges
                0x00000020       0x20 main.o
 .debug_aranges
                0x00000040       0x20 gcode.o
 .debug_aranges
                0x00000060       0x20 config.o
 .debug_aranges
                0x00000080       0x20 encoder.o
 .debug_aranges
                0x000000a0       0x20 xmega_init.o
 .debug_aranges
                0x000000c0       0x20 motion_control.o
 .debug_aranges
                0x000000e0       0x20 spindle_control.o
 .debug_aranges
                0x00000100       0x20 stepper.o
 .debug_aranges
                0x00000120       0x20 xmega_interrupts.o
 .debug_aranges
                0x00000140       0x20 xio.o
 .debug_aranges
                0x00000160       0x20 xio_usb.o
 .debug_aranges
                0x00000180       0x20 xmega_eeprom.o
 .debug_aranges
                0x000001a0       0x20 xio_pgm.o
 .debug_aranges
                0x000001c0       0x20 controller.o
 .debug_aranges
                0x000001e0       0x20 direct_drive.o
 .debug_aranges
                0x00000200       0x20 move_buffer.o
 .debug_aranges
                0x00000220       0x20 limit_switches.o
 .debug_aranges
                0x00000240       0x20 xio_rs485.o
 .debug_aranges
                0x00000260       0x20 signals.o
 .debug_aranges
                0x00000280       0x20 xio_usart.o
 .debug_aranges
                0x000002a0       0x20 c:/winavr-20100110/bin/../lib/gcc/avr/4.3.3/avrxmega6\libgcc.a(_udivdi3.o)
 .debug_aranges
                0x000002c0       0x20 c:/winavr-20100110/bin/../lib/gcc/avr/4.3.3/../../../../avr/lib/avrxmega6\libc.a(strtod.o)
 .debug_aranges
                0x000002e0       0x20 c:/winavr-20100110/bin/../lib/gcc/avr/4.3.3/../../../../avr/lib/avrxmega6\libc.a(clearerr.o)
 .debug_aranges
                0x00000300       0x20 c:/winavr-20100110/bin/../lib/gcc/avr/4.3.3/../../../../avr/lib/avrxmega6\libc.a(fgets.o)
 .debug_aranges
                0x00000320       0x20 c:/winavr-20100110/bin/../lib/gcc/avr/4.3.3/../../../../avr/lib/avrxmega6\libc.a(fputc.o)
 .debug_aranges
                0x00000340       0x20 c:/winavr-20100110/bin/../lib/gcc/avr/4.3.3/../../../../avr/lib/avrxmega6\libc.a(printf_p.o)
 .debug_aranges
                0x00000360       0x20 c:/winavr-20100110/bin/../lib/gcc/avr/4.3.3/../../../../avr/lib/avrxmega6\libc.a(fgetc.o)

.debug_pubnames
                0x00000000      0xe96
 *(.debug_pubnames)
 .debug_pubnames
                0x00000000       0x1f c:/winavr-20100110/bin/../lib/gcc/avr/4.3.3/../../../../avr/lib/avrxmega6\libprintf_flt.a(vfprintf_flt.o)
 .debug_pubnames
                0x0000001f       0x35 main.o
 .debug_pubnames
                0x00000054       0x88 gcode.o
 .debug_pubnames
                0x000000dc      0x114 config.o
 .debug_pubnames
                0x000001f0       0x3a encoder.o
 .debug_pubnames
                0x0000022a       0x44 xmega_init.o
 .debug_pubnames
                0x0000026e       0xcc motion_control.o
 .debug_pubnames
                0x0000033a       0x4b spindle_control.o
 .debug_pubnames
                0x00000385       0xe0 stepper.o
 .debug_pubnames
                0x00000465       0x5b xmega_interrupts.o
 .debug_pubnames
                0x000004c0       0x5b xio.o
 .debug_pubnames
                0x0000051b       0xef xio_usb.o
 .debug_pubnames
                0x0000060a      0x15e xmega_eeprom.o
 .debug_pubnames
                0x00000768       0x94 xio_pgm.o
 .debug_pubnames
                0x000007fc      0x21d controller.o
 .debug_pubnames
                0x00000a19       0x42 direct_drive.o
 .debug_pubnames
                0x00000a5b       0x9e move_buffer.o
 .debug_pubnames
                0x00000af9       0xaf limit_switches.o
 .debug_pubnames
                0x00000ba8       0xe9 xio_rs485.o
 .debug_pubnames
                0x00000c91       0x28 signals.o
 .debug_pubnames
                0x00000cb9       0xb6 xio_usart.o
 .debug_pubnames
                0x00000d6f       0x20 c:/winavr-20100110/bin/../lib/gcc/avr/4.3.3/avrxmega6\libgcc.a(_udivdi3.o)
 .debug_pubnames
                0x00000d8f       0x20 c:/winavr-20100110/bin/../lib/gcc/avr/4.3.3/avrxmega6\libgcc.a(_clz.o)
 .debug_pubnames
                0x00000daf       0x1d c:/winavr-20100110/bin/../lib/gcc/avr/4.3.3/../../../../avr/lib/avrxmega6\libc.a(strtod.o)
 .debug_pubnames
                0x00000dcc       0x1f c:/winavr-20100110/bin/../lib/gcc/avr/4.3.3/../../../../avr/lib/avrxmega6\libc.a(clearerr.o)
 .debug_pubnames
                0x00000deb       0x1c c:/winavr-20100110/bin/../lib/gcc/avr/4.3.3/../../../../avr/lib/avrxmega6\libc.a(fgets.o)
 .debug_pubnames
                0x00000e07       0x1c c:/winavr-20100110/bin/../lib/gcc/avr/4.3.3/../../../../avr/lib/avrxmega6\libc.a(fputc.o)
 .debug_pubnames
                0x00000e23       0x1c c:/winavr-20100110/bin/../lib/gcc/avr/4.3.3/../../../../avr/lib/avrxmega6\libc.a(iob.o)
 .debug_pubnames
                0x00000e3f       0x1f c:/winavr-20100110/bin/../lib/gcc/avr/4.3.3/../../../../avr/lib/avrxmega6\libc.a(printf_p.o)
 .debug_pubnames
                0x00000e5e       0x1c c:/winavr-20100110/bin/../lib/gcc/avr/4.3.3/../../../../avr/lib/avrxmega6\libc.a(errno.o)
 .debug_pubnames
                0x00000e7a       0x1c c:/winavr-20100110/bin/../lib/gcc/avr/4.3.3/../../../../avr/lib/avrxmega6\libc.a(fgetc.o)

.debug_info     0x00000000     0xd44f
 *(.debug_info)
 .debug_info    0x00000000      0x421 c:/winavr-20100110/bin/../lib/gcc/avr/4.3.3/../../../../avr/lib/avrxmega6\libprintf_flt.a(vfprintf_flt.o)
 .debug_info    0x00000421      0xb87 main.o
 .debug_info    0x00000fa8      0xa18 gcode.o
 .debug_info    0x000019c0     0x108d config.o
 .debug_info    0x00002a4d      0xa74 encoder.o
 .debug_info    0x000034c1      0x244 xmega_init.o
 .debug_info    0x00003705      0xf89 motion_control.o
 .debug_info    0x0000468e      0x91b spindle_control.o
 .debug_info    0x00004fa9      0xbfb stepper.o
 .debug_info    0x00005ba4      0x10b xmega_interrupts.o
 .debug_info    0x00005caf      0x3a7 xio.o
 .debug_info    0x00006056      0xae3 xio_usb.o
 .debug_info    0x00006b39      0x620 xmega_eeprom.o
 .debug_info    0x00007159      0x47f xio_pgm.o
 .debug_info    0x000075d8     0x13cd controller.o
 .debug_info    0x000089a5      0xabe direct_drive.o
 .debug_info    0x00009463      0xc8c move_buffer.o
 .debug_info    0x0000a0ef      0xbc2 limit_switches.o
 .debug_info    0x0000acb1      0xaa6 xio_rs485.o
 .debug_info    0x0000b757      0x24b signals.o
 .debug_info    0x0000b9a2      0x70f xio_usart.o
 .debug_info    0x0000c0b1      0x71e c:/winavr-20100110/bin/../lib/gcc/avr/4.3.3/avrxmega6\libgcc.a(_udivdi3.o)
 .debug_info    0x0000c7cf       0xa9 c:/winavr-20100110/bin/../lib/gcc/avr/4.3.3/avrxmega6\libgcc.a(_clz.o)
 .debug_info    0x0000c878      0x2ca c:/winavr-20100110/bin/../lib/gcc/avr/4.3.3/../../../../avr/lib/avrxmega6\libc.a(strtod.o)
 .debug_info    0x0000cb42      0x159 c:/winavr-20100110/bin/../lib/gcc/avr/4.3.3/../../../../avr/lib/avrxmega6\libc.a(clearerr.o)
 .debug_info    0x0000cc9b      0x196 c:/winavr-20100110/bin/../lib/gcc/avr/4.3.3/../../../../avr/lib/avrxmega6\libc.a(fgets.o)
 .debug_info    0x0000ce31      0x16a c:/winavr-20100110/bin/../lib/gcc/avr/4.3.3/../../../../avr/lib/avrxmega6\libc.a(fputc.o)
 .debug_info    0x0000cf9b      0x156 c:/winavr-20100110/bin/../lib/gcc/avr/4.3.3/../../../../avr/lib/avrxmega6\libc.a(iob.o)
 .debug_info    0x0000d0f1      0x1b4 c:/winavr-20100110/bin/../lib/gcc/avr/4.3.3/../../../../avr/lib/avrxmega6\libc.a(printf_p.o)
 .debug_info    0x0000d2a5       0x3f c:/winavr-20100110/bin/../lib/gcc/avr/4.3.3/../../../../avr/lib/avrxmega6\libc.a(errno.o)
 .debug_info    0x0000d2e4      0x16b c:/winavr-20100110/bin/../lib/gcc/avr/4.3.3/../../../../avr/lib/avrxmega6\libc.a(fgetc.o)
 *(.gnu.linkonce.wi.*)

.debug_abbrev   0x00000000     0x2dbb
 *(.debug_abbrev)
 .debug_abbrev  0x00000000      0x191 c:/winavr-20100110/bin/../lib/gcc/avr/4.3.3/../../../../avr/lib/avrxmega6\libprintf_flt.a(vfprintf_flt.o)
 .debug_abbrev  0x00000191      0x152 main.o
 .debug_abbrev  0x000002e3      0x2f3 gcode.o
 .debug_abbrev  0x000005d6      0x2ac config.o
 .debug_abbrev  0x00000882      0x176 encoder.o
 .debug_abbrev  0x000009f8      0x14b xmega_init.o
 .debug_abbrev  0x00000b43      0x20d motion_control.o
 .debug_abbrev  0x00000d50      0x162 spindle_control.o
 .debug_abbrev  0x00000eb2      0x1cb stepper.o
 .debug_abbrev  0x0000107d       0xb6 xmega_interrupts.o
 .debug_abbrev  0x00001133      0x173 xio.o
 .debug_abbrev  0x000012a6      0x285 xio_usb.o
 .debug_abbrev  0x0000152b      0x1b3 xmega_eeprom.o
 .debug_abbrev  0x000016de      0x19c xio_pgm.o
 .debug_abbrev  0x0000187a      0x2e0 controller.o
 .debug_abbrev  0x00001b5a      0x155 direct_drive.o
 .debug_abbrev  0x00001caf      0x1c0 move_buffer.o
 .debug_abbrev  0x00001e6f      0x19b limit_switches.o
 .debug_abbrev  0x0000200a      0x285 xio_rs485.o
 .debug_abbrev  0x0000228f       0xd8 signals.o
 .debug_abbrev  0x00002367      0x1a6 xio_usart.o
 .debug_abbrev  0x0000250d      0x181 c:/winavr-20100110/bin/../lib/gcc/avr/4.3.3/avrxmega6\libgcc.a(_udivdi3.o)
 .debug_abbrev  0x0000268e       0x6a c:/winavr-20100110/bin/../lib/gcc/avr/4.3.3/avrxmega6\libgcc.a(_clz.o)
 .debug_abbrev  0x000026f8      0x14a c:/winavr-20100110/bin/../lib/gcc/avr/4.3.3/../../../../avr/lib/avrxmega6\libc.a(strtod.o)
 .debug_abbrev  0x00002842       0xca c:/winavr-20100110/bin/../lib/gcc/avr/4.3.3/../../../../avr/lib/avrxmega6\libc.a(clearerr.o)
 .debug_abbrev  0x0000290c       0xea c:/winavr-20100110/bin/../lib/gcc/avr/4.3.3/../../../../avr/lib/avrxmega6\libc.a(fgets.o)
 .debug_abbrev  0x000029f6       0xdb c:/winavr-20100110/bin/../lib/gcc/avr/4.3.3/../../../../avr/lib/avrxmega6\libc.a(fputc.o)
 .debug_abbrev  0x00002ad1       0xd0 c:/winavr-20100110/bin/../lib/gcc/avr/4.3.3/../../../../avr/lib/avrxmega6\libc.a(iob.o)
 .debug_abbrev  0x00002ba1      0x10f c:/winavr-20100110/bin/../lib/gcc/avr/4.3.3/../../../../avr/lib/avrxmega6\libc.a(printf_p.o)
 .debug_abbrev  0x00002cb0       0x30 c:/winavr-20100110/bin/../lib/gcc/avr/4.3.3/../../../../avr/lib/avrxmega6\libc.a(errno.o)
 .debug_abbrev  0x00002ce0       0xdb c:/winavr-20100110/bin/../lib/gcc/avr/4.3.3/../../../../avr/lib/avrxmega6\libc.a(fgetc.o)

.debug_line     0x00000000     0x527c
 *(.debug_line)
 .debug_line    0x00000000      0x723 c:/winavr-20100110/bin/../lib/gcc/avr/4.3.3/../../../../avr/lib/avrxmega6\libprintf_flt.a(vfprintf_flt.o)
 .debug_line    0x00000723      0x1a5 main.o
 .debug_line    0x000008c8      0x66f gcode.o
 .debug_line    0x00000f37      0x5b1 config.o
 .debug_line    0x000014e8      0x15e encoder.o
 .debug_line    0x00001646      0x182 xmega_init.o
 .debug_line    0x000017c8      0x4f0 motion_control.o
 .debug_line    0x00001cb8      0x147 spindle_control.o
 .debug_line    0x00001dff      0x57b stepper.o
 .debug_line    0x0000237a      0x123 xmega_interrupts.o
 .debug_line    0x0000249d      0x1a4 xio.o
 .debug_line    0x00002641      0x739 xio_usb.o
 .debug_line    0x00002d7a      0x41d xmega_eeprom.o
 .debug_line    0x00003197      0x353 xio_pgm.o
 .debug_line    0x000034ea      0x330 controller.o
 .debug_line    0x0000381a      0x108 direct_drive.o
 .debug_line    0x00003922      0x2c8 move_buffer.o
 .debug_line    0x00003bea      0x1fb limit_switches.o
 .debug_line    0x00003de5      0x719 xio_rs485.o
 .debug_line    0x000044fe       0xd5 signals.o
 .debug_line    0x000045d3      0x237 xio_usart.o
 .debug_line    0x0000480a      0x1d8 c:/winavr-20100110/bin/../lib/gcc/avr/4.3.3/avrxmega6\libgcc.a(_udivdi3.o)
 .debug_line    0x000049e2       0x7c c:/winavr-20100110/bin/../lib/gcc/avr/4.3.3/avrxmega6\libgcc.a(_clz.o)
 .debug_line    0x00004a5e      0x2dd c:/winavr-20100110/bin/../lib/gcc/avr/4.3.3/../../../../avr/lib/avrxmega6\libc.a(strtod.o)
 .debug_line    0x00004d3b       0xaa c:/winavr-20100110/bin/../lib/gcc/avr/4.3.3/../../../../avr/lib/avrxmega6\libc.a(clearerr.o)
 .debug_line    0x00004de5       0xd7 c:/winavr-20100110/bin/../lib/gcc/avr/4.3.3/../../../../avr/lib/avrxmega6\libc.a(fgets.o)
 .debug_line    0x00004ebc       0xd7 c:/winavr-20100110/bin/../lib/gcc/avr/4.3.3/../../../../avr/lib/avrxmega6\libc.a(fputc.o)
 .debug_line    0x00004f93       0x83 c:/winavr-20100110/bin/../lib/gcc/avr/4.3.3/../../../../avr/lib/avrxmega6\libc.a(iob.o)
 .debug_line    0x00005016       0xf1 c:/winavr-20100110/bin/../lib/gcc/avr/4.3.3/../../../../avr/lib/avrxmega6\libc.a(printf_p.o)
 .debug_line    0x00005107       0x5e c:/winavr-20100110/bin/../lib/gcc/avr/4.3.3/../../../../avr/lib/avrxmega6\libc.a(errno.o)
 .debug_line    0x00005165      0x117 c:/winavr-20100110/bin/../lib/gcc/avr/4.3.3/../../../../avr/lib/avrxmega6\libc.a(fgetc.o)

.debug_frame    0x00000000      0xae0
 *(.debug_frame)
 .debug_frame   0x00000000       0x20 c:/winavr-20100110/bin/../lib/gcc/avr/4.3.3/../../../../avr/lib/avrxmega6\libprintf_flt.a(vfprintf_flt.o)
 .debug_frame   0x00000020       0x20 main.o
 .debug_frame   0x00000040       0x80 gcode.o
 .debug_frame   0x000000c0       0xb0 config.o
 .debug_frame   0x00000170       0x30 encoder.o
 .debug_frame   0x000001a0       0x40 xmega_init.o
 .debug_frame   0x000001e0       0xb0 motion_control.o
 .debug_frame   0x00000290       0x40 spindle_control.o
 .debug_frame   0x000002d0       0xc0 stepper.o
 .debug_frame   0x00000390       0x30 xmega_interrupts.o
 .debug_frame   0x000003c0       0x50 xio.o
 .debug_frame   0x00000410      0x160 xio_usb.o
 .debug_frame   0x00000570       0xf0 xmega_eeprom.o
 .debug_frame   0x00000660       0x70 xio_pgm.o
 .debug_frame   0x000006d0       0x50 controller.o
 .debug_frame   0x00000720       0x30 direct_drive.o
 .debug_frame   0x00000750       0x70 move_buffer.o
 .debug_frame   0x000007c0       0xa0 limit_switches.o
 .debug_frame   0x00000860      0x150 xio_rs485.o
 .debug_frame   0x000009b0       0x20 signals.o
 .debug_frame   0x000009d0       0x30 xio_usart.o
 .debug_frame   0x00000a00       0x20 c:/winavr-20100110/bin/../lib/gcc/avr/4.3.3/avrxmega6\libgcc.a(_udivdi3.o)
 .debug_frame   0x00000a20       0x20 c:/winavr-20100110/bin/../lib/gcc/avr/4.3.3/../../../../avr/lib/avrxmega6\libc.a(strtod.o)
 .debug_frame   0x00000a40       0x20 c:/winavr-20100110/bin/../lib/gcc/avr/4.3.3/../../../../avr/lib/avrxmega6\libc.a(clearerr.o)
 .debug_frame   0x00000a60       0x20 c:/winavr-20100110/bin/../lib/gcc/avr/4.3.3/../../../../avr/lib/avrxmega6\libc.a(fgets.o)
 .debug_frame   0x00000a80       0x20 c:/winavr-20100110/bin/../lib/gcc/avr/4.3.3/../../../../avr/lib/avrxmega6\libc.a(fputc.o)
 .debug_frame   0x00000aa0       0x20 c:/winavr-20100110/bin/../lib/gcc/avr/4.3.3/../../../../avr/lib/avrxmega6\libc.a(printf_p.o)
 .debug_frame   0x00000ac0       0x20 c:/winavr-20100110/bin/../lib/gcc/avr/4.3.3/../../../../avr/lib/avrxmega6\libc.a(fgetc.o)

.debug_str      0x00000000     0x24e1
 *(.debug_str)
 .debug_str     0x00000000      0x145 c:/winavr-20100110/bin/../lib/gcc/avr/4.3.3/../../../../avr/lib/avrxmega6\libprintf_flt.a(vfprintf_flt.o)
                                0x18b (size before relaxing)
 .debug_str     0x00000145      0x526 main.o
                                0x613 (size before relaxing)
 .debug_str     0x0000066b      0x4d3 gcode.o
                                0x70b (size before relaxing)
 .debug_str     0x00000b3e       0xe2 config.o
                                0x7e3 (size before relaxing)
 .debug_str     0x00000c20       0xb6 encoder.o
                                0x652 (size before relaxing)
 .debug_str     0x00000cd6      0x13e xmega_init.o
                                0x20f (size before relaxing)
 .debug_str     0x00000e14      0x1af motion_control.o
                                0x918 (size before relaxing)
 .debug_str     0x00000fc3       0x3b spindle_control.o
                                0x4ec (size before relaxing)
 .debug_str     0x00000ffe       0xa0 stepper.o
                                0x70d (size before relaxing)
 .debug_str     0x0000109e       0x5c xmega_interrupts.o
                                0x15b (size before relaxing)
 .debug_str     0x000010fa      0x14b xio.o
                                0x39a (size before relaxing)
 .debug_str     0x00001245      0x374 xio_usb.o
                                0x7c2 (size before relaxing)
 .debug_str     0x000015b9      0x48a xmega_eeprom.o
                                0x5ad (size before relaxing)
 .debug_str     0x00001a43       0x7e xio_pgm.o
                                0x3a4 (size before relaxing)
 .debug_str     0x00001ac1      0x2ce controller.o
                                0xa76 (size before relaxing)
 .debug_str     0x00001d8f       0x2d direct_drive.o
                                0x5c4 (size before relaxing)
 .debug_str     0x00001dbc       0xec move_buffer.o
                                0x81b (size before relaxing)
 .debug_str     0x00001ea8      0x279 limit_switches.o
                                0x8ad (size before relaxing)
 .debug_str     0x00002121       0xb3 xio_rs485.o
                                0x7c2 (size before relaxing)
 .debug_str     0x000021d4       0x38 signals.o
                                0x1d7 (size before relaxing)
 .debug_str     0x0000220c       0x6d xio_usart.o
                                0x3d7 (size before relaxing)
 .debug_str     0x00002279      0x103 c:/winavr-20100110/bin/../lib/gcc/avr/4.3.3/avrxmega6\libgcc.a(_udivdi3.o)
                                0x18f (size before relaxing)
 .debug_str     0x00000000       0xf9 c:/winavr-20100110/bin/../lib/gcc/avr/4.3.3/avrxmega6\libgcc.a(_clz.o)
 .debug_str     0x0000237c       0x78 c:/winavr-20100110/bin/../lib/gcc/avr/4.3.3/../../../../avr/lib/avrxmega6\libc.a(strtod.o)
                                0x14f (size before relaxing)
 .debug_str     0x000023f4       0x28 c:/winavr-20100110/bin/../lib/gcc/avr/4.3.3/../../../../avr/lib/avrxmega6\libc.a(clearerr.o)
                                 0xfb (size before relaxing)
 .debug_str     0x0000241c       0x22 c:/winavr-20100110/bin/../lib/gcc/avr/4.3.3/../../../../avr/lib/avrxmega6\libc.a(fgets.o)
                                 0xf5 (size before relaxing)
 .debug_str     0x0000243e       0x22 c:/winavr-20100110/bin/../lib/gcc/avr/4.3.3/../../../../avr/lib/avrxmega6\libc.a(fputc.o)
                                 0xf5 (size before relaxing)
 .debug_str     0x00002460       0x1a c:/winavr-20100110/bin/../lib/gcc/avr/4.3.3/../../../../avr/lib/avrxmega6\libc.a(iob.o)
                                 0xec (size before relaxing)
 .debug_str     0x0000247a       0x28 c:/winavr-20100110/bin/../lib/gcc/avr/4.3.3/../../../../avr/lib/avrxmega6\libc.a(printf_p.o)
                                0x123 (size before relaxing)
 .debug_str     0x000024a2       0x1d c:/winavr-20100110/bin/../lib/gcc/avr/4.3.3/../../../../avr/lib/avrxmega6\libc.a(errno.o)
                                 0x5d (size before relaxing)
 .debug_str     0x000024bf       0x22 c:/winavr-20100110/bin/../lib/gcc/avr/4.3.3/../../../../avr/lib/avrxmega6\libc.a(fgetc.o)
                                 0xf5 (size before relaxing)

.debug_loc      0x00000000     0x3baf
 *(.debug_loc)
 .debug_loc     0x00000000      0x99a c:/winavr-20100110/bin/../lib/gcc/avr/4.3.3/../../../../avr/lib/avrxmega6\libprintf_flt.a(vfprintf_flt.o)
 .debug_loc     0x0000099a      0x533 gcode.o
 .debug_loc     0x00000ecd      0x495 config.o
 .debug_loc     0x00001362       0x1e encoder.o
 .debug_loc     0x00001380       0x18 xmega_init.o
 .debug_loc     0x00001398      0x536 motion_control.o
 .debug_loc     0x000018ce       0x28 spindle_control.o
 .debug_loc     0x000018f6       0x23 stepper.o
 .debug_loc     0x00001919      0x1c0 xio.o
 .debug_loc     0x00001ad9      0x2ef xio_usb.o
 .debug_loc     0x00001dc8      0x3bd xmega_eeprom.o
 .debug_loc     0x00002185      0x12d xio_pgm.o
 .debug_loc     0x000022b2       0x98 controller.o
 .debug_loc     0x0000234a       0x18 direct_drive.o
 .debug_loc     0x00002362      0x1b4 move_buffer.o
 .debug_loc     0x00002516      0x2a9 xio_rs485.o
 .debug_loc     0x000027bf       0xcc xio_usart.o
 .debug_loc     0x0000288b      0xe74 c:/winavr-20100110/bin/../lib/gcc/avr/4.3.3/avrxmega6\libgcc.a(_udivdi3.o)
 .debug_loc     0x000036ff      0x2b0 c:/winavr-20100110/bin/../lib/gcc/avr/4.3.3/../../../../avr/lib/avrxmega6\libc.a(strtod.o)
 .debug_loc     0x000039af       0x28 c:/winavr-20100110/bin/../lib/gcc/avr/4.3.3/../../../../avr/lib/avrxmega6\libc.a(clearerr.o)
 .debug_loc     0x000039d7       0xf8 c:/winavr-20100110/bin/../lib/gcc/avr/4.3.3/../../../../avr/lib/avrxmega6\libc.a(fgets.o)
 .debug_loc     0x00003acf       0x60 c:/winavr-20100110/bin/../lib/gcc/avr/4.3.3/../../../../avr/lib/avrxmega6\libc.a(fputc.o)
 .debug_loc     0x00003b2f       0x80 c:/winavr-20100110/bin/../lib/gcc/avr/4.3.3/../../../../avr/lib/avrxmega6\libc.a(fgetc.o)

.debug_macinfo
 *(.debug_macinfo)
OUTPUT(TinyG.elf elf32-avr)
LOAD linker stubs

.debug_ranges   0x00000000      0x128
 .debug_ranges  0x00000000       0x30 c:/winavr-20100110/bin/../lib/gcc/avr/4.3.3/../../../../avr/lib/avrxmega6\libprintf_flt.a(vfprintf_flt.o)
 .debug_ranges  0x00000030       0x50 gcode.o
 .debug_ranges  0x00000080       0x18 c:/winavr-20100110/bin/../lib/gcc/avr/4.3.3/avrxmega6\libgcc.a(_udivdi3.o)
 .debug_ranges  0x00000098       0x18 c:/winavr-20100110/bin/../lib/gcc/avr/4.3.3/../../../../avr/lib/avrxmega6\libc.a(strtod.o)
 .debug_ranges  0x000000b0       0x18 c:/winavr-20100110/bin/../lib/gcc/avr/4.3.3/../../../../avr/lib/avrxmega6\libc.a(clearerr.o)
 .debug_ranges  0x000000c8       0x18 c:/winavr-20100110/bin/../lib/gcc/avr/4.3.3/../../../../avr/lib/avrxmega6\libc.a(fgets.o)
 .debug_ranges  0x000000e0       0x18 c:/winavr-20100110/bin/../lib/gcc/avr/4.3.3/../../../../avr/lib/avrxmega6\libc.a(fputc.o)
 .debug_ranges  0x000000f8       0x18 c:/winavr-20100110/bin/../lib/gcc/avr/4.3.3/../../../../avr/lib/avrxmega6\libc.a(printf_p.o)
 .debug_ranges  0x00000110       0x18 c:/winavr-20100110/bin/../lib/gcc/avr/4.3.3/../../../../avr/lib/avrxmega6\libc.a(fgetc.o)
