Archive member included because of file (symbol)

c:/winavr-20100110/bin/../lib/gcc/avr/4.3.3/../../../../avr/lib/avrxmega6\libm.a(addsf3.o)
                              gcode.o (__subsf3)
c:/winavr-20100110/bin/../lib/gcc/avr/4.3.3/../../../../avr/lib/avrxmega6\libm.a(addsf3x.o)
                              c:/winavr-20100110/bin/../lib/gcc/avr/4.3.3/../../../../avr/lib/avrxmega6\libm.a(addsf3.o) (__addsf3x)
c:/winavr-20100110/bin/../lib/gcc/avr/4.3.3/../../../../avr/lib/avrxmega6\libm.a(atan.o)
                              gcode.o (atan)
c:/winavr-20100110/bin/../lib/gcc/avr/4.3.3/../../../../avr/lib/avrxmega6\libm.a(ceil.o)
                              motion_control.o (ceil)
c:/winavr-20100110/bin/../lib/gcc/avr/4.3.3/../../../../avr/lib/avrxmega6\libm.a(cmpsf2.o)
                              motion_control.o (__eqsf2)
c:/winavr-20100110/bin/../lib/gcc/avr/4.3.3/../../../../avr/lib/avrxmega6\libm.a(cos.o)
                              motion_control.o (cos)
c:/winavr-20100110/bin/../lib/gcc/avr/4.3.3/../../../../avr/lib/avrxmega6\libm.a(divsf3.o)
                              gcode.o (__divsf3)
c:/winavr-20100110/bin/../lib/gcc/avr/4.3.3/../../../../avr/lib/avrxmega6\libm.a(divsf3x.o)
                              c:/winavr-20100110/bin/../lib/gcc/avr/4.3.3/../../../../avr/lib/avrxmega6\libm.a(divsf3.o) (__divsf3x)
c:/winavr-20100110/bin/../lib/gcc/avr/4.3.3/../../../../avr/lib/avrxmega6\libm.a(fixsfsi.o)
                              gcode.o (__fixsfsi)
c:/winavr-20100110/bin/../lib/gcc/avr/4.3.3/../../../../avr/lib/avrxmega6\libm.a(fixunssfsi.o)
                              gcode.o (__fixunssfsi)
c:/winavr-20100110/bin/../lib/gcc/avr/4.3.3/../../../../avr/lib/avrxmega6\libm.a(floatsisf.o)
                              motion_control.o (__floatunsisf)
c:/winavr-20100110/bin/../lib/gcc/avr/4.3.3/../../../../avr/lib/avrxmega6\libm.a(fp_cmp.o)
                              c:/winavr-20100110/bin/../lib/gcc/avr/4.3.3/../../../../avr/lib/avrxmega6\libm.a(cmpsf2.o) (__fp_cmp)
c:/winavr-20100110/bin/../lib/gcc/avr/4.3.3/../../../../avr/lib/avrxmega6\libm.a(fp_inf.o)
                              c:/winavr-20100110/bin/../lib/gcc/avr/4.3.3/../../../../avr/lib/avrxmega6\libm.a(addsf3x.o) (__fp_inf)
c:/winavr-20100110/bin/../lib/gcc/avr/4.3.3/../../../../avr/lib/avrxmega6\libm.a(fp_mintl.o)
                              c:/winavr-20100110/bin/../lib/gcc/avr/4.3.3/../../../../avr/lib/avrxmega6\libm.a(ceil.o) (__fp_mintl)
c:/winavr-20100110/bin/../lib/gcc/avr/4.3.3/../../../../avr/lib/avrxmega6\libm.a(fp_mpack.o)
                              c:/winavr-20100110/bin/../lib/gcc/avr/4.3.3/../../../../avr/lib/avrxmega6\libm.a(ceil.o) (__fp_mpack)
c:/winavr-20100110/bin/../lib/gcc/avr/4.3.3/../../../../avr/lib/avrxmega6\libm.a(fp_nan.o)
                              c:/winavr-20100110/bin/../lib/gcc/avr/4.3.3/../../../../avr/lib/avrxmega6\libm.a(addsf3x.o) (__fp_nan)
c:/winavr-20100110/bin/../lib/gcc/avr/4.3.3/../../../../avr/lib/avrxmega6\libm.a(fp_powser.o)
                              c:/winavr-20100110/bin/../lib/gcc/avr/4.3.3/../../../../avr/lib/avrxmega6\libm.a(atan.o) (__fp_powser)
c:/winavr-20100110/bin/../lib/gcc/avr/4.3.3/../../../../avr/lib/avrxmega6\libm.a(fp_pscA.o)
                              c:/winavr-20100110/bin/../lib/gcc/avr/4.3.3/../../../../avr/lib/avrxmega6\libm.a(addsf3x.o) (__fp_pscA)
c:/winavr-20100110/bin/../lib/gcc/avr/4.3.3/../../../../avr/lib/avrxmega6\libm.a(fp_pscB.o)
                              c:/winavr-20100110/bin/../lib/gcc/avr/4.3.3/../../../../avr/lib/avrxmega6\libm.a(addsf3x.o) (__fp_pscB)
c:/winavr-20100110/bin/../lib/gcc/avr/4.3.3/../../../../avr/lib/avrxmega6\libm.a(fp_rempio2.o)
                              c:/winavr-20100110/bin/../lib/gcc/avr/4.3.3/../../../../avr/lib/avrxmega6\libm.a(cos.o) (__fp_rempio2)
c:/winavr-20100110/bin/../lib/gcc/avr/4.3.3/../../../../avr/lib/avrxmega6\libm.a(fp_round.o)
                              c:/winavr-20100110/bin/../lib/gcc/avr/4.3.3/../../../../avr/lib/avrxmega6\libm.a(addsf3.o) (__fp_round)
c:/winavr-20100110/bin/../lib/gcc/avr/4.3.3/../../../../avr/lib/avrxmega6\libm.a(fp_sinus.o)
                              c:/winavr-20100110/bin/../lib/gcc/avr/4.3.3/../../../../avr/lib/avrxmega6\libm.a(cos.o) (__fp_sinus)
c:/winavr-20100110/bin/../lib/gcc/avr/4.3.3/../../../../avr/lib/avrxmega6\libm.a(fp_split3.o)
                              c:/winavr-20100110/bin/../lib/gcc/avr/4.3.3/../../../../avr/lib/avrxmega6\libm.a(addsf3x.o) (__fp_split3)
c:/winavr-20100110/bin/../lib/gcc/avr/4.3.3/../../../../avr/lib/avrxmega6\libm.a(fp_trunc.o)
                              c:/winavr-20100110/bin/../lib/gcc/avr/4.3.3/../../../../avr/lib/avrxmega6\libm.a(ceil.o) (__fp_trunc)
c:/winavr-20100110/bin/../lib/gcc/avr/4.3.3/../../../../avr/lib/avrxmega6\libm.a(fp_zero.o)
                              c:/winavr-20100110/bin/../lib/gcc/avr/4.3.3/../../../../avr/lib/avrxmega6\libm.a(addsf3x.o) (__fp_zero)
c:/winavr-20100110/bin/../lib/gcc/avr/4.3.3/../../../../avr/lib/avrxmega6\libm.a(gesf2.o)
                              gcode.o (__gtsf2)
c:/winavr-20100110/bin/../lib/gcc/avr/4.3.3/../../../../avr/lib/avrxmega6\libm.a(hypot.o)
                              gcode.o (hypot)
c:/winavr-20100110/bin/../lib/gcc/avr/4.3.3/../../../../avr/lib/avrxmega6\libm.a(inverse.o)
                              c:/winavr-20100110/bin/../lib/gcc/avr/4.3.3/../../../../avr/lib/avrxmega6\libm.a(atan.o) (inverse)
c:/winavr-20100110/bin/../lib/gcc/avr/4.3.3/../../../../avr/lib/avrxmega6\libm.a(ldexp.o)
                              c:/winavr-20100110/bin/../lib/gcc/avr/4.3.3/../../../../avr/lib/avrxmega6\libm.a(hypot.o) (ldexp)
c:/winavr-20100110/bin/../lib/gcc/avr/4.3.3/../../../../avr/lib/avrxmega6\libm.a(lround.o)
                              motion_control.o (lround)
c:/winavr-20100110/bin/../lib/gcc/avr/4.3.3/../../../../avr/lib/avrxmega6\libm.a(modf.o)
                              wiring_serial.o (modf)
c:/winavr-20100110/bin/../lib/gcc/avr/4.3.3/../../../../avr/lib/avrxmega6\libm.a(mulsf3.o)
                              gcode.o (__mulsf3)
c:/winavr-20100110/bin/../lib/gcc/avr/4.3.3/../../../../avr/lib/avrxmega6\libm.a(mulsf3x.o)
                              c:/winavr-20100110/bin/../lib/gcc/avr/4.3.3/../../../../avr/lib/avrxmega6\libm.a(atan.o) (__mulsf3x)
c:/winavr-20100110/bin/../lib/gcc/avr/4.3.3/../../../../avr/lib/avrxmega6\libm.a(round.o)
                              config.o (round)
c:/winavr-20100110/bin/../lib/gcc/avr/4.3.3/../../../../avr/lib/avrxmega6\libm.a(sin.o)
                              motion_control.o (sin)
c:/winavr-20100110/bin/../lib/gcc/avr/4.3.3/../../../../avr/lib/avrxmega6\libm.a(sqrt.o)
                              gcode.o (sqrt)
c:/winavr-20100110/bin/../lib/gcc/avr/4.3.3/../../../../avr/lib/avrxmega6\libm.a(square.o)
                              motion_control.o (square)
c:/winavr-20100110/bin/../lib/gcc/avr/4.3.3/../../../../avr/lib/avrxmega6\libm.a(trunc.o)
                              gcode.o (trunc)
c:/winavr-20100110/bin/../lib/gcc/avr/4.3.3/../../../../avr/lib/avrxmega6\libm.a(unordsf2.o)
                              gcode.o (__unordsf2)
c:/winavr-20100110/bin/../lib/gcc/avr/4.3.3/../../../../avr/lib/avrxmega6\libm.a(fp_norm2.o)
                              c:/winavr-20100110/bin/../lib/gcc/avr/4.3.3/../../../../avr/lib/avrxmega6\libm.a(sqrt.o) (__fp_norm2)
c:/winavr-20100110/bin/../lib/gcc/avr/4.3.3/../../../../avr/lib/avrxmega6\libm.a(fp_powsodd.o)
                              c:/winavr-20100110/bin/../lib/gcc/avr/4.3.3/../../../../avr/lib/avrxmega6\libm.a(fp_sinus.o) (__fp_powsodd)
c:/winavr-20100110/bin/../lib/gcc/avr/4.3.3/avrxmega6\libgcc.a(_divmodhi4.o)
                              stepper.o (__divmodhi4)
c:/winavr-20100110/bin/../lib/gcc/avr/4.3.3/avrxmega6\libgcc.a(_udivmodsi4.o)
                              stepper.o (__udivmodsi4)
c:/winavr-20100110/bin/../lib/gcc/avr/4.3.3/avrxmega6\libgcc.a(_exit.o)
                              c:/winavr-20100110/bin/../lib/gcc/avr/4.3.3/../../../../avr/lib/avrxmega6/crtx256a3.o (exit)
c:/winavr-20100110/bin/../lib/gcc/avr/4.3.3/avrxmega6\libgcc.a(_clear_bss.o)
                              main.o (__do_clear_bss)
c:/winavr-20100110/bin/../lib/gcc/avr/4.3.3/avrxmega6\libgcc.a(_udivmodhi4.o)
                              c:/winavr-20100110/bin/../lib/gcc/avr/4.3.3/avrxmega6\libgcc.a(_divmodhi4.o) (__udivmodhi4)
c:/winavr-20100110/bin/../lib/gcc/avr/4.3.3/../../../../avr/lib/avrxmega6\libc.a(strtod.o)
                              gcode.o (strtod)
c:/winavr-20100110/bin/../lib/gcc/avr/4.3.3/../../../../avr/lib/avrxmega6\libc.a(isspace.o)
                              c:/winavr-20100110/bin/../lib/gcc/avr/4.3.3/../../../../avr/lib/avrxmega6\libc.a(strtod.o) (isspace)
c:/winavr-20100110/bin/../lib/gcc/avr/4.3.3/../../../../avr/lib/avrxmega6\libc.a(strncasecmp_P.o)
                              c:/winavr-20100110/bin/../lib/gcc/avr/4.3.3/../../../../avr/lib/avrxmega6\libc.a(strtod.o) (strncasecmp_P)
c:/winavr-20100110/bin/../lib/gcc/avr/4.3.3/../../../../avr/lib/avrxmega6\libc.a(errno.o)
                              c:/winavr-20100110/bin/../lib/gcc/avr/4.3.3/../../../../avr/lib/avrxmega6\libc.a(strtod.o) (errno)
c:/winavr-20100110/bin/../lib/gcc/avr/4.3.3/../../../../avr/lib/avrxmega6\libc.a(cty_isfalse.o)
                              c:/winavr-20100110/bin/../lib/gcc/avr/4.3.3/../../../../avr/lib/avrxmega6\libc.a(isspace.o) (__ctype_isfalse)

Allocating common symbols
Common symbol       size              file

errno               0x2               c:/winavr-20100110/bin/../lib/gcc/avr/4.3.3/../../../../avr/lib/avrxmega6\libc.a(errno.o)
settings            0x1b              main.o
position            0xc               motion_control.o
rx_buffer           0x80              wiring_serial.o
ax                  0x75              stepper.o
line_buffer         0x348             stepper.o
textline            0x81              serial_protocol.o
gc                  0x22              gcode.o

Memory Configuration

Name             Origin             Length             Attributes
text             0x00000000         0x00100000         xr
data             0x00802000         0x0000ffa0         rw !x
eeprom           0x00810000         0x00010000         rw !x
fuse             0x00820000         0x00000400         rw !x
lock             0x00830000         0x00000400         rw !x
signature        0x00840000         0x00000400         rw !x
*default*        0x00000000         0xffffffff

Linker script and memory map

LOAD c:/winavr-20100110/bin/../lib/gcc/avr/4.3.3/../../../../avr/lib/avrxmega6/crtx256a3.o
LOAD main.o
LOAD gcode.o
LOAD config.o
LOAD eeprom_xmega.o
LOAD encoder.o
LOAD xmega_support.o
LOAD motion_control.o
LOAD pmic_driver.o
LOAD serial_protocol.o
LOAD spindle_control.o
LOAD stepper.o
LOAD wiring_serial.o
LOAD c:/winavr-20100110/bin/../lib/gcc/avr/4.3.3/../../../../avr/lib/avrxmega6\libm.a
LOAD c:/winavr-20100110/bin/../lib/gcc/avr/4.3.3/avrxmega6\libgcc.a
LOAD c:/winavr-20100110/bin/../lib/gcc/avr/4.3.3/../../../../avr/lib/avrxmega6\libc.a
LOAD c:/winavr-20100110/bin/../lib/gcc/avr/4.3.3/avrxmega6\libgcc.a

.hash
 *(.hash)

.dynsym
 *(.dynsym)

.dynstr
 *(.dynstr)

.gnu.version
 *(.gnu.version)

.gnu.version_d
 *(.gnu.version_d)

.gnu.version_r
 *(.gnu.version_r)

.rel.init
 *(.rel.init)

.rela.init
 *(.rela.init)

.rel.text
 *(.rel.text)
 *(.rel.text.*)
 *(.rel.gnu.linkonce.t*)

.rela.text
 *(.rela.text)
 *(.rela.text.*)
 *(.rela.gnu.linkonce.t*)

.rel.fini
 *(.rel.fini)

.rela.fini
 *(.rela.fini)

.rel.rodata
 *(.rel.rodata)
 *(.rel.rodata.*)
 *(.rel.gnu.linkonce.r*)

.rela.rodata
 *(.rela.rodata)
 *(.rela.rodata.*)
 *(.rela.gnu.linkonce.r*)

.rel.data
 *(.rel.data)
 *(.rel.data.*)
 *(.rel.gnu.linkonce.d*)

.rela.data
 *(.rela.data)
 *(.rela.data.*)
 *(.rela.gnu.linkonce.d*)

.rel.ctors
 *(.rel.ctors)

.rela.ctors
 *(.rela.ctors)

.rel.dtors
 *(.rel.dtors)

.rela.dtors
 *(.rela.dtors)

.rel.got
 *(.rel.got)

.rela.got
 *(.rela.got)

.rel.bss
 *(.rel.bss)

.rela.bss
 *(.rela.bss)

.rel.plt
 *(.rel.plt)

.rela.plt
 *(.rela.plt)

.text           0x00000000     0x3ce4
 *(.vectors)
 .vectors       0x00000000      0x1e8 c:/winavr-20100110/bin/../lib/gcc/avr/4.3.3/../../../../avr/lib/avrxmega6/crtx256a3.o
                0x00000000                __vectors
                0x00000000                __vector_default
 *(.vectors)
 *(.progmem.gcc*)
 .progmem.gcc_fplib
                0x000001e8       0x2d c:/winavr-20100110/bin/../lib/gcc/avr/4.3.3/../../../../avr/lib/avrxmega6\libm.a(atan.o)
 .progmem.gcc_fplib
                0x00000215       0x1e c:/winavr-20100110/bin/../lib/gcc/avr/4.3.3/../../../../avr/lib/avrxmega6\libm.a(fp_sinus.o)
 *(.progmem*)
 .progmem.data  0x00000233      0x179 config.o
 .progmem.data  0x000003ac       0x3e serial_protocol.o
 .progmem.data  0x000003ea       0x4f stepper.o
 .progmem.data  0x00000439       0x3b c:/winavr-20100110/bin/../lib/gcc/avr/4.3.3/../../../../avr/lib/avrxmega6\libc.a(strtod.o)
                0x00000474                . = ALIGN (0x2)
                0x00000474                __trampolines_start = .
 *(.trampolines)
 .trampolines   0x00000474        0x0 linker stubs
 *(.trampolines*)
                0x00000474                __trampolines_end = .
 *(.jumptables)
 *(.jumptables*)
 *(.lowtext)
 *(.lowtext*)
                0x00000474                __ctors_start = .
 *(.ctors)
                0x00000474                __ctors_end = .
                0x00000474                __dtors_start = .
 *(.dtors)
                0x00000474                __dtors_end = .
 SORT(*)(.ctors)
 SORT(*)(.dtors)
 *(.init0)
 .init0         0x00000474        0x0 c:/winavr-20100110/bin/../lib/gcc/avr/4.3.3/../../../../avr/lib/avrxmega6/crtx256a3.o
                0x00000474                __init
 *(.init0)
 *(.init1)
 *(.init1)
 *(.init2)
 .init2         0x00000474       0x10 c:/winavr-20100110/bin/../lib/gcc/avr/4.3.3/../../../../avr/lib/avrxmega6/crtx256a3.o
 *(.init2)
 *(.init3)
 *(.init3)
 *(.init4)
 .init4         0x00000484       0x1a c:/winavr-20100110/bin/../lib/gcc/avr/4.3.3/../../../../avr/lib/avrxmega6/crtx256a3.o
                0x00000484                __do_copy_data
 .init4         0x0000049e       0x10 c:/winavr-20100110/bin/../lib/gcc/avr/4.3.3/avrxmega6\libgcc.a(_clear_bss.o)
                0x0000049e                __do_clear_bss
 *(.init4)
 *(.init5)
 *(.init5)
 *(.init6)
 *(.init6)
 *(.init7)
 *(.init7)
 *(.init8)
 *(.init8)
 *(.init9)
 .init9         0x000004ae        0x8 c:/winavr-20100110/bin/../lib/gcc/avr/4.3.3/../../../../avr/lib/avrxmega6/crtx256a3.o
 *(.init9)
 *(.text)
 .text          0x000004b6        0x4 c:/winavr-20100110/bin/../lib/gcc/avr/4.3.3/../../../../avr/lib/avrxmega6/crtx256a3.o
                0x000004b6                __vector_38
                0x000004b6                __vector_104
                0x000004b6                __vector_22
                0x000004b6                __vector_63
                0x000004b6                __vector_67
                0x000004b6                __vector_1
                0x000004b6                __vector_119
                0x000004b6                __vector_32
                0x000004b6                __vector_75
                0x000004b6                __vector_71
                0x000004b6                __vector_91
                0x000004b6                __vector_34
                0x000004b6                __vector_62
                0x000004b6                __vector_102
                0x000004b6                __vector_24
                0x000004b6                __vector_12
                0x000004b6                __vector_55
                0x000004b6                __vector_69
                0x000004b6                __vector_81
                0x000004b6                __vector_90
                0x000004b6                __vector_46
                0x000004b6                __bad_interrupt
                0x000004b6                __vector_72
                0x000004b6                __vector_114
                0x000004b6                __vector_6
                0x000004b6                __vector_110
                0x000004b6                __vector_31
                0x000004b6                __vector_92
                0x000004b6                __vector_35
                0x000004b6                __vector_78
                0x000004b6                __vector_74
                0x000004b6                __vector_117
                0x000004b6                __vector_39
                0x000004b6                __vector_107
                0x000004b6                __vector_3
                0x000004b6                __vector_105
                0x000004b6                __vector_98
                0x000004b6                __vector_23
                0x000004b6                __vector_68
                0x000004b6                __vector_30
                0x000004b6                __vector_73
                0x000004b6                __vector_45
                0x000004b6                __vector_93
                0x000004b6                __vector_61
                0x000004b6                __vector_11
                0x000004b6                __vector_54
                0x000004b6                __vector_99
                0x000004b6                __vector_13
                0x000004b6                __vector_17
                0x000004b6                __vector_19
                0x000004b6                __vector_56
                0x000004b6                __vector_7
                0x000004b6                __vector_49
                0x000004b6                __vector_41
                0x000004b6                __vector_86
                0x000004b6                __vector_100
                0x000004b6                __vector_101
                0x000004b6                __vector_64
                0x000004b6                __vector_88
                0x000004b6                __vector_109
                0x000004b6                __vector_43
                0x000004b6                __vector_27
                0x000004b6                __vector_5
                0x000004b6                __vector_113
                0x000004b6                __vector_33
                0x000004b6                __vector_76
                0x000004b6                __vector_115
                0x000004b6                __vector_52
                0x000004b6                __vector_37
                0x000004b6                __vector_95
                0x000004b6                __vector_103
                0x000004b6                __vector_96
                0x000004b6                __vector_89
                0x000004b6                __vector_4
                0x000004b6                __vector_44
                0x000004b6                __vector_82
                0x000004b6                __vector_106
                0x000004b6                __vector_118
                0x000004b6                __vector_51
                0x000004b6                __vector_9
                0x000004b6                __vector_2
                0x000004b6                __vector_21
                0x000004b6                __vector_15
                0x000004b6                __vector_66
                0x000004b6                __vector_36
                0x000004b6                __vector_79
                0x000004b6                __vector_58
                0x000004b6                __vector_70
                0x000004b6                __vector_83
                0x000004b6                __vector_29
                0x000004b6                __vector_60
                0x000004b6                __vector_121
                0x000004b6                __vector_40
                0x000004b6                __vector_85
                0x000004b6                __vector_94
                0x000004b6                __vector_8
                0x000004b6                __vector_26
                0x000004b6                __vector_48
                0x000004b6                __vector_116
                0x000004b6                __vector_112
                0x000004b6                __vector_111
                0x000004b6                __vector_80
                0x000004b6                __vector_84
                0x000004b6                __vector_57
                0x000004b6                __vector_53
                0x000004b6                __vector_10
                0x000004b6                __vector_50
                0x000004b6                __vector_16
                0x000004b6                __vector_59
                0x000004b6                __vector_18
                0x000004b6                __vector_97
                0x000004b6                __vector_20
                0x000004b6                __vector_42
                0x000004b6                __vector_87
                0x000004b6                __vector_65
                0x000004b6                __vector_120
 .text          0x000004ba       0x5c main.o
                0x000004ba                main
 .text          0x00000516      0xc46 gcode.o
                0x000006fe                gc_execute_line
                0x000005a6                next_statement
                0x00000680                theta
                0x00000524                read_double
                0x00000604                gc_init
                0x00000516                select_plane
 .text          0x0000115c      0x2ae config.o
                0x000012b6                read_settings
                0x0000115c                reset_settings
                0x00001204                store_setting
                0x000011e8                write_settings
                0x000013e2                config_init
                0x000012e6                dump_settings
 .text          0x0000140a      0x39c eeprom_xmega.o
                0x0000140a                EEPROM_ReadByte
                0x00001500                EEPROM_WaitForNVM
                0x00001654                EEPROM_LoadByte
                0x000015aa                eeprom_put_char
                0x000015c0                memcpy_to_eeprom_with_checksum
                0x0000172e                EEPROM_SplitWritePage
                0x0000169a                EEPROM_AtomicWritePage
                0x00001672                EEPROM_LoadPage
                0x00001778                EEPROM_EraseAll
                0x00001478                memcpy_from_eeprom_with_checksum
                0x0000150a                EEPROM_FlushBuffer
                0x000016e4                EEPROM_ErasePage
                0x00001540                EEPROM_WriteByte
                0x00001464                eeprom_get_char
 .text          0x000017a6        0x2 encoder.o
                0x000017a6                en_init
 .text          0x000017a8       0x24 xmega_support.o
                0x000017c6                xmega_init
                0x000017a8                config32MHzClock
 .text          0x000017cc      0x67a motion_control.o
                0x000017cc                mc_go_home
                0x000017f0                mc_line
                0x00001d9c                mc_dwell
                0x00001a42                mc_arc
                0x000017e0                mc_init
 .text          0x00001e46       0x20 pmic_driver.o
                0x00001e46                PMIC_SetVectorLocationToBoot
                0x00001e56                PMIC_SetVectorLocationToApplication
 .text          0x00001e66       0xe8 serial_protocol.o
                0x00001e70                sp_process
                0x00001f1c                sp_init
                0x00001e66                prompt
 .text          0x00001f4e       0x38 spindle_control.o
                0x00001f7c                spindle_stop
                0x00001f4e                spindle_init
                0x00001f5c                spindle_run
 .text          0x00001f86      0xd4e stepper.o
                0x000029ae                st_print_line
                0x00002cb4                st_print_active
                0x00002390                __vector_77
                0x0000291a                st_go_home
                0x00002ab8                st_execute_line
                0x000026c8                st_get_next_line
                0x0000277a                st_buffer_line
                0x0000275c                st_flush
                0x0000291c                st_print_four_ints
                0x00001f86                st_motor_test
                0x00002420                __vector_47
                0x000024a6                __vector_108
                0x0000252c                _st_load_timer
                0x0000272c                st_synchronize
                0x0000203c                st_init
                0x00002302                __vector_14
 .text          0x00002cd4      0x34c wiring_serial.o
                0x00002d80                __vector_28
                0x00002e26                printString
                0x00002de4                serialAvailable
                0x00002df2                serialRead
                0x00002d2c                __vector_25
                0x00002fb0                printFloat
                0x00002d00                beginSerialC1
                0x00002e40                printPgmString
                0x00002f6c                printInteger
                0x00002e1c                serialFlush
                0x00002fa2                printHex
                0x00002dd4                serialWrite
                0x00002cd4                beginSerial
                0x00002e5e                printIntegerInBase
 .text          0x00003020        0x0 c:/winavr-20100110/bin/../lib/gcc/avr/4.3.3/../../../../avr/lib/avrxmega6\libm.a(addsf3.o)
 .text          0x00003020        0x0 c:/winavr-20100110/bin/../lib/gcc/avr/4.3.3/../../../../avr/lib/avrxmega6\libm.a(addsf3x.o)
 .text          0x00003020        0x0 c:/winavr-20100110/bin/../lib/gcc/avr/4.3.3/../../../../avr/lib/avrxmega6\libm.a(atan.o)
 .text          0x00003020        0x0 c:/winavr-20100110/bin/../lib/gcc/avr/4.3.3/../../../../avr/lib/avrxmega6\libm.a(ceil.o)
 .text          0x00003020        0x0 c:/winavr-20100110/bin/../lib/gcc/avr/4.3.3/../../../../avr/lib/avrxmega6\libm.a(cmpsf2.o)
 .text          0x00003020        0x0 c:/winavr-20100110/bin/../lib/gcc/avr/4.3.3/../../../../avr/lib/avrxmega6\libm.a(cos.o)
 .text          0x00003020        0x0 c:/winavr-20100110/bin/../lib/gcc/avr/4.3.3/../../../../avr/lib/avrxmega6\libm.a(divsf3.o)
 .text          0x00003020        0x0 c:/winavr-20100110/bin/../lib/gcc/avr/4.3.3/../../../../avr/lib/avrxmega6\libm.a(divsf3x.o)
 .text          0x00003020        0x0 c:/winavr-20100110/bin/../lib/gcc/avr/4.3.3/../../../../avr/lib/avrxmega6\libm.a(fixsfsi.o)
 .text          0x00003020        0x0 c:/winavr-20100110/bin/../lib/gcc/avr/4.3.3/../../../../avr/lib/avrxmega6\libm.a(fixunssfsi.o)
 .text          0x00003020        0x0 c:/winavr-20100110/bin/../lib/gcc/avr/4.3.3/../../../../avr/lib/avrxmega6\libm.a(floatsisf.o)
 .text          0x00003020        0x0 c:/winavr-20100110/bin/../lib/gcc/avr/4.3.3/../../../../avr/lib/avrxmega6\libm.a(fp_cmp.o)
 .text          0x00003020        0x0 c:/winavr-20100110/bin/../lib/gcc/avr/4.3.3/../../../../avr/lib/avrxmega6\libm.a(fp_inf.o)
 .text          0x00003020        0x0 c:/winavr-20100110/bin/../lib/gcc/avr/4.3.3/../../../../avr/lib/avrxmega6\libm.a(fp_mintl.o)
 .text          0x00003020        0x0 c:/winavr-20100110/bin/../lib/gcc/avr/4.3.3/../../../../avr/lib/avrxmega6\libm.a(fp_mpack.o)
 .text          0x00003020        0x0 c:/winavr-20100110/bin/../lib/gcc/avr/4.3.3/../../../../avr/lib/avrxmega6\libm.a(fp_nan.o)
 .text          0x00003020        0x0 c:/winavr-20100110/bin/../lib/gcc/avr/4.3.3/../../../../avr/lib/avrxmega6\libm.a(fp_powser.o)
 .text          0x00003020        0x0 c:/winavr-20100110/bin/../lib/gcc/avr/4.3.3/../../../../avr/lib/avrxmega6\libm.a(fp_pscA.o)
 .text          0x00003020        0x0 c:/winavr-20100110/bin/../lib/gcc/avr/4.3.3/../../../../avr/lib/avrxmega6\libm.a(fp_pscB.o)
 .text          0x00003020        0x0 c:/winavr-20100110/bin/../lib/gcc/avr/4.3.3/../../../../avr/lib/avrxmega6\libm.a(fp_rempio2.o)
 .text          0x00003020        0x0 c:/winavr-20100110/bin/../lib/gcc/avr/4.3.3/../../../../avr/lib/avrxmega6\libm.a(fp_round.o)
 .text          0x00003020        0x0 c:/winavr-20100110/bin/../lib/gcc/avr/4.3.3/../../../../avr/lib/avrxmega6\libm.a(fp_sinus.o)
 .text          0x00003020        0x0 c:/winavr-20100110/bin/../lib/gcc/avr/4.3.3/../../../../avr/lib/avrxmega6\libm.a(fp_split3.o)
 .text          0x00003020        0x0 c:/winavr-20100110/bin/../lib/gcc/avr/4.3.3/../../../../avr/lib/avrxmega6\libm.a(fp_trunc.o)
 .text          0x00003020        0x0 c:/winavr-20100110/bin/../lib/gcc/avr/4.3.3/../../../../avr/lib/avrxmega6\libm.a(fp_zero.o)
 .text          0x00003020        0x0 c:/winavr-20100110/bin/../lib/gcc/avr/4.3.3/../../../../avr/lib/avrxmega6\libm.a(gesf2.o)
 .text          0x00003020        0x0 c:/winavr-20100110/bin/../lib/gcc/avr/4.3.3/../../../../avr/lib/avrxmega6\libm.a(hypot.o)
 .text          0x00003020        0x0 c:/winavr-20100110/bin/../lib/gcc/avr/4.3.3/../../../../avr/lib/avrxmega6\libm.a(inverse.o)
 .text          0x00003020        0x0 c:/winavr-20100110/bin/../lib/gcc/avr/4.3.3/../../../../avr/lib/avrxmega6\libm.a(ldexp.o)
 .text          0x00003020        0x0 c:/winavr-20100110/bin/../lib/gcc/avr/4.3.3/../../../../avr/lib/avrxmega6\libm.a(lround.o)
 .text          0x00003020        0x0 c:/winavr-20100110/bin/../lib/gcc/avr/4.3.3/../../../../avr/lib/avrxmega6\libm.a(modf.o)
 .text          0x00003020        0x0 c:/winavr-20100110/bin/../lib/gcc/avr/4.3.3/../../../../avr/lib/avrxmega6\libm.a(mulsf3.o)
 .text          0x00003020        0x0 c:/winavr-20100110/bin/../lib/gcc/avr/4.3.3/../../../../avr/lib/avrxmega6\libm.a(mulsf3x.o)
 .text          0x00003020        0x0 c:/winavr-20100110/bin/../lib/gcc/avr/4.3.3/../../../../avr/lib/avrxmega6\libm.a(round.o)
 .text          0x00003020        0x0 c:/winavr-20100110/bin/../lib/gcc/avr/4.3.3/../../../../avr/lib/avrxmega6\libm.a(sin.o)
 .text          0x00003020        0x0 c:/winavr-20100110/bin/../lib/gcc/avr/4.3.3/../../../../avr/lib/avrxmega6\libm.a(sqrt.o)
 .text          0x00003020        0x0 c:/winavr-20100110/bin/../lib/gcc/avr/4.3.3/../../../../avr/lib/avrxmega6\libm.a(square.o)
 .text          0x00003020        0x0 c:/winavr-20100110/bin/../lib/gcc/avr/4.3.3/../../../../avr/lib/avrxmega6\libm.a(trunc.o)
 .text          0x00003020        0x0 c:/winavr-20100110/bin/../lib/gcc/avr/4.3.3/../../../../avr/lib/avrxmega6\libm.a(unordsf2.o)
 .text          0x00003020        0x0 c:/winavr-20100110/bin/../lib/gcc/avr/4.3.3/../../../../avr/lib/avrxmega6\libm.a(fp_norm2.o)
 .text          0x00003020        0x0 c:/winavr-20100110/bin/../lib/gcc/avr/4.3.3/../../../../avr/lib/avrxmega6\libm.a(fp_powsodd.o)
 .text          0x00003020        0x0 c:/winavr-20100110/bin/../lib/gcc/avr/4.3.3/avrxmega6\libgcc.a(_divmodhi4.o)
 .text          0x00003020        0x0 c:/winavr-20100110/bin/../lib/gcc/avr/4.3.3/avrxmega6\libgcc.a(_udivmodsi4.o)
 .text          0x00003020        0x0 c:/winavr-20100110/bin/../lib/gcc/avr/4.3.3/avrxmega6\libgcc.a(_exit.o)
 .text          0x00003020        0x0 c:/winavr-20100110/bin/../lib/gcc/avr/4.3.3/avrxmega6\libgcc.a(_clear_bss.o)
 .text          0x00003020        0x0 c:/winavr-20100110/bin/../lib/gcc/avr/4.3.3/avrxmega6\libgcc.a(_udivmodhi4.o)
 .text          0x00003020        0x0 c:/winavr-20100110/bin/../lib/gcc/avr/4.3.3/../../../../avr/lib/avrxmega6\libc.a(strtod.o)
 .text          0x00003020        0x0 c:/winavr-20100110/bin/../lib/gcc/avr/4.3.3/../../../../avr/lib/avrxmega6\libc.a(isspace.o)
 .text          0x00003020        0x0 c:/winavr-20100110/bin/../lib/gcc/avr/4.3.3/../../../../avr/lib/avrxmega6\libc.a(strncasecmp_P.o)
 .text          0x00003020        0x0 c:/winavr-20100110/bin/../lib/gcc/avr/4.3.3/../../../../avr/lib/avrxmega6\libc.a(errno.o)
 .text          0x00003020        0x0 c:/winavr-20100110/bin/../lib/gcc/avr/4.3.3/../../../../avr/lib/avrxmega6\libc.a(cty_isfalse.o)
                0x00003020                . = ALIGN (0x2)
 *(.text.*)
 .text.avr-libc.fplib
                0x00003020        0xa c:/winavr-20100110/bin/../lib/gcc/avr/4.3.3/../../../../avr/lib/avrxmega6\libm.a(addsf3.o)
                0x00003020                __subsf3
                0x00003022                __addsf3
 .text.avr-libc.fplib
                0x0000302a       0xc0 c:/winavr-20100110/bin/../lib/gcc/avr/4.3.3/../../../../avr/lib/avrxmega6\libm.a(addsf3x.o)
                0x00003044                __addsf3x
 .text.avr-libc.fplib
                0x000030ea       0x50 c:/winavr-20100110/bin/../lib/gcc/avr/4.3.3/../../../../avr/lib/avrxmega6\libm.a(atan.o)
                0x000030ea                atan
 .text.avr-libc.fplib
                0x0000313a       0x26 c:/winavr-20100110/bin/../lib/gcc/avr/4.3.3/../../../../avr/lib/avrxmega6\libm.a(ceil.o)
                0x0000313a                ceil
 .text.avr-libc.fplib
                0x00003160        0x8 c:/winavr-20100110/bin/../lib/gcc/avr/4.3.3/../../../../avr/lib/avrxmega6\libm.a(cmpsf2.o)
                0x00003160                __lesf2
                0x00003160                __nesf2
                0x00003160                __eqsf2
                0x00003160                __cmpsf2
                0x00003160                __ltsf2
 .text.avr-libc.fplib
                0x00003168        0x6 c:/winavr-20100110/bin/../lib/gcc/avr/4.3.3/../../../../avr/lib/avrxmega6\libm.a(cos.o)
                0x00003168                cos
 .text.avr-libc.fplib
                0x0000316e        0x4 c:/winavr-20100110/bin/../lib/gcc/avr/4.3.3/../../../../avr/lib/avrxmega6\libm.a(divsf3.o)
                0x0000316e                __divsf3
 .text.avr-libc.fplib
                0x00003172       0xcc c:/winavr-20100110/bin/../lib/gcc/avr/4.3.3/../../../../avr/lib/avrxmega6\libm.a(divsf3x.o)
                0x00003188                __divsf3x
                0x0000318c                __divsf3_pse
 .text.avr-libc.fplib
                0x0000323e        0xa c:/winavr-20100110/bin/../lib/gcc/avr/4.3.3/../../../../avr/lib/avrxmega6\libm.a(fixsfsi.o)
                0x0000323e                __fixsfsi
 .text.avr-libc.fplib
                0x00003248       0x58 c:/winavr-20100110/bin/../lib/gcc/avr/4.3.3/../../../../avr/lib/avrxmega6\libm.a(fixunssfsi.o)
                0x00003248                __fixunssfsi
 .text.avr-libc.fplib
                0x000032a0       0x7a c:/winavr-20100110/bin/../lib/gcc/avr/4.3.3/../../../../avr/lib/avrxmega6\libm.a(floatsisf.o)
                0x000032a4                __floatsisf
                0x000032a0                __floatunsisf
 .text.avr-libc.fplib
                0x0000331a       0x48 c:/winavr-20100110/bin/../lib/gcc/avr/4.3.3/../../../../avr/lib/avrxmega6\libm.a(fp_cmp.o)
                0x0000331a                __fp_cmp
 .text.avr-libc.fplib
                0x00003362        0xc c:/winavr-20100110/bin/../lib/gcc/avr/4.3.3/../../../../avr/lib/avrxmega6\libm.a(fp_inf.o)
                0x00003362                __fp_inf
 .text.avr-libc.fplib
                0x0000336e       0x36 c:/winavr-20100110/bin/../lib/gcc/avr/4.3.3/../../../../avr/lib/avrxmega6\libm.a(fp_mintl.o)
                0x0000336e                __fp_mintl
 .text.avr-libc.fplib
                0x000033a4       0x1c c:/winavr-20100110/bin/../lib/gcc/avr/4.3.3/../../../../avr/lib/avrxmega6\libm.a(fp_mpack.o)
                0x000033a8                __fp_mpack_finite
                0x000033a4                __fp_mpack
 .text.avr-libc.fplib
                0x000033c0        0x6 c:/winavr-20100110/bin/../lib/gcc/avr/4.3.3/../../../../avr/lib/avrxmega6\libm.a(fp_nan.o)
                0x000033c0                __fp_nan
 .text.avr-libc.fplib
                0x000033c6       0x4a c:/winavr-20100110/bin/../lib/gcc/avr/4.3.3/../../../../avr/lib/avrxmega6\libm.a(fp_powser.o)
                0x000033c6                __fp_powser
 .text.avr-libc.fplib
                0x00003410        0xe c:/winavr-20100110/bin/../lib/gcc/avr/4.3.3/../../../../avr/lib/avrxmega6\libm.a(fp_pscA.o)
                0x00003410                __fp_pscA
 .text.avr-libc.fplib
                0x0000341e        0xe c:/winavr-20100110/bin/../lib/gcc/avr/4.3.3/../../../../avr/lib/avrxmega6\libm.a(fp_pscB.o)
                0x0000341e                __fp_pscB
 .text.avr-libc.fplib
                0x0000342c       0x50 c:/winavr-20100110/bin/../lib/gcc/avr/4.3.3/../../../../avr/lib/avrxmega6\libm.a(fp_rempio2.o)
                0x0000342e                __fp_rempio2
 .text.avr-libc.fplib
                0x0000347c       0x22 c:/winavr-20100110/bin/../lib/gcc/avr/4.3.3/../../../../avr/lib/avrxmega6\libm.a(fp_round.o)
                0x0000347c                __fp_round
 .text.avr-libc.fplib
                0x0000349e       0x22 c:/winavr-20100110/bin/../lib/gcc/avr/4.3.3/../../../../avr/lib/avrxmega6\libm.a(fp_sinus.o)
                0x0000349e                __fp_sinus
 .text.avr-libc.fplib
                0x000034c0       0x44 c:/winavr-20100110/bin/../lib/gcc/avr/4.3.3/../../../../avr/lib/avrxmega6\libm.a(fp_split3.o)
                0x000034c0                __fp_split3
                0x000034d0                __fp_splitA
 .text.avr-libc.fplib
                0x00003504       0x2e c:/winavr-20100110/bin/../lib/gcc/avr/4.3.3/../../../../avr/lib/avrxmega6\libm.a(fp_trunc.o)
                0x00003504                __fp_trunc
 .text.avr-libc.fplib
                0x00003532        0xe c:/winavr-20100110/bin/../lib/gcc/avr/4.3.3/../../../../avr/lib/avrxmega6\libm.a(fp_zero.o)
                0x00003532                __fp_zero
                0x00003534                __fp_szero
 .text.avr-libc.fplib
                0x00003540        0x8 c:/winavr-20100110/bin/../lib/gcc/avr/4.3.3/../../../../avr/lib/avrxmega6\libm.a(gesf2.o)
                0x00003540                __gtsf2
                0x00003540                __gesf2
 .text.avr-libc.fplib
                0x00003548       0xc2 c:/winavr-20100110/bin/../lib/gcc/avr/4.3.3/../../../../avr/lib/avrxmega6\libm.a(hypot.o)
                0x0000355a                hypot
 .text.avr-libc.fplib
                0x0000360a        0xe c:/winavr-20100110/bin/../lib/gcc/avr/4.3.3/../../../../avr/lib/avrxmega6\libm.a(inverse.o)
                0x0000360a                inverse
 .text.avr-libc.fplib
                0x00003618       0x6c c:/winavr-20100110/bin/../lib/gcc/avr/4.3.3/../../../../avr/lib/avrxmega6\libm.a(ldexp.o)
                0x0000361c                ldexp
 .text.avr-libc.fplib
                0x00003684       0x60 c:/winavr-20100110/bin/../lib/gcc/avr/4.3.3/../../../../avr/lib/avrxmega6\libm.a(lround.o)
                0x00003684                lround
 .text.avr-libc.fplib
                0x000036e4       0x66 c:/winavr-20100110/bin/../lib/gcc/avr/4.3.3/../../../../avr/lib/avrxmega6\libm.a(modf.o)
                0x000036e4                modff
                0x000036e4                modf
 .text.avr-libc.fplib
                0x0000374a        0x4 c:/winavr-20100110/bin/../lib/gcc/avr/4.3.3/../../../../avr/lib/avrxmega6\libm.a(mulsf3.o)
                0x0000374a                __mulsf3
 .text.avr-libc.fplib
                0x0000374e       0xc2 c:/winavr-20100110/bin/../lib/gcc/avr/4.3.3/../../../../avr/lib/avrxmega6\libm.a(mulsf3x.o)
                0x00003766                __mulsf3_pse
                0x00003762                __mulsf3x
 .text.avr-libc.fplib
                0x00003810       0x40 c:/winavr-20100110/bin/../lib/gcc/avr/4.3.3/../../../../avr/lib/avrxmega6\libm.a(round.o)
                0x00003810                round
 .text.avr-libc.fplib
                0x00003850        0xc c:/winavr-20100110/bin/../lib/gcc/avr/4.3.3/../../../../avr/lib/avrxmega6\libm.a(sin.o)
                0x00003850                sin
 .text.avr-libc.fplib
                0x0000385c       0x84 c:/winavr-20100110/bin/../lib/gcc/avr/4.3.3/../../../../avr/lib/avrxmega6\libm.a(sqrt.o)
                0x00003864                sqrt
 .text.avr-libc.fplib
                0x000038e0        0x6 c:/winavr-20100110/bin/../lib/gcc/avr/4.3.3/../../../../avr/lib/avrxmega6\libm.a(square.o)
                0x000038e0                square
 .text.avr-libc.fplib
                0x000038e6        0xe c:/winavr-20100110/bin/../lib/gcc/avr/4.3.3/../../../../avr/lib/avrxmega6\libm.a(trunc.o)
                0x000038e6                trunc
 .text.avr-libc.fplib
                0x000038f4        0x8 c:/winavr-20100110/bin/../lib/gcc/avr/4.3.3/../../../../avr/lib/avrxmega6\libm.a(unordsf2.o)
                0x000038f4                __unordsf2
 .text.avr-libc.fplib
                0x000038fc        0xe c:/winavr-20100110/bin/../lib/gcc/avr/4.3.3/../../../../avr/lib/avrxmega6\libm.a(fp_norm2.o)
                0x000038fc                __fp_norm2
 .text.avr-libc.fplib
                0x0000390a       0x22 c:/winavr-20100110/bin/../lib/gcc/avr/4.3.3/../../../../avr/lib/avrxmega6\libm.a(fp_powsodd.o)
                0x0000390a                __fp_powsodd
 .text.libgcc   0x0000392c       0x26 c:/winavr-20100110/bin/../lib/gcc/avr/4.3.3/avrxmega6\libgcc.a(_divmodhi4.o)
                0x0000392c                __divmodhi4
                0x0000392c                _div
 .text.libgcc   0x00003952       0x44 c:/winavr-20100110/bin/../lib/gcc/avr/4.3.3/avrxmega6\libgcc.a(_udivmodsi4.o)
                0x00003952                __udivmodsi4
 .text.libgcc   0x00003996        0x0 c:/winavr-20100110/bin/../lib/gcc/avr/4.3.3/avrxmega6\libgcc.a(_exit.o)
 .text.libgcc   0x00003996        0x0 c:/winavr-20100110/bin/../lib/gcc/avr/4.3.3/avrxmega6\libgcc.a(_clear_bss.o)
 .text.libgcc   0x00003996       0x28 c:/winavr-20100110/bin/../lib/gcc/avr/4.3.3/avrxmega6\libgcc.a(_udivmodhi4.o)
                0x00003996                __udivmodhi4
 .text.avr-libc
                0x000039be      0x2dc c:/winavr-20100110/bin/../lib/gcc/avr/4.3.3/../../../../avr/lib/avrxmega6\libc.a(strtod.o)
                0x000039be                strtod
 .text.avr-libc
                0x00003c9a       0x10 c:/winavr-20100110/bin/../lib/gcc/avr/4.3.3/../../../../avr/lib/avrxmega6\libc.a(isspace.o)
                0x00003c9a                isspace
 .text.avr-libc
                0x00003caa       0x30 c:/winavr-20100110/bin/../lib/gcc/avr/4.3.3/../../../../avr/lib/avrxmega6\libc.a(strncasecmp_P.o)
                0x00003caa                strncasecmp_P
 .text.avr-libc
                0x00003cda        0x6 c:/winavr-20100110/bin/../lib/gcc/avr/4.3.3/../../../../avr/lib/avrxmega6\libc.a(cty_isfalse.o)
                0x00003cde                __ctype_istrue
                0x00003cda                __ctype_isfalse
                0x00003ce0                . = ALIGN (0x2)
 *(.fini9)
 .fini9         0x00003ce0        0x0 c:/winavr-20100110/bin/../lib/gcc/avr/4.3.3/avrxmega6\libgcc.a(_exit.o)
                0x00003ce0                exit
                0x00003ce0                _exit
 *(.fini9)
 *(.fini8)
 *(.fini8)
 *(.fini7)
 *(.fini7)
 *(.fini6)
 *(.fini6)
 *(.fini5)
 *(.fini5)
 *(.fini4)
 *(.fini4)
 *(.fini3)
 *(.fini3)
 *(.fini2)
 *(.fini2)
 *(.fini1)
 *(.fini1)
 *(.fini0)
 .fini0         0x00003ce0        0x4 c:/winavr-20100110/bin/../lib/gcc/avr/4.3.3/avrxmega6\libgcc.a(_exit.o)
 *(.fini0)
                0x00003ce4                _etext = .

.data           0x00802000       0x2a load address 0x00003ce4
                0x00802000                PROVIDE (__data_start, .)
 *(.data)
 .data          0x00802000        0x0 c:/winavr-20100110/bin/../lib/gcc/avr/4.3.3/../../../../avr/lib/avrxmega6/crtx256a3.o
 .data          0x00802000        0x0 main.o
 .data          0x00802000        0x0 gcode.o
 .data          0x00802000       0x2a config.o
 .data          0x0080202a        0x0 eeprom_xmega.o
 .data          0x0080202a        0x0 encoder.o
 .data          0x0080202a        0x0 xmega_support.o
 .data          0x0080202a        0x0 motion_control.o
 .data          0x0080202a        0x0 pmic_driver.o
 .data          0x0080202a        0x0 serial_protocol.o
 .data          0x0080202a        0x0 spindle_control.o
 .data          0x0080202a        0x0 stepper.o
 .data          0x0080202a        0x0 wiring_serial.o
 .data          0x0080202a        0x0 c:/winavr-20100110/bin/../lib/gcc/avr/4.3.3/../../../../avr/lib/avrxmega6\libm.a(addsf3.o)
 .data          0x0080202a        0x0 c:/winavr-20100110/bin/../lib/gcc/avr/4.3.3/../../../../avr/lib/avrxmega6\libm.a(addsf3x.o)
 .data          0x0080202a        0x0 c:/winavr-20100110/bin/../lib/gcc/avr/4.3.3/../../../../avr/lib/avrxmega6\libm.a(atan.o)
 .data          0x0080202a        0x0 c:/winavr-20100110/bin/../lib/gcc/avr/4.3.3/../../../../avr/lib/avrxmega6\libm.a(ceil.o)
 .data          0x0080202a        0x0 c:/winavr-20100110/bin/../lib/gcc/avr/4.3.3/../../../../avr/lib/avrxmega6\libm.a(cmpsf2.o)
 .data          0x0080202a        0x0 c:/winavr-20100110/bin/../lib/gcc/avr/4.3.3/../../../../avr/lib/avrxmega6\libm.a(cos.o)
 .data          0x0080202a        0x0 c:/winavr-20100110/bin/../lib/gcc/avr/4.3.3/../../../../avr/lib/avrxmega6\libm.a(divsf3.o)
 .data          0x0080202a        0x0 c:/winavr-20100110/bin/../lib/gcc/avr/4.3.3/../../../../avr/lib/avrxmega6\libm.a(divsf3x.o)
 .data          0x0080202a        0x0 c:/winavr-20100110/bin/../lib/gcc/avr/4.3.3/../../../../avr/lib/avrxmega6\libm.a(fixsfsi.o)
 .data          0x0080202a        0x0 c:/winavr-20100110/bin/../lib/gcc/avr/4.3.3/../../../../avr/lib/avrxmega6\libm.a(fixunssfsi.o)
 .data          0x0080202a        0x0 c:/winavr-20100110/bin/../lib/gcc/avr/4.3.3/../../../../avr/lib/avrxmega6\libm.a(floatsisf.o)
 .data          0x0080202a        0x0 c:/winavr-20100110/bin/../lib/gcc/avr/4.3.3/../../../../avr/lib/avrxmega6\libm.a(fp_cmp.o)
 .data          0x0080202a        0x0 c:/winavr-20100110/bin/../lib/gcc/avr/4.3.3/../../../../avr/lib/avrxmega6\libm.a(fp_inf.o)
 .data          0x0080202a        0x0 c:/winavr-20100110/bin/../lib/gcc/avr/4.3.3/../../../../avr/lib/avrxmega6\libm.a(fp_mintl.o)
 .data          0x0080202a        0x0 c:/winavr-20100110/bin/../lib/gcc/avr/4.3.3/../../../../avr/lib/avrxmega6\libm.a(fp_mpack.o)
 .data          0x0080202a        0x0 c:/winavr-20100110/bin/../lib/gcc/avr/4.3.3/../../../../avr/lib/avrxmega6\libm.a(fp_nan.o)
 .data          0x0080202a        0x0 c:/winavr-20100110/bin/../lib/gcc/avr/4.3.3/../../../../avr/lib/avrxmega6\libm.a(fp_powser.o)
 .data          0x0080202a        0x0 c:/winavr-20100110/bin/../lib/gcc/avr/4.3.3/../../../../avr/lib/avrxmega6\libm.a(fp_pscA.o)
 .data          0x0080202a        0x0 c:/winavr-20100110/bin/../lib/gcc/avr/4.3.3/../../../../avr/lib/avrxmega6\libm.a(fp_pscB.o)
 .data          0x0080202a        0x0 c:/winavr-20100110/bin/../lib/gcc/avr/4.3.3/../../../../avr/lib/avrxmega6\libm.a(fp_rempio2.o)
 .data          0x0080202a        0x0 c:/winavr-20100110/bin/../lib/gcc/avr/4.3.3/../../../../avr/lib/avrxmega6\libm.a(fp_round.o)
 .data          0x0080202a        0x0 c:/winavr-20100110/bin/../lib/gcc/avr/4.3.3/../../../../avr/lib/avrxmega6\libm.a(fp_sinus.o)
 .data          0x0080202a        0x0 c:/winavr-20100110/bin/../lib/gcc/avr/4.3.3/../../../../avr/lib/avrxmega6\libm.a(fp_split3.o)
 .data          0x0080202a        0x0 c:/winavr-20100110/bin/../lib/gcc/avr/4.3.3/../../../../avr/lib/avrxmega6\libm.a(fp_trunc.o)
 .data          0x0080202a        0x0 c:/winavr-20100110/bin/../lib/gcc/avr/4.3.3/../../../../avr/lib/avrxmega6\libm.a(fp_zero.o)
 .data          0x0080202a        0x0 c:/winavr-20100110/bin/../lib/gcc/avr/4.3.3/../../../../avr/lib/avrxmega6\libm.a(gesf2.o)
 .data          0x0080202a        0x0 c:/winavr-20100110/bin/../lib/gcc/avr/4.3.3/../../../../avr/lib/avrxmega6\libm.a(hypot.o)
 .data          0x0080202a        0x0 c:/winavr-20100110/bin/../lib/gcc/avr/4.3.3/../../../../avr/lib/avrxmega6\libm.a(inverse.o)
 .data          0x0080202a        0x0 c:/winavr-20100110/bin/../lib/gcc/avr/4.3.3/../../../../avr/lib/avrxmega6\libm.a(ldexp.o)
 .data          0x0080202a        0x0 c:/winavr-20100110/bin/../lib/gcc/avr/4.3.3/../../../../avr/lib/avrxmega6\libm.a(lround.o)
 .data          0x0080202a        0x0 c:/winavr-20100110/bin/../lib/gcc/avr/4.3.3/../../../../avr/lib/avrxmega6\libm.a(modf.o)
 .data          0x0080202a        0x0 c:/winavr-20100110/bin/../lib/gcc/avr/4.3.3/../../../../avr/lib/avrxmega6\libm.a(mulsf3.o)
 .data          0x0080202a        0x0 c:/winavr-20100110/bin/../lib/gcc/avr/4.3.3/../../../../avr/lib/avrxmega6\libm.a(mulsf3x.o)
 .data          0x0080202a        0x0 c:/winavr-20100110/bin/../lib/gcc/avr/4.3.3/../../../../avr/lib/avrxmega6\libm.a(round.o)
 .data          0x0080202a        0x0 c:/winavr-20100110/bin/../lib/gcc/avr/4.3.3/../../../../avr/lib/avrxmega6\libm.a(sin.o)
 .data          0x0080202a        0x0 c:/winavr-20100110/bin/../lib/gcc/avr/4.3.3/../../../../avr/lib/avrxmega6\libm.a(sqrt.o)
 .data          0x0080202a        0x0 c:/winavr-20100110/bin/../lib/gcc/avr/4.3.3/../../../../avr/lib/avrxmega6\libm.a(square.o)
 .data          0x0080202a        0x0 c:/winavr-20100110/bin/../lib/gcc/avr/4.3.3/../../../../avr/lib/avrxmega6\libm.a(trunc.o)
 .data          0x0080202a        0x0 c:/winavr-20100110/bin/../lib/gcc/avr/4.3.3/../../../../avr/lib/avrxmega6\libm.a(unordsf2.o)
 .data          0x0080202a        0x0 c:/winavr-20100110/bin/../lib/gcc/avr/4.3.3/../../../../avr/lib/avrxmega6\libm.a(fp_norm2.o)
 .data          0x0080202a        0x0 c:/winavr-20100110/bin/../lib/gcc/avr/4.3.3/../../../../avr/lib/avrxmega6\libm.a(fp_powsodd.o)
 .data          0x0080202a        0x0 c:/winavr-20100110/bin/../lib/gcc/avr/4.3.3/avrxmega6\libgcc.a(_divmodhi4.o)
 .data          0x0080202a        0x0 c:/winavr-20100110/bin/../lib/gcc/avr/4.3.3/avrxmega6\libgcc.a(_udivmodsi4.o)
 .data          0x0080202a        0x0 c:/winavr-20100110/bin/../lib/gcc/avr/4.3.3/avrxmega6\libgcc.a(_exit.o)
 .data          0x0080202a        0x0 c:/winavr-20100110/bin/../lib/gcc/avr/4.3.3/avrxmega6\libgcc.a(_clear_bss.o)
 .data          0x0080202a        0x0 c:/winavr-20100110/bin/../lib/gcc/avr/4.3.3/avrxmega6\libgcc.a(_udivmodhi4.o)
 .data          0x0080202a        0x0 c:/winavr-20100110/bin/../lib/gcc/avr/4.3.3/../../../../avr/lib/avrxmega6\libc.a(strtod.o)
 .data          0x0080202a        0x0 c:/winavr-20100110/bin/../lib/gcc/avr/4.3.3/../../../../avr/lib/avrxmega6\libc.a(isspace.o)
 .data          0x0080202a        0x0 c:/winavr-20100110/bin/../lib/gcc/avr/4.3.3/../../../../avr/lib/avrxmega6\libc.a(strncasecmp_P.o)
 .data          0x0080202a        0x0 c:/winavr-20100110/bin/../lib/gcc/avr/4.3.3/../../../../avr/lib/avrxmega6\libc.a(errno.o)
 .data          0x0080202a        0x0 c:/winavr-20100110/bin/../lib/gcc/avr/4.3.3/../../../../avr/lib/avrxmega6\libc.a(cty_isfalse.o)
 *(.data*)
 *(.rodata)
 *(.rodata*)
 *(.gnu.linkonce.d*)
                0x0080202a                . = ALIGN (0x2)
                0x0080202a                _edata = .
                0x0080202a                PROVIDE (__data_end, .)

.bss            0x0080202a      0x512
                0x0080202a                PROVIDE (__bss_start, .)
 *(.bss)
 .bss           0x0080202a        0x0 c:/winavr-20100110/bin/../lib/gcc/avr/4.3.3/../../../../avr/lib/avrxmega6/crtx256a3.o
 .bss           0x0080202a        0x0 main.o
 .bss           0x0080202a        0x0 gcode.o
 .bss           0x0080202a        0x0 config.o
 .bss           0x0080202a        0x0 eeprom_xmega.o
 .bss           0x0080202a        0x0 encoder.o
 .bss           0x0080202a        0x0 xmega_support.o
 .bss           0x0080202a        0x0 motion_control.o
 .bss           0x0080202a        0x0 pmic_driver.o
 .bss           0x0080202a        0x1 serial_protocol.o
                0x0080202a                char_counter
 .bss           0x0080202b        0x0 spindle_control.o
 .bss           0x0080202b        0x6 stepper.o
                0x0080202f                line_buffer_tail
                0x0080202b                ln
                0x0080202d                line_buffer_head
 .bss           0x00802031        0x2 wiring_serial.o
                0x00802031                rx_buffer_head
                0x00802032                rx_buffer_tail
 .bss           0x00802033        0x0 c:/winavr-20100110/bin/../lib/gcc/avr/4.3.3/../../../../avr/lib/avrxmega6\libm.a(addsf3.o)
 .bss           0x00802033        0x0 c:/winavr-20100110/bin/../lib/gcc/avr/4.3.3/../../../../avr/lib/avrxmega6\libm.a(addsf3x.o)
 .bss           0x00802033        0x0 c:/winavr-20100110/bin/../lib/gcc/avr/4.3.3/../../../../avr/lib/avrxmega6\libm.a(atan.o)
 .bss           0x00802033        0x0 c:/winavr-20100110/bin/../lib/gcc/avr/4.3.3/../../../../avr/lib/avrxmega6\libm.a(ceil.o)
 .bss           0x00802033        0x0 c:/winavr-20100110/bin/../lib/gcc/avr/4.3.3/../../../../avr/lib/avrxmega6\libm.a(cmpsf2.o)
 .bss           0x00802033        0x0 c:/winavr-20100110/bin/../lib/gcc/avr/4.3.3/../../../../avr/lib/avrxmega6\libm.a(cos.o)
 .bss           0x00802033        0x0 c:/winavr-20100110/bin/../lib/gcc/avr/4.3.3/../../../../avr/lib/avrxmega6\libm.a(divsf3.o)
 .bss           0x00802033        0x0 c:/winavr-20100110/bin/../lib/gcc/avr/4.3.3/../../../../avr/lib/avrxmega6\libm.a(divsf3x.o)
 .bss           0x00802033        0x0 c:/winavr-20100110/bin/../lib/gcc/avr/4.3.3/../../../../avr/lib/avrxmega6\libm.a(fixsfsi.o)
 .bss           0x00802033        0x0 c:/winavr-20100110/bin/../lib/gcc/avr/4.3.3/../../../../avr/lib/avrxmega6\libm.a(fixunssfsi.o)
 .bss           0x00802033        0x0 c:/winavr-20100110/bin/../lib/gcc/avr/4.3.3/../../../../avr/lib/avrxmega6\libm.a(floatsisf.o)
 .bss           0x00802033        0x0 c:/winavr-20100110/bin/../lib/gcc/avr/4.3.3/../../../../avr/lib/avrxmega6\libm.a(fp_cmp.o)
 .bss           0x00802033        0x0 c:/winavr-20100110/bin/../lib/gcc/avr/4.3.3/../../../../avr/lib/avrxmega6\libm.a(fp_inf.o)
 .bss           0x00802033        0x0 c:/winavr-20100110/bin/../lib/gcc/avr/4.3.3/../../../../avr/lib/avrxmega6\libm.a(fp_mintl.o)
 .bss           0x00802033        0x0 c:/winavr-20100110/bin/../lib/gcc/avr/4.3.3/../../../../avr/lib/avrxmega6\libm.a(fp_mpack.o)
 .bss           0x00802033        0x0 c:/winavr-20100110/bin/../lib/gcc/avr/4.3.3/../../../../avr/lib/avrxmega6\libm.a(fp_nan.o)
 .bss           0x00802033        0x0 c:/winavr-20100110/bin/../lib/gcc/avr/4.3.3/../../../../avr/lib/avrxmega6\libm.a(fp_powser.o)
 .bss           0x00802033        0x0 c:/winavr-20100110/bin/../lib/gcc/avr/4.3.3/../../../../avr/lib/avrxmega6\libm.a(fp_pscA.o)
 .bss           0x00802033        0x0 c:/winavr-20100110/bin/../lib/gcc/avr/4.3.3/../../../../avr/lib/avrxmega6\libm.a(fp_pscB.o)
 .bss           0x00802033        0x0 c:/winavr-20100110/bin/../lib/gcc/avr/4.3.3/../../../../avr/lib/avrxmega6\libm.a(fp_rempio2.o)
 .bss           0x00802033        0x0 c:/winavr-20100110/bin/../lib/gcc/avr/4.3.3/../../../../avr/lib/avrxmega6\libm.a(fp_round.o)
 .bss           0x00802033        0x0 c:/winavr-20100110/bin/../lib/gcc/avr/4.3.3/../../../../avr/lib/avrxmega6\libm.a(fp_sinus.o)
 .bss           0x00802033        0x0 c:/winavr-20100110/bin/../lib/gcc/avr/4.3.3/../../../../avr/lib/avrxmega6\libm.a(fp_split3.o)
 .bss           0x00802033        0x0 c:/winavr-20100110/bin/../lib/gcc/avr/4.3.3/../../../../avr/lib/avrxmega6\libm.a(fp_trunc.o)
 .bss           0x00802033        0x0 c:/winavr-20100110/bin/../lib/gcc/avr/4.3.3/../../../../avr/lib/avrxmega6\libm.a(fp_zero.o)
 .bss           0x00802033        0x0 c:/winavr-20100110/bin/../lib/gcc/avr/4.3.3/../../../../avr/lib/avrxmega6\libm.a(gesf2.o)
 .bss           0x00802033        0x0 c:/winavr-20100110/bin/../lib/gcc/avr/4.3.3/../../../../avr/lib/avrxmega6\libm.a(hypot.o)
 .bss           0x00802033        0x0 c:/winavr-20100110/bin/../lib/gcc/avr/4.3.3/../../../../avr/lib/avrxmega6\libm.a(inverse.o)
 .bss           0x00802033        0x0 c:/winavr-20100110/bin/../lib/gcc/avr/4.3.3/../../../../avr/lib/avrxmega6\libm.a(ldexp.o)
 .bss           0x00802033        0x0 c:/winavr-20100110/bin/../lib/gcc/avr/4.3.3/../../../../avr/lib/avrxmega6\libm.a(lround.o)
 .bss           0x00802033        0x0 c:/winavr-20100110/bin/../lib/gcc/avr/4.3.3/../../../../avr/lib/avrxmega6\libm.a(modf.o)
 .bss           0x00802033        0x0 c:/winavr-20100110/bin/../lib/gcc/avr/4.3.3/../../../../avr/lib/avrxmega6\libm.a(mulsf3.o)
 .bss           0x00802033        0x0 c:/winavr-20100110/bin/../lib/gcc/avr/4.3.3/../../../../avr/lib/avrxmega6\libm.a(mulsf3x.o)
 .bss           0x00802033        0x0 c:/winavr-20100110/bin/../lib/gcc/avr/4.3.3/../../../../avr/lib/avrxmega6\libm.a(round.o)
 .bss           0x00802033        0x0 c:/winavr-20100110/bin/../lib/gcc/avr/4.3.3/../../../../avr/lib/avrxmega6\libm.a(sin.o)
 .bss           0x00802033        0x0 c:/winavr-20100110/bin/../lib/gcc/avr/4.3.3/../../../../avr/lib/avrxmega6\libm.a(sqrt.o)
 .bss           0x00802033        0x0 c:/winavr-20100110/bin/../lib/gcc/avr/4.3.3/../../../../avr/lib/avrxmega6\libm.a(square.o)
 .bss           0x00802033        0x0 c:/winavr-20100110/bin/../lib/gcc/avr/4.3.3/../../../../avr/lib/avrxmega6\libm.a(trunc.o)
 .bss           0x00802033        0x0 c:/winavr-20100110/bin/../lib/gcc/avr/4.3.3/../../../../avr/lib/avrxmega6\libm.a(unordsf2.o)
 .bss           0x00802033        0x0 c:/winavr-20100110/bin/../lib/gcc/avr/4.3.3/../../../../avr/lib/avrxmega6\libm.a(fp_norm2.o)
 .bss           0x00802033        0x0 c:/winavr-20100110/bin/../lib/gcc/avr/4.3.3/../../../../avr/lib/avrxmega6\libm.a(fp_powsodd.o)
 .bss           0x00802033        0x0 c:/winavr-20100110/bin/../lib/gcc/avr/4.3.3/avrxmega6\libgcc.a(_divmodhi4.o)
 .bss           0x00802033        0x0 c:/winavr-20100110/bin/../lib/gcc/avr/4.3.3/avrxmega6\libgcc.a(_udivmodsi4.o)
 .bss           0x00802033        0x0 c:/winavr-20100110/bin/../lib/gcc/avr/4.3.3/avrxmega6\libgcc.a(_exit.o)
 .bss           0x00802033        0x0 c:/winavr-20100110/bin/../lib/gcc/avr/4.3.3/avrxmega6\libgcc.a(_clear_bss.o)
 .bss           0x00802033        0x0 c:/winavr-20100110/bin/../lib/gcc/avr/4.3.3/avrxmega6\libgcc.a(_udivmodhi4.o)
 .bss           0x00802033        0x0 c:/winavr-20100110/bin/../lib/gcc/avr/4.3.3/../../../../avr/lib/avrxmega6\libc.a(strtod.o)
 .bss           0x00802033        0x0 c:/winavr-20100110/bin/../lib/gcc/avr/4.3.3/../../../../avr/lib/avrxmega6\libc.a(isspace.o)
 .bss           0x00802033        0x0 c:/winavr-20100110/bin/../lib/gcc/avr/4.3.3/../../../../avr/lib/avrxmega6\libc.a(strncasecmp_P.o)
 .bss           0x00802033        0x0 c:/winavr-20100110/bin/../lib/gcc/avr/4.3.3/../../../../avr/lib/avrxmega6\libc.a(errno.o)
 .bss           0x00802033        0x0 c:/winavr-20100110/bin/../lib/gcc/avr/4.3.3/../../../../avr/lib/avrxmega6\libc.a(cty_isfalse.o)
 *(.bss*)
 *(COMMON)
 COMMON         0x00802033       0x1b main.o
                0x00802033                settings
 COMMON         0x0080204e       0x22 gcode.o
                0x0080204e                gc
 COMMON         0x00802070        0xc motion_control.o
                0x00802070                position
 COMMON         0x0080207c       0x81 serial_protocol.o
                0x0080207c                textline
 COMMON         0x008020fd      0x3bd stepper.o
                0x008020fd                ax
                0x00802172                line_buffer
 COMMON         0x008024ba       0x80 wiring_serial.o
                0x008024ba                rx_buffer
 COMMON         0x0080253a        0x2 c:/winavr-20100110/bin/../lib/gcc/avr/4.3.3/../../../../avr/lib/avrxmega6\libc.a(errno.o)
                0x0080253a                errno
                0x0080253c                PROVIDE (__bss_end, .)
                0x00003ce4                __data_load_start = LOADADDR (.data)
                0x00003d0e                __data_load_end = (__data_load_start + SIZEOF (.data))

.noinit         0x0080253c        0x0
                0x0080253c                PROVIDE (__noinit_start, .)
 *(.noinit*)
                0x0080253c                PROVIDE (__noinit_end, .)
                0x0080253c                _end = .
                0x0080253c                PROVIDE (__heap_start, .)

.eeprom         0x00810000        0x0
 *(.eeprom*)
                0x00810000                __eeprom_end = .

.fuse
 *(.fuse)
 *(.lfuse)
 *(.hfuse)
 *(.efuse)

.lock
 *(.lock*)

.signature
 *(.signature*)

.stab
 *(.stab)

.stabstr
 *(.stabstr)

.stab.excl
 *(.stab.excl)

.stab.exclstr
 *(.stab.exclstr)

.stab.index
 *(.stab.index)

.stab.indexstr
 *(.stab.indexstr)

.comment
 *(.comment)

.debug
 *(.debug)

.line
 *(.line)

.debug_srcinfo
 *(.debug_srcinfo)

.debug_sfnames
 *(.debug_sfnames)

.debug_aranges  0x00000000      0x1a0
 *(.debug_aranges)
 .debug_aranges
                0x00000000       0x20 main.o
 .debug_aranges
                0x00000020       0x20 gcode.o
 .debug_aranges
                0x00000040       0x20 config.o
 .debug_aranges
                0x00000060       0x20 eeprom_xmega.o
 .debug_aranges
                0x00000080       0x20 encoder.o
 .debug_aranges
                0x000000a0       0x20 xmega_support.o
 .debug_aranges
                0x000000c0       0x20 motion_control.o
 .debug_aranges
                0x000000e0       0x20 pmic_driver.o
 .debug_aranges
                0x00000100       0x20 serial_protocol.o
 .debug_aranges
                0x00000120       0x20 spindle_control.o
 .debug_aranges
                0x00000140       0x20 stepper.o
 .debug_aranges
                0x00000160       0x20 wiring_serial.o
 .debug_aranges
                0x00000180       0x20 c:/winavr-20100110/bin/../lib/gcc/avr/4.3.3/../../../../avr/lib/avrxmega6\libc.a(strtod.o)

.debug_pubnames
                0x00000000      0x75c
 *(.debug_pubnames)
 .debug_pubnames
                0x00000000       0x28 main.o
 .debug_pubnames
                0x00000028       0x84 gcode.o
 .debug_pubnames
                0x000000ac       0x8b config.o
 .debug_pubnames
                0x00000137      0x15e eeprom_xmega.o
 .debug_pubnames
                0x00000295       0x1e encoder.o
 .debug_pubnames
                0x000002b3       0x36 xmega_support.o
 .debug_pubnames
                0x000002e9       0x6b motion_control.o
 .debug_pubnames
                0x00000354       0x5b pmic_driver.o
 .debug_pubnames
                0x000003af       0x63 serial_protocol.o
 .debug_pubnames
                0x00000412       0x51 spindle_control.o
 .debug_pubnames
                0x00000463      0x181 stepper.o
 .debug_pubnames
                0x000005e4      0x13f wiring_serial.o
 .debug_pubnames
                0x00000723       0x1d c:/winavr-20100110/bin/../lib/gcc/avr/4.3.3/../../../../avr/lib/avrxmega6\libc.a(strtod.o)
 .debug_pubnames
                0x00000740       0x1c c:/winavr-20100110/bin/../lib/gcc/avr/4.3.3/../../../../avr/lib/avrxmega6\libc.a(errno.o)

.debug_info     0x00000000     0x36bb
 *(.debug_info)
 .debug_info    0x00000000      0x165 main.o
 .debug_info    0x00000165      0x5e0 gcode.o
 .debug_info    0x00000745      0x36e config.o
 .debug_info    0x00000ab3      0x620 eeprom_xmega.o
 .debug_info    0x000010d3       0x3a encoder.o
 .debug_info    0x0000110d      0x165 xmega_support.o
 .debug_info    0x00001272      0x3ff motion_control.o
 .debug_info    0x00001671      0x10b pmic_driver.o
 .debug_info    0x0000177c      0x299 serial_protocol.o
 .debug_info    0x00001a15      0x2f8 spindle_control.o
 .debug_info    0x00001d0d      0xe6c stepper.o
 .debug_info    0x00002b79      0x839 wiring_serial.o
 .debug_info    0x000033b2      0x2ca c:/winavr-20100110/bin/../lib/gcc/avr/4.3.3/../../../../avr/lib/avrxmega6\libc.a(strtod.o)
 .debug_info    0x0000367c       0x3f c:/winavr-20100110/bin/../lib/gcc/avr/4.3.3/../../../../avr/lib/avrxmega6\libc.a(errno.o)
 *(.gnu.linkonce.wi.*)

.debug_abbrev   0x00000000     0x1081
 *(.debug_abbrev)
 .debug_abbrev  0x00000000       0x9f main.o
 .debug_abbrev  0x0000009f      0x233 gcode.o
 .debug_abbrev  0x000002d2       0xf8 config.o
 .debug_abbrev  0x000003ca      0x1b3 eeprom_xmega.o
 .debug_abbrev  0x0000057d       0x29 encoder.o
 .debug_abbrev  0x000005a6       0xa3 xmega_support.o
 .debug_abbrev  0x00000649      0x189 motion_control.o
 .debug_abbrev  0x000007d2       0xb6 pmic_driver.o
 .debug_abbrev  0x00000888       0xfe serial_protocol.o
 .debug_abbrev  0x00000986       0xdf spindle_control.o
 .debug_abbrev  0x00000a65      0x1fb stepper.o
 .debug_abbrev  0x00000c60      0x2a7 wiring_serial.o
 .debug_abbrev  0x00000f07      0x14a c:/winavr-20100110/bin/../lib/gcc/avr/4.3.3/../../../../avr/lib/avrxmega6\libc.a(strtod.o)
 .debug_abbrev  0x00001051       0x30 c:/winavr-20100110/bin/../lib/gcc/avr/4.3.3/../../../../avr/lib/avrxmega6\libc.a(errno.o)

.debug_line     0x00000000     0x2469
 *(.debug_line)
 .debug_line    0x00000000      0x15b main.o
 .debug_line    0x0000015b      0x52f gcode.o
 .debug_line    0x0000068a      0x21e config.o
 .debug_line    0x000008a8      0x41d eeprom_xmega.o
 .debug_line    0x00000cc5       0x5e encoder.o
 .debug_line    0x00000d23       0xe5 xmega_support.o
 .debug_line    0x00000e08      0x2a8 motion_control.o
 .debug_line    0x000010b0      0x11e pmic_driver.o
 .debug_line    0x000011ce      0x191 serial_protocol.o
 .debug_line    0x0000135f      0x146 spindle_control.o
 .debug_line    0x000014a5      0x85e stepper.o
 .debug_line    0x00001d03      0x42b wiring_serial.o
 .debug_line    0x0000212e      0x2dd c:/winavr-20100110/bin/../lib/gcc/avr/4.3.3/../../../../avr/lib/avrxmega6\libc.a(strtod.o)
 .debug_line    0x0000240b       0x5e c:/winavr-20100110/bin/../lib/gcc/avr/4.3.3/../../../../avr/lib/avrxmega6\libc.a(errno.o)

.debug_frame    0x00000000      0x570
 *(.debug_frame)
 .debug_frame   0x00000000       0x20 main.o
 .debug_frame   0x00000020       0x70 gcode.o
 .debug_frame   0x00000090       0x70 config.o
 .debug_frame   0x00000100       0xf0 eeprom_xmega.o
 .debug_frame   0x000001f0       0x20 encoder.o
 .debug_frame   0x00000210       0x30 xmega_support.o
 .debug_frame   0x00000240       0x60 motion_control.o
 .debug_frame   0x000002a0       0x30 pmic_driver.o
 .debug_frame   0x000002d0       0x40 serial_protocol.o
 .debug_frame   0x00000310       0x40 spindle_control.o
 .debug_frame   0x00000350      0x110 stepper.o
 .debug_frame   0x00000460       0xf0 wiring_serial.o
 .debug_frame   0x00000550       0x20 c:/winavr-20100110/bin/../lib/gcc/avr/4.3.3/../../../../avr/lib/avrxmega6\libc.a(strtod.o)

.debug_str      0x00000000     0x128f
 *(.debug_str)
 .debug_str     0x00000000      0x12b main.o
                                0x174 (size before relaxing)
 .debug_str     0x0000012b      0x1de gcode.o
                                0x36e (size before relaxing)
 .debug_str     0x00000309       0x72 config.o
                                0x1c3 (size before relaxing)
 .debug_str     0x0000037b      0x4c7 eeprom_xmega.o
                                0x5ad (size before relaxing)
 .debug_str     0x00000842       0x15 encoder.o
                                 0x65 (size before relaxing)
 .debug_str     0x00000857       0xa6 xmega_support.o
                                0x169 (size before relaxing)
 .debug_str     0x000008fd      0x10e motion_control.o
                                0x2b5 (size before relaxing)
 .debug_str     0x00000a0b       0x57 pmic_driver.o
                                0x156 (size before relaxing)
 .debug_str     0x00000a62       0x3c serial_protocol.o
                                0x190 (size before relaxing)
 .debug_str     0x00000a9e       0xf0 spindle_control.o
                                0x25f (size before relaxing)
 .debug_str     0x00000b8e      0x456 stepper.o
                                0x6b3 (size before relaxing)
 .debug_str     0x00000fe4      0x1e8 wiring_serial.o
                                0x453 (size before relaxing)
 .debug_str     0x000011cc       0xa6 c:/winavr-20100110/bin/../lib/gcc/avr/4.3.3/../../../../avr/lib/avrxmega6\libc.a(strtod.o)
                                0x14f (size before relaxing)
 .debug_str     0x00001272       0x1d c:/winavr-20100110/bin/../lib/gcc/avr/4.3.3/../../../../avr/lib/avrxmega6\libc.a(errno.o)
                                 0x5d (size before relaxing)

.debug_loc      0x00000000     0x1818
 *(.debug_loc)
 .debug_loc     0x00000000      0x675 gcode.o
 .debug_loc     0x00000675       0xd8 config.o
 .debug_loc     0x0000074d      0x3bd eeprom_xmega.o
 .debug_loc     0x00000b0a      0x3eb motion_control.o
 .debug_loc     0x00000ef5       0x29 serial_protocol.o
 .debug_loc     0x00000f1e       0x28 spindle_control.o
 .debug_loc     0x00000f46      0x40a stepper.o
 .debug_loc     0x00001350      0x218 wiring_serial.o
 .debug_loc     0x00001568      0x2b0 c:/winavr-20100110/bin/../lib/gcc/avr/4.3.3/../../../../avr/lib/avrxmega6\libc.a(strtod.o)

.debug_macinfo
 *(.debug_macinfo)
OUTPUT(TinyG_001.elf elf32-avr)
LOAD linker stubs

.debug_ranges   0x00000000       0x30
 .debug_ranges  0x00000000       0x18 wiring_serial.o
 .debug_ranges  0x00000018       0x18 c:/winavr-20100110/bin/../lib/gcc/avr/4.3.3/../../../../avr/lib/avrxmega6\libc.a(strtod.o)
