Archive member included because of file (symbol)

c:/winavr-20100110/bin/../lib/gcc/avr/4.3.3/avrxmega6\libgcc.a(_exit.o)
                              c:/winavr-20100110/bin/../lib/gcc/avr/4.3.3/../../../../avr/lib/avrxmega6/crtx192a3.o (exit)

Memory Configuration

Name             Origin             Length             Attributes
text             0x00000000         0x00100000         xr
data             0x00802000         0x0000ffa0         rw !x
eeprom           0x00810000         0x00010000         rw !x
fuse             0x00820000         0x00000400         rw !x
lock             0x00830000         0x00000400         rw !x
signature        0x00840000         0x00000400         rw !x
*default*        0x00000000         0xffffffff

Linker script and memory map

LOAD c:/winavr-20100110/bin/../lib/gcc/avr/4.3.3/../../../../avr/lib/avrxmega6/crtx192a3.o
LOAD sp_driver.o
LOAD eeprom_driver.o
LOAD main.o
LOAD serial.o
LOAD c:/winavr-20100110/bin/../lib/gcc/avr/4.3.3/avrxmega6\libgcc.a
LOAD c:/winavr-20100110/bin/../lib/gcc/avr/4.3.3/../../../../avr/lib/avrxmega6\libc.a
LOAD c:/winavr-20100110/bin/../lib/gcc/avr/4.3.3/avrxmega6\libgcc.a

.hash
 *(.hash)

.dynsym
 *(.dynsym)

.dynstr
 *(.dynstr)

.gnu.version
 *(.gnu.version)

.gnu.version_d
 *(.gnu.version_d)

.gnu.version_r
 *(.gnu.version_r)

.rel.init
 *(.rel.init)

.rela.init
 *(.rela.init)

.rel.text
 *(.rel.text)
 *(.rel.text.*)
 *(.rel.gnu.linkonce.t*)

.rela.text
 *(.rela.text)
 *(.rela.text.*)
 *(.rela.gnu.linkonce.t*)

.rel.fini
 *(.rel.fini)

.rela.fini
 *(.rela.fini)

.rel.rodata
 *(.rel.rodata)
 *(.rel.rodata.*)
 *(.rel.gnu.linkonce.r*)

.rela.rodata
 *(.rela.rodata)
 *(.rela.rodata.*)
 *(.rela.gnu.linkonce.r*)

.rel.data
 *(.rel.data)
 *(.rel.data.*)
 *(.rel.gnu.linkonce.d*)

.rela.data
 *(.rela.data)
 *(.rela.data.*)
 *(.rela.gnu.linkonce.d*)

.rel.ctors
 *(.rel.ctors)

.rela.ctors
 *(.rela.ctors)

.rel.dtors
 *(.rel.dtors)

.rela.dtors
 *(.rela.dtors)

.rel.got
 *(.rel.got)

.rela.got
 *(.rela.got)

.rel.bss
 *(.rel.bss)

.rela.bss
 *(.rela.bss)

.rel.plt
 *(.rel.plt)

.rela.plt
 *(.rela.plt)

.text           0x00000000      0xb96
 *(.vectors)
 .vectors       0x00000000      0x1e8 c:/winavr-20100110/bin/../lib/gcc/avr/4.3.3/../../../../avr/lib/avrxmega6/crtx192a3.o
                0x00000000                __vectors
                0x00000000                __vector_default
 *(.vectors)
 *(.progmem.gcc*)
 *(.progmem*)
                0x000001e8                . = ALIGN (0x2)
                0x000001e8                __trampolines_start = .
 *(.trampolines)
 .trampolines   0x000001e8        0x0 linker stubs
 *(.trampolines*)
                0x000001e8                __trampolines_end = .
 *(.jumptables)
 *(.jumptables*)
 *(.lowtext)
 *(.lowtext*)
                0x000001e8                __ctors_start = .
 *(.ctors)
                0x000001e8                __ctors_end = .
                0x000001e8                __dtors_start = .
 *(.dtors)
                0x000001e8                __dtors_end = .
 SORT(*)(.ctors)
 SORT(*)(.dtors)
 *(.init0)
 .init0         0x000001e8        0x0 c:/winavr-20100110/bin/../lib/gcc/avr/4.3.3/../../../../avr/lib/avrxmega6/crtx192a3.o
                0x000001e8                __init
 *(.init0)
 *(.init1)
 *(.init1)
 *(.init2)
 .init2         0x000001e8       0x10 c:/winavr-20100110/bin/../lib/gcc/avr/4.3.3/../../../../avr/lib/avrxmega6/crtx192a3.o
 *(.init2)
 *(.init3)
 *(.init3)
 *(.init4)
 .init4         0x000001f8       0x1a c:/winavr-20100110/bin/../lib/gcc/avr/4.3.3/../../../../avr/lib/avrxmega6/crtx192a3.o
                0x000001f8                __do_copy_data
 *(.init4)
 *(.init5)
 *(.init5)
 *(.init6)
 *(.init6)
 *(.init7)
 *(.init7)
 *(.init8)
 *(.init8)
 *(.init9)
 .init9         0x00000212        0x8 c:/winavr-20100110/bin/../lib/gcc/avr/4.3.3/../../../../avr/lib/avrxmega6/crtx192a3.o
 *(.init9)
 *(.text)
 .text          0x0000021a        0x4 c:/winavr-20100110/bin/../lib/gcc/avr/4.3.3/../../../../avr/lib/avrxmega6/crtx192a3.o
                0x0000021a                __vector_38
                0x0000021a                __vector_104
                0x0000021a                __vector_22
                0x0000021a                __vector_63
                0x0000021a                __vector_28
                0x0000021a                __vector_67
                0x0000021a                __vector_1
                0x0000021a                __vector_119
                0x0000021a                __vector_32
                0x0000021a                __vector_75
                0x0000021a                __vector_71
                0x0000021a                __vector_91
                0x0000021a                __vector_34
                0x0000021a                __vector_62
                0x0000021a                __vector_77
                0x0000021a                __vector_102
                0x0000021a                __vector_24
                0x0000021a                __vector_12
                0x0000021a                __vector_55
                0x0000021a                __vector_69
                0x0000021a                __vector_81
                0x0000021a                __vector_90
                0x0000021a                __vector_46
                0x0000021a                __bad_interrupt
                0x0000021a                __vector_72
                0x0000021a                __vector_114
                0x0000021a                __vector_6
                0x0000021a                __vector_110
                0x0000021a                __vector_31
                0x0000021a                __vector_92
                0x0000021a                __vector_35
                0x0000021a                __vector_78
                0x0000021a                __vector_74
                0x0000021a                __vector_117
                0x0000021a                __vector_39
                0x0000021a                __vector_107
                0x0000021a                __vector_3
                0x0000021a                __vector_105
                0x0000021a                __vector_98
                0x0000021a                __vector_23
                0x0000021a                __vector_68
                0x0000021a                __vector_30
                0x0000021a                __vector_73
                0x0000021a                __vector_45
                0x0000021a                __vector_25
                0x0000021a                __vector_93
                0x0000021a                __vector_61
                0x0000021a                __vector_11
                0x0000021a                __vector_54
                0x0000021a                __vector_99
                0x0000021a                __vector_13
                0x0000021a                __vector_17
                0x0000021a                __vector_19
                0x0000021a                __vector_56
                0x0000021a                __vector_7
                0x0000021a                __vector_49
                0x0000021a                __vector_41
                0x0000021a                __vector_86
                0x0000021a                __vector_100
                0x0000021a                __vector_101
                0x0000021a                __vector_64
                0x0000021a                __vector_88
                0x0000021a                __vector_109
                0x0000021a                __vector_43
                0x0000021a                __vector_27
                0x0000021a                __vector_5
                0x0000021a                __vector_113
                0x0000021a                __vector_33
                0x0000021a                __vector_76
                0x0000021a                __vector_115
                0x0000021a                __vector_47
                0x0000021a                __vector_52
                0x0000021a                __vector_37
                0x0000021a                __vector_95
                0x0000021a                __vector_103
                0x0000021a                __vector_96
                0x0000021a                __vector_89
                0x0000021a                __vector_108
                0x0000021a                __vector_4
                0x0000021a                __vector_44
                0x0000021a                __vector_82
                0x0000021a                __vector_106
                0x0000021a                __vector_118
                0x0000021a                __vector_51
                0x0000021a                __vector_9
                0x0000021a                __vector_2
                0x0000021a                __vector_21
                0x0000021a                __vector_15
                0x0000021a                __vector_66
                0x0000021a                __vector_36
                0x0000021a                __vector_79
                0x0000021a                __vector_58
                0x0000021a                __vector_70
                0x0000021a                __vector_83
                0x0000021a                __vector_29
                0x0000021a                __vector_60
                0x0000021a                __vector_121
                0x0000021a                __vector_40
                0x0000021a                __vector_85
                0x0000021a                __vector_94
                0x0000021a                __vector_8
                0x0000021a                __vector_26
                0x0000021a                __vector_48
                0x0000021a                __vector_116
                0x0000021a                __vector_112
                0x0000021a                __vector_111
                0x0000021a                __vector_80
                0x0000021a                __vector_14
                0x0000021a                __vector_84
                0x0000021a                __vector_57
                0x0000021a                __vector_53
                0x0000021a                __vector_10
                0x0000021a                __vector_50
                0x0000021a                __vector_16
                0x0000021a                __vector_59
                0x0000021a                __vector_18
                0x0000021a                __vector_97
                0x0000021a                __vector_20
                0x0000021a                __vector_42
                0x0000021a                __vector_87
                0x0000021a                __vector_65
                0x0000021a                __vector_120
 .text          0x0000021e      0x12a sp_driver.o
                0x000002fc                SP_BootCRC
                0x0000023c                SP_ReadUserSignatureByte
                0x00000274                SP_EraseApplicationSection
                0x000002c0                SP_EraseWriteApplicationPage
                0x000002e0                SP_WriteBootPage
                0x00000288                SP_LoadFlashWord
                0x0000025e                SP_ReadLockBits
                0x0000026c                SP_WriteUserSignatureRow
                0x000002ec                SP_EraseWriteBootPage
                0x000002f8                SP_ApplicationCRC
                0x0000027c                SP_EraseApplicationPage
                0x000002d4                SP_EraseBootPage
                0x00000256                SP_WriteLockBits
                0x00000238                SP_ReadCalibrationByte
                0x0000022a                SP_ReadWord
                0x000002b4                SP_WriteApplicationPage
                0x00000264                SP_EraseUserSignatureRow
                0x00000300                SP_LockSPM
                0x00000292                SP_ReadFlashPage
                0x0000021e                SP_ReadByte
                0x00000240                SP_ReadFuseByte
                0x000002cc                SP_EraseFlashBuffer
                0x0000030e                SP_WaitForSPM
 .text          0x00000348      0x256 eeprom_driver.o
                0x00000348                EEPROM_ReadByte
                0x000003a2                EEPROM_WaitForNVM
                0x0000044c                EEPROM_LoadByte
                0x00000526                EEPROM_SplitWritePage
                0x00000492                EEPROM_AtomicWritePage
                0x0000046a                EEPROM_LoadPage
                0x00000570                EEPROM_EraseAll
                0x000003ac                EEPROM_FlushBuffer
                0x000004dc                EEPROM_ErasePage
                0x000003e2                EEPROM_WriteByte
 .text          0x0000059e      0x5ae main.o
                0x00000678                BlockLoad
                0x000007d8                main
                0x0000059e                BlockRead
 .text          0x00000b4c       0x46 serial.o
                0x00000b4c                initbootuart
                0x00000b84                recchar
                0x00000b6a                sendchar
 .text          0x00000b92        0x0 c:/winavr-20100110/bin/../lib/gcc/avr/4.3.3/avrxmega6\libgcc.a(_exit.o)
                0x00000b92                . = ALIGN (0x2)
 *(.text.*)
 .text.libgcc   0x00000b92        0x0 c:/winavr-20100110/bin/../lib/gcc/avr/4.3.3/avrxmega6\libgcc.a(_exit.o)
                0x00000b92                . = ALIGN (0x2)
 *(.fini9)
 .fini9         0x00000b92        0x0 c:/winavr-20100110/bin/../lib/gcc/avr/4.3.3/avrxmega6\libgcc.a(_exit.o)
                0x00000b92                exit
                0x00000b92                _exit
 *(.fini9)
 *(.fini8)
 *(.fini8)
 *(.fini7)
 *(.fini7)
 *(.fini6)
 *(.fini6)
 *(.fini5)
 *(.fini5)
 *(.fini4)
 *(.fini4)
 *(.fini3)
 *(.fini3)
 *(.fini2)
 *(.fini2)
 *(.fini1)
 *(.fini1)
 *(.fini0)
 .fini0         0x00000b92        0x4 c:/winavr-20100110/bin/../lib/gcc/avr/4.3.3/avrxmega6\libgcc.a(_exit.o)
 *(.fini0)
                0x00000b96                _etext = .

.BOOT           0x00000b96       0x3a
 .BOOT          0x00000b96       0x3a sp_driver.o
                0x00000b96                SP_LoadFlashPage

.data           0x00802000        0x0 load address 0x00000b96
                0x00802000                PROVIDE (__data_start, .)
 *(.data)
 .data          0x00802000        0x0 c:/winavr-20100110/bin/../lib/gcc/avr/4.3.3/../../../../avr/lib/avrxmega6/crtx192a3.o
 .data          0x00802000        0x0 sp_driver.o
 .data          0x00802000        0x0 eeprom_driver.o
 .data          0x00802000        0x0 main.o
 .data          0x00802000        0x0 serial.o
 .data          0x00802000        0x0 c:/winavr-20100110/bin/../lib/gcc/avr/4.3.3/avrxmega6\libgcc.a(_exit.o)
 *(.data*)
 *(.rodata)
 *(.rodata*)
 *(.gnu.linkonce.d*)
                0x00802000                . = ALIGN (0x2)
                0x00802000                _edata = .
                0x00802000                PROVIDE (__data_end, .)

.bss            0x00802000        0x0
                0x00802000                PROVIDE (__bss_start, .)
 *(.bss)
 .bss           0x00802000        0x0 c:/winavr-20100110/bin/../lib/gcc/avr/4.3.3/../../../../avr/lib/avrxmega6/crtx192a3.o
 .bss           0x00802000        0x0 sp_driver.o
 .bss           0x00802000        0x0 eeprom_driver.o
 .bss           0x00802000        0x0 main.o
 .bss           0x00802000        0x0 serial.o
 .bss           0x00802000        0x0 c:/winavr-20100110/bin/../lib/gcc/avr/4.3.3/avrxmega6\libgcc.a(_exit.o)
 *(.bss*)
 *(COMMON)
                0x00802000                PROVIDE (__bss_end, .)
                0x00000b96                __data_load_start = LOADADDR (.data)
                0x00000b96                __data_load_end = (__data_load_start + SIZEOF (.data))

.noinit         0x00802000        0x0
                0x00802000                PROVIDE (__noinit_start, .)
 *(.noinit*)
                0x00802000                PROVIDE (__noinit_end, .)
                0x00802000                _end = .
                0x00802000                PROVIDE (__heap_start, .)

.eeprom         0x00810000        0x0
 *(.eeprom*)
                0x00810000                __eeprom_end = .

.fuse
 *(.fuse)
 *(.lfuse)
 *(.hfuse)
 *(.efuse)

.lock
 *(.lock*)

.signature
 *(.signature*)

.stab
 *(.stab)

.stabstr
 *(.stabstr)

.stab.excl
 *(.stab.excl)

.stab.exclstr
 *(.stab.exclstr)

.stab.index
 *(.stab.index)

.stab.indexstr
 *(.stab.indexstr)

.comment
 *(.comment)

.debug
 *(.debug)

.line
 *(.line)

.debug_srcinfo
 *(.debug_srcinfo)

.debug_sfnames
 *(.debug_sfnames)

.debug_aranges  0x00000000       0x88
 *(.debug_aranges)
 .debug_aranges
                0x00000000       0x28 sp_driver.o
 .debug_aranges
                0x00000028       0x20 eeprom_driver.o
 .debug_aranges
                0x00000048       0x20 main.o
 .debug_aranges
                0x00000068       0x20 serial.o

.debug_pubnames
                0x00000000      0x161
 *(.debug_pubnames)
 .debug_pubnames
                0x00000000       0xee eeprom_driver.o
 .debug_pubnames
                0x000000ee       0x37 main.o
 .debug_pubnames
                0x00000125       0x3c serial.o

.debug_info     0x00000000      0xc63
 *(.debug_info)
 .debug_info    0x00000000       0x69 sp_driver.o
 .debug_info    0x00000069      0x4c2 eeprom_driver.o
 .debug_info    0x0000052b      0x472 main.o
 .debug_info    0x0000099d      0x2c6 serial.o
 *(.gnu.linkonce.wi.*)

.debug_abbrev   0x00000000      0x3cf
 *(.debug_abbrev)
 .debug_abbrev  0x00000000       0x12 sp_driver.o
 .debug_abbrev  0x00000012      0x1a6 eeprom_driver.o
 .debug_abbrev  0x000001b8      0x14f main.o
 .debug_abbrev  0x00000307       0xc8 serial.o

.debug_line     0x00000000      0xa29
 *(.debug_line)
 .debug_line    0x00000000      0x110 sp_driver.o
 .debug_line    0x00000110      0x358 eeprom_driver.o
 .debug_line    0x00000468      0x4b5 main.o
 .debug_line    0x0000091d      0x10c serial.o

.debug_frame    0x00000000      0x130
 *(.debug_frame)
 .debug_frame   0x00000000       0xb0 eeprom_driver.o
 .debug_frame   0x000000b0       0x40 main.o
 .debug_frame   0x000000f0       0x40 serial.o

.debug_str      0x00000000      0x634
 *(.debug_str)
 .debug_str     0x00000000      0x4ca eeprom_driver.o
                                0x512 (size before relaxing)
 .debug_str     0x000004ca      0x106 main.o
                                0x26a (size before relaxing)
 .debug_str     0x000005d0       0x64 serial.o
                                0x1ed (size before relaxing)

.debug_loc      0x00000000      0x6e1
 *(.debug_loc)
 .debug_loc     0x00000000      0x1d3 eeprom_driver.o
 .debug_loc     0x000001d3      0x4e8 main.o
 .debug_loc     0x000006bb       0x26 serial.o

.debug_macinfo
 *(.debug_macinfo)
OUTPUT(xmega_boot.elf elf32-avr)
LOAD linker stubs

.debug_ranges   0x00000000       0x20
 .debug_ranges  0x00000000       0x20 sp_driver.o
