Archive member included because of file (symbol)

c:/winavr-20100110/bin/../lib/gcc/avr/4.3.3/../../../../avr/lib/avrxmega6\libprintf_flt.a(vfprintf_flt.o)
                              (vfprintf)
c:/winavr-20100110/bin/../lib/gcc/avr/4.3.3/../../../../avr/lib/avrxmega6\libm.a(addsf3.o)
                              gcode.o (__subsf3)
c:/winavr-20100110/bin/../lib/gcc/avr/4.3.3/../../../../avr/lib/avrxmega6\libm.a(addsf3x.o)
                              c:/winavr-20100110/bin/../lib/gcc/avr/4.3.3/../../../../avr/lib/avrxmega6\libm.a(addsf3.o) (__addsf3x)
c:/winavr-20100110/bin/../lib/gcc/avr/4.3.3/../../../../avr/lib/avrxmega6\libm.a(atan.o)
                              gcode.o (atan)
c:/winavr-20100110/bin/../lib/gcc/avr/4.3.3/../../../../avr/lib/avrxmega6\libm.a(ceil.o)
                              motion_control.o (ceil)
c:/winavr-20100110/bin/../lib/gcc/avr/4.3.3/../../../../avr/lib/avrxmega6\libm.a(cmpsf2.o)
                              gcode.o (__ltsf2)
c:/winavr-20100110/bin/../lib/gcc/avr/4.3.3/../../../../avr/lib/avrxmega6\libm.a(cos.o)
                              motion_control.o (cos)
c:/winavr-20100110/bin/../lib/gcc/avr/4.3.3/../../../../avr/lib/avrxmega6\libm.a(divsf3.o)
                              gcode.o (__divsf3)
c:/winavr-20100110/bin/../lib/gcc/avr/4.3.3/../../../../avr/lib/avrxmega6\libm.a(divsf3x.o)
                              c:/winavr-20100110/bin/../lib/gcc/avr/4.3.3/../../../../avr/lib/avrxmega6\libm.a(divsf3.o) (__divsf3x)
c:/winavr-20100110/bin/../lib/gcc/avr/4.3.3/../../../../avr/lib/avrxmega6\libm.a(fixsfsi.o)
                              gcode.o (__fixsfsi)
c:/winavr-20100110/bin/../lib/gcc/avr/4.3.3/../../../../avr/lib/avrxmega6\libm.a(fixunssfsi.o)
                              gcode.o (__fixunssfsi)
c:/winavr-20100110/bin/../lib/gcc/avr/4.3.3/../../../../avr/lib/avrxmega6\libm.a(floatsisf.o)
                              config.o (__floatunsisf)
c:/winavr-20100110/bin/../lib/gcc/avr/4.3.3/../../../../avr/lib/avrxmega6\libm.a(fp_cmp.o)
                              c:/winavr-20100110/bin/../lib/gcc/avr/4.3.3/../../../../avr/lib/avrxmega6\libm.a(cmpsf2.o) (__fp_cmp)
c:/winavr-20100110/bin/../lib/gcc/avr/4.3.3/../../../../avr/lib/avrxmega6\libm.a(fp_inf.o)
                              c:/winavr-20100110/bin/../lib/gcc/avr/4.3.3/../../../../avr/lib/avrxmega6\libm.a(addsf3x.o) (__fp_inf)
c:/winavr-20100110/bin/../lib/gcc/avr/4.3.3/../../../../avr/lib/avrxmega6\libm.a(fp_mintl.o)
                              c:/winavr-20100110/bin/../lib/gcc/avr/4.3.3/../../../../avr/lib/avrxmega6\libm.a(ceil.o) (__fp_mintl)
c:/winavr-20100110/bin/../lib/gcc/avr/4.3.3/../../../../avr/lib/avrxmega6\libm.a(fp_mpack.o)
                              c:/winavr-20100110/bin/../lib/gcc/avr/4.3.3/../../../../avr/lib/avrxmega6\libm.a(ceil.o) (__fp_mpack)
c:/winavr-20100110/bin/../lib/gcc/avr/4.3.3/../../../../avr/lib/avrxmega6\libm.a(fp_nan.o)
                              c:/winavr-20100110/bin/../lib/gcc/avr/4.3.3/../../../../avr/lib/avrxmega6\libm.a(addsf3x.o) (__fp_nan)
c:/winavr-20100110/bin/../lib/gcc/avr/4.3.3/../../../../avr/lib/avrxmega6\libm.a(fp_powser.o)
                              c:/winavr-20100110/bin/../lib/gcc/avr/4.3.3/../../../../avr/lib/avrxmega6\libm.a(atan.o) (__fp_powser)
c:/winavr-20100110/bin/../lib/gcc/avr/4.3.3/../../../../avr/lib/avrxmega6\libm.a(fp_pscA.o)
                              c:/winavr-20100110/bin/../lib/gcc/avr/4.3.3/../../../../avr/lib/avrxmega6\libm.a(addsf3x.o) (__fp_pscA)
c:/winavr-20100110/bin/../lib/gcc/avr/4.3.3/../../../../avr/lib/avrxmega6\libm.a(fp_pscB.o)
                              c:/winavr-20100110/bin/../lib/gcc/avr/4.3.3/../../../../avr/lib/avrxmega6\libm.a(addsf3x.o) (__fp_pscB)
c:/winavr-20100110/bin/../lib/gcc/avr/4.3.3/../../../../avr/lib/avrxmega6\libm.a(fp_rempio2.o)
                              c:/winavr-20100110/bin/../lib/gcc/avr/4.3.3/../../../../avr/lib/avrxmega6\libm.a(cos.o) (__fp_rempio2)
c:/winavr-20100110/bin/../lib/gcc/avr/4.3.3/../../../../avr/lib/avrxmega6\libm.a(fp_round.o)
                              c:/winavr-20100110/bin/../lib/gcc/avr/4.3.3/../../../../avr/lib/avrxmega6\libm.a(addsf3.o) (__fp_round)
c:/winavr-20100110/bin/../lib/gcc/avr/4.3.3/../../../../avr/lib/avrxmega6\libm.a(fp_sinus.o)
                              c:/winavr-20100110/bin/../lib/gcc/avr/4.3.3/../../../../avr/lib/avrxmega6\libm.a(cos.o) (__fp_sinus)
c:/winavr-20100110/bin/../lib/gcc/avr/4.3.3/../../../../avr/lib/avrxmega6\libm.a(fp_split3.o)
                              c:/winavr-20100110/bin/../lib/gcc/avr/4.3.3/../../../../avr/lib/avrxmega6\libm.a(addsf3x.o) (__fp_split3)
c:/winavr-20100110/bin/../lib/gcc/avr/4.3.3/../../../../avr/lib/avrxmega6\libm.a(fp_trunc.o)
                              c:/winavr-20100110/bin/../lib/gcc/avr/4.3.3/../../../../avr/lib/avrxmega6\libm.a(ceil.o) (__fp_trunc)
[...]
Memory Configuration

Name             Origin             Length             Attributes
text             0x00000000         0x00100000         xr
data             0x00802000         0x0000ffa0         rw !x
eeprom           0x00810000         0x00010000         rw !x
fuse             0x00820000         0x00000400         rw !x
lock             0x00830000         0x00000400         rw !x
signature        0x00840000         0x00000400         rw !x
*default*        0x00000000         0xffffffff

Linker script and memory map

LOAD c:/winavr-20100110/bin/../lib/gcc/avr/4.3.3/../../../../avr/lib/avrxmega6/crtx256a3.o
LOAD c:/winavr-20100110/bin/../lib/gcc/avr/4.3.3/../../../../avr/lib/avrxmega6\libprintf_flt.a
LOAD c:/winavr-20100110/bin/../lib/gcc/avr/4.3.3/../../../../avr/lib/avrxmega6\libm.a
LOAD main.o
LOAD gcode.o
LOAD config.o
LOAD encoder.o
LOAD xmega_init.o
LOAD motion_control.o
LOAD spindle_control.o
LOAD stepper.o
LOAD xmega_interrupts.o
LOAD xio.o
LOAD xmega_eeprom.o
LOAD controller.o
LOAD direct_drive.o
LOAD move_buffer.o
LOAD limit_switches.o
LOAD signals.o
LOAD xio_usart.o
LOAD xio_usb.o
LOAD xio_rs485.o
LOAD xio_pgm.o
LOAD network.o
LOAD c:/winavr-20100110/bin/../lib/gcc/avr/4.3.3/../../../../avr/lib/avrxmega6\libm.a
LOAD c:/winavr-20100110/bin/../lib/gcc/avr/4.3.3/avrxmega6\libgcc.a
LOAD c:/winavr-20100110/bin/../lib/gcc/avr/4.3.3/../../../../avr/lib/avrxmega6\libc.a
LOAD c:/winavr-20100110/bin/../lib/gcc/avr/4.3.3/avrxmega6\libgcc.a

.hash
 *(.hash)

.dynsym
 *(.dynsym)

.dynstr
 *(.dynstr)

.gnu.version
 *(.gnu.version)

.gnu.version_d
 *(.gnu.version_d)

.gnu.version_r
 *(.gnu.version_r)

.rel.init
 *(.rel.init)

.rela.init
 *(.rela.init)

.rel.text
 *(.rel.text)
 *(.rel.text.*)
 *(.rel.gnu.linkonce.t*)

.rela.text
 *(.rela.text)
 *(.rela.text.*)
 *(.rela.gnu.linkonce.t*)

.rel.fini
 *(.rel.fini)

.rela.fini
 *(.rela.fini)

.rel.rodata
 *(.rel.rodata)
 *(.rel.rodata.*)
 *(.rel.gnu.linkonce.r*)

.rela.rodata
 *(.rela.rodata)
 *(.rela.rodata.*)
 *(.rela.gnu.linkonce.r*)

.rel.data
 *(.rel.data)
 *(.rel.data.*)
 *(.rel.gnu.linkonce.d*)

.rela.data
 *(.rela.data)
 *(.rela.data.*)
 *(.rela.gnu.linkonce.d*)

.rel.ctors
 *(.rel.ctors)

.rela.ctors
 *(.rela.ctors)

.rel.dtors
 *(.rel.dtors)

.rela.dtors
 *(.rela.dtors)

.rel.got
 *(.rel.got)

.rela.got
 *(.rela.got)

.rel.bss
 *(.rel.bss)

.rela.bss
 *(.rela.bss)

.rel.plt
 *(.rel.plt)

.rela.plt
 *(.rela.plt)

.text           0x00000000     0x948e
 *(.vectors)
 .vectors       0x00000000      0x1e8 c:/winavr-20100110/bin/../lib/gcc/avr/4.3.3/../../../../avr/lib/avrxmega6/crtx256a3.o
                0x00000000                __vectors
                0x00000000                __vector_default
 *(.vectors)
 *(.progmem.gcc*)
 .progmem.gcc_fplib
                0x000001e8       0x2d c:/winavr-20100110/bin/../lib/gcc/avr/4.3.3/../../../../avr/lib/avrxmega6\libm.a(atan.o)
 .progmem.gcc_fplib
                0x00000215       0x1e c:/winavr-20100110/bin/../lib/gcc/avr/4.3.3/../../../../avr/lib/avrxmega6\libm.a(fp_sinus.o)
 *(.progmem*)
 .progmem.data  0x00000233        0x8 c:/winavr-20100110/bin/../lib/gcc/avr/4.3.3/../../../../avr/lib/avrxmega6\libprintf_flt.a(vfprintf_flt.o)
 .progmem.data  0x0000023b        0x4 gcode.o
 .progmem.data  0x0000023f      0x450 config.o
                0x00000247                cfgMsgs
                0x0000023f                cfgMsgXaxis
                0x00000241                cfgMsgYaxis
                0x0000024f                configs_P
                0x00000245                cfgMsgAaxis
                0x00000243                cfgMsgZaxis
 .progmem.data  0x0000068f       0x2c xio.o
 .progmem.data  0x000006bb     0x140a controller.o
                0x00000b34                radius_arc_test2
                0x000019ff                tgStatusMsg17
                0x00001a52                tgStatusStrings
                0x00001995                tgStatusMsg12
                0x00001905                tgModeStrings
                0x000019ed                tgStatusMsg16
                0x0000190d                tgStatusMsg00
                0x0000074f                square_test10
                0x00001957                tgStatusMsg08
                0x000018f8                tgModeStringDirect
                0x00000853                square_circle_test100
                0x00000b38                zoetrope
                0x00000963                dwell_test1
                0x000014f3                contraptor_circle
                0x000007dd                square_circle_test10
                0x00000aab                g0_test2
                0x000019c2                tgStatusMsg14
                0x00001964                tgStatusMsg09
                0x000009f7                dwell_test2
                0x00001910                tgStatusMsg01
                0x00000b0f                radius_arc_test1
                0x000018e0                tgModeStringConfig
                0x0000192e                tgStatusMsg05
                0x00001990                tgStatusMsg11
                0x00001916                tgStatusMsg02
                0x000018d3                tgModeStringControl
                0x00000a81                dwell_testMax
                0x00000943                spiral_test50a
                0x000006bb                square_test1
                0x00001a14                tgStatusMsg18
                0x00000ae1                g0_test3
                0x00001978                tgStatusMsg10
                0x0000191d                tgStatusMsg03
                0x00001948                tgStatusMsg07
                0x00001a29                tgStatusMsg19
                0x000018ec                tgModeStringGCode
                0x000008c9                spiral_test5
                0x000019d8                tgStatusMsg15
                0x00001a41                tgStatusMsg20
                0x0000077b                circle_test10
                0x000019aa                tgStatusMsg13
                0x00001922                tgStatusMsg04
                0x00000a8b                g0_test1
                0x00000729                square_test2
                0x0000193a                tgStatusMsg06
 .progmem.data  0x00001ac5      0x216 xio_usart.o
                0x00001ac5                bsel
                0x00001ad0                bscale
 .progmem.data  0x00001cdb       0x3b c:/winavr-20100110/bin/../lib/gcc/avr/4.3.3/../../../../avr/lib/avrxmega6\libc.a(strtod.o)
 .progmem.data  0x00001d16       0xfa c:/winavr-20100110/bin/../lib/gcc/avr/4.3.3/../../../../avr/lib/avrxmega6\libc.a(ftoa_engine.o)
                0x00001e10                . = ALIGN (0x2)
                0x00001e10                __trampolines_start = .
 *(.trampolines)
 .trampolines   0x00001e10        0x0 linker stubs
 *(.trampolines*)
                0x00001e10                __trampolines_end = .
 *(.jumptables)
 *(.jumptables*)
 *(.lowtext)
 *(.lowtext*)
                0x00001e10                __ctors_start = .
 *(.ctors)
                0x00001e10                __ctors_end = .
                0x00001e10                __dtors_start = .
 *(.dtors)
                0x00001e10                __dtors_end = .
 SORT(*)(.ctors)
 SORT(*)(.dtors)
 *(.init0)
 .init0         0x00001e10        0x0 c:/winavr-20100110/bin/../lib/gcc/avr/4.3.3/../../../../avr/lib/avrxmega6/crtx256a3.o
                0x00001e10                __init
 *(.init0)
 *(.init1)
 *(.init1)
 *(.init2)
 .init2         0x00001e10       0x10 c:/winavr-20100110/bin/../lib/gcc/avr/4.3.3/../../../../avr/lib/avrxmega6/crtx256a3.o
 *(.init2)
 *(.init3)
 *(.init3)
 *(.init4)
 .init4         0x00001e20       0x1a c:/winavr-20100110/bin/../lib/gcc/avr/4.3.3/../../../../avr/lib/avrxmega6/crtx256a3.o
                0x00001e20                __do_copy_data
 .init4         0x00001e3a       0x10 c:/winavr-20100110/bin/../lib/gcc/avr/4.3.3/avrxmega6\libgcc.a(_clear_bss.o)
                0x00001e3a                __do_clear_bss
 *(.init4)
 *(.init5)
 *(.init5)
 *(.init6)
 *(.init6)
 *(.init7)
 *(.init7)
 *(.init8)
 *(.init8)
 *(.init9)
 .init9         0x00001e4a        0x8 c:/winavr-20100110/bin/../lib/gcc/avr/4.3.3/../../../../avr/lib/avrxmega6/crtx256a3.o
 *(.init9)
 *(.text)
 .text          0x00001e52        0x4 c:/winavr-20100110/bin/../lib/gcc/avr/4.3.3/../../../../avr/lib/avrxmega6/crtx256a3.o
                0x00001e52                __vector_38
                0x00001e52                __vector_22
                0x00001e52                __vector_63
                0x00001e52                __vector_1
                0x00001e52                __vector_119
                0x00001e52                __vector_32
                0x00001e52                __vector_75
                0x00001e52                __vector_71
                0x00001e52                __vector_91
                0x00001e52                __vector_34
                0x00001e52                __vector_62
                0x00001e52                __vector_102
                0x00001e52                __vector_24
                0x00001e52                __vector_12
                0x00001e52                __vector_55
                0x00001e52                __vector_69
                0x00001e52                __vector_81
                0x00001e52                __vector_90
                0x00001e52                __vector_46
                0x00001e52                __bad_interrupt
                0x00001e52                __vector_72
                0x00001e52                __vector_114
                0x00001e52                __vector_6
                0x00001e52                __vector_110
                0x00001e52                __vector_31
                0x00001e52                __vector_92
                0x00001e52                __vector_35
                0x00001e52                __vector_78
                0x00001e52                __vector_74
                0x00001e52                __vector_117
                0x00001e52                __vector_39
                0x00001e52                __vector_107
                0x00001e52                __vector_3
                0x00001e52                __vector_98
                0x00001e52                __vector_23
                0x00001e52                __vector_68
                0x00001e52                __vector_73
                0x00001e52                __vector_45
                0x00001e52                __vector_93
                0x00001e52                __vector_61
                0x00001e52                __vector_11
                0x00001e52                __vector_54
                0x00001e52                __vector_99
                0x00001e52                __vector_13
                0x00001e52                __vector_17
                0x00001e52                __vector_19
                0x00001e52                __vector_56
                0x00001e52                __vector_7
                0x00001e52                __vector_49
                0x00001e52                __vector_41
                0x00001e52                __vector_86
                0x00001e52                __vector_100
                0x00001e52                __vector_101
                0x00001e52                __vector_88
                0x00001e52                __vector_109
                0x00001e52                __vector_27
                0x00001e52                __vector_5
                0x00001e52                __vector_113
                0x00001e52                __vector_33
                0x00001e52                __vector_76
                0x00001e52                __vector_115
                0x00001e52                __vector_52
                0x00001e52                __vector_37
                0x00001e52                __vector_95
                0x00001e52                __vector_103
                0x00001e52                __vector_96
                0x00001e52                __vector_89
                0x00001e52                __vector_4
                0x00001e52                __vector_82
                0x00001e52                __vector_106
                0x00001e52                __vector_118
                0x00001e52                __vector_51
                0x00001e52                __vector_9
                0x00001e52                __vector_2
                0x00001e52                __vector_21
                0x00001e52                __vector_15
                0x00001e52                __vector_36
                0x00001e52                __vector_79
                0x00001e52                __vector_58
                0x00001e52                __vector_70
                0x00001e52                __vector_83
                0x00001e52                __vector_60
                0x00001e52                __vector_121
                0x00001e52                __vector_40
                0x00001e52                __vector_85
                0x00001e52                __vector_94
                0x00001e52                __vector_8
                0x00001e52                __vector_48
                0x00001e52                __vector_116
                0x00001e52                __vector_112
                0x00001e52                __vector_111
                0x00001e52                __vector_80
                0x00001e52                __vector_84
                0x00001e52                __vector_57
                0x00001e52                __vector_53
                0x00001e52                __vector_10
                0x00001e52                __vector_50
                0x00001e52                __vector_16
                0x00001e52                __vector_59
                0x00001e52                __vector_18
                0x00001e52                __vector_97
                0x00001e52                __vector_20
                0x00001e52                __vector_42
                0x00001e52                __vector_87
                0x00001e52                __vector_120
 .text          0x00001e56        0x0 c:/winavr-20100110/bin/../lib/gcc/avr/4.3.3/../../../../avr/lib/avrxmega6\libprintf_flt.a(vfprintf_flt.o)
 .text          0x00001e56       0x5a main.o
                0x00001e56                main
 .text          0x00001eb0      0xdf4 gcode.o
                0x00001ebe                to_millimeters
                0x00002c9e                gc_send_to_parser
                0x00002090                theta
                0x00001ef4                gc_init
                0x00001eb0                select_plane
                0x00002b6e                gc_gcode_parser
                0x0000210e                gc_execute_block
 .text          0x00002ca4      0x952 config.o
                0x00002f5c                cfg_write
                0x00002dc4                cfg_reset
                0x00002f9e                _cfg_dump_axis
                0x00002f56                cfg_init
                0x00002ca4                _cfg_computed
                0x00003178                cfg_dump
                0x00003264                cfg_parse
                0x00002f6e                cfg_read
                0x00003572                cfg_test
 .text          0x000035f6       0x94 encoder.o
                0x000035f6                en_init
                0x000035f8                en_write
                0x00003678                en_toggle
 .text          0x0000368a       0x96 xmega_init.o
                0x000036f6                CCPWrite
                0x000036f0                xmega_init
                0x0000368a                xmega_init_clocks
 .text          0x00003720     0x11ba motion_control.o
                0x000045e6                mc_line_blocking
                0x00004100                mc_arc_blocking
                0x00003726                mc_motion_resume
                0x00003732                mc_go_home
                0x00003720                mc_motion_pause
                0x0000372c                mc_motion_end
                0x00003920                mc_line
                0x000037f0                mc_dwell
                0x00003db2                mc_arc
                0x0000375e                mc_line_continue
                0x00003746                mc_init
                0x00003bbe                mc_arc_continue
                0x00003864                mc_set_position
                0x000048c8                mc_motion_stop
 .text          0x000048da       0x38 spindle_control.o
                0x00004908                spindle_stop
                0x000048da                spindle_init
                0x000048e8                spindle_run
 .text          0x00004912      0x7bc stepper.o
                0x00004f2e                __vector_77
                0x00004aca                st_stop_steppers
                0x00004b00                st_execute_move
                0x000049ec                st_set_polarity
                0x00004a02                st_motor_test
                0x00004e64                __vector_47
                0x00004d9a                __vector_108
                0x00004d90                _st_fake_move
                0x00004ac0                st_terminate
                0x00004912                st_init
                0x00004ff8                __vector_14
 .text          0x000050ce       0x20 xmega_interrupts.o
                0x000050ce                PMIC_SetVectorLocationToBoot
                0x000050de                PMIC_SetVectorLocationToApplication
 .text          0x000050ee      0x2ce xio.o
                0x0000535e                xio_init
                0x000051f4                xio_set_stderr
                0x000050ee                xio_setflags
                0x00005254                xio_getc
                0x0000521a                xio_putc
                0x0000528a                xio_readln
                0x000052c0                xio_init_dev
                0x000051ce                xio_set_stdout
                0x000051a8                xio_set_stdin
 .text          0x000053bc      0x39c xmega_eeprom.o
                0x000053bc                EEPROM_ReadByte
                0x000054b2                EEPROM_WaitForNVM
                0x00005606                EEPROM_LoadByte
                0x0000555c                eeprom_put_char
                0x00005572                memcpy_to_eeprom_with_checksum
                0x000056e0                EEPROM_SplitWritePage
                0x0000564c                EEPROM_AtomicWritePage
                0x00005624                EEPROM_LoadPage
                0x0000572a                EEPROM_EraseAll
                0x0000542a                memcpy_from_eeprom_with_checksum
                0x000054bc                EEPROM_FlushBuffer
                0x00005696                EEPROM_ErasePage
                0x000054f2                EEPROM_WriteByte
                0x00005416                eeprom_get_char
 .text          0x00005758      0x276 controller.o
                0x00005818                tg_init
                0x0000585c                tg_parser
                0x00005996                tg_controller
                0x00005778                tg_print_status
                0x00005758                tg_reset_source
                0x00005930                tg_read_next_line
 .text          0x000059ce        0x8 direct_drive.o
                0x000059ce                dd_init
                0x000059d0                dd_parser
 .text          0x000059d6      0x570 move_buffer.o
                0x000059e0                mv_dequeue_move_buffer
                0x00005a7c                mv_queue_move_buffer
                0x00005a40                mv_synchronize
                0x000059d6                mv_init
                0x00005a24                mv_test_move_buffer_full
                0x00005a66                mv_flush
 .text          0x00005f46       0xf0 limit_switches.o
                0x00005fbe                __vector_104
                0x00005faa                __vector_67
                0x00005fd2                __vector_105
                0x0000600e                __vector_64
                0x00005fe6                __vector_43
                0x00005f46                ls_init
                0x00005ffa                __vector_44
                0x00005f96                __vector_66
                0x00006022                __vector_65
 .text          0x00006036       0x10 signals.o
                0x0000603c                signal_etx
                0x00006036                tg_terminate
                0x00006038                tg_pause
                0x0000603a                tg_resume
 .text          0x00006046      0x72e xio_usart.o
                0x000061c0                xio_getc_usart
                0x00006386                xio_readln_usart
                0x000065b0                xio_queue_RX_char_usart
                0x00006610                xio_queue_RX_string_usart
                0x0000663e                xio_init_usart
                0x0000609c                xio_putc_usart
                0x00006046                xio_set_baud_usart
 .text          0x00006774      0x1e4 xio_usb.o
                0x00006774                xio_open_usb
                0x00006928                xio_readln_usb
                0x0000691e                xio_queue_RX_char_usb
                0x00006806                __vector_25
                0x0000694e                xio_setflags_usb
                0x00006914                xio_queue_RX_string_usb
                0x0000677e                __vector_26
                0x00006940                xio_putc_usb
                0x000068b6                xio_init_usb
                0x00006936                xio_getc_usb
 .text          0x00006958      0x206 xio_rs485.o
                0x00006a0a                __vector_28
                0x00006b46                xio_putc_rs485
                0x00006b54                xio_setflags_rs485
                0x000069f6                __vector_30
                0x00006958                xio_open_rs485
                0x00006b1a                xio_queue_RX_string_rs485
                0x00006b3c                xio_getc_rs485
                0x00006aba                xio_init_rs485
                0x00006962                __vector_29
                0x00006b24                xio_queue_RX_char_rs485
                0x00006b2e                xio_readln_rs485
 .text          0x00006b5e      0x1a2 xio_pgm.o
                0x00006c88                xio_init_file
                0x00006b94                xio_readln_pgm
                0x00006b5e                xio_open_pgm
                0x00006b8e                xio_putc_pgm
                0x00006be2                xio_getc_pgm
                0x00006cba                xio_init_pgm
                0x00006c7a                xio_setflags_pgm
 .text          0x00006d00       0x42 network.o
                0x00006d02                tg_receiver
                0x00006d00                net_init
                0x00006d26                tg_repeater
 .text          0x00006d42        0x0 c:/winavr-20100110/bin/../lib/gcc/avr/4.3.3/../../../../avr/lib/avrxmega6\libm.a(addsf3.o)
 .text          0x00006d42        0x0 c:/winavr-20100110/bin/../lib/gcc/avr/4.3.3/../../../../avr/lib/avrxmega6\libm.a(addsf3x.o)
 .text          0x00006d42        0x0 c:/winavr-20100110/bin/../lib/gcc/avr/4.3.3/../../../../avr/lib/avrxmega6\libm.a(atan.o)
 .text          0x00006d42        0x0 c:/winavr-20100110/bin/../lib/gcc/avr/4.3.3/../../../../avr/lib/avrxmega6\libm.a(ceil.o)
 .text          0x00006d42        0x0 c:/winavr-20100110/bin/../lib/gcc/avr/4.3.3/../../../../avr/lib/avrxmega6\libm.a(cmpsf2.o)
 .text          0x00006d42        0x0 c:/winavr-20100110/bin/../lib/gcc/avr/4.3.3/../../../../avr/lib/avrxmega6\libm.a(cos.o)
 .text          0x00006d42        0x0 c:/winavr-20100110/bin/../lib/gcc/avr/4.3.3/../../../../avr/lib/avrxmega6\libm.a(divsf3.o)
 .text          0x00006d42        0x0 c:/winavr-20100110/bin/../lib/gcc/avr/4.3.3/../../../../avr/lib/avrxmega6\libm.a(divsf3x.o)
 .text          0x00006d42        0x0 c:/winavr-20100110/bin/../lib/gcc/avr/4.3.3/../../../../avr/lib/avrxmega6\libm.a(fixsfsi.o)
 .text          0x00006d42        0x0 c:/winavr-20100110/bin/../lib/gcc/avr/4.3.3/../../../../avr/lib/avrxmega6\libm.a(fixunssfsi.o)
 .text          0x00006d42        0x0 c:/winavr-20100110/bin/../lib/gcc/avr/4.3.3/../../../../avr/lib/avrxmega6\libm.a(floatsisf.o)
 .text          0x00006d42        0x0 c:/winavr-20100110/bin/../lib/gcc/avr/4.3.3/../../../../avr/lib/avrxmega6\libm.a(fp_cmp.o)
 .text          0x00006d42        0x0 c:/winavr-20100110/bin/../lib/gcc/avr/4.3.3/../../../../avr/lib/avrxmega6\libm.a(fp_inf.o)
 .text          0x00006d42        0x0 c:/winavr-20100110/bin/../lib/gcc/avr/4.3.3/../../../../avr/lib/avrxmega6\libm.a(fp_mintl.o)
 .text          0x00006d42        0x0 c:/winavr-20100110/bin/../lib/gcc/avr/4.3.3/../../../../avr/lib/avrxmega6\libm.a(fp_mpack.o)
 .text          0x00006d42        0x0 c:/winavr-20100110/bin/../lib/gcc/avr/4.3.3/../../../../avr/lib/avrxmega6\libm.a(fp_nan.o)
 .text          0x00006d42        0x0 c:/winavr-20100110/bin/../lib/gcc/avr/4.3.3/../../../../avr/lib/avrxmega6\libm.a(fp_powser.o)
 .text          0x00006d42        0x0 c:/winavr-20100110/bin/../lib/gcc/avr/4.3.3/../../../../avr/lib/avrxmega6\libm.a(fp_pscA.o)
 .text          0x00006d42        0x0 c:/winavr-20100110/bin/../lib/gcc/avr/4.3.3/../../../../avr/lib/avrxmega6\libm.a(fp_pscB.o)
 .text          0x00006d42        0x0 c:/winavr-20100110/bin/../lib/gcc/avr/4.3.3/../../../../avr/lib/avrxmega6\libm.a(fp_rempio2.o)
 .text          0x00006d42        0x0 c:/winavr-20100110/bin/../lib/gcc/avr/4.3.3/../../../../avr/lib/avrxmega6\libm.a(fp_round.o)
 .text          0x00006d42        0x0 c:/winavr-20100110/bin/../lib/gcc/avr/4.3.3/../../../../avr/lib/avrxmega6\libm.a(fp_sinus.o)
 .text          0x00006d42        0x0 c:/winavr-20100110/bin/../lib/gcc/avr/4.3.3/../../../../avr/lib/avrxmega6\libm.a(fp_split3.o)
 .text          0x00006d42        0x0 c:/winavr-20100110/bin/../lib/gcc/avr/4.3.3/../../../../avr/lib/avrxmega6\libm.a(fp_trunc.o)
 .text          0x00006d42        0x0 c:/winavr-20100110/bin/../lib/gcc/avr/4.3.3/../../../../avr/lib/avrxmega6\libm.a(fp_zero.o)
 .text          0x00006d42        0x0 c:/winavr-20100110/bin/../lib/gcc/avr/4.3.3/../../../../avr/lib/avrxmega6\libm.a(gesf2.o)
 .text          0x00006d42        0x0 c:/winavr-20100110/bin/../lib/gcc/avr/4.3.3/../../../../avr/lib/avrxmega6\libm.a(hypot.o)
 .text          0x00006d42        0x0 c:/winavr-20100110/bin/../lib/gcc/avr/4.3.3/../../../../avr/lib/avrxmega6\libm.a(inverse.o)
 .text          0x00006d42        0x0 c:/winavr-20100110/bin/../lib/gcc/avr/4.3.3/../../../../avr/lib/avrxmega6\libm.a(ldexp.o)
 .text          0x00006d42        0x0 c:/winavr-20100110/bin/../lib/gcc/avr/4.3.3/../../../../avr/lib/avrxmega6\libm.a(lround.o)
 .text          0x00006d42        0x0 c:/winavr-20100110/bin/../lib/gcc/avr/4.3.3/../../../../avr/lib/avrxmega6\libm.a(mulsf3.o)
 .text          0x00006d42        0x0 c:/winavr-20100110/bin/../lib/gcc/avr/4.3.3/../../../../avr/lib/avrxmega6\libm.a(mulsf3x.o)
 .text          0x00006d42        0x0 c:/winavr-20100110/bin/../lib/gcc/avr/4.3.3/../../../../avr/lib/avrxmega6\libm.a(sin.o)
 .text          0x00006d42        0x0 c:/winavr-20100110/bin/../lib/gcc/avr/4.3.3/../../../../avr/lib/avrxmega6\libm.a(sqrt.o)
 .text          0x00006d42        0x0 c:/winavr-20100110/bin/../lib/gcc/avr/4.3.3/../../../../avr/lib/avrxmega6\libm.a(square.o)
 .text          0x00006d42        0x0 c:/winavr-20100110/bin/../lib/gcc/avr/4.3.3/../../../../avr/lib/avrxmega6\libm.a(trunc.o)
 .text          0x00006d42        0x0 c:/winavr-20100110/bin/../lib/gcc/avr/4.3.3/../../../../avr/lib/avrxmega6\libm.a(unordsf2.o)
 .text          0x00006d42        0x0 c:/winavr-20100110/bin/../lib/gcc/avr/4.3.3/../../../../avr/lib/avrxmega6\libm.a(fp_norm2.o)
 .text          0x00006d42        0x0 c:/winavr-20100110/bin/../lib/gcc/avr/4.3.3/../../../../avr/lib/avrxmega6\libm.a(fp_powsodd.o)
 .text          0x00006d42        0x0 c:/winavr-20100110/bin/../lib/gcc/avr/4.3.3/avrxmega6\libgcc.a(_exit.o)
 .text          0x00006d42        0x0 c:/winavr-20100110/bin/../lib/gcc/avr/4.3.3/avrxmega6\libgcc.a(_clear_bss.o)
 .text          0x00006d42       0xf2 c:/winavr-20100110/bin/../lib/gcc/avr/4.3.3/avrxmega6\libgcc.a(_lshrdi3.o)
                0x00006d42                __lshrdi3
 .text          0x00006e34       0xf2 c:/winavr-20100110/bin/../lib/gcc/avr/4.3.3/avrxmega6\libgcc.a(_ashldi3.o)
                0x00006e34                __ashldi3
 .text          0x00006f26      0xcea c:/winavr-20100110/bin/../lib/gcc/avr/4.3.3/avrxmega6\libgcc.a(_udivdi3.o)
                0x00006f26                __udivdi3
 .text          0x00007c10        0x0 c:/winavr-20100110/bin/../lib/gcc/avr/4.3.3/avrxmega6\libgcc.a(_mulsi3.o)
 .text          0x00007c10        0x0 c:/winavr-20100110/bin/../lib/gcc/avr/4.3.3/avrxmega6\libgcc.a(_udivmodsi4.o)
 .text          0x00007c10        0x0 c:/winavr-20100110/bin/../lib/gcc/avr/4.3.3/avrxmega6\libgcc.a(_prologue.o)
 .text          0x00007c10        0x0 c:/winavr-20100110/bin/../lib/gcc/avr/4.3.3/avrxmega6\libgcc.a(_epilogue.o)
 .text          0x00007c10        0x0 c:/winavr-20100110/bin/../lib/gcc/avr/4.3.3/avrxmega6\libgcc.a(_clz.o)
 .text          0x00007c10        0x0 c:/winavr-20100110/bin/../lib/gcc/avr/4.3.3/../../../../avr/lib/avrxmega6\libc.a(strtod.o)
 .text          0x00007c10        0x0 c:/winavr-20100110/bin/../lib/gcc/avr/4.3.3/../../../../avr/lib/avrxmega6\libc.a(atoi.o)
 .text          0x00007c10        0x0 c:/winavr-20100110/bin/../lib/gcc/avr/4.3.3/../../../../avr/lib/avrxmega6\libc.a(ftoa_engine.o)
 .text          0x00007c10        0x0 c:/winavr-20100110/bin/../lib/gcc/avr/4.3.3/../../../../avr/lib/avrxmega6\libc.a(isalpha.o)
 .text          0x00007c10        0x0 c:/winavr-20100110/bin/../lib/gcc/avr/4.3.3/../../../../avr/lib/avrxmega6\libc.a(isspace.o)
 .text          0x00007c10        0x0 c:/winavr-20100110/bin/../lib/gcc/avr/4.3.3/../../../../avr/lib/avrxmega6\libc.a(toupper.o)
 .text          0x00007c10        0x0 c:/winavr-20100110/bin/../lib/gcc/avr/4.3.3/../../../../avr/lib/avrxmega6\libc.a(strncasecmp_P.o)
 .text          0x00007c10        0x0 c:/winavr-20100110/bin/../lib/gcc/avr/4.3.3/../../../../avr/lib/avrxmega6\libc.a(strnlen_P.o)
 .text          0x00007c10        0x0 c:/winavr-20100110/bin/../lib/gcc/avr/4.3.3/../../../../avr/lib/avrxmega6\libc.a(strchr.o)
 .text          0x00007c10        0x0 c:/winavr-20100110/bin/../lib/gcc/avr/4.3.3/../../../../avr/lib/avrxmega6\libc.a(strnlen.o)
 .text          0x00007c10        0x0 c:/winavr-20100110/bin/../lib/gcc/avr/4.3.3/../../../../avr/lib/avrxmega6\libc.a(mul10.o)
 .text          0x00007c10        0x0 c:/winavr-20100110/bin/../lib/gcc/avr/4.3.3/../../../../avr/lib/avrxmega6\libc.a(clearerr.o)
 .text          0x00007c10        0x0 c:/winavr-20100110/bin/../lib/gcc/avr/4.3.3/../../../../avr/lib/avrxmega6\libc.a(fgets.o)
 .text          0x00007c10        0x0 c:/winavr-20100110/bin/../lib/gcc/avr/4.3.3/../../../../avr/lib/avrxmega6\libc.a(fputc.o)
 .text          0x00007c10        0x0 c:/winavr-20100110/bin/../lib/gcc/avr/4.3.3/../../../../avr/lib/avrxmega6\libc.a(iob.o)
 .text          0x00007c10        0x0 c:/winavr-20100110/bin/../lib/gcc/avr/4.3.3/../../../../avr/lib/avrxmega6\libc.a(printf_p.o)
 .text          0x00007c10        0x0 c:/winavr-20100110/bin/../lib/gcc/avr/4.3.3/../../../../avr/lib/avrxmega6\libc.a(ultoa_invert.o)
 .text          0x00007c10        0x0 c:/winavr-20100110/bin/../lib/gcc/avr/4.3.3/../../../../avr/lib/avrxmega6\libc.a(errno.o)
 .text          0x00007c10        0x0 c:/winavr-20100110/bin/../lib/gcc/avr/4.3.3/../../../../avr/lib/avrxmega6\libc.a(cty_isfalse.o)
 .text          0x00007c10        0x0 c:/winavr-20100110/bin/../lib/gcc/avr/4.3.3/../../../../avr/lib/avrxmega6\libc.a(fgetc.o)
                0x00007c10                . = ALIGN (0x2)
 *(.text.*)
 .text.avr-libc
                0x00007c10      0x754 c:/winavr-20100110/bin/../lib/gcc/avr/4.3.3/../../../../avr/lib/avrxmega6\libprintf_flt.a(vfprintf_flt.o)
                0x00007c10                vfprintf
 .text.avr-libc.fplib
                0x00008364        0xa c:/winavr-20100110/bin/../lib/gcc/avr/4.3.3/../../../../avr/lib/avrxmega6\libm.a(addsf3.o)
                0x00008364                __subsf3
                0x00008366                __addsf3
 .text.avr-libc.fplib
                0x0000836e       0xc0 c:/winavr-20100110/bin/../lib/gcc/avr/4.3.3/../../../../avr/lib/avrxmega6\libm.a(addsf3x.o)
                0x00008388                __addsf3x
 .text.avr-libc.fplib
                0x0000842e       0x50 c:/winavr-20100110/bin/../lib/gcc/avr/4.3.3/../../../../avr/lib/avrxmega6\libm.a(atan.o)
                0x0000842e                atan
 .text.avr-libc.fplib
                0x0000847e       0x26 c:/winavr-20100110/bin/../lib/gcc/avr/4.3.3/../../../../avr/lib/avrxmega6\libm.a(ceil.o)
                0x0000847e                ceil
 .text.avr-libc.fplib
                0x000084a4        0x8 c:/winavr-20100110/bin/../lib/gcc/avr/4.3.3/../../../../avr/lib/avrxmega6\libm.a(cmpsf2.o)
                0x000084a4                __lesf2
                0x000084a4                __nesf2
                0x000084a4                __eqsf2
                0x000084a4                __cmpsf2
                0x000084a4                __ltsf2
 .text.avr-libc.fplib
                0x000084ac        0x6 c:/winavr-20100110/bin/../lib/gcc/avr/4.3.3/../../../../avr/lib/avrxmega6\libm.a(cos.o)
                0x000084ac                cos
 .text.avr-libc.fplib
                0x000084b2        0x4 c:/winavr-20100110/bin/../lib/gcc/avr/4.3.3/../../../../avr/lib/avrxmega6\libm.a(divsf3.o)
                0x000084b2                __divsf3
 .text.avr-libc.fplib
                0x000084b6       0xcc c:/winavr-20100110/bin/../lib/gcc/avr/4.3.3/../../../../avr/lib/avrxmega6\libm.a(divsf3x.o)
                0x000084cc                __divsf3x
                0x000084d0                __divsf3_pse
 .text.avr-libc.fplib
                0x00008582        0xa c:/winavr-20100110/bin/../lib/gcc/avr/4.3.3/../../../../avr/lib/avrxmega6\libm.a(fixsfsi.o)
                0x00008582                __fixsfsi
 .text.avr-libc.fplib
                0x0000858c       0x58 c:/winavr-20100110/bin/../lib/gcc/avr/4.3.3/../../../../avr/lib/avrxmega6\libm.a(fixunssfsi.o)
                0x0000858c                __fixunssfsi
 .text.avr-libc.fplib
                0x000085e4       0x7a c:/winavr-20100110/bin/../lib/gcc/avr/4.3.3/../../../../avr/lib/avrxmega6\libm.a(floatsisf.o)
                0x000085e8                __floatsisf
                0x000085e4                __floatunsisf
 .text.avr-libc.fplib
                0x0000865e       0x48 c:/winavr-20100110/bin/../lib/gcc/avr/4.3.3/../../../../avr/lib/avrxmega6\libm.a(fp_cmp.o)
                0x0000865e                __fp_cmp
 .text.avr-libc.fplib
                0x000086a6        0xc c:/winavr-20100110/bin/../lib/gcc/avr/4.3.3/../../../../avr/lib/avrxmega6\libm.a(fp_inf.o)
                0x000086a6                __fp_inf
 .text.avr-libc.fplib
                0x000086b2       0x36 c:/winavr-20100110/bin/../lib/gcc/avr/4.3.3/../../../../avr/lib/avrxmega6\libm.a(fp_mintl.o)
                0x000086b2                __fp_mintl
 .text.avr-libc.fplib
                0x000086e8       0x1c c:/winavr-20100110/bin/../lib/gcc/avr/4.3.3/../../../../avr/lib/avrxmega6\libm.a(fp_mpack.o)
                0x000086ec                __fp_mpack_finite
                0x000086e8                __fp_mpack
 .text.avr-libc.fplib
                0x00008704        0x6 c:/winavr-20100110/bin/../lib/gcc/avr/4.3.3/../../../../avr/lib/avrxmega6\libm.a(fp_nan.o)
                0x00008704                __fp_nan
 .text.avr-libc.fplib
                0x0000870a       0x4a c:/winavr-20100110/bin/../lib/gcc/avr/4.3.3/../../../../avr/lib/avrxmega6\libm.a(fp_powser.o)
                0x0000870a                __fp_powser
 .text.avr-libc.fplib
                0x00008754        0xe c:/winavr-20100110/bin/../lib/gcc/avr/4.3.3/../../../../avr/lib/avrxmega6\libm.a(fp_pscA.o)
                0x00008754                __fp_pscA
 .text.avr-libc.fplib
                0x00008762        0xe c:/winavr-20100110/bin/../lib/gcc/avr/4.3.3/../../../../avr/lib/avrxmega6\libm.a(fp_pscB.o)
                0x00008762                __fp_pscB
 .text.avr-libc.fplib
                0x00008770       0x50 c:/winavr-20100110/bin/../lib/gcc/avr/4.3.3/../../../../avr/lib/avrxmega6\libm.a(fp_rempio2.o)
                0x00008772                __fp_rempio2
 .text.avr-libc.fplib
                0x000087c0       0x22 c:/winavr-20100110/bin/../lib/gcc/avr/4.3.3/../../../../avr/lib/avrxmega6\libm.a(fp_round.o)
                0x000087c0                __fp_round
 .text.avr-libc.fplib
                0x000087e2       0x22 c:/winavr-20100110/bin/../lib/gcc/avr/4.3.3/../../../../avr/lib/avrxmega6\libm.a(fp_sinus.o)
                0x000087e2                __fp_sinus
 .text.avr-libc.fplib
                0x00008804       0x44 c:/winavr-20100110/bin/../lib/gcc/avr/4.3.3/../../../../avr/lib/avrxmega6\libm.a(fp_split3.o)
                0x00008804                __fp_split3
                0x00008814                __fp_splitA
 .text.avr-libc.fplib
                0x00008848       0x2e c:/winavr-20100110/bin/../lib/gcc/avr/4.3.3/../../../../avr/lib/avrxmega6\libm.a(fp_trunc.o)
                0x00008848                __fp_trunc
 .text.avr-libc.fplib
                0x00008876        0xe c:/winavr-20100110/bin/../lib/gcc/avr/4.3.3/../../../../avr/lib/avrxmega6\libm.a(fp_zero.o)
                0x00008876                __fp_zero
                0x00008878                __fp_szero
 .text.avr-libc.fplib
                0x00008884        0x8 c:/winavr-20100110/bin/../lib/gcc/avr/4.3.3/../../../../avr/lib/avrxmega6\libm.a(gesf2.o)
                0x00008884                __gtsf2
                0x00008884                __gesf2
 .text.avr-libc.fplib
                0x0000888c       0xc2 c:/winavr-20100110/bin/../lib/gcc/avr/4.3.3/../../../../avr/lib/avrxmega6\libm.a(hypot.o)
                0x0000889e                hypot
 .text.avr-libc.fplib
                0x0000894e        0xe c:/winavr-20100110/bin/../lib/gcc/avr/4.3.3/../../../../avr/lib/avrxmega6\libm.a(inverse.o)
                0x0000894e                inverse
 .text.avr-libc.fplib
                0x0000895c       0x6c c:/winavr-20100110/bin/../lib/gcc/avr/4.3.3/../../../../avr/lib/avrxmega6\libm.a(ldexp.o)
                0x00008960                ldexp
 .text.avr-libc.fplib
                0x000089c8       0x60 c:/winavr-20100110/bin/../lib/gcc/avr/4.3.3/../../../../avr/lib/avrxmega6\libm.a(lround.o)
                0x000089c8                lround
 .text.avr-libc.fplib
                0x00008a28        0x4 c:/winavr-20100110/bin/../lib/gcc/avr/4.3.3/../../../../avr/lib/avrxmega6\libm.a(mulsf3.o)
                0x00008a28                __mulsf3
 .text.avr-libc.fplib
                0x00008a2c       0xc2 c:/winavr-20100110/bin/../lib/gcc/avr/4.3.3/../../../../avr/lib/avrxmega6\libm.a(mulsf3x.o)
                0x00008a44                __mulsf3_pse
                0x00008a40                __mulsf3x
 .text.avr-libc.fplib
                0x00008aee        0xc c:/winavr-20100110/bin/../lib/gcc/avr/4.3.3/../../../../avr/lib/avrxmega6\libm.a(sin.o)
                0x00008aee                sin
 .text.avr-libc.fplib
                0x00008afa       0x84 c:/winavr-20100110/bin/../lib/gcc/avr/4.3.3/../../../../avr/lib/avrxmega6\libm.a(sqrt.o)
                0x00008b02                sqrt
 .text.avr-libc.fplib
                0x00008b7e        0x6 c:/winavr-20100110/bin/../lib/gcc/avr/4.3.3/../../../../avr/lib/avrxmega6\libm.a(square.o)
                0x00008b7e                square
 .text.avr-libc.fplib
                0x00008b84        0xe c:/winavr-20100110/bin/../lib/gcc/avr/4.3.3/../../../../avr/lib/avrxmega6\libm.a(trunc.o)
                0x00008b84                trunc
 .text.avr-libc.fplib
                0x00008b92        0x8 c:/winavr-20100110/bin/../lib/gcc/avr/4.3.3/../../../../avr/lib/avrxmega6\libm.a(unordsf2.o)
                0x00008b92                __unordsf2
 .text.avr-libc.fplib
                0x00008b9a        0xe c:/winavr-20100110/bin/../lib/gcc/avr/4.3.3/../../../../avr/lib/avrxmega6\libm.a(fp_norm2.o)
                0x00008b9a                __fp_norm2
 .text.avr-libc.fplib
                0x00008ba8       0x22 c:/winavr-20100110/bin/../lib/gcc/avr/4.3.3/../../../../avr/lib/avrxmega6\libm.a(fp_powsodd.o)
                0x00008ba8                __fp_powsodd
 .text.libgcc   0x00008bca        0x0 c:/winavr-20100110/bin/../lib/gcc/avr/4.3.3/avrxmega6\libgcc.a(_exit.o)
 .text.libgcc   0x00008bca        0x0 c:/winavr-20100110/bin/../lib/gcc/avr/4.3.3/avrxmega6\libgcc.a(_clear_bss.o)
 .text.libgcc   0x00008bca       0x3e c:/winavr-20100110/bin/../lib/gcc/avr/4.3.3/avrxmega6\libgcc.a(_mulsi3.o)
                0x00008bca                __mulsi3
 .text.libgcc   0x00008c08       0x44 c:/winavr-20100110/bin/../lib/gcc/avr/4.3.3/avrxmega6\libgcc.a(_udivmodsi4.o)
                0x00008c08                __udivmodsi4
 .text.libgcc   0x00008c4c       0x38 c:/winavr-20100110/bin/../lib/gcc/avr/4.3.3/avrxmega6\libgcc.a(_prologue.o)
                0x00008c4c                __prologue_saves__
 .text.libgcc   0x00008c84       0x36 c:/winavr-20100110/bin/../lib/gcc/avr/4.3.3/avrxmega6\libgcc.a(_epilogue.o)
                0x00008c84                __epilogue_restores__
 .text.avr-libc
                0x00008cba      0x2dc c:/winavr-20100110/bin/../lib/gcc/avr/4.3.3/../../../../avr/lib/avrxmega6\libc.a(strtod.o)
                0x00008cba                strtod
 .text.avr-libc
                0x00008f96       0x3c c:/winavr-20100110/bin/../lib/gcc/avr/4.3.3/../../../../avr/lib/avrxmega6\libc.a(atoi.o)
                0x00008f96                atoi
 .text.avr-libc
                0x00008fd2      0x1b0 c:/winavr-20100110/bin/../lib/gcc/avr/4.3.3/../../../../avr/lib/avrxmega6\libc.a(ftoa_engine.o)
                0x00008fd2                __ftoa_engine
 .text.avr-libc
                0x00009182       0x12 c:/winavr-20100110/bin/../lib/gcc/avr/4.3.3/../../../../avr/lib/avrxmega6\libc.a(isalpha.o)
                0x00009188                islower
                0x00009182                isupper
                0x00009186                isalpha
 .text.avr-libc
                0x00009194       0x10 c:/winavr-20100110/bin/../lib/gcc/avr/4.3.3/../../../../avr/lib/avrxmega6\libc.a(isspace.o)
                0x00009194                isspace
 .text.avr-libc
                0x000091a4       0x10 c:/winavr-20100110/bin/../lib/gcc/avr/4.3.3/../../../../avr/lib/avrxmega6\libc.a(toupper.o)
                0x000091a4                toupper
 .text.avr-libc
                0x000091b4       0x30 c:/winavr-20100110/bin/../lib/gcc/avr/4.3.3/../../../../avr/lib/avrxmega6\libc.a(strncasecmp_P.o)
                0x000091b4                strncasecmp_P
 .text.avr-libc
                0x000091e4       0x16 c:/winavr-20100110/bin/../lib/gcc/avr/4.3.3/../../../../avr/lib/avrxmega6\libc.a(strnlen_P.o)
                0x000091e4                strnlen_P
 .text.avr-libc
                0x000091fa       0x16 c:/winavr-20100110/bin/../lib/gcc/avr/4.3.3/../../../../avr/lib/avrxmega6\libc.a(strchr.o)
                0x000091fa                strchr
 .text.avr-libc
                0x00009210       0x16 c:/winavr-20100110/bin/../lib/gcc/avr/4.3.3/../../../../avr/lib/avrxmega6\libc.a(strnlen.o)
                0x00009210                strnlen
 .text.avr-libc
                0x00009226       0x10 c:/winavr-20100110/bin/../lib/gcc/avr/4.3.3/../../../../avr/lib/avrxmega6\libc.a(mul10.o)
                0x00009226                __mulhi_const_10
 .text.avr-libc
                0x00009236        0xa c:/winavr-20100110/bin/../lib/gcc/avr/4.3.3/../../../../avr/lib/avrxmega6\libc.a(clearerr.o)
                0x00009236                clearerr
 .text.avr-libc
                0x00009240       0x66 c:/winavr-20100110/bin/../lib/gcc/avr/4.3.3/../../../../avr/lib/avrxmega6\libc.a(fgets.o)
                0x00009240                fgets
 .text.avr-libc
                0x000092a6       0x58 c:/winavr-20100110/bin/../lib/gcc/avr/4.3.3/../../../../avr/lib/avrxmega6\libc.a(fputc.o)
                0x000092a6                fputc
 .text.avr-libc
                0x000092fe       0x46 c:/winavr-20100110/bin/../lib/gcc/avr/4.3.3/../../../../avr/lib/avrxmega6\libc.a(printf_p.o)
                0x000092fe                printf_P
 .text.avr-libc
                0x00009344       0xbc c:/winavr-20100110/bin/../lib/gcc/avr/4.3.3/../../../../avr/lib/avrxmega6\libc.a(ultoa_invert.o)
                0x00009344                __ultoa_invert
 .text.avr-libc
                0x00009400        0x6 c:/winavr-20100110/bin/../lib/gcc/avr/4.3.3/../../../../avr/lib/avrxmega6\libc.a(cty_isfalse.o)
                0x00009404                __ctype_istrue
                0x00009400                __ctype_isfalse
 .text.avr-libc
                0x00009406       0x84 c:/winavr-20100110/bin/../lib/gcc/avr/4.3.3/../../../../avr/lib/avrxmega6\libc.a(fgetc.o)
                0x00009406                fgetc
                0x0000948a                . = ALIGN (0x2)
 *(.fini9)
 .fini9         0x0000948a        0x0 c:/winavr-20100110/bin/../lib/gcc/avr/4.3.3/avrxmega6\libgcc.a(_exit.o)
                0x0000948a                exit
                0x0000948a                _exit
 *(.fini9)
 *(.fini8)
 *(.fini8)
 *(.fini7)
 *(.fini7)
 *(.fini6)
 *(.fini6)
 *(.fini5)
 *(.fini5)
 *(.fini4)
 *(.fini4)
 *(.fini3)
 *(.fini3)
 *(.fini2)
 *(.fini2)
 *(.fini1)
 *(.fini1)
 *(.fini0)
 .fini0         0x0000948a        0x4 c:/winavr-20100110/bin/../lib/gcc/avr/4.3.3/avrxmega6\libgcc.a(_exit.o)
 *(.fini0)
                0x0000948e                _etext = .

.data           0x00802000      0x110 load address 0x0000948e
                0x00802000                PROVIDE (__data_start, .)
 *(.data)
 .data          0x00802000        0x0 c:/winavr-20100110/bin/../lib/gcc/avr/4.3.3/../../../../avr/lib/avrxmega6/crtx256a3.o
 .data          0x00802000        0x0 c:/winavr-20100110/bin/../lib/gcc/avr/4.3.3/../../../../avr/lib/avrxmega6\libprintf_flt.a(vfprintf_flt.o)
 .data          0x00802000        0x0 main.o
 .data          0x00802000        0xf gcode.o
 .data          0x0080200f        0x0 config.o
 .data          0x0080200f        0x0 encoder.o
 .data          0x0080200f        0x0 xmega_init.o
 .data          0x0080200f        0x0 motion_control.o
 .data          0x0080200f        0x0 spindle_control.o
 .data          0x0080200f        0x0 stepper.o
 .data          0x0080200f        0x0 xmega_interrupts.o
 .data          0x0080200f        0x0 xio.o
 .data          0x0080200f        0x0 xmega_eeprom.o
 .data          0x0080200f        0x0 controller.o
 .data          0x0080200f        0x0 direct_drive.o
 .data          0x0080200f        0x0 move_buffer.o
 .data          0x0080200f        0x0 limit_switches.o
 .data          0x0080200f        0x0 signals.o
 .data          0x0080200f        0x0 xio_usart.o
 .data          0x0080200f        0x0 xio_usb.o
 .data          0x0080200f        0x0 xio_rs485.o
 .data          0x0080200f        0x0 xio_pgm.o
 .data          0x0080200f        0x0 network.o
 .data          0x0080200f        0x0 c:/winavr-20100110/bin/../lib/gcc/avr/4.3.3/../../../../avr/lib/avrxmega6\libm.a(addsf3.o)
 .data          0x0080200f        0x0 c:/winavr-20100110/bin/../lib/gcc/avr/4.3.3/../../../../avr/lib/avrxmega6\libm.a(addsf3x.o)
 .data          0x0080200f        0x0 c:/winavr-20100110/bin/../lib/gcc/avr/4.3.3/../../../../avr/lib/avrxmega6\libm.a(atan.o)
 .data          0x0080200f        0x0 c:/winavr-20100110/bin/../lib/gcc/avr/4.3.3/../../../../avr/lib/avrxmega6\libm.a(ceil.o)
 .data          0x0080200f        0x0 c:/winavr-20100110/bin/../lib/gcc/avr/4.3.3/../../../../avr/lib/avrxmega6\libm.a(cmpsf2.o)
 .data          0x0080200f        0x0 c:/winavr-20100110/bin/../lib/gcc/avr/4.3.3/../../../../avr/lib/avrxmega6\libm.a(cos.o)
 .data          0x0080200f        0x0 c:/winavr-20100110/bin/../lib/gcc/avr/4.3.3/../../../../avr/lib/avrxmega6\libm.a(divsf3.o)
 .data          0x0080200f        0x0 c:/winavr-20100110/bin/../lib/gcc/avr/4.3.3/../../../../avr/lib/avrxmega6\libm.a(divsf3x.o)
 .data          0x0080200f        0x0 c:/winavr-20100110/bin/../lib/gcc/avr/4.3.3/../../../../avr/lib/avrxmega6\libm.a(fixsfsi.o)
 .data          0x0080200f        0x0 c:/winavr-20100110/bin/../lib/gcc/avr/4.3.3/../../../../avr/lib/avrxmega6\libm.a(fixunssfsi.o)
 .data          0x0080200f        0x0 c:/winavr-20100110/bin/../lib/gcc/avr/4.3.3/../../../../avr/lib/avrxmega6\libm.a(floatsisf.o)
 .data          0x0080200f        0x0 c:/winavr-20100110/bin/../lib/gcc/avr/4.3.3/../../../../avr/lib/avrxmega6\libm.a(fp_cmp.o)
 .data          0x0080200f        0x0 c:/winavr-20100110/bin/../lib/gcc/avr/4.3.3/../../../../avr/lib/avrxmega6\libm.a(fp_inf.o)
 .data          0x0080200f        0x0 c:/winavr-20100110/bin/../lib/gcc/avr/4.3.3/../../../../avr/lib/avrxmega6\libm.a(fp_mintl.o)
 .data          0x0080200f        0x0 c:/winavr-20100110/bin/../lib/gcc/avr/4.3.3/../../../../avr/lib/avrxmega6\libm.a(fp_mpack.o)
 .data          0x0080200f        0x0 c:/winavr-20100110/bin/../lib/gcc/avr/4.3.3/../../../../avr/lib/avrxmega6\libm.a(fp_nan.o)
 .data          0x0080200f        0x0 c:/winavr-20100110/bin/../lib/gcc/avr/4.3.3/../../../../avr/lib/avrxmega6\libm.a(fp_powser.o)
 .data          0x0080200f        0x0 c:/winavr-20100110/bin/../lib/gcc/avr/4.3.3/../../../../avr/lib/avrxmega6\libm.a(fp_pscA.o)
 .data          0x0080200f        0x0 c:/winavr-20100110/bin/../lib/gcc/avr/4.3.3/../../../../avr/lib/avrxmega6\libm.a(fp_pscB.o)
 .data          0x0080200f        0x0 c:/winavr-20100110/bin/../lib/gcc/avr/4.3.3/../../../../avr/lib/avrxmega6\libm.a(fp_rempio2.o)
 .data          0x0080200f        0x0 c:/winavr-20100110/bin/../lib/gcc/avr/4.3.3/../../../../avr/lib/avrxmega6\libm.a(fp_round.o)
 .data          0x0080200f        0x0 c:/winavr-20100110/bin/../lib/gcc/avr/4.3.3/../../../../avr/lib/avrxmega6\libm.a(fp_sinus.o)
 .data          0x0080200f        0x0 c:/winavr-20100110/bin/../lib/gcc/avr/4.3.3/../../../../avr/lib/avrxmega6\libm.a(fp_split3.o)
 .data          0x0080200f        0x0 c:/winavr-20100110/bin/../lib/gcc/avr/4.3.3/../../../../avr/lib/avrxmega6\libm.a(fp_trunc.o)
 .data          0x0080200f        0x0 c:/winavr-20100110/bin/../lib/gcc/avr/4.3.3/../../../../avr/lib/avrxmega6\libm.a(fp_zero.o)
 .data          0x0080200f        0x0 c:/winavr-20100110/bin/../lib/gcc/avr/4.3.3/../../../../avr/lib/avrxmega6\libm.a(gesf2.o)
 .data          0x0080200f        0x0 c:/winavr-20100110/bin/../lib/gcc/avr/4.3.3/../../../../avr/lib/avrxmega6\libm.a(hypot.o)
 .data          0x0080200f        0x0 c:/winavr-20100110/bin/../lib/gcc/avr/4.3.3/../../../../avr/lib/avrxmega6\libm.a(inverse.o)
 .data          0x0080200f        0x0 c:/winavr-20100110/bin/../lib/gcc/avr/4.3.3/../../../../avr/lib/avrxmega6\libm.a(ldexp.o)
 .data          0x0080200f        0x0 c:/winavr-20100110/bin/../lib/gcc/avr/4.3.3/../../../../avr/lib/avrxmega6\libm.a(lround.o)
 .data          0x0080200f        0x0 c:/winavr-20100110/bin/../lib/gcc/avr/4.3.3/../../../../avr/lib/avrxmega6\libm.a(mulsf3.o)
 .data          0x0080200f        0x0 c:/winavr-20100110/bin/../lib/gcc/avr/4.3.3/../../../../avr/lib/avrxmega6\libm.a(mulsf3x.o)
 .data          0x0080200f        0x0 c:/winavr-20100110/bin/../lib/gcc/avr/4.3.3/../../../../avr/lib/avrxmega6\libm.a(sin.o)
 .data          0x0080200f        0x0 c:/winavr-20100110/bin/../lib/gcc/avr/4.3.3/../../../../avr/lib/avrxmega6\libm.a(sqrt.o)
 .data          0x0080200f        0x0 c:/winavr-20100110/bin/../lib/gcc/avr/4.3.3/../../../../avr/lib/avrxmega6\libm.a(square.o)
 .data          0x0080200f        0x0 c:/winavr-20100110/bin/../lib/gcc/avr/4.3.3/../../../../avr/lib/avrxmega6\libm.a(trunc.o)
 .data          0x0080200f        0x0 c:/winavr-20100110/bin/../lib/gcc/avr/4.3.3/../../../../avr/lib/avrxmega6\libm.a(unordsf2.o)
 .data          0x0080200f        0x0 c:/winavr-20100110/bin/../lib/gcc/avr/4.3.3/../../../../avr/lib/avrxmega6\libm.a(fp_norm2.o)
 .data          0x0080200f        0x0 c:/winavr-20100110/bin/../lib/gcc/avr/4.3.3/../../../../avr/lib/avrxmega6\libm.a(fp_powsodd.o)
 .data          0x0080200f        0x0 c:/winavr-20100110/bin/../lib/gcc/avr/4.3.3/avrxmega6\libgcc.a(_exit.o)
 .data          0x0080200f        0x0 c:/winavr-20100110/bin/../lib/gcc/avr/4.3.3/avrxmega6\libgcc.a(_clear_bss.o)
 .data          0x0080200f        0x0 c:/winavr-20100110/bin/../lib/gcc/avr/4.3.3/avrxmega6\libgcc.a(_lshrdi3.o)
 .data          0x0080200f        0x0 c:/winavr-20100110/bin/../lib/gcc/avr/4.3.3/avrxmega6\libgcc.a(_ashldi3.o)
 .data          0x0080200f        0x0 c:/winavr-20100110/bin/../lib/gcc/avr/4.3.3/avrxmega6\libgcc.a(_udivdi3.o)
 .data          0x0080200f        0x0 c:/winavr-20100110/bin/../lib/gcc/avr/4.3.3/avrxmega6\libgcc.a(_mulsi3.o)
 .data          0x0080200f        0x0 c:/winavr-20100110/bin/../lib/gcc/avr/4.3.3/avrxmega6\libgcc.a(_udivmodsi4.o)
 .data          0x0080200f        0x0 c:/winavr-20100110/bin/../lib/gcc/avr/4.3.3/avrxmega6\libgcc.a(_prologue.o)
 .data          0x0080200f        0x0 c:/winavr-20100110/bin/../lib/gcc/avr/4.3.3/avrxmega6\libgcc.a(_epilogue.o)
 .data          0x0080200f      0x100 c:/winavr-20100110/bin/../lib/gcc/avr/4.3.3/avrxmega6\libgcc.a(_clz.o)
                0x0080200f                __clz_tab
 .data          0x0080210f        0x0 c:/winavr-20100110/bin/../lib/gcc/avr/4.3.3/../../../../avr/lib/avrxmega6\libc.a(strtod.o)
 .data          0x0080210f        0x0 c:/winavr-20100110/bin/../lib/gcc/avr/4.3.3/../../../../avr/lib/avrxmega6\libc.a(atoi.o)
 .data          0x0080210f        0x0 c:/winavr-20100110/bin/../lib/gcc/avr/4.3.3/../../../../avr/lib/avrxmega6\libc.a(ftoa_engine.o)
 .data          0x0080210f        0x0 c:/winavr-20100110/bin/../lib/gcc/avr/4.3.3/../../../../avr/lib/avrxmega6\libc.a(isalpha.o)
 .data          0x0080210f        0x0 c:/winavr-20100110/bin/../lib/gcc/avr/4.3.3/../../../../avr/lib/avrxmega6\libc.a(isspace.o)
 .data          0x0080210f        0x0 c:/winavr-20100110/bin/../lib/gcc/avr/4.3.3/../../../../avr/lib/avrxmega6\libc.a(toupper.o)
 .data          0x0080210f        0x0 c:/winavr-20100110/bin/../lib/gcc/avr/4.3.3/../../../../avr/lib/avrxmega6\libc.a(strncasecmp_P.o)
 .data          0x0080210f        0x0 c:/winavr-20100110/bin/../lib/gcc/avr/4.3.3/../../../../avr/lib/avrxmega6\libc.a(strnlen_P.o)
 .data          0x0080210f        0x0 c:/winavr-20100110/bin/../lib/gcc/avr/4.3.3/../../../../avr/lib/avrxmega6\libc.a(strchr.o)
 .data          0x0080210f        0x0 c:/winavr-20100110/bin/../lib/gcc/avr/4.3.3/../../../../avr/lib/avrxmega6\libc.a(strnlen.o)
 .data          0x0080210f        0x0 c:/winavr-20100110/bin/../lib/gcc/avr/4.3.3/../../../../avr/lib/avrxmega6\libc.a(mul10.o)
 .data          0x0080210f        0x0 c:/winavr-20100110/bin/../lib/gcc/avr/4.3.3/../../../../avr/lib/avrxmega6\libc.a(clearerr.o)
 .data          0x0080210f        0x0 c:/winavr-20100110/bin/../lib/gcc/avr/4.3.3/../../../../avr/lib/avrxmega6\libc.a(fgets.o)
 .data          0x0080210f        0x0 c:/winavr-20100110/bin/../lib/gcc/avr/4.3.3/../../../../avr/lib/avrxmega6\libc.a(fputc.o)
 .data          0x0080210f        0x0 c:/winavr-20100110/bin/../lib/gcc/avr/4.3.3/../../../../avr/lib/avrxmega6\libc.a(iob.o)
 .data          0x0080210f        0x0 c:/winavr-20100110/bin/../lib/gcc/avr/4.3.3/../../../../avr/lib/avrxmega6\libc.a(printf_p.o)
 .data          0x0080210f        0x0 c:/winavr-20100110/bin/../lib/gcc/avr/4.3.3/../../../../avr/lib/avrxmega6\libc.a(ultoa_invert.o)
 .data          0x0080210f        0x0 c:/winavr-20100110/bin/../lib/gcc/avr/4.3.3/../../../../avr/lib/avrxmega6\libc.a(errno.o)
 .data          0x0080210f        0x0 c:/winavr-20100110/bin/../lib/gcc/avr/4.3.3/../../../../avr/lib/avrxmega6\libc.a(cty_isfalse.o)
 .data          0x0080210f        0x0 c:/winavr-20100110/bin/../lib/gcc/avr/4.3.3/../../../../avr/lib/avrxmega6\libc.a(fgetc.o)
 *(.data*)
 *(.rodata)
 *(.rodata*)
 *(.gnu.linkonce.d*)
                0x00802110                . = ALIGN (0x2)
 *fill*         0x0080210f        0x1 00
                0x00802110                _edata = .
                0x00802110                PROVIDE (__data_end, .)

.bss            0x00802110      0x9b9
                0x00802110                PROVIDE (__bss_start, .)
 *(.bss)
 .bss           0x00802110        0x0 c:/winavr-20100110/bin/../lib/gcc/avr/4.3.3/../../../../avr/lib/avrxmega6/crtx256a3.o
 .bss           0x00802110        0x0 c:/winavr-20100110/bin/../lib/gcc/avr/4.3.3/../../../../avr/lib/avrxmega6\libprintf_flt.a(vfprintf_flt.o)
 .bss           0x00802110        0x0 main.o
 .bss           0x00802110       0x56 gcode.o
 .bss           0x00802166        0x0 config.o
 .bss           0x00802166        0x1 encoder.o
 .bss           0x00802167        0x0 xmega_init.o
 .bss           0x00802167       0x2d motion_control.o
 .bss           0x00802194        0x0 spindle_control.o
 .bss           0x00802194        0x0 stepper.o
 .bss           0x00802194        0x0 xmega_interrupts.o
 .bss           0x00802194        0x0 xio.o
 .bss           0x00802194        0x0 xmega_eeprom.o
 .bss           0x00802194        0x0 controller.o
 .bss           0x00802194        0x0 direct_drive.o
 .bss           0x00802194       0x76 move_buffer.o
 .bss           0x0080220a        0x0 limit_switches.o
 .bss           0x0080220a        0x0 signals.o
 .bss           0x0080220a        0x1 xio_usart.o
 .bss           0x0080220b        0x0 xio_usb.o
 .bss           0x0080220b        0x0 xio_rs485.o
 .bss           0x0080220b        0x0 xio_pgm.o
 .bss           0x0080220b        0x0 network.o
 .bss           0x0080220b        0x0 c:/winavr-20100110/bin/../lib/gcc/avr/4.3.3/../../../../avr/lib/avrxmega6\libm.a(addsf3.o)
 .bss           0x0080220b        0x0 c:/winavr-20100110/bin/../lib/gcc/avr/4.3.3/../../../../avr/lib/avrxmega6\libm.a(addsf3x.o)
 .bss           0x0080220b        0x0 c:/winavr-20100110/bin/../lib/gcc/avr/4.3.3/../../../../avr/lib/avrxmega6\libm.a(atan.o)
 .bss           0x0080220b        0x0 c:/winavr-20100110/bin/../lib/gcc/avr/4.3.3/../../../../avr/lib/avrxmega6\libm.a(ceil.o)
 .bss           0x0080220b        0x0 c:/winavr-20100110/bin/../lib/gcc/avr/4.3.3/../../../../avr/lib/avrxmega6\libm.a(cmpsf2.o)
 .bss           0x0080220b        0x0 c:/winavr-20100110/bin/../lib/gcc/avr/4.3.3/../../../../avr/lib/avrxmega6\libm.a(cos.o)
 .bss           0x0080220b        0x0 c:/winavr-20100110/bin/../lib/gcc/avr/4.3.3/../../../../avr/lib/avrxmega6\libm.a(divsf3.o)
 .bss           0x0080220b        0x0 c:/winavr-20100110/bin/../lib/gcc/avr/4.3.3/../../../../avr/lib/avrxmega6\libm.a(divsf3x.o)
 .bss           0x0080220b        0x0 c:/winavr-20100110/bin/../lib/gcc/avr/4.3.3/../../../../avr/lib/avrxmega6\libm.a(fixsfsi.o)
 .bss           0x0080220b        0x0 c:/winavr-20100110/bin/../lib/gcc/avr/4.3.3/../../../../avr/lib/avrxmega6\libm.a(fixunssfsi.o)
 .bss           0x0080220b        0x0 c:/winavr-20100110/bin/../lib/gcc/avr/4.3.3/../../../../avr/lib/avrxmega6\libm.a(floatsisf.o)
 .bss           0x0080220b        0x0 c:/winavr-20100110/bin/../lib/gcc/avr/4.3.3/../../../../avr/lib/avrxmega6\libm.a(fp_cmp.o)
 .bss           0x0080220b        0x0 c:/winavr-20100110/bin/../lib/gcc/avr/4.3.3/../../../../avr/lib/avrxmega6\libm.a(fp_inf.o)
 .bss           0x0080220b        0x0 c:/winavr-20100110/bin/../lib/gcc/avr/4.3.3/../../../../avr/lib/avrxmega6\libm.a(fp_mintl.o)
 .bss           0x0080220b        0x0 c:/winavr-20100110/bin/../lib/gcc/avr/4.3.3/../../../../avr/lib/avrxmega6\libm.a(fp_mpack.o)
 .bss           0x0080220b        0x0 c:/winavr-20100110/bin/../lib/gcc/avr/4.3.3/../../../../avr/lib/avrxmega6\libm.a(fp_nan.o)
 .bss           0x0080220b        0x0 c:/winavr-20100110/bin/../lib/gcc/avr/4.3.3/../../../../avr/lib/avrxmega6\libm.a(fp_powser.o)
 .bss           0x0080220b        0x0 c:/winavr-20100110/bin/../lib/gcc/avr/4.3.3/../../../../avr/lib/avrxmega6\libm.a(fp_pscA.o)
 .bss           0x0080220b        0x0 c:/winavr-20100110/bin/../lib/gcc/avr/4.3.3/../../../../avr/lib/avrxmega6\libm.a(fp_pscB.o)
 .bss           0x0080220b        0x0 c:/winavr-20100110/bin/../lib/gcc/avr/4.3.3/../../../../avr/lib/avrxmega6\libm.a(fp_rempio2.o)
 .bss           0x0080220b        0x0 c:/winavr-20100110/bin/../lib/gcc/avr/4.3.3/../../../../avr/lib/avrxmega6\libm.a(fp_round.o)
 .bss           0x0080220b        0x0 c:/winavr-20100110/bin/../lib/gcc/avr/4.3.3/../../../../avr/lib/avrxmega6\libm.a(fp_sinus.o)
 .bss           0x0080220b        0x0 c:/winavr-20100110/bin/../lib/gcc/avr/4.3.3/../../../../avr/lib/avrxmega6\libm.a(fp_split3.o)
 .bss           0x0080220b        0x0 c:/winavr-20100110/bin/../lib/gcc/avr/4.3.3/../../../../avr/lib/avrxmega6\libm.a(fp_trunc.o)
 .bss           0x0080220b        0x0 c:/winavr-20100110/bin/../lib/gcc/avr/4.3.3/../../../../avr/lib/avrxmega6\libm.a(fp_zero.o)
 .bss           0x0080220b        0x0 c:/winavr-20100110/bin/../lib/gcc/avr/4.3.3/../../../../avr/lib/avrxmega6\libm.a(gesf2.o)
 .bss           0x0080220b        0x0 c:/winavr-20100110/bin/../lib/gcc/avr/4.3.3/../../../../avr/lib/avrxmega6\libm.a(hypot.o)
 .bss           0x0080220b        0x0 c:/winavr-20100110/bin/../lib/gcc/avr/4.3.3/../../../../avr/lib/avrxmega6\libm.a(inverse.o)
 .bss           0x0080220b        0x0 c:/winavr-20100110/bin/../lib/gcc/avr/4.3.3/../../../../avr/lib/avrxmega6\libm.a(ldexp.o)
 .bss           0x0080220b        0x0 c:/winavr-20100110/bin/../lib/gcc/avr/4.3.3/../../../../avr/lib/avrxmega6\libm.a(lround.o)
 .bss           0x0080220b        0x0 c:/winavr-20100110/bin/../lib/gcc/avr/4.3.3/../../../../avr/lib/avrxmega6\libm.a(mulsf3.o)
 .bss           0x0080220b        0x0 c:/winavr-20100110/bin/../lib/gcc/avr/4.3.3/../../../../avr/lib/avrxmega6\libm.a(mulsf3x.o)
 .bss           0x0080220b        0x0 c:/winavr-20100110/bin/../lib/gcc/avr/4.3.3/../../../../avr/lib/avrxmega6\libm.a(sin.o)
 .bss           0x0080220b        0x0 c:/winavr-20100110/bin/../lib/gcc/avr/4.3.3/../../../../avr/lib/avrxmega6\libm.a(sqrt.o)
 .bss           0x0080220b        0x0 c:/winavr-20100110/bin/../lib/gcc/avr/4.3.3/../../../../avr/lib/avrxmega6\libm.a(square.o)
 .bss           0x0080220b        0x0 c:/winavr-20100110/bin/../lib/gcc/avr/4.3.3/../../../../avr/lib/avrxmega6\libm.a(trunc.o)
 .bss           0x0080220b        0x0 c:/winavr-20100110/bin/../lib/gcc/avr/4.3.3/../../../../avr/lib/avrxmega6\libm.a(unordsf2.o)
 .bss           0x0080220b        0x0 c:/winavr-20100110/bin/../lib/gcc/avr/4.3.3/../../../../avr/lib/avrxmega6\libm.a(fp_norm2.o)
 .bss           0x0080220b        0x0 c:/winavr-20100110/bin/../lib/gcc/avr/4.3.3/../../../../avr/lib/avrxmega6\libm.a(fp_powsodd.o)
 .bss           0x0080220b        0x0 c:/winavr-20100110/bin/../lib/gcc/avr/4.3.3/avrxmega6\libgcc.a(_exit.o)
 .bss           0x0080220b        0x0 c:/winavr-20100110/bin/../lib/gcc/avr/4.3.3/avrxmega6\libgcc.a(_clear_bss.o)
 .bss           0x0080220b        0x0 c:/winavr-20100110/bin/../lib/gcc/avr/4.3.3/avrxmega6\libgcc.a(_lshrdi3.o)
 .bss           0x0080220b        0x0 c:/winavr-20100110/bin/../lib/gcc/avr/4.3.3/avrxmega6\libgcc.a(_ashldi3.o)
 .bss           0x0080220b        0x0 c:/winavr-20100110/bin/../lib/gcc/avr/4.3.3/avrxmega6\libgcc.a(_udivdi3.o)
 .bss           0x0080220b        0x0 c:/winavr-20100110/bin/../lib/gcc/avr/4.3.3/avrxmega6\libgcc.a(_mulsi3.o)
 .bss           0x0080220b        0x0 c:/winavr-20100110/bin/../lib/gcc/avr/4.3.3/avrxmega6\libgcc.a(_udivmodsi4.o)
 .bss           0x0080220b        0x0 c:/winavr-20100110/bin/../lib/gcc/avr/4.3.3/avrxmega6\libgcc.a(_prologue.o)
 .bss           0x0080220b        0x0 c:/winavr-20100110/bin/../lib/gcc/avr/4.3.3/avrxmega6\libgcc.a(_epilogue.o)
 .bss           0x0080220b        0x0 c:/winavr-20100110/bin/../lib/gcc/avr/4.3.3/avrxmega6\libgcc.a(_clz.o)
 .bss           0x0080220b        0x0 c:/winavr-20100110/bin/../lib/gcc/avr/4.3.3/../../../../avr/lib/avrxmega6\libc.a(strtod.o)
 .bss           0x0080220b        0x0 c:/winavr-20100110/bin/../lib/gcc/avr/4.3.3/../../../../avr/lib/avrxmega6\libc.a(atoi.o)
 .bss           0x0080220b        0x0 c:/winavr-20100110/bin/../lib/gcc/avr/4.3.3/../../../../avr/lib/avrxmega6\libc.a(ftoa_engine.o)
 .bss           0x0080220b        0x0 c:/winavr-20100110/bin/../lib/gcc/avr/4.3.3/../../../../avr/lib/avrxmega6\libc.a(isalpha.o)
 .bss           0x0080220b        0x0 c:/winavr-20100110/bin/../lib/gcc/avr/4.3.3/../../../../avr/lib/avrxmega6\libc.a(isspace.o)
 .bss           0x0080220b        0x0 c:/winavr-20100110/bin/../lib/gcc/avr/4.3.3/../../../../avr/lib/avrxmega6\libc.a(toupper.o)
 .bss           0x0080220b        0x0 c:/winavr-20100110/bin/../lib/gcc/avr/4.3.3/../../../../avr/lib/avrxmega6\libc.a(strncasecmp_P.o)
 .bss           0x0080220b        0x0 c:/winavr-20100110/bin/../lib/gcc/avr/4.3.3/../../../../avr/lib/avrxmega6\libc.a(strnlen_P.o)
 .bss           0x0080220b        0x0 c:/winavr-20100110/bin/../lib/gcc/avr/4.3.3/../../../../avr/lib/avrxmega6\libc.a(strchr.o)
 .bss           0x0080220b        0x0 c:/winavr-20100110/bin/../lib/gcc/avr/4.3.3/../../../../avr/lib/avrxmega6\libc.a(strnlen.o)
 .bss           0x0080220b        0x0 c:/winavr-20100110/bin/../lib/gcc/avr/4.3.3/../../../../avr/lib/avrxmega6\libc.a(mul10.o)
 .bss           0x0080220b        0x0 c:/winavr-20100110/bin/../lib/gcc/avr/4.3.3/../../../../avr/lib/avrxmega6\libc.a(clearerr.o)
 .bss           0x0080220b        0x0 c:/winavr-20100110/bin/../lib/gcc/avr/4.3.3/../../../../avr/lib/avrxmega6\libc.a(fgets.o)
 .bss           0x0080220b        0x0 c:/winavr-20100110/bin/../lib/gcc/avr/4.3.3/../../../../avr/lib/avrxmega6\libc.a(fputc.o)
 .bss           0x0080220b        0x0 c:/winavr-20100110/bin/../lib/gcc/avr/4.3.3/../../../../avr/lib/avrxmega6\libc.a(iob.o)
 .bss           0x0080220b        0x0 c:/winavr-20100110/bin/../lib/gcc/avr/4.3.3/../../../../avr/lib/avrxmega6\libc.a(printf_p.o)
 .bss           0x0080220b        0x0 c:/winavr-20100110/bin/../lib/gcc/avr/4.3.3/../../../../avr/lib/avrxmega6\libc.a(ultoa_invert.o)
 .bss           0x0080220b        0x0 c:/winavr-20100110/bin/../lib/gcc/avr/4.3.3/../../../../avr/lib/avrxmega6\libc.a(errno.o)
 .bss           0x0080220b        0x0 c:/winavr-20100110/bin/../lib/gcc/avr/4.3.3/../../../../avr/lib/avrxmega6\libc.a(cty_isfalse.o)
 .bss           0x0080220b        0x0 c:/winavr-20100110/bin/../lib/gcc/avr/4.3.3/../../../../avr/lib/avrxmega6\libc.a(fgetc.o)
 *(.bss*)
 *(COMMON)
 COMMON         0x0080220b       0xb2 main.o
                0x0080220b                ax
                0x0080224f                cfg
 COMMON         0x008022bd       0x41 motion_control.o
                0x008022bd                ma
 COMMON         0x008022fe      0x755 xio.o
                0x008022fe                us
                0x00802919                fs
                0x0080292b                ds
                0x008029e3                ss
 COMMON         0x00802a53       0x57 controller.o
                0x00802a53                tg
 COMMON         0x00802aaa       0x17 direct_drive.o
                0x00802aaa                dd
 COMMON         0x00802ac1        0x6 c:/winavr-20100110/bin/../lib/gcc/avr/4.3.3/../../../../avr/lib/avrxmega6\libc.a(iob.o)
                0x00802ac1                __iob
 COMMON         0x00802ac7        0x2 c:/winavr-20100110/bin/../lib/gcc/avr/4.3.3/../../../../avr/lib/avrxmega6\libc.a(errno.o)
                0x00802ac7                errno
                0x00802ac9                PROVIDE (__bss_end, .)
                0x0000948e                __data_load_start = LOADADDR (.data)
                0x0000959e                __data_load_end = (__data_load_start + SIZEOF (.data))

.noinit         0x00802ac9        0x0
                0x00802ac9                PROVIDE (__noinit_start, .)
 *(.noinit*)
                0x00802ac9                PROVIDE (__noinit_end, .)
                0x00802ac9                _end = .
                0x00802ac9                PROVIDE (__heap_start, .)

.eeprom         0x00810000        0x0
 *(.eeprom*)
                0x00810000                __eeprom_end = .

.fuse
 *(.fuse)
 *(.lfuse)
 *(.hfuse)
 *(.efuse)

.lock
 *(.lock*)

.signature
 *(.signature*)

.stab
 *(.stab)

.stabstr
 *(.stabstr)

.stab.excl
 *(.stab.excl)

.stab.exclstr
 *(.stab.exclstr)

.stab.index
 *(.stab.index)

.stab.indexstr
 *(.stab.indexstr)

.comment
 *(.comment)

.debug
 *(.debug)

.line
 *(.line)

.debug_srcinfo
 *(.debug_srcinfo)

.debug_sfnames
 *(.debug_sfnames)

.debug_aranges  0x00000000      0x3e0
 *(.debug_aranges)
 .debug_aranges
                0x00000000       0x20 c:/winavr-20100110/bin/../lib/gcc/avr/4.3.3/../../../../avr/lib/avrxmega6\libprintf_flt.a(vfprintf_flt.o)
 .debug_aranges
                0x00000020       0x20 main.o
 .debug_aranges
                0x00000040       0x20 gcode.o
 .debug_aranges
                0x00000060       0x20 config.o
 .debug_aranges
                0x00000080       0x20 encoder.o
 .debug_aranges
                0x000000a0       0x20 xmega_init.o
 .debug_aranges
                0x000000c0       0x20 motion_control.o
 .debug_aranges
                0x000000e0       0x20 spindle_control.o
 .debug_aranges
                0x00000100       0x20 stepper.o
 .debug_aranges
                0x00000120       0x20 xmega_interrupts.o
 .debug_aranges
                0x00000140       0x20 xio.o
 .debug_aranges
                0x00000160       0x20 xmega_eeprom.o
 .debug_aranges
                0x00000180       0x20 controller.o
 .debug_aranges
                0x000001a0       0x20 direct_drive.o
 .debug_aranges
                0x000001c0       0x20 move_buffer.o
 .debug_aranges
                0x000001e0       0x20 limit_switches.o
 .debug_aranges
                0x00000200       0x20 signals.o
 .debug_aranges
                0x00000220       0x20 xio_usart.o
 .debug_aranges
                0x00000240       0x20 xio_usb.o
 .debug_aranges
                0x00000260       0x20 xio_rs485.o
 .debug_aranges
                0x00000280       0x20 xio_pgm.o
 .debug_aranges
                0x000002a0       0x20 network.o
 .debug_aranges
                0x000002c0       0x20 c:/winavr-20100110/bin/../lib/gcc/avr/4.3.3/avrxmega6\libgcc.a(_lshrdi3.o)
 .debug_aranges
                0x000002e0       0x20 c:/winavr-20100110/bin/../lib/gcc/avr/4.3.3/avrxmega6\libgcc.a(_ashldi3.o)
 .debug_aranges
                0x00000300       0x20 c:/winavr-20100110/bin/../lib/gcc/avr/4.3.3/avrxmega6\libgcc.a(_udivdi3.o)
 .debug_aranges
                0x00000320       0x20 c:/winavr-20100110/bin/../lib/gcc/avr/4.3.3/../../../../avr/lib/avrxmega6\libc.a(strtod.o)
 .debug_aranges
                0x00000340       0x20 c:/winavr-20100110/bin/../lib/gcc/avr/4.3.3/../../../../avr/lib/avrxmega6\libc.a(clearerr.o)
 .debug_aranges
                0x00000360       0x20 c:/winavr-20100110/bin/../lib/gcc/avr/4.3.3/../../../../avr/lib/avrxmega6\libc.a(fgets.o)
 .debug_aranges
                0x00000380       0x20 c:/winavr-20100110/bin/../lib/gcc/avr/4.3.3/../../../../avr/lib/avrxmega6\libc.a(fputc.o)
 .debug_aranges
                0x000003a0       0x20 c:/winavr-20100110/bin/../lib/gcc/avr/4.3.3/../../../../avr/lib/avrxmega6\libc.a(printf_p.o)
 .debug_aranges
                0x000003c0       0x20 c:/winavr-20100110/bin/../lib/gcc/avr/4.3.3/../../../../avr/lib/avrxmega6\libc.a(fgetc.o)

.debug_pubnames
                0x00000000     0x1193
 *(.debug_pubnames)
 .debug_pubnames
                0x00000000       0x1f c:/winavr-20100110/bin/../lib/gcc/avr/4.3.3/../../../../avr/lib/avrxmega6\libprintf_flt.a(vfprintf_flt.o)
 .debug_pubnames
                0x0000001f       0x2a main.o
 .debug_pubnames
                0x00000049       0x93 gcode.o
 .debug_pubnames
                0x000000dc       0xfe config.o
 .debug_pubnames
                0x000001da       0x48 encoder.o
 .debug_pubnames
                0x00000222       0x44 xmega_init.o
 .debug_pubnames
                0x00000266      0x11b motion_control.o
 .debug_pubnames
                0x00000381       0x4b spindle_control.o
 .debug_pubnames
                0x000003cc       0xe0 stepper.o
 .debug_pubnames
                0x000004ac       0x5b xmega_interrupts.o
 .debug_pubnames
                0x00000507       0xbe xio.o
 .debug_pubnames
                0x000005c5      0x15e xmega_eeprom.o
 .debug_pubnames
                0x00000723      0x3d1 controller.o
 .debug_pubnames
                0x00000af4       0x42 direct_drive.o
 .debug_pubnames
                0x00000b36       0x9e move_buffer.o
 .debug_pubnames
                0x00000bd4       0xaf limit_switches.o
 .debug_pubnames
                0x00000c83       0x4d signals.o
 .debug_pubnames
                0x00000cd0       0xc5 xio_usart.o
 .debug_pubnames
                0x00000d95       0xd4 xio_usb.o
 .debug_pubnames
                0x00000e69       0xf4 xio_rs485.o
 .debug_pubnames
                0x00000f5d       0x90 xio_pgm.o
 .debug_pubnames
                0x00000fed       0x3f network.o
 .debug_pubnames
                0x0000102c       0x20 c:/winavr-20100110/bin/../lib/gcc/avr/4.3.3/avrxmega6\libgcc.a(_lshrdi3.o)
 .debug_pubnames
                0x0000104c       0x20 c:/winavr-20100110/bin/../lib/gcc/avr/4.3.3/avrxmega6\libgcc.a(_ashldi3.o)
 .debug_pubnames
                0x0000106c       0x20 c:/winavr-20100110/bin/../lib/gcc/avr/4.3.3/avrxmega6\libgcc.a(_udivdi3.o)
 .debug_pubnames
                0x0000108c       0x20 c:/winavr-20100110/bin/../lib/gcc/avr/4.3.3/avrxmega6\libgcc.a(_clz.o)
 .debug_pubnames
                0x000010ac       0x1d c:/winavr-20100110/bin/../lib/gcc/avr/4.3.3/../../../../avr/lib/avrxmega6\libc.a(strtod.o)
 .debug_pubnames
                0x000010c9       0x1f c:/winavr-20100110/bin/../lib/gcc/avr/4.3.3/../../../../avr/lib/avrxmega6\libc.a(clearerr.o)
 .debug_pubnames
                0x000010e8       0x1c c:/winavr-20100110/bin/../lib/gcc/avr/4.3.3/../../../../avr/lib/avrxmega6\libc.a(fgets.o)
 .debug_pubnames
                0x00001104       0x1c c:/winavr-20100110/bin/../lib/gcc/avr/4.3.3/../../../../avr/lib/avrxmega6\libc.a(fputc.o)
 .debug_pubnames
                0x00001120       0x1c c:/winavr-20100110/bin/../lib/gcc/avr/4.3.3/../../../../avr/lib/avrxmega6\libc.a(iob.o)
 .debug_pubnames
                0x0000113c       0x1f c:/winavr-20100110/bin/../lib/gcc/avr/4.3.3/../../../../avr/lib/avrxmega6\libc.a(printf_p.o)
 .debug_pubnames
                0x0000115b       0x1c c:/winavr-20100110/bin/../lib/gcc/avr/4.3.3/../../../../avr/lib/avrxmega6\libc.a(errno.o)
 .debug_pubnames
                0x00001177       0x1c c:/winavr-20100110/bin/../lib/gcc/avr/4.3.3/../../../../avr/lib/avrxmega6\libc.a(fgetc.o)

.debug_info     0x00000000     0xdc54
 *(.debug_info)
 .debug_info    0x00000000      0x421 c:/winavr-20100110/bin/../lib/gcc/avr/4.3.3/../../../../avr/lib/avrxmega6\libprintf_flt.a(vfprintf_flt.o)
 .debug_info    0x00000421      0xab4 main.o
 .debug_info    0x00000ed5      0x932 gcode.o
 .debug_info    0x00001807      0xef0 config.o
 .debug_info    0x000026f7      0xaab encoder.o
 .debug_info    0x000031a2      0x244 xmega_init.o
 .debug_info    0x000033e6      0xfa4 motion_control.o
 .debug_info    0x0000438a      0x91b spindle_control.o
 .debug_info    0x00004ca5      0xbfb stepper.o
 .debug_info    0x000058a0      0x10b xmega_interrupts.o
 .debug_info    0x000059ab      0x9c3 xio.o
 .debug_info    0x0000636e      0x620 xmega_eeprom.o
 .debug_info    0x0000698e     0x1500 controller.o
 .debug_info    0x00007e8e      0xabe direct_drive.o
 .debug_info    0x0000894c      0xc06 move_buffer.o
 .debug_info    0x00009552      0xbc2 limit_switches.o
 .debug_info    0x0000a114       0xb4 signals.o
 .debug_info    0x0000a1c8      0xd0a xio_usart.o
 .debug_info    0x0000aed2      0x810 xio_usb.o
 .debug_info    0x0000b6e2      0x84a xio_rs485.o
 .debug_info    0x0000bf2c      0x58d xio_pgm.o
 .debug_info    0x0000c4b9       0xff network.o
 .debug_info    0x0000c5b8      0x17f c:/winavr-20100110/bin/../lib/gcc/avr/4.3.3/avrxmega6\libgcc.a(_lshrdi3.o)
 .debug_info    0x0000c737      0x17f c:/winavr-20100110/bin/../lib/gcc/avr/4.3.3/avrxmega6\libgcc.a(_ashldi3.o)
 .debug_info    0x0000c8b6      0x71e c:/winavr-20100110/bin/../lib/gcc/avr/4.3.3/avrxmega6\libgcc.a(_udivdi3.o)
 .debug_info    0x0000cfd4       0xa9 c:/winavr-20100110/bin/../lib/gcc/avr/4.3.3/avrxmega6\libgcc.a(_clz.o)
 .debug_info    0x0000d07d      0x2ca c:/winavr-20100110/bin/../lib/gcc/avr/4.3.3/../../../../avr/lib/avrxmega6\libc.a(strtod.o)
 .debug_info    0x0000d347      0x159 c:/winavr-20100110/bin/../lib/gcc/avr/4.3.3/../../../../avr/lib/avrxmega6\libc.a(clearerr.o)
 .debug_info    0x0000d4a0      0x196 c:/winavr-20100110/bin/../lib/gcc/avr/4.3.3/../../../../avr/lib/avrxmega6\libc.a(fgets.o)
 .debug_info    0x0000d636      0x16a c:/winavr-20100110/bin/../lib/gcc/avr/4.3.3/../../../../avr/lib/avrxmega6\libc.a(fputc.o)
 .debug_info    0x0000d7a0      0x156 c:/winavr-20100110/bin/../lib/gcc/avr/4.3.3/../../../../avr/lib/avrxmega6\libc.a(iob.o)
 .debug_info    0x0000d8f6      0x1b4 c:/winavr-20100110/bin/../lib/gcc/avr/4.3.3/../../../../avr/lib/avrxmega6\libc.a(printf_p.o)
 .debug_info    0x0000daaa       0x3f c:/winavr-20100110/bin/../lib/gcc/avr/4.3.3/../../../../avr/lib/avrxmega6\libc.a(errno.o)
 .debug_info    0x0000dae9      0x16b c:/winavr-20100110/bin/../lib/gcc/avr/4.3.3/../../../../avr/lib/avrxmega6\libc.a(fgetc.o)
 *(.gnu.linkonce.wi.*)

.debug_abbrev   0x00000000     0x2fee
 *(.debug_abbrev)
 .debug_abbrev  0x00000000      0x191 c:/winavr-20100110/bin/../lib/gcc/avr/4.3.3/../../../../avr/lib/avrxmega6\libprintf_flt.a(vfprintf_flt.o)
 .debug_abbrev  0x00000191      0x128 main.o
 .debug_abbrev  0x000002b9      0x2aa gcode.o
 .debug_abbrev  0x00000563      0x292 config.o
 .debug_abbrev  0x000007f5      0x185 encoder.o
 .debug_abbrev  0x0000097a      0x14b xmega_init.o
 .debug_abbrev  0x00000ac5      0x20d motion_control.o
 .debug_abbrev  0x00000cd2      0x162 spindle_control.o
 .debug_abbrev  0x00000e34      0x1cb stepper.o
 .debug_abbrev  0x00000fff       0xb6 xmega_interrupts.o
 .debug_abbrev  0x000010b5      0x1f7 xio.o
 .debug_abbrev  0x000012ac      0x1b3 xmega_eeprom.o
 .debug_abbrev  0x0000145f      0x2d7 controller.o
 .debug_abbrev  0x00001736      0x155 direct_drive.o
 .debug_abbrev  0x0000188b      0x1a8 move_buffer.o
 .debug_abbrev  0x00001a33      0x19b limit_switches.o
 .debug_abbrev  0x00001bce       0x46 signals.o
 .debug_abbrev  0x00001c14      0x36d xio_usart.o
 .debug_abbrev  0x00001f81      0x1aa xio_usb.o
 .debug_abbrev  0x0000212b      0x1aa xio_rs485.o
 .debug_abbrev  0x000022d5      0x1fc xio_pgm.o
 .debug_abbrev  0x000024d1       0x93 network.o
 .debug_abbrev  0x00002564       0xee c:/winavr-20100110/bin/../lib/gcc/avr/4.3.3/avrxmega6\libgcc.a(_lshrdi3.o)
 .debug_abbrev  0x00002652       0xee c:/winavr-20100110/bin/../lib/gcc/avr/4.3.3/avrxmega6\libgcc.a(_ashldi3.o)
 .debug_abbrev  0x00002740      0x181 c:/winavr-20100110/bin/../lib/gcc/avr/4.3.3/avrxmega6\libgcc.a(_udivdi3.o)
 .debug_abbrev  0x000028c1       0x6a c:/winavr-20100110/bin/../lib/gcc/avr/4.3.3/avrxmega6\libgcc.a(_clz.o)
 .debug_abbrev  0x0000292b      0x14a c:/winavr-20100110/bin/../lib/gcc/avr/4.3.3/../../../../avr/lib/avrxmega6\libc.a(strtod.o)
 .debug_abbrev  0x00002a75       0xca c:/winavr-20100110/bin/../lib/gcc/avr/4.3.3/../../../../avr/lib/avrxmega6\libc.a(clearerr.o)
 .debug_abbrev  0x00002b3f       0xea c:/winavr-20100110/bin/../lib/gcc/avr/4.3.3/../../../../avr/lib/avrxmega6\libc.a(fgets.o)
 .debug_abbrev  0x00002c29       0xdb c:/winavr-20100110/bin/../lib/gcc/avr/4.3.3/../../../../avr/lib/avrxmega6\libc.a(fputc.o)
 .debug_abbrev  0x00002d04       0xd0 c:/winavr-20100110/bin/../lib/gcc/avr/4.3.3/../../../../avr/lib/avrxmega6\libc.a(iob.o)
 .debug_abbrev  0x00002dd4      0x10f c:/winavr-20100110/bin/../lib/gcc/avr/4.3.3/../../../../avr/lib/avrxmega6\libc.a(printf_p.o)
 .debug_abbrev  0x00002ee3       0x30 c:/winavr-20100110/bin/../lib/gcc/avr/4.3.3/../../../../avr/lib/avrxmega6\libc.a(errno.o)
 .debug_abbrev  0x00002f13       0xdb c:/winavr-20100110/bin/../lib/gcc/avr/4.3.3/../../../../avr/lib/avrxmega6\libc.a(fgetc.o)

.debug_line     0x00000000     0x4fae
 *(.debug_line)
 .debug_line    0x00000000      0x723 c:/winavr-20100110/bin/../lib/gcc/avr/4.3.3/../../../../avr/lib/avrxmega6\libprintf_flt.a(vfprintf_flt.o)
 .debug_line    0x00000723      0x191 main.o
 .debug_line    0x000008b4      0x6fe gcode.o
 .debug_line    0x00000fb2      0x559 config.o
 .debug_line    0x0000150b      0x19c encoder.o
 .debug_line    0x000016a7      0x182 xmega_init.o
 .debug_line    0x00001829      0x563 motion_control.o
 .debug_line    0x00001d8c      0x147 spindle_control.o
 .debug_line    0x00001ed3      0x57b stepper.o
 .debug_line    0x0000244e      0x123 xmega_interrupts.o
 .debug_line    0x00002571      0x339 xio.o
 .debug_line    0x000028aa      0x41d xmega_eeprom.o
 .debug_line    0x00002cc7      0x34a controller.o
 .debug_line    0x00003011      0x108 direct_drive.o
 .debug_line    0x00003119      0x2e2 move_buffer.o
 .debug_line    0x000033fb      0x1fb limit_switches.o
 .debug_line    0x000035f6       0xa0 signals.o
 .debug_line    0x00003696      0x568 xio_usart.o
 .debug_line    0x00003bfe      0x232 xio_usb.o
 .debug_line    0x00003e30      0x24c xio_rs485.o
 .debug_line    0x0000407c      0x251 xio_pgm.o
 .debug_line    0x000042cd       0xc1 network.o
 .debug_line    0x0000438e       0xd7 c:/winavr-20100110/bin/../lib/gcc/avr/4.3.3/avrxmega6\libgcc.a(_lshrdi3.o)
 .debug_line    0x00004465       0xd7 c:/winavr-20100110/bin/../lib/gcc/avr/4.3.3/avrxmega6\libgcc.a(_ashldi3.o)
 .debug_line    0x0000453c      0x1d8 c:/winavr-20100110/bin/../lib/gcc/avr/4.3.3/avrxmega6\libgcc.a(_udivdi3.o)
 .debug_line    0x00004714       0x7c c:/winavr-20100110/bin/../lib/gcc/avr/4.3.3/avrxmega6\libgcc.a(_clz.o)
 .debug_line    0x00004790      0x2dd c:/winavr-20100110/bin/../lib/gcc/avr/4.3.3/../../../../avr/lib/avrxmega6\libc.a(strtod.o)
 .debug_line    0x00004a6d       0xaa c:/winavr-20100110/bin/../lib/gcc/avr/4.3.3/../../../../avr/lib/avrxmega6\libc.a(clearerr.o)
 .debug_line    0x00004b17       0xd7 c:/winavr-20100110/bin/../lib/gcc/avr/4.3.3/../../../../avr/lib/avrxmega6\libc.a(fgets.o)
 .debug_line    0x00004bee       0xd7 c:/winavr-20100110/bin/../lib/gcc/avr/4.3.3/../../../../avr/lib/avrxmega6\libc.a(fputc.o)
 .debug_line    0x00004cc5       0x83 c:/winavr-20100110/bin/../lib/gcc/avr/4.3.3/../../../../avr/lib/avrxmega6\libc.a(iob.o)
 .debug_line    0x00004d48       0xf1 c:/winavr-20100110/bin/../lib/gcc/avr/4.3.3/../../../../avr/lib/avrxmega6\libc.a(printf_p.o)
 .debug_line    0x00004e39       0x5e c:/winavr-20100110/bin/../lib/gcc/avr/4.3.3/../../../../avr/lib/avrxmega6\libc.a(errno.o)
 .debug_line    0x00004e97      0x117 c:/winavr-20100110/bin/../lib/gcc/avr/4.3.3/../../../../avr/lib/avrxmega6\libc.a(fgetc.o)

.debug_frame    0x00000000      0xc00
 *(.debug_frame)
 .debug_frame   0x00000000       0x20 c:/winavr-20100110/bin/../lib/gcc/avr/4.3.3/../../../../avr/lib/avrxmega6\libprintf_flt.a(vfprintf_flt.o)
 .debug_frame   0x00000020       0x20 main.o
 .debug_frame   0x00000040       0x90 gcode.o
 .debug_frame   0x000000d0       0xa0 config.o
 .debug_frame   0x00000170       0x40 encoder.o
 .debug_frame   0x000001b0       0x40 xmega_init.o
 .debug_frame   0x000001f0       0xf0 motion_control.o
 .debug_frame   0x000002e0       0x40 spindle_control.o
 .debug_frame   0x00000320       0xc0 stepper.o
 .debug_frame   0x000003e0       0x30 xmega_interrupts.o
 .debug_frame   0x00000410       0xa0 xio.o
 .debug_frame   0x000004b0       0xf0 xmega_eeprom.o
 .debug_frame   0x000005a0       0x80 controller.o
 .debug_frame   0x00000620       0x30 direct_drive.o
 .debug_frame   0x00000650       0x70 move_buffer.o
 .debug_frame   0x000006c0       0xa0 limit_switches.o
 .debug_frame   0x00000760       0x50 signals.o
 .debug_frame   0x000007b0      0x100 xio_usart.o
 .debug_frame   0x000008b0       0xb0 xio_usb.o
 .debug_frame   0x00000960       0xc0 xio_rs485.o
 .debug_frame   0x00000a20       0x80 xio_pgm.o
 .debug_frame   0x00000aa0       0x40 network.o
 .debug_frame   0x00000ae0       0x20 c:/winavr-20100110/bin/../lib/gcc/avr/4.3.3/avrxmega6\libgcc.a(_lshrdi3.o)
 .debug_frame   0x00000b00       0x20 c:/winavr-20100110/bin/../lib/gcc/avr/4.3.3/avrxmega6\libgcc.a(_ashldi3.o)
 .debug_frame   0x00000b20       0x20 c:/winavr-20100110/bin/../lib/gcc/avr/4.3.3/avrxmega6\libgcc.a(_udivdi3.o)
 .debug_frame   0x00000b40       0x20 c:/winavr-20100110/bin/../lib/gcc/avr/4.3.3/../../../../avr/lib/avrxmega6\libc.a(strtod.o)
 .debug_frame   0x00000b60       0x20 c:/winavr-20100110/bin/../lib/gcc/avr/4.3.3/../../../../avr/lib/avrxmega6\libc.a(clearerr.o)
 .debug_frame   0x00000b80       0x20 c:/winavr-20100110/bin/../lib/gcc/avr/4.3.3/../../../../avr/lib/avrxmega6\libc.a(fgets.o)
 .debug_frame   0x00000ba0       0x20 c:/winavr-20100110/bin/../lib/gcc/avr/4.3.3/../../../../avr/lib/avrxmega6\libc.a(fputc.o)
 .debug_frame   0x00000bc0       0x20 c:/winavr-20100110/bin/../lib/gcc/avr/4.3.3/../../../../avr/lib/avrxmega6\libc.a(printf_p.o)
 .debug_frame   0x00000be0       0x20 c:/winavr-20100110/bin/../lib/gcc/avr/4.3.3/../../../../avr/lib/avrxmega6\libc.a(fgetc.o)

.debug_str      0x00000000     0x26d9
 *(.debug_str)
 .debug_str     0x00000000      0x13f c:/winavr-20100110/bin/../lib/gcc/avr/4.3.3/../../../../avr/lib/avrxmega6\libprintf_flt.a(vfprintf_flt.o)
                                0x18b (size before relaxing)
 .debug_str     0x0000013f      0x51f main.o
                                0x5f4 (size before relaxing)
 .debug_str     0x0000065e      0x3b7 gcode.o
                                0x5d3 (size before relaxing)
 .debug_str     0x00000a15       0xbc config.o
                                0x677 (size before relaxing)
 .debug_str     0x00000ad1       0xd3 encoder.o
                                0x66f (size before relaxing)
 .debug_str     0x00000ba4      0x13e xmega_init.o
                                0x20f (size before relaxing)
 .debug_str     0x00000ce2      0x1ee motion_control.o
                                0x811 (size before relaxing)
 .debug_str     0x00000ed0       0x3b spindle_control.o
                                0x4ec (size before relaxing)
 .debug_str     0x00000f0b       0xa0 stepper.o
                                0x70d (size before relaxing)
 .debug_str     0x00000fab       0x5c xmega_interrupts.o
                                0x15b (size before relaxing)
 .debug_str     0x00001007      0x1fb xio.o
                                0x3fd (size before relaxing)
 .debug_str     0x00001202      0x48a xmega_eeprom.o
                                0x5ad (size before relaxing)
 .debug_str     0x0000168c      0x3c2 controller.o
                                0xa50 (size before relaxing)
 .debug_str     0x00001a4e       0x2d direct_drive.o
                                0x5c4 (size before relaxing)
 .debug_str     0x00001a7b       0xec move_buffer.o
                                0x6d5 (size before relaxing)
 .debug_str     0x00001b67      0x279 limit_switches.o
                                0x8ad (size before relaxing)
 .debug_str     0x00001de0       0x38 signals.o
                                 0xf4 (size before relaxing)
 .debug_str     0x00001e18      0x423 xio_usart.o
                                0x7a6 (size before relaxing)
 .debug_str     0x0000223b       0xa7 xio_usb.o
                                0x5c4 (size before relaxing)
 .debug_str     0x000022e2       0xc5 xio_rs485.o
                                0x651 (size before relaxing)
 .debug_str     0x000023a7       0x6f xio_pgm.o
                                0x30d (size before relaxing)
 .debug_str     0x00002416       0x2e network.o
                                0x164 (size before relaxing)
 .debug_str     0x00002444       0xaa c:/winavr-20100110/bin/../lib/gcc/avr/4.3.3/avrxmega6\libgcc.a(_lshrdi3.o)
                                0x136 (size before relaxing)
 .debug_str     0x000024ee        0xa c:/winavr-20100110/bin/../lib/gcc/avr/4.3.3/avrxmega6\libgcc.a(_ashldi3.o)
                                0x136 (size before relaxing)
 .debug_str     0x000024f8       0x7c c:/winavr-20100110/bin/../lib/gcc/avr/4.3.3/avrxmega6\libgcc.a(_udivdi3.o)
                                0x18f (size before relaxing)
 .debug_str     0x00000000       0xf9 c:/winavr-20100110/bin/../lib/gcc/avr/4.3.3/avrxmega6\libgcc.a(_clz.o)
 .debug_str     0x00002574       0x78 c:/winavr-20100110/bin/../lib/gcc/avr/4.3.3/../../../../avr/lib/avrxmega6\libc.a(strtod.o)
                                0x14f (size before relaxing)
 .debug_str     0x000025ec       0x28 c:/winavr-20100110/bin/../lib/gcc/avr/4.3.3/../../../../avr/lib/avrxmega6\libc.a(clearerr.o)
                                 0xfb (size before relaxing)
 .debug_str     0x00002614       0x22 c:/winavr-20100110/bin/../lib/gcc/avr/4.3.3/../../../../avr/lib/avrxmega6\libc.a(fgets.o)
                                 0xf5 (size before relaxing)
 .debug_str     0x00002636       0x22 c:/winavr-20100110/bin/../lib/gcc/avr/4.3.3/../../../../avr/lib/avrxmega6\libc.a(fputc.o)
                                 0xf5 (size before relaxing)
 .debug_str     0x00002658       0x1a c:/winavr-20100110/bin/../lib/gcc/avr/4.3.3/../../../../avr/lib/avrxmega6\libc.a(iob.o)
                                 0xec (size before relaxing)
 .debug_str     0x00002672       0x28 c:/winavr-20100110/bin/../lib/gcc/avr/4.3.3/../../../../avr/lib/avrxmega6\libc.a(printf_p.o)
                                0x123 (size before relaxing)
 .debug_str     0x0000269a       0x1d c:/winavr-20100110/bin/../lib/gcc/avr/4.3.3/../../../../avr/lib/avrxmega6\libc.a(errno.o)
                                 0x5d (size before relaxing)
 .debug_str     0x000026b7       0x22 c:/winavr-20100110/bin/../lib/gcc/avr/4.3.3/../../../../avr/lib/avrxmega6\libc.a(fgetc.o)
                                 0xf5 (size before relaxing)

.debug_loc      0x00000000     0x3df7
 *(.debug_loc)
 .debug_loc     0x00000000      0x99a c:/winavr-20100110/bin/../lib/gcc/avr/4.3.3/../../../../avr/lib/avrxmega6\libprintf_flt.a(vfprintf_flt.o)
 .debug_loc     0x0000099a      0x585 gcode.o
 .debug_loc     0x00000f1f      0x2b6 config.o
 .debug_loc     0x000011d5       0x31 encoder.o
 .debug_loc     0x00001206       0x18 xmega_init.o
 .debug_loc     0x0000121e      0x5e8 motion_control.o
 .debug_loc     0x00001806       0x28 spindle_control.o
 .debug_loc     0x0000182e       0x23 stepper.o
 .debug_loc     0x00001851      0x254 xio.o
 .debug_loc     0x00001aa5      0x3bd xmega_eeprom.o
 .debug_loc     0x00001e62       0x58 controller.o
 .debug_loc     0x00001eba       0x18 direct_drive.o
 .debug_loc     0x00001ed2       0xe8 move_buffer.o
 .debug_loc     0x00001fba      0x56c xio_usart.o
 .debug_loc     0x00002526      0x140 xio_usb.o
 .debug_loc     0x00002666      0x140 xio_rs485.o
 .debug_loc     0x000027a6      0x13d xio_pgm.o
 .debug_loc     0x000028e3       0xf8 c:/winavr-20100110/bin/../lib/gcc/avr/4.3.3/avrxmega6\libgcc.a(_lshrdi3.o)
 .debug_loc     0x000029db       0xf8 c:/winavr-20100110/bin/../lib/gcc/avr/4.3.3/avrxmega6\libgcc.a(_ashldi3.o)
 .debug_loc     0x00002ad3      0xe74 c:/winavr-20100110/bin/../lib/gcc/avr/4.3.3/avrxmega6\libgcc.a(_udivdi3.o)
 .debug_loc     0x00003947      0x2b0 c:/winavr-20100110/bin/../lib/gcc/avr/4.3.3/../../../../avr/lib/avrxmega6\libc.a(strtod.o)
 .debug_loc     0x00003bf7       0x28 c:/winavr-20100110/bin/../lib/gcc/avr/4.3.3/../../../../avr/lib/avrxmega6\libc.a(clearerr.o)
 .debug_loc     0x00003c1f       0xf8 c:/winavr-20100110/bin/../lib/gcc/avr/4.3.3/../../../../avr/lib/avrxmega6\libc.a(fgets.o)
 .debug_loc     0x00003d17       0x60 c:/winavr-20100110/bin/../lib/gcc/avr/4.3.3/../../../../avr/lib/avrxmega6\libc.a(fputc.o)
 .debug_loc     0x00003d77       0x80 c:/winavr-20100110/bin/../lib/gcc/avr/4.3.3/../../../../avr/lib/avrxmega6\libc.a(fgetc.o)

.debug_macinfo
 *(.debug_macinfo)
OUTPUT(TinyG.elf elf32-avr)
LOAD linker stubs

.debug_ranges   0x00000000      0x168
 .debug_ranges  0x00000000       0x30 c:/winavr-20100110/bin/../lib/gcc/avr/4.3.3/../../../../avr/lib/avrxmega6\libprintf_flt.a(vfprintf_flt.o)
 .debug_ranges  0x00000030       0x90 gcode.o
 .debug_ranges  0x000000c0       0x18 c:/winavr-20100110/bin/../lib/gcc/avr/4.3.3/avrxmega6\libgcc.a(_udivdi3.o)
 .debug_ranges  0x000000d8       0x18 c:/winavr-20100110/bin/../lib/gcc/avr/4.3.3/../../../../avr/lib/avrxmega6\libc.a(strtod.o)
 .debug_ranges  0x000000f0       0x18 c:/winavr-20100110/bin/../lib/gcc/avr/4.3.3/../../../../avr/lib/avrxmega6\libc.a(clearerr.o)
 .debug_ranges  0x00000108       0x18 c:/winavr-20100110/bin/../lib/gcc/avr/4.3.3/../../../../avr/lib/avrxmega6\libc.a(fgets.o)