Archive member included because of file (symbol)

c:/winavr-20100110/bin/../lib/gcc/avr/4.3.3/../../../../avr/lib/avrxmega6\libprintf_flt.a(vfprintf_flt.o)
                              (vfprintf)
c:/winavr-20100110/bin/../lib/gcc/avr/4.3.3/../../../../avr/lib/avrxmega6\libm.a(addsf3.o)
                              gcode.o (__subsf3)
c:/winavr-20100110/bin/../lib/gcc/avr/4.3.3/../../../../avr/lib/avrxmega6\libm.a(addsf3x.o)
                              c:/winavr-20100110/bin/../lib/gcc/avr/4.3.3/../../../../avr/lib/avrxmega6\libm.a(addsf3.o) (__addsf3x)
c:/winavr-20100110/bin/../lib/gcc/avr/4.3.3/../../../../avr/lib/avrxmega6\libm.a(atan.o)
                              gcode.o (atan)
c:/winavr-20100110/bin/../lib/gcc/avr/4.3.3/../../../../avr/lib/avrxmega6\libm.a(ceil.o)
                              motion_control.o (ceil)
c:/winavr-20100110/bin/../lib/gcc/avr/4.3.3/../../../../avr/lib/avrxmega6\libm.a(cmpsf2.o)
                              gcode.o (__ltsf2)
c:/winavr-20100110/bin/../lib/gcc/avr/4.3.3/../../../../avr/lib/avrxmega6\libm.a(cos.o)
                              motion_control.o (cos)
c:/winavr-20100110/bin/../lib/gcc/avr/4.3.3/../../../../avr/lib/avrxmega6\libm.a(divsf3.o)
                              gcode.o (__divsf3)
c:/winavr-20100110/bin/../lib/gcc/avr/4.3.3/../../../../avr/lib/avrxmega6\libm.a(divsf3x.o)
                              c:/winavr-20100110/bin/../lib/gcc/avr/4.3.3/../../../../avr/lib/avrxmega6\libm.a(divsf3.o) (__divsf3x)
c:/winavr-20100110/bin/../lib/gcc/avr/4.3.3/../../../../avr/lib/avrxmega6\libm.a(fixsfsi.o)
                              gcode.o (__fixsfsi)
c:/winavr-20100110/bin/../lib/gcc/avr/4.3.3/../../../../avr/lib/avrxmega6\libm.a(fixunssfsi.o)
                              gcode.o (__fixunssfsi)
c:/winavr-20100110/bin/../lib/gcc/avr/4.3.3/../../../../avr/lib/avrxmega6\libm.a(floatsisf.o)
                              config.o (__floatunsisf)
c:/winavr-20100110/bin/../lib/gcc/avr/4.3.3/../../../../avr/lib/avrxmega6\libm.a(fp_cmp.o)
                              c:/winavr-20100110/bin/../lib/gcc/avr/4.3.3/../../../../avr/lib/avrxmega6\libm.a(cmpsf2.o) (__fp_cmp)
c:/winavr-20100110/bin/../lib/gcc/avr/4.3.3/../../../../avr/lib/avrxmega6\libm.a(fp_inf.o)
                              c:/winavr-20100110/bin/../lib/gcc/avr/4.3.3/../../../../avr/lib/avrxmega6\libm.a(addsf3x.o) (__fp_inf)
c:/winavr-20100110/bin/../lib/gcc/avr/4.3.3/../../../../avr/lib/avrxmega6\libm.a(fp_mintl.o)
                              c:/winavr-20100110/bin/../lib/gcc/avr/4.3.3/../../../../avr/lib/avrxmega6\libm.a(ceil.o) (__fp_mintl)
c:/winavr-20100110/bin/../lib/gcc/avr/4.3.3/../../../../avr/lib/avrxmega6\libm.a(fp_mpack.o)
                              c:/winavr-20100110/bin/../lib/gcc/avr/4.3.3/../../../../avr/lib/avrxmega6\libm.a(ceil.o) (__fp_mpack)
c:/winavr-20100110/bin/../lib/gcc/avr/4.3.3/../../../../avr/lib/avrxmega6\libm.a(fp_nan.o)
                              c:/winavr-20100110/bin/../lib/gcc/avr/4.3.3/../../../../avr/lib/avrxmega6\libm.a(addsf3x.o) (__fp_nan)
c:/winavr-20100110/bin/../lib/gcc/avr/4.3.3/../../../../avr/lib/avrxmega6\libm.a(fp_powser.o)
                              c:/winavr-20100110/bin/../lib/gcc/avr/4.3.3/../../../../avr/lib/avrxmega6\libm.a(atan.o) (__fp_powser)
c:/winavr-20100110/bin/../lib/gcc/avr/4.3.3/../../../../avr/lib/avrxmega6\libm.a(fp_pscA.o)
                              c:/winavr-20100110/bin/../lib/gcc/avr/4.3.3/../../../../avr/lib/avrxmega6\libm.a(addsf3x.o) (__fp_pscA)
c:/winavr-20100110/bin/../lib/gcc/avr/4.3.3/../../../../avr/lib/avrxmega6\libm.a(fp_pscB.o)
                              c:/winavr-20100110/bin/../lib/gcc/avr/4.3.3/../../../../avr/lib/avrxmega6\libm.a(addsf3x.o) (__fp_pscB)
c:/winavr-20100110/bin/../lib/gcc/avr/4.3.3/../../../../avr/lib/avrxmega6\libm.a(fp_rempio2.o)
                              c:/winavr-20100110/bin/../lib/gcc/avr/4.3.3/../../../../avr/lib/avrxmega6\libm.a(cos.o) (__fp_rempio2)
c:/winavr-20100110/bin/../lib/gcc/avr/4.3.3/../../../../avr/lib/avrxmega6\libm.a(fp_round.o)
                              c:/winavr-20100110/bin/../lib/gcc/avr/4.3.3/../../../../avr/lib/avrxmega6\libm.a(addsf3.o) (__fp_round)
c:/winavr-20100110/bin/../lib/gcc/avr/4.3.3/../../../../avr/lib/avrxmega6\libm.a(fp_sinus.o)
                              c:/winavr-20100110/bin/../lib/gcc/avr/4.3.3/../../../../avr/lib/avrxmega6\libm.a(cos.o) (__fp_sinus)
c:/winavr-20100110/bin/../lib/gcc/avr/4.3.3/../../../../avr/lib/avrxmega6\libm.a(fp_split3.o)
                              c:/winavr-20100110/bin/../lib/gcc/avr/4.3.3/../../../../avr/lib/avrxmega6\libm.a(addsf3x.o) (__fp_split3)
c:/winavr-20100110/bin/../lib/gcc/avr/4.3.3/../../../../avr/lib/avrxmega6\libm.a(fp_trunc.o)
                              c:/winavr-20100110/bin/../lib/gcc/avr/4.3.3/../../../../avr/lib/avrxmega6\libm.a(ceil.o) (__fp_trunc)
[...]
Memory Configuration

Name             Origin             Length             Attributes
text             0x00000000         0x00100000         xr
data             0x00802000         0x0000ffa0         rw !x
eeprom           0x00810000         0x00010000         rw !x
fuse             0x00820000         0x00000400         rw !x
lock             0x00830000         0x00000400         rw !x
signature        0x00840000         0x00000400         rw !x
*default*        0x00000000         0xffffffff

Linker script and memory map

LOAD c:/winavr-20100110/bin/../lib/gcc/avr/4.3.3/../../../../avr/lib/avrxmega6/crtx256a3.o
LOAD c:/winavr-20100110/bin/../lib/gcc/avr/4.3.3/../../../../avr/lib/avrxmega6\libprintf_flt.a
LOAD c:/winavr-20100110/bin/../lib/gcc/avr/4.3.3/../../../../avr/lib/avrxmega6\libm.a
LOAD main.o
LOAD gcode.o
LOAD config.o
LOAD encoder.o
LOAD xmega_init.o
LOAD motion_control.o
LOAD spindle_control.o
LOAD stepper.o
LOAD xmega_interrupts.o
LOAD xio.o
LOAD xmega_eeprom.o
LOAD controller.o
LOAD direct_drive.o
LOAD move_buffer.o
LOAD limit_switches.o
LOAD signals.o
LOAD xio_usart.o
LOAD xio_usb.o
LOAD xio_rs485.o
LOAD xio_pgm.o
LOAD network.o
LOAD hardware.o
LOAD c:/winavr-20100110/bin/../lib/gcc/avr/4.3.3/../../../../avr/lib/avrxmega6\libm.a
LOAD c:/winavr-20100110/bin/../lib/gcc/avr/4.3.3/avrxmega6\libgcc.a
LOAD c:/winavr-20100110/bin/../lib/gcc/avr/4.3.3/../../../../avr/lib/avrxmega6\libc.a
LOAD c:/winavr-20100110/bin/../lib/gcc/avr/4.3.3/avrxmega6\libgcc.a

.hash
 *(.hash)

.dynsym
 *(.dynsym)

.dynstr
 *(.dynstr)

.gnu.version
 *(.gnu.version)

.gnu.version_d
 *(.gnu.version_d)

.gnu.version_r
 *(.gnu.version_r)

.rel.init
 *(.rel.init)

.rela.init
 *(.rela.init)

.rel.text
 *(.rel.text)
 *(.rel.text.*)
 *(.rel.gnu.linkonce.t*)

.rela.text
 *(.rela.text)
 *(.rela.text.*)
 *(.rela.gnu.linkonce.t*)

.rel.fini
 *(.rel.fini)

.rela.fini
 *(.rela.fini)

.rel.rodata
 *(.rel.rodata)
 *(.rel.rodata.*)
 *(.rel.gnu.linkonce.r*)

.rela.rodata
 *(.rela.rodata)
 *(.rela.rodata.*)
 *(.rela.gnu.linkonce.r*)

.rel.data
 *(.rel.data)
 *(.rel.data.*)
 *(.rel.gnu.linkonce.d*)

.rela.data
 *(.rela.data)
 *(.rela.data.*)
 *(.rela.gnu.linkonce.d*)

.rel.ctors
 *(.rel.ctors)

.rela.ctors
 *(.rela.ctors)

.rel.dtors
 *(.rel.dtors)

.rela.dtors
 *(.rela.dtors)

.rel.got
 *(.rel.got)

.rela.got
 *(.rela.got)

.rel.bss
 *(.rel.bss)

.rela.bss
 *(.rela.bss)

.rel.plt
 *(.rel.plt)

.rela.plt
 *(.rela.plt)

.text           0x00000000     0x94be
 *(.vectors)
 .vectors       0x00000000      0x1e8 c:/winavr-20100110/bin/../lib/gcc/avr/4.3.3/../../../../avr/lib/avrxmega6/crtx256a3.o
                0x00000000                __vectors
                0x00000000                __vector_default
 *(.vectors)
 *(.progmem.gcc*)
 .progmem.gcc_fplib
                0x000001e8       0x2d c:/winavr-20100110/bin/../lib/gcc/avr/4.3.3/../../../../avr/lib/avrxmega6\libm.a(atan.o)
 .progmem.gcc_fplib
                0x00000215       0x1e c:/winavr-20100110/bin/../lib/gcc/avr/4.3.3/../../../../avr/lib/avrxmega6\libm.a(fp_sinus.o)
 *(.progmem*)
 .progmem.data  0x00000233        0x8 c:/winavr-20100110/bin/../lib/gcc/avr/4.3.3/../../../../avr/lib/avrxmega6\libprintf_flt.a(vfprintf_flt.o)
 .progmem.data  0x0000023b        0x4 gcode.o
 .progmem.data  0x0000023f      0x450 config.o
                0x00000247                cfgMsgs
                0x0000023f                cfgMsgXaxis
                0x00000241                cfgMsgYaxis
                0x0000024f                configs_P
                0x00000245                cfgMsgAaxis
                0x00000243                cfgMsgZaxis
 .progmem.data  0x0000068f       0x2c xio.o
 .progmem.data  0x000006bb     0x140a controller.o
                0x00000b34                radius_arc_test2
                0x000019ff                tgStatusMsg17
                0x00001a52                tgStatusStrings
                0x00001995                tgStatusMsg12
                0x00001905                tgModeStrings
                0x000019ed                tgStatusMsg16
                0x0000190d                tgStatusMsg00
                0x0000074f                square_test10
                0x00001957                tgStatusMsg08
                0x000018f8                tgModeStringDirect
                0x00000853                square_circle_test100
                0x00000b38                zoetrope
                0x00000963                dwell_test1
                0x000014f3                contraptor_circle
                0x000007dd                square_circle_test10
                0x00000aab                g0_test2
                0x000019c2                tgStatusMsg14
                0x00001964                tgStatusMsg09
                0x000009f7                dwell_test2
                0x00001910                tgStatusMsg01
                0x00000b0f                radius_arc_test1
                0x000018e0                tgModeStringConfig
                0x0000192e                tgStatusMsg05
                0x00001990                tgStatusMsg11
                0x00001916                tgStatusMsg02
                0x000018d3                tgModeStringControl
                0x00000a81                dwell_testMax
                0x00000943                spiral_test50a
                0x000006bb                square_test1
                0x00001a14                tgStatusMsg18
                0x00000ae1                g0_test3
                0x00001978                tgStatusMsg10
                0x0000191d                tgStatusMsg03
                0x00001948                tgStatusMsg07
                0x00001a29                tgStatusMsg19
                0x000018ec                tgModeStringGCode
                0x000008c9                spiral_test5
                0x000019d8                tgStatusMsg15
                0x00001a41                tgStatusMsg20
                0x0000077b                circle_test10
                0x000019aa                tgStatusMsg13
                0x00001922                tgStatusMsg04
                0x00000a8b                g0_test1
                0x00000729                square_test2
                0x0000193a                tgStatusMsg06
 .progmem.data  0x00001ac5      0x216 xio_usart.o
                0x00001ac5                bsel
                0x00001ad0                bscale
 .progmem.data  0x00001cdb       0x3b c:/winavr-20100110/bin/../lib/gcc/avr/4.3.3/../../../../avr/lib/avrxmega6\libc.a(strtod.o)
 .progmem.data  0x00001d16       0xfa c:/winavr-20100110/bin/../lib/gcc/avr/4.3.3/../../../../avr/lib/avrxmega6\libc.a(ftoa_engine.o)
                0x00001e10                . = ALIGN (0x2)
                0x00001e10                __trampolines_start = .
 *(.trampolines)
 .trampolines   0x00001e10        0x0 linker stubs
 *(.trampolines*)
                0x00001e10                __trampolines_end = .
 *(.jumptables)
 *(.jumptables*)
 *(.lowtext)
 *(.lowtext*)
                0x00001e10                __ctors_start = .
 *(.ctors)
                0x00001e10                __ctors_end = .
                0x00001e10                __dtors_start = .
 *(.dtors)
                0x00001e10                __dtors_end = .
 SORT(*)(.ctors)
 SORT(*)(.dtors)
 *(.init0)
 .init0         0x00001e10        0x0 c:/winavr-20100110/bin/../lib/gcc/avr/4.3.3/../../../../avr/lib/avrxmega6/crtx256a3.o
                0x00001e10                __init
 *(.init0)
 *(.init1)
 *(.init1)
 *(.init2)
 .init2         0x00001e10       0x10 c:/winavr-20100110/bin/../lib/gcc/avr/4.3.3/../../../../avr/lib/avrxmega6/crtx256a3.o
 *(.init2)
 *(.init3)
 *(.init3)
 *(.init4)
 .init4         0x00001e20       0x1a c:/winavr-20100110/bin/../lib/gcc/avr/4.3.3/../../../../avr/lib/avrxmega6/crtx256a3.o
                0x00001e20                __do_copy_data
 .init4         0x00001e3a       0x10 c:/winavr-20100110/bin/../lib/gcc/avr/4.3.3/avrxmega6\libgcc.a(_clear_bss.o)
                0x00001e3a                __do_clear_bss
 *(.init4)
 *(.init5)
 *(.init5)
 *(.init6)
 *(.init6)
 *(.init7)
 *(.init7)
 *(.init8)
 *(.init8)
 *(.init9)
 .init9         0x00001e4a        0x8 c:/winavr-20100110/bin/../lib/gcc/avr/4.3.3/../../../../avr/lib/avrxmega6/crtx256a3.o
 *(.init9)
 *(.text)
 .text          0x00001e52        0x4 c:/winavr-20100110/bin/../lib/gcc/avr/4.3.3/../../../../avr/lib/avrxmega6/crtx256a3.o
                0x00001e52                __vector_38
                0x00001e52                __vector_22
                0x00001e52                __vector_63
                0x00001e52                __vector_1
                0x00001e52                __vector_119
                0x00001e52                __vector_32
                0x00001e52                __vector_75
                0x00001e52                __vector_71
                0x00001e52                __vector_91
                0x00001e52                __vector_34
                0x00001e52                __vector_62
                0x00001e52                __vector_102
                0x00001e52                __vector_24
                0x00001e52                __vector_12
                0x00001e52                __vector_55
                0x00001e52                __vector_69
                0x00001e52                __vector_81
                0x00001e52                __vector_90
                0x00001e52                __vector_46
                0x00001e52                __bad_interrupt
                0x00001e52                __vector_72
                0x00001e52                __vector_114
                0x00001e52                __vector_6
                0x00001e52                __vector_110
                0x00001e52                __vector_31
                0x00001e52                __vector_92
                0x00001e52                __vector_35
                0x00001e52                __vector_78
                0x00001e52                __vector_74
                0x00001e52                __vector_117
                0x00001e52                __vector_39
                0x00001e52                __vector_107
                0x00001e52                __vector_3
                0x00001e52                __vector_98
                0x00001e52                __vector_23
                0x00001e52                __vector_68
                0x00001e52                __vector_73
                0x00001e52                __vector_45
                0x00001e52                __vector_93
                0x00001e52                __vector_61
                0x00001e52                __vector_11
                0x00001e52                __vector_54
                0x00001e52                __vector_99
                0x00001e52                __vector_13
                0x00001e52                __vector_17
                0x00001e52                __vector_19
                0x00001e52                __vector_56
                0x00001e52                __vector_7
                0x00001e52                __vector_49
                0x00001e52                __vector_41
                0x00001e52                __vector_86
                0x00001e52                __vector_100
                0x00001e52                __vector_101
                0x00001e52                __vector_88
                0x00001e52                __vector_109
                0x00001e52                __vector_27
                0x00001e52                __vector_5
                0x00001e52                __vector_113
                0x00001e52                __vector_33
                0x00001e52                __vector_76
                0x00001e52                __vector_115
                0x00001e52                __vector_52
                0x00001e52                __vector_37
                0x00001e52                __vector_95
                0x00001e52                __vector_103
                0x00001e52                __vector_96
                0x00001e52                __vector_89
                0x00001e52                __vector_4
                0x00001e52                __vector_82
                0x00001e52                __vector_106
                0x00001e52                __vector_118
                0x00001e52                __vector_51
                0x00001e52                __vector_9
                0x00001e52                __vector_2
                0x00001e52                __vector_21
                0x00001e52                __vector_15
                0x00001e52                __vector_36
                0x00001e52                __vector_79
                0x00001e52                __vector_58
                0x00001e52                __vector_70
                0x00001e52                __vector_83
                0x00001e52                __vector_60
                0x00001e52                __vector_121
                0x00001e52                __vector_40
                0x00001e52                __vector_85
                0x00001e52                __vector_94
                0x00001e52                __vector_8
                0x00001e52                __vector_48
                0x00001e52                __vector_116
                0x00001e52                __vector_112
                0x00001e52                __vector_111
                0x00001e52                __vector_80
                0x00001e52                __vector_84
                0x00001e52                __vector_57
                0x00001e52                __vector_53
                0x00001e52                __vector_10
                0x00001e52                __vector_50
                0x00001e52                __vector_16
                0x00001e52                __vector_59
                0x00001e52                __vector_18
                0x00001e52                __vector_97
                0x00001e52                __vector_20
                0x00001e52                __vector_42
                0x00001e52                __vector_87
                0x00001e52                __vector_120
 .text          0x00001e56        0x0 c:/winavr-20100110/bin/../lib/gcc/avr/4.3.3/../../../../avr/lib/avrxmega6\libprintf_flt.a(vfprintf_flt.o)
 .text          0x00001e56       0x62 main.o
                0x00001e56                main
 .text          0x00001eb8      0xdf4 gcode.o
                0x00001ec6                to_millimeters
                0x00002ca6                gc_send_to_parser
                0x00002098                theta
                0x00001efc                gc_init
                0x00001eb8                select_plane
                0x00002b76                gc_gcode_parser
                0x00002116                gc_execute_block
 .text          0x00002cac      0x952 config.o
                0x00002f64                cfg_write
                0x00002dcc                cfg_reset
                0x00002fa6                _cfg_dump_axis
                0x00002f5e                cfg_init
                0x00002cac                _cfg_computed
                0x00003180                cfg_dump
                0x0000326c                cfg_parse
                0x00002f76                cfg_read
                0x0000357a                cfg_test
 .text          0x000035fe       0x94 encoder.o
                0x000035fe                en_init
                0x00003600                en_write
                0x00003680                en_toggle
 .text          0x00003692       0x96 xmega_init.o
                0x000036fe                CCPWrite
                0x000036f8                xmega_init
                0x00003692                xmega_init_clocks
 .text          0x00003728     0x11ba motion_control.o
                0x000045ee                mc_line_blocking
                0x00004108                mc_arc_blocking
                0x0000372e                mc_motion_resume
                0x0000373a                mc_go_home
                0x00003728                mc_motion_pause
                0x00003734                mc_motion_end
                0x00003928                mc_line
                0x000037f8                mc_dwell
                0x00003dba                mc_arc
                0x00003766                mc_line_continue
                0x0000374e                mc_init
                0x00003bc6                mc_arc_continue
                0x0000386c                mc_set_position
                0x000048d0                mc_motion_stop
 .text          0x000048e2       0x38 spindle_control.o
                0x00004910                spindle_stop
                0x000048e2                spindle_init
                0x000048f0                spindle_run
 .text          0x0000491a      0x7c0 stepper.o
                0x00004f3a                __vector_77
                0x00004ad6                st_stop_steppers
                0x00004b0c                st_execute_move
                0x000049f8                st_set_polarity
                0x00004a0e                st_motor_test
                0x00004e70                __vector_47
                0x00004da6                __vector_108
                0x00004d9c                _st_fake_move
                0x00004acc                st_terminate
                0x0000491a                st_init
                0x00005004                __vector_14
 .text          0x000050da       0x20 xmega_interrupts.o
                0x000050da                PMIC_SetVectorLocationToBoot
                0x000050ea                PMIC_SetVectorLocationToApplication
 .text          0x000050fa      0x2d0 xio.o
                0x000053bc                xio_init
                0x00005200                xio_set_stderr
                0x000050fa                xio_setflags
                0x00005260                xio_getc
                0x00005226                xio_putc
                0x00005296                xio_readln
                0x000052cc                xio_init_dev
                0x000051da                xio_set_stdout
                0x0000536a                xio_init_stdio
                0x000051b4                xio_set_stdin
 .text          0x000053ca      0x39c xmega_eeprom.o
                0x000053ca                EEPROM_ReadByte
                0x000054c0                EEPROM_WaitForNVM
                0x00005614                EEPROM_LoadByte
                0x0000556a                eeprom_put_char
                0x00005580                memcpy_to_eeprom_with_checksum
                0x000056ee                EEPROM_SplitWritePage
                0x0000565a                EEPROM_AtomicWritePage
                0x00005632                EEPROM_LoadPage
                0x00005738                EEPROM_EraseAll
                0x00005438                memcpy_from_eeprom_with_checksum
                0x000054ca                EEPROM_FlushBuffer
                0x000056a4                EEPROM_ErasePage
                0x00005500                EEPROM_WriteByte
                0x00005424                eeprom_get_char
 .text          0x00005766      0x27c controller.o
                0x00005846                tg_alive
                0x00005766                tg_init
                0x00005870                tg_parser
                0x000059aa                tg_controller
                0x000057a6                tg_print_status
                0x00005786                tg_reset_source
                0x00005944                tg_read_next_line
 .text          0x000059e2        0x8 direct_drive.o
                0x000059e2                dd_init
                0x000059e4                dd_parser
 .text          0x000059ea      0x570 move_buffer.o
                0x000059f4                mv_dequeue_move_buffer
                0x00005a90                mv_queue_move_buffer
                0x00005a54                mv_synchronize
                0x000059ea                mv_init
                0x00005a38                mv_test_move_buffer_full
                0x00005a7a                mv_flush
 .text          0x00005f5a       0xf0 limit_switches.o
                0x00005fd2                __vector_104
                0x00005fbe                __vector_67
                0x00005fe6                __vector_105
                0x00006022                __vector_64
                0x00005ffa                __vector_43
                0x00005f5a                ls_init
                0x0000600e                __vector_44
                0x00005faa                __vector_66
                0x00006036                __vector_65
 .text          0x0000604a       0x10 signals.o
                0x00006050                signal_etx
                0x0000604a                tg_terminate
                0x0000604c                tg_pause
                0x0000604e                tg_resume
 .text          0x0000605a      0x722 xio_usart.o
                0x000061d4                xio_getc_usart
                0x0000639a                xio_readln_usart
                0x000065c4                xio_queue_RX_char_usart
                0x00006624                xio_queue_RX_string_usart
                0x00006652                xio_init_usart
                0x000060b0                xio_putc_usart
                0x0000605a                xio_set_baud_usart
 .text          0x0000677c      0x1e4 xio_usb.o
                0x0000677c                xio_open_usb
                0x00006930                xio_readln_usb
                0x00006926                xio_queue_RX_char_usb
                0x0000680e                __vector_25
                0x00006956                xio_setflags_usb
                0x0000691c                xio_queue_RX_string_usb
                0x00006786                __vector_26
                0x00006948                xio_putc_usb
                0x000068be                xio_init_usb
                0x0000693e                xio_getc_usb
 .text          0x00006960      0x226 xio_rs485.o
                0x00006a32                __vector_28
                0x00006b6e                xio_putc_rs485
                0x00006b7c                xio_setflags_rs485
                0x000069fe                __vector_30
                0x00006960                xio_open_rs485
                0x00006b42                xio_queue_RX_string_rs485
                0x00006b64                xio_getc_rs485
                0x00006ae2                xio_init_rs485
                0x0000696a                __vector_29
                0x00006b4c                xio_queue_RX_char_rs485
                0x00006b56                xio_readln_rs485
 .text          0x00006b86      0x1c2 xio_pgm.o
                0x00006ccc                xio_init_file
                0x00006bc4                xio_readln_pgm
                0x00006b86                xio_open_pgm
                0x00006bbe                xio_putc_pgm
                0x00006c12                xio_getc_pgm
                0x00006d02                xio_init_pgm
                0x00006cbe                xio_setflags_pgm
 .text          0x00006d48       0x24 network.o
                0x00006d4a                tg_receiver
                0x00006d48                net_init
                0x00006d50                tg_repeater
 .text          0x00006d6c        0x6 hardware.o
                0x00006d6c                hw_init
 .text          0x00006d72        0x0 c:/winavr-20100110/bin/../lib/gcc/avr/4.3.3/../../../../avr/lib/avrxmega6\libm.a(addsf3.o)
 .text          0x00006d72        0x0 c:/winavr-20100110/bin/../lib/gcc/avr/4.3.3/../../../../avr/lib/avrxmega6\libm.a(addsf3x.o)
 .text          0x00006d72        0x0 c:/winavr-20100110/bin/../lib/gcc/avr/4.3.3/../../../../avr/lib/avrxmega6\libm.a(atan.o)
 .text          0x00006d72        0x0 c:/winavr-20100110/bin/../lib/gcc/avr/4.3.3/../../../../avr/lib/avrxmega6\libm.a(ceil.o)
 .text          0x00006d72        0x0 c:/winavr-20100110/bin/../lib/gcc/avr/4.3.3/../../../../avr/lib/avrxmega6\libm.a(cmpsf2.o)
 .text          0x00006d72        0x0 c:/winavr-20100110/bin/../lib/gcc/avr/4.3.3/../../../../avr/lib/avrxmega6\libm.a(cos.o)
 .text          0x00006d72        0x0 c:/winavr-20100110/bin/../lib/gcc/avr/4.3.3/../../../../avr/lib/avrxmega6\libm.a(divsf3.o)
 .text          0x00006d72        0x0 c:/winavr-20100110/bin/../lib/gcc/avr/4.3.3/../../../../avr/lib/avrxmega6\libm.a(divsf3x.o)
 .text          0x00006d72        0x0 c:/winavr-20100110/bin/../lib/gcc/avr/4.3.3/../../../../avr/lib/avrxmega6\libm.a(fixsfsi.o)
 .text          0x00006d72        0x0 c:/winavr-20100110/bin/../lib/gcc/avr/4.3.3/../../../../avr/lib/avrxmega6\libm.a(fixunssfsi.o)
 .text          0x00006d72        0x0 c:/winavr-20100110/bin/../lib/gcc/avr/4.3.3/../../../../avr/lib/avrxmega6\libm.a(floatsisf.o)
 .text          0x00006d72        0x0 c:/winavr-20100110/bin/../lib/gcc/avr/4.3.3/../../../../avr/lib/avrxmega6\libm.a(fp_cmp.o)
 .text          0x00006d72        0x0 c:/winavr-20100110/bin/../lib/gcc/avr/4.3.3/../../../../avr/lib/avrxmega6\libm.a(fp_inf.o)
 .text          0x00006d72        0x0 c:/winavr-20100110/bin/../lib/gcc/avr/4.3.3/../../../../avr/lib/avrxmega6\libm.a(fp_mintl.o)
 .text          0x00006d72        0x0 c:/winavr-20100110/bin/../lib/gcc/avr/4.3.3/../../../../avr/lib/avrxmega6\libm.a(fp_mpack.o)
 .text          0x00006d72        0x0 c:/winavr-20100110/bin/../lib/gcc/avr/4.3.3/../../../../avr/lib/avrxmega6\libm.a(fp_nan.o)
 .text          0x00006d72        0x0 c:/winavr-20100110/bin/../lib/gcc/avr/4.3.3/../../../../avr/lib/avrxmega6\libm.a(fp_powser.o)
 .text          0x00006d72        0x0 c:/winavr-20100110/bin/../lib/gcc/avr/4.3.3/../../../../avr/lib/avrxmega6\libm.a(fp_pscA.o)
 .text          0x00006d72        0x0 c:/winavr-20100110/bin/../lib/gcc/avr/4.3.3/../../../../avr/lib/avrxmega6\libm.a(fp_pscB.o)
 .text          0x00006d72        0x0 c:/winavr-20100110/bin/../lib/gcc/avr/4.3.3/../../../../avr/lib/avrxmega6\libm.a(fp_rempio2.o)
 .text          0x00006d72        0x0 c:/winavr-20100110/bin/../lib/gcc/avr/4.3.3/../../../../avr/lib/avrxmega6\libm.a(fp_round.o)
 .text          0x00006d72        0x0 c:/winavr-20100110/bin/../lib/gcc/avr/4.3.3/../../../../avr/lib/avrxmega6\libm.a(fp_sinus.o)
 .text          0x00006d72        0x0 c:/winavr-20100110/bin/../lib/gcc/avr/4.3.3/../../../../avr/lib/avrxmega6\libm.a(fp_split3.o)
 .text          0x00006d72        0x0 c:/winavr-20100110/bin/../lib/gcc/avr/4.3.3/../../../../avr/lib/avrxmega6\libm.a(fp_trunc.o)
 .text          0x00006d72        0x0 c:/winavr-20100110/bin/../lib/gcc/avr/4.3.3/../../../../avr/lib/avrxmega6\libm.a(fp_zero.o)
 .text          0x00006d72        0x0 c:/winavr-20100110/bin/../lib/gcc/avr/4.3.3/../../../../avr/lib/avrxmega6\libm.a(gesf2.o)
 .text          0x00006d72        0x0 c:/winavr-20100110/bin/../lib/gcc/avr/4.3.3/../../../../avr/lib/avrxmega6\libm.a(hypot.o)
 .text          0x00006d72        0x0 c:/winavr-20100110/bin/../lib/gcc/avr/4.3.3/../../../../avr/lib/avrxmega6\libm.a(inverse.o)
 .text          0x00006d72        0x0 c:/winavr-20100110/bin/../lib/gcc/avr/4.3.3/../../../../avr/lib/avrxmega6\libm.a(ldexp.o)
 .text          0x00006d72        0x0 c:/winavr-20100110/bin/../lib/gcc/avr/4.3.3/../../../../avr/lib/avrxmega6\libm.a(lround.o)
 .text          0x00006d72        0x0 c:/winavr-20100110/bin/../lib/gcc/avr/4.3.3/../../../../avr/lib/avrxmega6\libm.a(mulsf3.o)
 .text          0x00006d72        0x0 c:/winavr-20100110/bin/../lib/gcc/avr/4.3.3/../../../../avr/lib/avrxmega6\libm.a(mulsf3x.o)
 .text          0x00006d72        0x0 c:/winavr-20100110/bin/../lib/gcc/avr/4.3.3/../../../../avr/lib/avrxmega6\libm.a(sin.o)
 .text          0x00006d72        0x0 c:/winavr-20100110/bin/../lib/gcc/avr/4.3.3/../../../../avr/lib/avrxmega6\libm.a(sqrt.o)
 .text          0x00006d72        0x0 c:/winavr-20100110/bin/../lib/gcc/avr/4.3.3/../../../../avr/lib/avrxmega6\libm.a(square.o)
 .text          0x00006d72        0x0 c:/winavr-20100110/bin/../lib/gcc/avr/4.3.3/../../../../avr/lib/avrxmega6\libm.a(trunc.o)
 .text          0x00006d72        0x0 c:/winavr-20100110/bin/../lib/gcc/avr/4.3.3/../../../../avr/lib/avrxmega6\libm.a(unordsf2.o)
 .text          0x00006d72        0x0 c:/winavr-20100110/bin/../lib/gcc/avr/4.3.3/../../../../avr/lib/avrxmega6\libm.a(fp_norm2.o)
 .text          0x00006d72        0x0 c:/winavr-20100110/bin/../lib/gcc/avr/4.3.3/../../../../avr/lib/avrxmega6\libm.a(fp_powsodd.o)
 .text          0x00006d72        0x0 c:/winavr-20100110/bin/../lib/gcc/avr/4.3.3/avrxmega6\libgcc.a(_exit.o)
 .text          0x00006d72        0x0 c:/winavr-20100110/bin/../lib/gcc/avr/4.3.3/avrxmega6\libgcc.a(_clear_bss.o)
 .text          0x00006d72       0xf2 c:/winavr-20100110/bin/../lib/gcc/avr/4.3.3/avrxmega6\libgcc.a(_lshrdi3.o)
                0x00006d72                __lshrdi3
 .text          0x00006e64       0xf2 c:/winavr-20100110/bin/../lib/gcc/avr/4.3.3/avrxmega6\libgcc.a(_ashldi3.o)
                0x00006e64                __ashldi3
 .text          0x00006f56      0xcea c:/winavr-20100110/bin/../lib/gcc/avr/4.3.3/avrxmega6\libgcc.a(_udivdi3.o)
                0x00006f56                __udivdi3
 .text          0x00007c40        0x0 c:/winavr-20100110/bin/../lib/gcc/avr/4.3.3/avrxmega6\libgcc.a(_mulsi3.o)
 .text          0x00007c40        0x0 c:/winavr-20100110/bin/../lib/gcc/avr/4.3.3/avrxmega6\libgcc.a(_udivmodsi4.o)
 .text          0x00007c40        0x0 c:/winavr-20100110/bin/../lib/gcc/avr/4.3.3/avrxmega6\libgcc.a(_prologue.o)
 .text          0x00007c40        0x0 c:/winavr-20100110/bin/../lib/gcc/avr/4.3.3/avrxmega6\libgcc.a(_epilogue.o)
 .text          0x00007c40        0x0 c:/winavr-20100110/bin/../lib/gcc/avr/4.3.3/avrxmega6\libgcc.a(_clz.o)
 .text          0x00007c40        0x0 c:/winavr-20100110/bin/../lib/gcc/avr/4.3.3/../../../../avr/lib/avrxmega6\libc.a(strtod.o)
 .text          0x00007c40        0x0 c:/winavr-20100110/bin/../lib/gcc/avr/4.3.3/../../../../avr/lib/avrxmega6\libc.a(atoi.o)
 .text          0x00007c40        0x0 c:/winavr-20100110/bin/../lib/gcc/avr/4.3.3/../../../../avr/lib/avrxmega6\libc.a(ftoa_engine.o)
 .text          0x00007c40        0x0 c:/winavr-20100110/bin/../lib/gcc/avr/4.3.3/../../../../avr/lib/avrxmega6\libc.a(isalpha.o)
 .text          0x00007c40        0x0 c:/winavr-20100110/bin/../lib/gcc/avr/4.3.3/../../../../avr/lib/avrxmega6\libc.a(isspace.o)
 .text          0x00007c40        0x0 c:/winavr-20100110/bin/../lib/gcc/avr/4.3.3/../../../../avr/lib/avrxmega6\libc.a(toupper.o)
 .text          0x00007c40        0x0 c:/winavr-20100110/bin/../lib/gcc/avr/4.3.3/../../../../avr/lib/avrxmega6\libc.a(strncasecmp_P.o)
 .text          0x00007c40        0x0 c:/winavr-20100110/bin/../lib/gcc/avr/4.3.3/../../../../avr/lib/avrxmega6\libc.a(strnlen_P.o)
 .text          0x00007c40        0x0 c:/winavr-20100110/bin/../lib/gcc/avr/4.3.3/../../../../avr/lib/avrxmega6\libc.a(strchr.o)
 .text          0x00007c40        0x0 c:/winavr-20100110/bin/../lib/gcc/avr/4.3.3/../../../../avr/lib/avrxmega6\libc.a(strnlen.o)
 .text          0x00007c40        0x0 c:/winavr-20100110/bin/../lib/gcc/avr/4.3.3/../../../../avr/lib/avrxmega6\libc.a(mul10.o)
 .text          0x00007c40        0x0 c:/winavr-20100110/bin/../lib/gcc/avr/4.3.3/../../../../avr/lib/avrxmega6\libc.a(clearerr.o)
 .text          0x00007c40        0x0 c:/winavr-20100110/bin/../lib/gcc/avr/4.3.3/../../../../avr/lib/avrxmega6\libc.a(fgets.o)
 .text          0x00007c40        0x0 c:/winavr-20100110/bin/../lib/gcc/avr/4.3.3/../../../../avr/lib/avrxmega6\libc.a(fputc.o)
 .text          0x00007c40        0x0 c:/winavr-20100110/bin/../lib/gcc/avr/4.3.3/../../../../avr/lib/avrxmega6\libc.a(iob.o)
 .text          0x00007c40        0x0 c:/winavr-20100110/bin/../lib/gcc/avr/4.3.3/../../../../avr/lib/avrxmega6\libc.a(printf_p.o)
 .text          0x00007c40        0x0 c:/winavr-20100110/bin/../lib/gcc/avr/4.3.3/../../../../avr/lib/avrxmega6\libc.a(ultoa_invert.o)
 .text          0x00007c40        0x0 c:/winavr-20100110/bin/../lib/gcc/avr/4.3.3/../../../../avr/lib/avrxmega6\libc.a(errno.o)
 .text          0x00007c40        0x0 c:/winavr-20100110/bin/../lib/gcc/avr/4.3.3/../../../../avr/lib/avrxmega6\libc.a(cty_isfalse.o)
 .text          0x00007c40        0x0 c:/winavr-20100110/bin/../lib/gcc/avr/4.3.3/../../../../avr/lib/avrxmega6\libc.a(fgetc.o)
                0x00007c40                . = ALIGN (0x2)
 *(.text.*)
 .text.avr-libc
                0x00007c40      0x754 c:/winavr-20100110/bin/../lib/gcc/avr/4.3.3/../../../../avr/lib/avrxmega6\libprintf_flt.a(vfprintf_flt.o)
                0x00007c40                vfprintf
 .text.avr-libc.fplib
                0x00008394        0xa c:/winavr-20100110/bin/../lib/gcc/avr/4.3.3/../../../../avr/lib/avrxmega6\libm.a(addsf3.o)
                0x00008394                __subsf3
                0x00008396                __addsf3
 .text.avr-libc.fplib
                0x0000839e       0xc0 c:/winavr-20100110/bin/../lib/gcc/avr/4.3.3/../../../../avr/lib/avrxmega6\libm.a(addsf3x.o)
                0x000083b8                __addsf3x
 .text.avr-libc.fplib
                0x0000845e       0x50 c:/winavr-20100110/bin/../lib/gcc/avr/4.3.3/../../../../avr/lib/avrxmega6\libm.a(atan.o)
                0x0000845e                atan
 .text.avr-libc.fplib
                0x000084ae       0x26 c:/winavr-20100110/bin/../lib/gcc/avr/4.3.3/../../../../avr/lib/avrxmega6\libm.a(ceil.o)
                0x000084ae                ceil
 .text.avr-libc.fplib
                0x000084d4        0x8 c:/winavr-20100110/bin/../lib/gcc/avr/4.3.3/../../../../avr/lib/avrxmega6\libm.a(cmpsf2.o)
                0x000084d4                __lesf2
                0x000084d4                __nesf2
                0x000084d4                __eqsf2
                0x000084d4                __cmpsf2
                0x000084d4                __ltsf2
 .text.avr-libc.fplib
                0x000084dc        0x6 c:/winavr-20100110/bin/../lib/gcc/avr/4.3.3/../../../../avr/lib/avrxmega6\libm.a(cos.o)
                0x000084dc                cos
 .text.avr-libc.fplib
                0x000084e2        0x4 c:/winavr-20100110/bin/../lib/gcc/avr/4.3.3/../../../../avr/lib/avrxmega6\libm.a(divsf3.o)
                0x000084e2                __divsf3
 .text.avr-libc.fplib
                0x000084e6       0xcc c:/winavr-20100110/bin/../lib/gcc/avr/4.3.3/../../../../avr/lib/avrxmega6\libm.a(divsf3x.o)
                0x000084fc                __divsf3x
                0x00008500                __divsf3_pse
 .text.avr-libc.fplib
                0x000085b2        0xa c:/winavr-20100110/bin/../lib/gcc/avr/4.3.3/../../../../avr/lib/avrxmega6\libm.a(fixsfsi.o)
                0x000085b2                __fixsfsi
 .text.avr-libc.fplib
                0x000085bc       0x58 c:/winavr-20100110/bin/../lib/gcc/avr/4.3.3/../../../../avr/lib/avrxmega6\libm.a(fixunssfsi.o)
                0x000085bc                __fixunssfsi
 .text.avr-libc.fplib
                0x00008614       0x7a c:/winavr-20100110/bin/../lib/gcc/avr/4.3.3/../../../../avr/lib/avrxmega6\libm.a(floatsisf.o)
                0x00008618                __floatsisf
                0x00008614                __floatunsisf
 .text.avr-libc.fplib
                0x0000868e       0x48 c:/winavr-20100110/bin/../lib/gcc/avr/4.3.3/../../../../avr/lib/avrxmega6\libm.a(fp_cmp.o)
                0x0000868e                __fp_cmp
 .text.avr-libc.fplib
                0x000086d6        0xc c:/winavr-20100110/bin/../lib/gcc/avr/4.3.3/../../../../avr/lib/avrxmega6\libm.a(fp_inf.o)
                0x000086d6                __fp_inf
 .text.avr-libc.fplib
                0x000086e2       0x36 c:/winavr-20100110/bin/../lib/gcc/avr/4.3.3/../../../../avr/lib/avrxmega6\libm.a(fp_mintl.o)
                0x000086e2                __fp_mintl
 .text.avr-libc.fplib
                0x00008718       0x1c c:/winavr-20100110/bin/../lib/gcc/avr/4.3.3/../../../../avr/lib/avrxmega6\libm.a(fp_mpack.o)
                0x0000871c                __fp_mpack_finite
                0x00008718                __fp_mpack
 .text.avr-libc.fplib
                0x00008734        0x6 c:/winavr-20100110/bin/../lib/gcc/avr/4.3.3/../../../../avr/lib/avrxmega6\libm.a(fp_nan.o)
                0x00008734                __fp_nan
 .text.avr-libc.fplib
                0x0000873a       0x4a c:/winavr-20100110/bin/../lib/gcc/avr/4.3.3/../../../../avr/lib/avrxmega6\libm.a(fp_powser.o)
                0x0000873a                __fp_powser
 .text.avr-libc.fplib
                0x00008784        0xe c:/winavr-20100110/bin/../lib/gcc/avr/4.3.3/../../../../avr/lib/avrxmega6\libm.a(fp_pscA.o)
                0x00008784                __fp_pscA
 .text.avr-libc.fplib
                0x00008792        0xe c:/winavr-20100110/bin/../lib/gcc/avr/4.3.3/../../../../avr/lib/avrxmega6\libm.a(fp_pscB.o)
                0x00008792                __fp_pscB
 .text.avr-libc.fplib
                0x000087a0       0x50 c:/winavr-20100110/bin/../lib/gcc/avr/4.3.3/../../../../avr/lib/avrxmega6\libm.a(fp_rempio2.o)
                0x000087a2                __fp_rempio2
 .text.avr-libc.fplib
                0x000087f0       0x22 c:/winavr-20100110/bin/../lib/gcc/avr/4.3.3/../../../../avr/lib/avrxmega6\libm.a(fp_round.o)
                0x000087f0                __fp_round
 .text.avr-libc.fplib
                0x00008812       0x22 c:/winavr-20100110/bin/../lib/gcc/avr/4.3.3/../../../../avr/lib/avrxmega6\libm.a(fp_sinus.o)
                0x00008812                __fp_sinus
 .text.avr-libc.fplib
                0x00008834       0x44 c:/winavr-20100110/bin/../lib/gcc/avr/4.3.3/../../../../avr/lib/avrxmega6\libm.a(fp_split3.o)
                0x00008834                __fp_split3
                0x00008844                __fp_splitA
 .text.avr-libc.fplib
                0x00008878       0x2e c:/winavr-20100110/bin/../lib/gcc/avr/4.3.3/../../../../avr/lib/avrxmega6\libm.a(fp_trunc.o)
                0x00008878                __fp_trunc
 .text.avr-libc.fplib
                0x000088a6        0xe c:/winavr-20100110/bin/../lib/gcc/avr/4.3.3/../../../../avr/lib/avrxmega6\libm.a(fp_zero.o)
                0x000088a6                __fp_zero
                0x000088a8                __fp_szero
 .text.avr-libc.fplib
                0x000088b4        0x8 c:/winavr-20100110/bin/../lib/gcc/avr/4.3.3/../../../../avr/lib/avrxmega6\libm.a(gesf2.o)
                0x000088b4                __gtsf2
                0x000088b4                __gesf2
 .text.avr-libc.fplib
                0x000088bc       0xc2 c:/winavr-20100110/bin/../lib/gcc/avr/4.3.3/../../../../avr/lib/avrxmega6\libm.a(hypot.o)
                0x000088ce                hypot
 .text.avr-libc.fplib
                0x0000897e        0xe c:/winavr-20100110/bin/../lib/gcc/avr/4.3.3/../../../../avr/lib/avrxmega6\libm.a(inverse.o)
                0x0000897e                inverse
 .text.avr-libc.fplib
                0x0000898c       0x6c c:/winavr-20100110/bin/../lib/gcc/avr/4.3.3/../../../../avr/lib/avrxmega6\libm.a(ldexp.o)
                0x00008990                ldexp
 .text.avr-libc.fplib
                0x000089f8       0x60 c:/winavr-20100110/bin/../lib/gcc/avr/4.3.3/../../../../avr/lib/avrxmega6\libm.a(lround.o)
                0x000089f8                lround
 .text.avr-libc.fplib
                0x00008a58        0x4 c:/winavr-20100110/bin/../lib/gcc/avr/4.3.3/../../../../avr/lib/avrxmega6\libm.a(mulsf3.o)
                0x00008a58                __mulsf3
 .text.avr-libc.fplib
                0x00008a5c       0xc2 c:/winavr-20100110/bin/../lib/gcc/avr/4.3.3/../../../../avr/lib/avrxmega6\libm.a(mulsf3x.o)
                0x00008a74                __mulsf3_pse
                0x00008a70                __mulsf3x
 .text.avr-libc.fplib
                0x00008b1e        0xc c:/winavr-20100110/bin/../lib/gcc/avr/4.3.3/../../../../avr/lib/avrxmega6\libm.a(sin.o)
                0x00008b1e                sin
 .text.avr-libc.fplib
                0x00008b2a       0x84 c:/winavr-20100110/bin/../lib/gcc/avr/4.3.3/../../../../avr/lib/avrxmega6\libm.a(sqrt.o)
                0x00008b32                sqrt
 .text.avr-libc.fplib
                0x00008bae        0x6 c:/winavr-20100110/bin/../lib/gcc/avr/4.3.3/../../../../avr/lib/avrxmega6\libm.a(square.o)
                0x00008bae                square
 .text.avr-libc.fplib
                0x00008bb4        0xe c:/winavr-20100110/bin/../lib/gcc/avr/4.3.3/../../../../avr/lib/avrxmega6\libm.a(trunc.o)
                0x00008bb4                trunc
 .text.avr-libc.fplib
                0x00008bc2        0x8 c:/winavr-20100110/bin/../lib/gcc/avr/4.3.3/../../../../avr/lib/avrxmega6\libm.a(unordsf2.o)
                0x00008bc2                __unordsf2
 .text.avr-libc.fplib
                0x00008bca        0xe c:/winavr-20100110/bin/../lib/gcc/avr/4.3.3/../../../../avr/lib/avrxmega6\libm.a(fp_norm2.o)
                0x00008bca                __fp_norm2
 .text.avr-libc.fplib
                0x00008bd8       0x22 c:/winavr-20100110/bin/../lib/gcc/avr/4.3.3/../../../../avr/lib/avrxmega6\libm.a(fp_powsodd.o)
                0x00008bd8                __fp_powsodd
 .text.libgcc   0x00008bfa        0x0 c:/winavr-20100110/bin/../lib/gcc/avr/4.3.3/avrxmega6\libgcc.a(_exit.o)
 .text.libgcc   0x00008bfa        0x0 c:/winavr-20100110/bin/../lib/gcc/avr/4.3.3/avrxmega6\libgcc.a(_clear_bss.o)
 .text.libgcc   0x00008bfa       0x3e c:/winavr-20100110/bin/../lib/gcc/avr/4.3.3/avrxmega6\libgcc.a(_mulsi3.o)
                0x00008bfa                __mulsi3
 .text.libgcc   0x00008c38       0x44 c:/winavr-20100110/bin/../lib/gcc/avr/4.3.3/avrxmega6\libgcc.a(_udivmodsi4.o)
                0x00008c38                __udivmodsi4
 .text.libgcc   0x00008c7c       0x38 c:/winavr-20100110/bin/../lib/gcc/avr/4.3.3/avrxmega6\libgcc.a(_prologue.o)
                0x00008c7c                __prologue_saves__
 .text.libgcc   0x00008cb4       0x36 c:/winavr-20100110/bin/../lib/gcc/avr/4.3.3/avrxmega6\libgcc.a(_epilogue.o)
                0x00008cb4                __epilogue_restores__
 .text.avr-libc
                0x00008cea      0x2dc c:/winavr-20100110/bin/../lib/gcc/avr/4.3.3/../../../../avr/lib/avrxmega6\libc.a(strtod.o)
                0x00008cea                strtod
 .text.avr-libc
                0x00008fc6       0x3c c:/winavr-20100110/bin/../lib/gcc/avr/4.3.3/../../../../avr/lib/avrxmega6\libc.a(atoi.o)
                0x00008fc6                atoi
 .text.avr-libc
                0x00009002      0x1b0 c:/winavr-20100110/bin/../lib/gcc/avr/4.3.3/../../../../avr/lib/avrxmega6\libc.a(ftoa_engine.o)
                0x00009002                __ftoa_engine
 .text.avr-libc
                0x000091b2       0x12 c:/winavr-20100110/bin/../lib/gcc/avr/4.3.3/../../../../avr/lib/avrxmega6\libc.a(isalpha.o)
                0x000091b8                islower
                0x000091b2                isupper
                0x000091b6                isalpha
 .text.avr-libc
                0x000091c4       0x10 c:/winavr-20100110/bin/../lib/gcc/avr/4.3.3/../../../../avr/lib/avrxmega6\libc.a(isspace.o)
                0x000091c4                isspace
 .text.avr-libc
                0x000091d4       0x10 c:/winavr-20100110/bin/../lib/gcc/avr/4.3.3/../../../../avr/lib/avrxmega6\libc.a(toupper.o)
                0x000091d4                toupper
 .text.avr-libc
                0x000091e4       0x30 c:/winavr-20100110/bin/../lib/gcc/avr/4.3.3/../../../../avr/lib/avrxmega6\libc.a(strncasecmp_P.o)
                0x000091e4                strncasecmp_P
 .text.avr-libc
                0x00009214       0x16 c:/winavr-20100110/bin/../lib/gcc/avr/4.3.3/../../../../avr/lib/avrxmega6\libc.a(strnlen_P.o)
                0x00009214                strnlen_P
 .text.avr-libc
                0x0000922a       0x16 c:/winavr-20100110/bin/../lib/gcc/avr/4.3.3/../../../../avr/lib/avrxmega6\libc.a(strchr.o)
                0x0000922a                strchr
 .text.avr-libc
                0x00009240       0x16 c:/winavr-20100110/bin/../lib/gcc/avr/4.3.3/../../../../avr/lib/avrxmega6\libc.a(strnlen.o)
                0x00009240                strnlen
 .text.avr-libc
                0x00009256       0x10 c:/winavr-20100110/bin/../lib/gcc/avr/4.3.3/../../../../avr/lib/avrxmega6\libc.a(mul10.o)
                0x00009256                __mulhi_const_10
 .text.avr-libc
                0x00009266        0xa c:/winavr-20100110/bin/../lib/gcc/avr/4.3.3/../../../../avr/lib/avrxmega6\libc.a(clearerr.o)
                0x00009266                clearerr
 .text.avr-libc
                0x00009270       0x66 c:/winavr-20100110/bin/../lib/gcc/avr/4.3.3/../../../../avr/lib/avrxmega6\libc.a(fgets.o)
                0x00009270                fgets
 .text.avr-libc
                0x000092d6       0x58 c:/winavr-20100110/bin/../lib/gcc/avr/4.3.3/../../../../avr/lib/avrxmega6\libc.a(fputc.o)
                0x000092d6                fputc
 .text.avr-libc
                0x0000932e       0x46 c:/winavr-20100110/bin/../lib/gcc/avr/4.3.3/../../../../avr/lib/avrxmega6\libc.a(printf_p.o)
                0x0000932e                printf_P
 .text.avr-libc
                0x00009374       0xbc c:/winavr-20100110/bin/../lib/gcc/avr/4.3.3/../../../../avr/lib/avrxmega6\libc.a(ultoa_invert.o)
                0x00009374                __ultoa_invert
 .text.avr-libc
                0x00009430        0x6 c:/winavr-20100110/bin/../lib/gcc/avr/4.3.3/../../../../avr/lib/avrxmega6\libc.a(cty_isfalse.o)
                0x00009434                __ctype_istrue
                0x00009430                __ctype_isfalse
 .text.avr-libc
                0x00009436       0x84 c:/winavr-20100110/bin/../lib/gcc/avr/4.3.3/../../../../avr/lib/avrxmega6\libc.a(fgetc.o)
                0x00009436                fgetc
                0x000094ba                . = ALIGN (0x2)
 *(.fini9)
 .fini9         0x000094ba        0x0 c:/winavr-20100110/bin/../lib/gcc/avr/4.3.3/avrxmega6\libgcc.a(_exit.o)
                0x000094ba                exit
                0x000094ba                _exit
 *(.fini9)
 *(.fini8)
 *(.fini8)
 *(.fini7)
 *(.fini7)
 *(.fini6)
 *(.fini6)
 *(.fini5)
 *(.fini5)
 *(.fini4)
 *(.fini4)
 *(.fini3)
 *(.fini3)
 *(.fini2)
 *(.fini2)
 *(.fini1)
 *(.fini1)
 *(.fini0)
 .fini0         0x000094ba        0x4 c:/winavr-20100110/bin/../lib/gcc/avr/4.3.3/avrxmega6\libgcc.a(_exit.o)
 *(.fini0)
                0x000094be                _etext = .

.data           0x00802000      0x110 load address 0x000094be
                0x00802000                PROVIDE (__data_start, .)
 *(.data)
 .data          0x00802000        0x0 c:/winavr-20100110/bin/../lib/gcc/avr/4.3.3/../../../../avr/lib/avrxmega6/crtx256a3.o
 .data          0x00802000        0x0 c:/winavr-20100110/bin/../lib/gcc/avr/4.3.3/../../../../avr/lib/avrxmega6\libprintf_flt.a(vfprintf_flt.o)
 .data          0x00802000        0x0 main.o
 .data          0x00802000        0xf gcode.o
 .data          0x0080200f        0x0 config.o
 .data          0x0080200f        0x0 encoder.o
 .data          0x0080200f        0x0 xmega_init.o
 .data          0x0080200f        0x0 motion_control.o
 .data          0x0080200f        0x0 spindle_control.o
 .data          0x0080200f        0x0 stepper.o
 .data          0x0080200f        0x0 xmega_interrupts.o
 .data          0x0080200f        0x0 xio.o
 .data          0x0080200f        0x0 xmega_eeprom.o
 .data          0x0080200f        0x0 controller.o
 .data          0x0080200f        0x0 direct_drive.o
 .data          0x0080200f        0x0 move_buffer.o
 .data          0x0080200f        0x0 limit_switches.o
 .data          0x0080200f        0x0 signals.o
 .data          0x0080200f        0x0 xio_usart.o
 .data          0x0080200f        0x0 xio_usb.o
 .data          0x0080200f        0x0 xio_rs485.o
 .data          0x0080200f        0x0 xio_pgm.o
 .data          0x0080200f        0x0 network.o
 .data          0x0080200f        0x0 hardware.o
 .data          0x0080200f        0x0 c:/winavr-20100110/bin/../lib/gcc/avr/4.3.3/../../../../avr/lib/avrxmega6\libm.a(addsf3.o)
 .data          0x0080200f        0x0 c:/winavr-20100110/bin/../lib/gcc/avr/4.3.3/../../../../avr/lib/avrxmega6\libm.a(addsf3x.o)
 .data          0x0080200f        0x0 c:/winavr-20100110/bin/../lib/gcc/avr/4.3.3/../../../../avr/lib/avrxmega6\libm.a(atan.o)
 .data          0x0080200f        0x0 c:/winavr-20100110/bin/../lib/gcc/avr/4.3.3/../../../../avr/lib/avrxmega6\libm.a(ceil.o)
 .data          0x0080200f        0x0 c:/winavr-20100110/bin/../lib/gcc/avr/4.3.3/../../../../avr/lib/avrxmega6\libm.a(cmpsf2.o)
 .data          0x0080200f        0x0 c:/winavr-20100110/bin/../lib/gcc/avr/4.3.3/../../../../avr/lib/avrxmega6\libm.a(cos.o)
 .data          0x0080200f        0x0 c:/winavr-20100110/bin/../lib/gcc/avr/4.3.3/../../../../avr/lib/avrxmega6\libm.a(divsf3.o)
 .data          0x0080200f        0x0 c:/winavr-20100110/bin/../lib/gcc/avr/4.3.3/../../../../avr/lib/avrxmega6\libm.a(divsf3x.o)
 .data          0x0080200f        0x0 c:/winavr-20100110/bin/../lib/gcc/avr/4.3.3/../../../../avr/lib/avrxmega6\libm.a(fixsfsi.o)
 .data          0x0080200f        0x0 c:/winavr-20100110/bin/../lib/gcc/avr/4.3.3/../../../../avr/lib/avrxmega6\libm.a(fixunssfsi.o)
 .data          0x0080200f        0x0 c:/winavr-20100110/bin/../lib/gcc/avr/4.3.3/../../../../avr/lib/avrxmega6\libm.a(floatsisf.o)
 .data          0x0080200f        0x0 c:/winavr-20100110/bin/../lib/gcc/avr/4.3.3/../../../../avr/lib/avrxmega6\libm.a(fp_cmp.o)
 .data          0x0080200f        0x0 c:/winavr-20100110/bin/../lib/gcc/avr/4.3.3/../../../../avr/lib/avrxmega6\libm.a(fp_inf.o)
 .data          0x0080200f        0x0 c:/winavr-20100110/bin/../lib/gcc/avr/4.3.3/../../../../avr/lib/avrxmega6\libm.a(fp_mintl.o)
 .data          0x0080200f        0x0 c:/winavr-20100110/bin/../lib/gcc/avr/4.3.3/../../../../avr/lib/avrxmega6\libm.a(fp_mpack.o)
 .data          0x0080200f        0x0 c:/winavr-20100110/bin/../lib/gcc/avr/4.3.3/../../../../avr/lib/avrxmega6\libm.a(fp_nan.o)
 .data          0x0080200f        0x0 c:/winavr-20100110/bin/../lib/gcc/avr/4.3.3/../../../../avr/lib/avrxmega6\libm.a(fp_powser.o)
 .data          0x0080200f        0x0 c:/winavr-20100110/bin/../lib/gcc/avr/4.3.3/../../../../avr/lib/avrxmega6\libm.a(fp_pscA.o)
 .data          0x0080200f        0x0 c:/winavr-20100110/bin/../lib/gcc/avr/4.3.3/../../../../avr/lib/avrxmega6\libm.a(fp_pscB.o)
 .data          0x0080200f        0x0 c:/winavr-20100110/bin/../lib/gcc/avr/4.3.3/../../../../avr/lib/avrxmega6\libm.a(fp_rempio2.o)
 .data          0x0080200f        0x0 c:/winavr-20100110/bin/../lib/gcc/avr/4.3.3/../../../../avr/lib/avrxmega6\libm.a(fp_round.o)
 .data          0x0080200f        0x0 c:/winavr-20100110/bin/../lib/gcc/avr/4.3.3/../../../../avr/lib/avrxmega6\libm.a(fp_sinus.o)
 .data          0x0080200f        0x0 c:/winavr-20100110/bin/../lib/gcc/avr/4.3.3/../../../../avr/lib/avrxmega6\libm.a(fp_split3.o)
 .data          0x0080200f        0x0 c:/winavr-20100110/bin/../lib/gcc/avr/4.3.3/../../../../avr/lib/avrxmega6\libm.a(fp_trunc.o)
 .data          0x0080200f        0x0 c:/winavr-20100110/bin/../lib/gcc/avr/4.3.3/../../../../avr/lib/avrxmega6\libm.a(fp_zero.o)
 .data          0x0080200f        0x0 c:/winavr-20100110/bin/../lib/gcc/avr/4.3.3/../../../../avr/lib/avrxmega6\libm.a(gesf2.o)
 .data          0x0080200f        0x0 c:/winavr-20100110/bin/../lib/gcc/avr/4.3.3/../../../../avr/lib/avrxmega6\libm.a(hypot.o)
 .data          0x0080200f        0x0 c:/winavr-20100110/bin/../lib/gcc/avr/4.3.3/../../../../avr/lib/avrxmega6\libm.a(inverse.o)
 .data          0x0080200f        0x0 c:/winavr-20100110/bin/../lib/gcc/avr/4.3.3/../../../../avr/lib/avrxmega6\libm.a(ldexp.o)
 .data          0x0080200f        0x0 c:/winavr-20100110/bin/../lib/gcc/avr/4.3.3/../../../../avr/lib/avrxmega6\libm.a(lround.o)
 .data          0x0080200f        0x0 c:/winavr-20100110/bin/../lib/gcc/avr/4.3.3/../../../../avr/lib/avrxmega6\libm.a(mulsf3.o)
 .data          0x0080200f        0x0 c:/winavr-20100110/bin/../lib/gcc/avr/4.3.3/../../../../avr/lib/avrxmega6\libm.a(mulsf3x.o)
 .data          0x0080200f        0x0 c:/winavr-20100110/bin/../lib/gcc/avr/4.3.3/../../../../avr/lib/avrxmega6\libm.a(sin.o)
 .data          0x0080200f        0x0 c:/winavr-20100110/bin/../lib/gcc/avr/4.3.3/../../../../avr/lib/avrxmega6\libm.a(sqrt.o)
 .data          0x0080200f        0x0 c:/winavr-20100110/bin/../lib/gcc/avr/4.3.3/../../../../avr/lib/avrxmega6\libm.a(square.o)
 .data          0x0080200f        0x0 c:/winavr-20100110/bin/../lib/gcc/avr/4.3.3/../../../../avr/lib/avrxmega6\libm.a(trunc.o)
 .data          0x0080200f        0x0 c:/winavr-20100110/bin/../lib/gcc/avr/4.3.3/../../../../avr/lib/avrxmega6\libm.a(unordsf2.o)
 .data          0x0080200f        0x0 c:/winavr-20100110/bin/../lib/gcc/avr/4.3.3/../../../../avr/lib/avrxmega6\libm.a(fp_norm2.o)
 .data          0x0080200f        0x0 c:/winavr-20100110/bin/../lib/gcc/avr/4.3.3/../../../../avr/lib/avrxmega6\libm.a(fp_powsodd.o)
 .data          0x0080200f        0x0 c:/winavr-20100110/bin/../lib/gcc/avr/4.3.3/avrxmega6\libgcc.a(_exit.o)
 .data          0x0080200f        0x0 c:/winavr-20100110/bin/../lib/gcc/avr/4.3.3/avrxmega6\libgcc.a(_clear_bss.o)
 .data          0x0080200f        0x0 c:/winavr-20100110/bin/../lib/gcc/avr/4.3.3/avrxmega6\libgcc.a(_lshrdi3.o)
 .data          0x0080200f        0x0 c:/winavr-20100110/bin/../lib/gcc/avr/4.3.3/avrxmega6\libgcc.a(_ashldi3.o)
 .data          0x0080200f        0x0 c:/winavr-20100110/bin/../lib/gcc/avr/4.3.3/avrxmega6\libgcc.a(_udivdi3.o)
 .data          0x0080200f        0x0 c:/winavr-20100110/bin/../lib/gcc/avr/4.3.3/avrxmega6\libgcc.a(_mulsi3.o)
 .data          0x0080200f        0x0 c:/winavr-20100110/bin/../lib/gcc/avr/4.3.3/avrxmega6\libgcc.a(_udivmodsi4.o)
 .data          0x0080200f        0x0 c:/winavr-20100110/bin/../lib/gcc/avr/4.3.3/avrxmega6\libgcc.a(_prologue.o)
 .data          0x0080200f        0x0 c:/winavr-20100110/bin/../lib/gcc/avr/4.3.3/avrxmega6\libgcc.a(_epilogue.o)
 .data          0x0080200f      0x100 c:/winavr-20100110/bin/../lib/gcc/avr/4.3.3/avrxmega6\libgcc.a(_clz.o)
                0x0080200f                __clz_tab
 .data          0x0080210f        0x0 c:/winavr-20100110/bin/../lib/gcc/avr/4.3.3/../../../../avr/lib/avrxmega6\libc.a(strtod.o)
 .data          0x0080210f        0x0 c:/winavr-20100110/bin/../lib/gcc/avr/4.3.3/../../../../avr/lib/avrxmega6\libc.a(atoi.o)
 .data          0x0080210f        0x0 c:/winavr-20100110/bin/../lib/gcc/avr/4.3.3/../../../../avr/lib/avrxmega6\libc.a(ftoa_engine.o)
 .data          0x0080210f        0x0 c:/winavr-20100110/bin/../lib/gcc/avr/4.3.3/../../../../avr/lib/avrxmega6\libc.a(isalpha.o)
 .data          0x0080210f        0x0 c:/winavr-20100110/bin/../lib/gcc/avr/4.3.3/../../../../avr/lib/avrxmega6\libc.a(isspace.o)
 .data          0x0080210f        0x0 c:/winavr-20100110/bin/../lib/gcc/avr/4.3.3/../../../../avr/lib/avrxmega6\libc.a(toupper.o)
 .data          0x0080210f        0x0 c:/winavr-20100110/bin/../lib/gcc/avr/4.3.3/../../../../avr/lib/avrxmega6\libc.a(strncasecmp_P.o)
 .data          0x0080210f        0x0 c:/winavr-20100110/bin/../lib/gcc/avr/4.3.3/../../../../avr/lib/avrxmega6\libc.a(strnlen_P.o)
 .data          0x0080210f        0x0 c:/winavr-20100110/bin/../lib/gcc/avr/4.3.3/../../../../avr/lib/avrxmega6\libc.a(strchr.o)
 .data          0x0080210f        0x0 c:/winavr-20100110/bin/../lib/gcc/avr/4.3.3/../../../../avr/lib/avrxmega6\libc.a(strnlen.o)
 .data          0x0080210f        0x0 c:/winavr-20100110/bin/../lib/gcc/avr/4.3.3/../../../../avr/lib/avrxmega6\libc.a(mul10.o)
 .data          0x0080210f        0x0 c:/winavr-20100110/bin/../lib/gcc/avr/4.3.3/../../../../avr/lib/avrxmega6\libc.a(clearerr.o)
 .data          0x0080210f        0x0 c:/winavr-20100110/bin/../lib/gcc/avr/4.3.3/../../../../avr/lib/avrxmega6\libc.a(fgets.o)
 .data          0x0080210f        0x0 c:/winavr-20100110/bin/../lib/gcc/avr/4.3.3/../../../../avr/lib/avrxmega6\libc.a(fputc.o)
 .data          0x0080210f        0x0 c:/winavr-20100110/bin/../lib/gcc/avr/4.3.3/../../../../avr/lib/avrxmega6\libc.a(iob.o)
 .data          0x0080210f        0x0 c:/winavr-20100110/bin/../lib/gcc/avr/4.3.3/../../../../avr/lib/avrxmega6\libc.a(printf_p.o)
 .data          0x0080210f        0x0 c:/winavr-20100110/bin/../lib/gcc/avr/4.3.3/../../../../avr/lib/avrxmega6\libc.a(ultoa_invert.o)
 .data          0x0080210f        0x0 c:/winavr-20100110/bin/../lib/gcc/avr/4.3.3/../../../../avr/lib/avrxmega6\libc.a(errno.o)
 .data          0x0080210f        0x0 c:/winavr-20100110/bin/../lib/gcc/avr/4.3.3/../../../../avr/lib/avrxmega6\libc.a(cty_isfalse.o)
 .data          0x0080210f        0x0 c:/winavr-20100110/bin/../lib/gcc/avr/4.3.3/../../../../avr/lib/avrxmega6\libc.a(fgetc.o)
 *(.data*)
 *(.rodata)
 *(.rodata*)
 *(.gnu.linkonce.d*)
                0x00802110                . = ALIGN (0x2)
 *fill*         0x0080210f        0x1 00
                0x00802110                _edata = .
                0x00802110                PROVIDE (__data_end, .)

.bss            0x00802110      0x546
                0x00802110                PROVIDE (__bss_start, .)
 *(.bss)
 .bss           0x00802110        0x0 c:/winavr-20100110/bin/../lib/gcc/avr/4.3.3/../../../../avr/lib/avrxmega6/crtx256a3.o
 .bss           0x00802110        0x0 c:/winavr-20100110/bin/../lib/gcc/avr/4.3.3/../../../../avr/lib/avrxmega6\libprintf_flt.a(vfprintf_flt.o)
 .bss           0x00802110        0x0 main.o
 .bss           0x00802110       0x56 gcode.o
 .bss           0x00802166        0x0 config.o
 .bss           0x00802166        0x1 encoder.o
 .bss           0x00802167        0x0 xmega_init.o
 .bss           0x00802167       0x2d motion_control.o
 .bss           0x00802194        0x0 spindle_control.o
 .bss           0x00802194        0x0 stepper.o
 .bss           0x00802194        0x0 xmega_interrupts.o
 .bss           0x00802194        0x0 xio.o
 .bss           0x00802194        0x0 xmega_eeprom.o
 .bss           0x00802194        0x0 controller.o
 .bss           0x00802194        0x0 direct_drive.o
 .bss           0x00802194       0x76 move_buffer.o
 .bss           0x0080220a        0x0 limit_switches.o
 .bss           0x0080220a        0x0 signals.o
 .bss           0x0080220a        0x1 xio_usart.o
 .bss           0x0080220b        0x0 xio_usb.o
 .bss           0x0080220b        0x0 xio_rs485.o
 .bss           0x0080220b        0x0 xio_pgm.o
 .bss           0x0080220b        0x0 network.o
 .bss           0x0080220b        0x0 hardware.o
 .bss           0x0080220b        0x0 c:/winavr-20100110/bin/../lib/gcc/avr/4.3.3/../../../../avr/lib/avrxmega6\libm.a(addsf3.o)
 .bss           0x0080220b        0x0 c:/winavr-20100110/bin/../lib/gcc/avr/4.3.3/../../../../avr/lib/avrxmega6\libm.a(addsf3x.o)
 .bss           0x0080220b        0x0 c:/winavr-20100110/bin/../lib/gcc/avr/4.3.3/../../../../avr/lib/avrxmega6\libm.a(atan.o)
 .bss           0x0080220b        0x0 c:/winavr-20100110/bin/../lib/gcc/avr/4.3.3/../../../../avr/lib/avrxmega6\libm.a(ceil.o)
 .bss           0x0080220b        0x0 c:/winavr-20100110/bin/../lib/gcc/avr/4.3.3/../../../../avr/lib/avrxmega6\libm.a(cmpsf2.o)
 .bss           0x0080220b        0x0 c:/winavr-20100110/bin/../lib/gcc/avr/4.3.3/../../../../avr/lib/avrxmega6\libm.a(cos.o)
 .bss           0x0080220b        0x0 c:/winavr-20100110/bin/../lib/gcc/avr/4.3.3/../../../../avr/lib/avrxmega6\libm.a(divsf3.o)
 .bss           0x0080220b        0x0 c:/winavr-20100110/bin/../lib/gcc/avr/4.3.3/../../../../avr/lib/avrxmega6\libm.a(divsf3x.o)
 .bss           0x0080220b        0x0 c:/winavr-20100110/bin/../lib/gcc/avr/4.3.3/../../../../avr/lib/avrxmega6\libm.a(fixsfsi.o)
 .bss           0x0080220b        0x0 c:/winavr-20100110/bin/../lib/gcc/avr/4.3.3/../../../../avr/lib/avrxmega6\libm.a(fixunssfsi.o)
 .bss           0x0080220b        0x0 c:/winavr-20100110/bin/../lib/gcc/avr/4.3.3/../../../../avr/lib/avrxmega6\libm.a(floatsisf.o)
 .bss           0x0080220b        0x0 c:/winavr-20100110/bin/../lib/gcc/avr/4.3.3/../../../../avr/lib/avrxmega6\libm.a(fp_cmp.o)
 .bss           0x0080220b        0x0 c:/winavr-20100110/bin/../lib/gcc/avr/4.3.3/../../../../avr/lib/avrxmega6\libm.a(fp_inf.o)
 .bss           0x0080220b        0x0 c:/winavr-20100110/bin/../lib/gcc/avr/4.3.3/../../../../avr/lib/avrxmega6\libm.a(fp_mintl.o)
 .bss           0x0080220b        0x0 c:/winavr-20100110/bin/../lib/gcc/avr/4.3.3/../../../../avr/lib/avrxmega6\libm.a(fp_mpack.o)
 .bss           0x0080220b        0x0 c:/winavr-20100110/bin/../lib/gcc/avr/4.3.3/../../../../avr/lib/avrxmega6\libm.a(fp_nan.o)
 .bss           0x0080220b        0x0 c:/winavr-20100110/bin/../lib/gcc/avr/4.3.3/../../../../avr/lib/avrxmega6\libm.a(fp_powser.o)
 .bss           0x0080220b        0x0 c:/winavr-20100110/bin/../lib/gcc/avr/4.3.3/../../../../avr/lib/avrxmega6\libm.a(fp_pscA.o)
 .bss           0x0080220b        0x0 c:/winavr-20100110/bin/../lib/gcc/avr/4.3.3/../../../../avr/lib/avrxmega6\libm.a(fp_pscB.o)
 .bss           0x0080220b        0x0 c:/winavr-20100110/bin/../lib/gcc/avr/4.3.3/../../../../avr/lib/avrxmega6\libm.a(fp_rempio2.o)
 .bss           0x0080220b        0x0 c:/winavr-20100110/bin/../lib/gcc/avr/4.3.3/../../../../avr/lib/avrxmega6\libm.a(fp_round.o)
 .bss           0x0080220b        0x0 c:/winavr-20100110/bin/../lib/gcc/avr/4.3.3/../../../../avr/lib/avrxmega6\libm.a(fp_sinus.o)
 .bss           0x0080220b        0x0 c:/winavr-20100110/bin/../lib/gcc/avr/4.3.3/../../../../avr/lib/avrxmega6\libm.a(fp_split3.o)
 .bss           0x0080220b        0x0 c:/winavr-20100110/bin/../lib/gcc/avr/4.3.3/../../../../avr/lib/avrxmega6\libm.a(fp_trunc.o)
 .bss           0x0080220b        0x0 c:/winavr-20100110/bin/../lib/gcc/avr/4.3.3/../../../../avr/lib/avrxmega6\libm.a(fp_zero.o)
 .bss           0x0080220b        0x0 c:/winavr-20100110/bin/../lib/gcc/avr/4.3.3/../../../../avr/lib/avrxmega6\libm.a(gesf2.o)
 .bss           0x0080220b        0x0 c:/winavr-20100110/bin/../lib/gcc/avr/4.3.3/../../../../avr/lib/avrxmega6\libm.a(hypot.o)
 .bss           0x0080220b        0x0 c:/winavr-20100110/bin/../lib/gcc/avr/4.3.3/../../../../avr/lib/avrxmega6\libm.a(inverse.o)
 .bss           0x0080220b        0x0 c:/winavr-20100110/bin/../lib/gcc/avr/4.3.3/../../../../avr/lib/avrxmega6\libm.a(ldexp.o)
 .bss           0x0080220b        0x0 c:/winavr-20100110/bin/../lib/gcc/avr/4.3.3/../../../../avr/lib/avrxmega6\libm.a(lround.o)
 .bss           0x0080220b        0x0 c:/winavr-20100110/bin/../lib/gcc/avr/4.3.3/../../../../avr/lib/avrxmega6\libm.a(mulsf3.o)
 .bss           0x0080220b        0x0 c:/winavr-20100110/bin/../lib/gcc/avr/4.3.3/../../../../avr/lib/avrxmega6\libm.a(mulsf3x.o)
 .bss           0x0080220b        0x0 c:/winavr-20100110/bin/../lib/gcc/avr/4.3.3/../../../../avr/lib/avrxmega6\libm.a(sin.o)
 .bss           0x0080220b        0x0 c:/winavr-20100110/bin/../lib/gcc/avr/4.3.3/../../../../avr/lib/avrxmega6\libm.a(sqrt.o)
 .bss           0x0080220b        0x0 c:/winavr-20100110/bin/../lib/gcc/avr/4.3.3/../../../../avr/lib/avrxmega6\libm.a(square.o)
 .bss           0x0080220b        0x0 c:/winavr-20100110/bin/../lib/gcc/avr/4.3.3/../../../../avr/lib/avrxmega6\libm.a(trunc.o)
 .bss           0x0080220b        0x0 c:/winavr-20100110/bin/../lib/gcc/avr/4.3.3/../../../../avr/lib/avrxmega6\libm.a(unordsf2.o)
 .bss           0x0080220b        0x0 c:/winavr-20100110/bin/../lib/gcc/avr/4.3.3/../../../../avr/lib/avrxmega6\libm.a(fp_norm2.o)
 .bss           0x0080220b        0x0 c:/winavr-20100110/bin/../lib/gcc/avr/4.3.3/../../../../avr/lib/avrxmega6\libm.a(fp_powsodd.o)
 .bss           0x0080220b        0x0 c:/winavr-20100110/bin/../lib/gcc/avr/4.3.3/avrxmega6\libgcc.a(_exit.o)
 .bss           0x0080220b        0x0 c:/winavr-20100110/bin/../lib/gcc/avr/4.3.3/avrxmega6\libgcc.a(_clear_bss.o)
 .bss           0x0080220b        0x0 c:/winavr-20100110/bin/../lib/gcc/avr/4.3.3/avrxmega6\libgcc.a(_lshrdi3.o)
 .bss           0x0080220b        0x0 c:/winavr-20100110/bin/../lib/gcc/avr/4.3.3/avrxmega6\libgcc.a(_ashldi3.o)
 .bss           0x0080220b        0x0 c:/winavr-20100110/bin/../lib/gcc/avr/4.3.3/avrxmega6\libgcc.a(_udivdi3.o)
 .bss           0x0080220b        0x0 c:/winavr-20100110/bin/../lib/gcc/avr/4.3.3/avrxmega6\libgcc.a(_mulsi3.o)
 .bss           0x0080220b        0x0 c:/winavr-20100110/bin/../lib/gcc/avr/4.3.3/avrxmega6\libgcc.a(_udivmodsi4.o)
 .bss           0x0080220b        0x0 c:/winavr-20100110/bin/../lib/gcc/avr/4.3.3/avrxmega6\libgcc.a(_prologue.o)
 .bss           0x0080220b        0x0 c:/winavr-20100110/bin/../lib/gcc/avr/4.3.3/avrxmega6\libgcc.a(_epilogue.o)
 .bss           0x0080220b        0x0 c:/winavr-20100110/bin/../lib/gcc/avr/4.3.3/avrxmega6\libgcc.a(_clz.o)
 .bss           0x0080220b        0x0 c:/winavr-20100110/bin/../lib/gcc/avr/4.3.3/../../../../avr/lib/avrxmega6\libc.a(strtod.o)
 .bss           0x0080220b        0x0 c:/winavr-20100110/bin/../lib/gcc/avr/4.3.3/../../../../avr/lib/avrxmega6\libc.a(atoi.o)
 .bss           0x0080220b        0x0 c:/winavr-20100110/bin/../lib/gcc/avr/4.3.3/../../../../avr/lib/avrxmega6\libc.a(ftoa_engine.o)
 .bss           0x0080220b        0x0 c:/winavr-20100110/bin/../lib/gcc/avr/4.3.3/../../../../avr/lib/avrxmega6\libc.a(isalpha.o)
 .bss           0x0080220b        0x0 c:/winavr-20100110/bin/../lib/gcc/avr/4.3.3/../../../../avr/lib/avrxmega6\libc.a(isspace.o)
 .bss           0x0080220b        0x0 c:/winavr-20100110/bin/../lib/gcc/avr/4.3.3/../../../../avr/lib/avrxmega6\libc.a(toupper.o)
 .bss           0x0080220b        0x0 c:/winavr-20100110/bin/../lib/gcc/avr/4.3.3/../../../../avr/lib/avrxmega6\libc.a(strncasecmp_P.o)
 .bss           0x0080220b        0x0 c:/winavr-20100110/bin/../lib/gcc/avr/4.3.3/../../../../avr/lib/avrxmega6\libc.a(strnlen_P.o)
 .bss           0x0080220b        0x0 c:/winavr-20100110/bin/../lib/gcc/avr/4.3.3/../../../../avr/lib/avrxmega6\libc.a(strchr.o)
 .bss           0x0080220b        0x0 c:/winavr-20100110/bin/../lib/gcc/avr/4.3.3/../../../../avr/lib/avrxmega6\libc.a(strnlen.o)
 .bss           0x0080220b        0x0 c:/winavr-20100110/bin/../lib/gcc/avr/4.3.3/../../../../avr/lib/avrxmega6\libc.a(mul10.o)
 .bss           0x0080220b        0x0 c:/winavr-20100110/bin/../lib/gcc/avr/4.3.3/../../../../avr/lib/avrxmega6\libc.a(clearerr.o)
 .bss           0x0080220b        0x0 c:/winavr-20100110/bin/../lib/gcc/avr/4.3.3/../../../../avr/lib/avrxmega6\libc.a(fgets.o)
 .bss           0x0080220b        0x0 c:/winavr-20100110/bin/../lib/gcc/avr/4.3.3/../../../../avr/lib/avrxmega6\libc.a(fputc.o)
 .bss           0x0080220b        0x0 c:/winavr-20100110/bin/../lib/gcc/avr/4.3.3/../../../../avr/lib/avrxmega6\libc.a(iob.o)
 .bss           0x0080220b        0x0 c:/winavr-20100110/bin/../lib/gcc/avr/4.3.3/../../../../avr/lib/avrxmega6\libc.a(printf_p.o)
 .bss           0x0080220b        0x0 c:/winavr-20100110/bin/../lib/gcc/avr/4.3.3/../../../../avr/lib/avrxmega6\libc.a(ultoa_invert.o)
 .bss           0x0080220b        0x0 c:/winavr-20100110/bin/../lib/gcc/avr/4.3.3/../../../../avr/lib/avrxmega6\libc.a(errno.o)
 .bss           0x0080220b        0x0 c:/winavr-20100110/bin/../lib/gcc/avr/4.3.3/../../../../avr/lib/avrxmega6\libc.a(cty_isfalse.o)
 .bss           0x0080220b        0x0 c:/winavr-20100110/bin/../lib/gcc/avr/4.3.3/../../../../avr/lib/avrxmega6\libc.a(fgetc.o)
 *(.bss*)
 *(COMMON)
 COMMON         0x0080220b       0xb3 main.o
                0x0080220b                ax
                0x00802250                cfg
 COMMON         0x008022be       0x41 motion_control.o
                0x008022be                ma
 COMMON         0x008022ff      0x2e1 xio.o
                0x008022ff                us
                0x008024a0                fs
                0x008024b8                ds
                0x00802570                ss
 COMMON         0x008025e0       0x57 controller.o
                0x008025e0                tg
 COMMON         0x00802637       0x17 direct_drive.o
                0x00802637                dd
 COMMON         0x0080264e        0x6 c:/winavr-20100110/bin/../lib/gcc/avr/4.3.3/../../../../avr/lib/avrxmega6\libc.a(iob.o)
                0x0080264e                __iob
 COMMON         0x00802654        0x2 c:/winavr-20100110/bin/../lib/gcc/avr/4.3.3/../../../../avr/lib/avrxmega6\libc.a(errno.o)
                0x00802654                errno
                0x00802656                PROVIDE (__bss_end, .)
                0x000094be                __data_load_start = LOADADDR (.data)
                0x000095ce                __data_load_end = (__data_load_start + SIZEOF (.data))

.noinit         0x00802656        0x0
                0x00802656                PROVIDE (__noinit_start, .)
 *(.noinit*)
                0x00802656                PROVIDE (__noinit_end, .)
                0x00802656                _end = .
                0x00802656                PROVIDE (__heap_start, .)

.eeprom         0x00810000        0x0
 *(.eeprom*)
                0x00810000                __eeprom_end = .

.fuse
 *(.fuse)
 *(.lfuse)
 *(.hfuse)
 *(.efuse)

.lock
 *(.lock*)

.signature
 *(.signature*)

.stab
 *(.stab)

.stabstr
 *(.stabstr)

.stab.excl
 *(.stab.excl)

.stab.exclstr
 *(.stab.exclstr)

.stab.index
 *(.stab.index)

.stab.indexstr
 *(.stab.indexstr)

.comment
 *(.comment)

.debug
 *(.debug)

.line
 *(.line)

.debug_srcinfo
 *(.debug_srcinfo)

.debug_sfnames
 *(.debug_sfnames)

.debug_aranges  0x00000000      0x400
 *(.debug_aranges)
 .debug_aranges
                0x00000000       0x20 c:/winavr-20100110/bin/../lib/gcc/avr/4.3.3/../../../../avr/lib/avrxmega6\libprintf_flt.a(vfprintf_flt.o)
 .debug_aranges
                0x00000020       0x20 main.o
 .debug_aranges
                0x00000040       0x20 gcode.o
 .debug_aranges
                0x00000060       0x20 config.o
 .debug_aranges
                0x00000080       0x20 encoder.o
 .debug_aranges
                0x000000a0       0x20 xmega_init.o
 .debug_aranges
                0x000000c0       0x20 motion_control.o
 .debug_aranges
                0x000000e0       0x20 spindle_control.o
 .debug_aranges
                0x00000100       0x20 stepper.o
 .debug_aranges
                0x00000120       0x20 xmega_interrupts.o
 .debug_aranges
                0x00000140       0x20 xio.o
 .debug_aranges
                0x00000160       0x20 xmega_eeprom.o
 .debug_aranges
                0x00000180       0x20 controller.o
 .debug_aranges
                0x000001a0       0x20 direct_drive.o
 .debug_aranges
                0x000001c0       0x20 move_buffer.o
 .debug_aranges
                0x000001e0       0x20 limit_switches.o
 .debug_aranges
                0x00000200       0x20 signals.o
 .debug_aranges
                0x00000220       0x20 xio_usart.o
 .debug_aranges
                0x00000240       0x20 xio_usb.o
 .debug_aranges
                0x00000260       0x20 xio_rs485.o
 .debug_aranges
                0x00000280       0x20 xio_pgm.o
 .debug_aranges
                0x000002a0       0x20 network.o
 .debug_aranges
                0x000002c0       0x20 hardware.o
 .debug_aranges
                0x000002e0       0x20 c:/winavr-20100110/bin/../lib/gcc/avr/4.3.3/avrxmega6\libgcc.a(_lshrdi3.o)
 .debug_aranges
                0x00000300       0x20 c:/winavr-20100110/bin/../lib/gcc/avr/4.3.3/avrxmega6\libgcc.a(_ashldi3.o)
 .debug_aranges
                0x00000320       0x20 c:/winavr-20100110/bin/../lib/gcc/avr/4.3.3/avrxmega6\libgcc.a(_udivdi3.o)
 .debug_aranges
                0x00000340       0x20 c:/winavr-20100110/bin/../lib/gcc/avr/4.3.3/../../../../avr/lib/avrxmega6\libc.a(strtod.o)
 .debug_aranges
                0x00000360       0x20 c:/winavr-20100110/bin/../lib/gcc/avr/4.3.3/../../../../avr/lib/avrxmega6\libc.a(clearerr.o)
 .debug_aranges
                0x00000380       0x20 c:/winavr-20100110/bin/../lib/gcc/avr/4.3.3/../../../../avr/lib/avrxmega6\libc.a(fgets.o)
 .debug_aranges
                0x000003a0       0x20 c:/winavr-20100110/bin/../lib/gcc/avr/4.3.3/../../../../avr/lib/avrxmega6\libc.a(fputc.o)
 .debug_aranges
                0x000003c0       0x20 c:/winavr-20100110/bin/../lib/gcc/avr/4.3.3/../../../../avr/lib/avrxmega6\libc.a(printf_p.o)
 .debug_aranges
                0x000003e0       0x20 c:/winavr-20100110/bin/../lib/gcc/avr/4.3.3/../../../../avr/lib/avrxmega6\libc.a(fgetc.o)

.debug_pubnames
                0x00000000     0x11d1
 *(.debug_pubnames)
 .debug_pubnames
                0x00000000       0x1f c:/winavr-20100110/bin/../lib/gcc/avr/4.3.3/../../../../avr/lib/avrxmega6\libprintf_flt.a(vfprintf_flt.o)
 .debug_pubnames
                0x0000001f       0x2a main.o
 .debug_pubnames
                0x00000049       0x93 gcode.o
 .debug_pubnames
                0x000000dc       0xfe config.o
 .debug_pubnames
                0x000001da       0x48 encoder.o
 .debug_pubnames
                0x00000222       0x44 xmega_init.o
 .debug_pubnames
                0x00000266      0x11b motion_control.o
 .debug_pubnames
                0x00000381       0x4b spindle_control.o
 .debug_pubnames
                0x000003cc       0xe0 stepper.o
 .debug_pubnames
                0x000004ac       0x5b xmega_interrupts.o
 .debug_pubnames
                0x00000507       0xd1 xio.o
 .debug_pubnames
                0x000005d8      0x15e xmega_eeprom.o
 .debug_pubnames
                0x00000736      0x3de controller.o
 .debug_pubnames
                0x00000b14       0x42 direct_drive.o
 .debug_pubnames
                0x00000b56       0x9e move_buffer.o
 .debug_pubnames
                0x00000bf4       0xaf limit_switches.o
 .debug_pubnames
                0x00000ca3       0x4d signals.o
 .debug_pubnames
                0x00000cf0       0xc5 xio_usart.o
 .debug_pubnames
                0x00000db5       0xd4 xio_usb.o
 .debug_pubnames
                0x00000e89       0xf4 xio_rs485.o
 .debug_pubnames
                0x00000f7d       0x90 xio_pgm.o
 .debug_pubnames
                0x0000100d       0x3f network.o
 .debug_pubnames
                0x0000104c       0x1e hardware.o
 .debug_pubnames
                0x0000106a       0x20 c:/winavr-20100110/bin/../lib/gcc/avr/4.3.3/avrxmega6\libgcc.a(_lshrdi3.o)
 .debug_pubnames
                0x0000108a       0x20 c:/winavr-20100110/bin/../lib/gcc/avr/4.3.3/avrxmega6\libgcc.a(_ashldi3.o)
 .debug_pubnames
                0x000010aa       0x20 c:/winavr-20100110/bin/../lib/gcc/avr/4.3.3/avrxmega6\libgcc.a(_udivdi3.o)
 .debug_pubnames
                0x000010ca       0x20 c:/winavr-20100110/bin/../lib/gcc/avr/4.3.3/avrxmega6\libgcc.a(_clz.o)
 .debug_pubnames
                0x000010ea       0x1d c:/winavr-20100110/bin/../lib/gcc/avr/4.3.3/../../../../avr/lib/avrxmega6\libc.a(strtod.o)
 .debug_pubnames
                0x00001107       0x1f c:/winavr-20100110/bin/../lib/gcc/avr/4.3.3/../../../../avr/lib/avrxmega6\libc.a(clearerr.o)
 .debug_pubnames
                0x00001126       0x1c c:/winavr-20100110/bin/../lib/gcc/avr/4.3.3/../../../../avr/lib/avrxmega6\libc.a(fgets.o)
 .debug_pubnames
                0x00001142       0x1c c:/winavr-20100110/bin/../lib/gcc/avr/4.3.3/../../../../avr/lib/avrxmega6\libc.a(fputc.o)
 .debug_pubnames
                0x0000115e       0x1c c:/winavr-20100110/bin/../lib/gcc/avr/4.3.3/../../../../avr/lib/avrxmega6\libc.a(iob.o)
 .debug_pubnames
                0x0000117a       0x1f c:/winavr-20100110/bin/../lib/gcc/avr/4.3.3/../../../../avr/lib/avrxmega6\libc.a(printf_p.o)
 .debug_pubnames
                0x00001199       0x1c c:/winavr-20100110/bin/../lib/gcc/avr/4.3.3/../../../../avr/lib/avrxmega6\libc.a(errno.o)
 .debug_pubnames
                0x000011b5       0x1c c:/winavr-20100110/bin/../lib/gcc/avr/4.3.3/../../../../avr/lib/avrxmega6\libc.a(fgetc.o)

.debug_info     0x00000000     0xdd44
 *(.debug_info)
 .debug_info    0x00000000      0x421 c:/winavr-20100110/bin/../lib/gcc/avr/4.3.3/../../../../avr/lib/avrxmega6\libprintf_flt.a(vfprintf_flt.o)
 .debug_info    0x00000421      0xac2 main.o
 .debug_info    0x00000ee3      0x932 gcode.o
 .debug_info    0x00001815      0xefe config.o
 .debug_info    0x00002713      0xab9 encoder.o
 .debug_info    0x000031cc      0x244 xmega_init.o
 .debug_info    0x00003410      0xfb2 motion_control.o
 .debug_info    0x000043c2      0x929 spindle_control.o
 .debug_info    0x00004ceb      0xc09 stepper.o
 .debug_info    0x000058f4      0x10b xmega_interrupts.o
 .debug_info    0x000059ff      0x9e0 xio.o
 .debug_info    0x000063df      0x620 xmega_eeprom.o
 .debug_info    0x000069ff     0x1524 controller.o
 .debug_info    0x00007f23      0xacc direct_drive.o
 .debug_info    0x000089ef      0xc14 move_buffer.o
 .debug_info    0x00009603      0xbd0 limit_switches.o
 .debug_info    0x0000a1d3       0xb4 signals.o
 .debug_info    0x0000a287      0xd08 xio_usart.o
 .debug_info    0x0000af8f      0x80e xio_usb.o
 .debug_info    0x0000b79d      0x848 xio_rs485.o
 .debug_info    0x0000bfe5      0x598 xio_pgm.o
 .debug_info    0x0000c57d       0xf1 network.o
 .debug_info    0x0000c66e       0x3a hardware.o
 .debug_info    0x0000c6a8      0x17f c:/winavr-20100110/bin/../lib/gcc/avr/4.3.3/avrxmega6\libgcc.a(_lshrdi3.o)
 .debug_info    0x0000c827      0x17f c:/winavr-20100110/bin/../lib/gcc/avr/4.3.3/avrxmega6\libgcc.a(_ashldi3.o)
 .debug_info    0x0000c9a6      0x71e c:/winavr-20100110/bin/../lib/gcc/avr/4.3.3/avrxmega6\libgcc.a(_udivdi3.o)
 .debug_info    0x0000d0c4       0xa9 c:/winavr-20100110/bin/../lib/gcc/avr/4.3.3/avrxmega6\libgcc.a(_clz.o)
 .debug_info    0x0000d16d      0x2ca c:/winavr-20100110/bin/../lib/gcc/avr/4.3.3/../../../../avr/lib/avrxmega6\libc.a(strtod.o)
 .debug_info    0x0000d437      0x159 c:/winavr-20100110/bin/../lib/gcc/avr/4.3.3/../../../../avr/lib/avrxmega6\libc.a(clearerr.o)
 .debug_info    0x0000d590      0x196 c:/winavr-20100110/bin/../lib/gcc/avr/4.3.3/../../../../avr/lib/avrxmega6\libc.a(fgets.o)
 .debug_info    0x0000d726      0x16a c:/winavr-20100110/bin/../lib/gcc/avr/4.3.3/../../../../avr/lib/avrxmega6\libc.a(fputc.o)
 .debug_info    0x0000d890      0x156 c:/winavr-20100110/bin/../lib/gcc/avr/4.3.3/../../../../avr/lib/avrxmega6\libc.a(iob.o)
 .debug_info    0x0000d9e6      0x1b4 c:/winavr-20100110/bin/../lib/gcc/avr/4.3.3/../../../../avr/lib/avrxmega6\libc.a(printf_p.o)
 .debug_info    0x0000db9a       0x3f c:/winavr-20100110/bin/../lib/gcc/avr/4.3.3/../../../../avr/lib/avrxmega6\libc.a(errno.o)
 .debug_info    0x0000dbd9      0x16b c:/winavr-20100110/bin/../lib/gcc/avr/4.3.3/../../../../avr/lib/avrxmega6\libc.a(fgetc.o)
 *(.gnu.linkonce.wi.*)

.debug_abbrev   0x00000000     0x2fdb
 *(.debug_abbrev)
 .debug_abbrev  0x00000000      0x191 c:/winavr-20100110/bin/../lib/gcc/avr/4.3.3/../../../../avr/lib/avrxmega6\libprintf_flt.a(vfprintf_flt.o)
 .debug_abbrev  0x00000191      0x128 main.o
 .debug_abbrev  0x000002b9      0x2aa gcode.o
 .debug_abbrev  0x00000563      0x292 config.o
 .debug_abbrev  0x000007f5      0x185 encoder.o
 .debug_abbrev  0x0000097a      0x14b xmega_init.o
 .debug_abbrev  0x00000ac5      0x20d motion_control.o
 .debug_abbrev  0x00000cd2      0x162 spindle_control.o
 .debug_abbrev  0x00000e34      0x1cb stepper.o
 .debug_abbrev  0x00000fff       0xb6 xmega_interrupts.o
 .debug_abbrev  0x000010b5      0x1fd xio.o
 .debug_abbrev  0x000012b2      0x1b3 xmega_eeprom.o
 .debug_abbrev  0x00001465      0x2d7 controller.o
 .debug_abbrev  0x0000173c      0x155 direct_drive.o
 .debug_abbrev  0x00001891      0x1a8 move_buffer.o
 .debug_abbrev  0x00001a39      0x19b limit_switches.o
 .debug_abbrev  0x00001bd4       0x46 signals.o
 .debug_abbrev  0x00001c1a      0x35e xio_usart.o
 .debug_abbrev  0x00001f78      0x19b xio_usb.o
 .debug_abbrev  0x00002113      0x19b xio_rs485.o
 .debug_abbrev  0x000022ae      0x1fc xio_pgm.o
 .debug_abbrev  0x000024aa       0x7e network.o
 .debug_abbrev  0x00002528       0x29 hardware.o
 .debug_abbrev  0x00002551       0xee c:/winavr-20100110/bin/../lib/gcc/avr/4.3.3/avrxmega6\libgcc.a(_lshrdi3.o)
 .debug_abbrev  0x0000263f       0xee c:/winavr-20100110/bin/../lib/gcc/avr/4.3.3/avrxmega6\libgcc.a(_ashldi3.o)
 .debug_abbrev  0x0000272d      0x181 c:/winavr-20100110/bin/../lib/gcc/avr/4.3.3/avrxmega6\libgcc.a(_udivdi3.o)
 .debug_abbrev  0x000028ae       0x6a c:/winavr-20100110/bin/../lib/gcc/avr/4.3.3/avrxmega6\libgcc.a(_clz.o)
 .debug_abbrev  0x00002918      0x14a c:/winavr-20100110/bin/../lib/gcc/avr/4.3.3/../../../../avr/lib/avrxmega6\libc.a(strtod.o)
 .debug_abbrev  0x00002a62       0xca c:/winavr-20100110/bin/../lib/gcc/avr/4.3.3/../../../../avr/lib/avrxmega6\libc.a(clearerr.o)
 .debug_abbrev  0x00002b2c       0xea c:/winavr-20100110/bin/../lib/gcc/avr/4.3.3/../../../../avr/lib/avrxmega6\libc.a(fgets.o)
 .debug_abbrev  0x00002c16       0xdb c:/winavr-20100110/bin/../lib/gcc/avr/4.3.3/../../../../avr/lib/avrxmega6\libc.a(fputc.o)
 .debug_abbrev  0x00002cf1       0xd0 c:/winavr-20100110/bin/../lib/gcc/avr/4.3.3/../../../../avr/lib/avrxmega6\libc.a(iob.o)
 .debug_abbrev  0x00002dc1      0x10f c:/winavr-20100110/bin/../lib/gcc/avr/4.3.3/../../../../avr/lib/avrxmega6\libc.a(printf_p.o)
 .debug_abbrev  0x00002ed0       0x30 c:/winavr-20100110/bin/../lib/gcc/avr/4.3.3/../../../../avr/lib/avrxmega6\libc.a(errno.o)
 .debug_abbrev  0x00002f00       0xdb c:/winavr-20100110/bin/../lib/gcc/avr/4.3.3/../../../../avr/lib/avrxmega6\libc.a(fgetc.o)

.debug_line     0x00000000     0x5044
 *(.debug_line)
 .debug_line    0x00000000      0x723 c:/winavr-20100110/bin/../lib/gcc/avr/4.3.3/../../../../avr/lib/avrxmega6\libprintf_flt.a(vfprintf_flt.o)
 .debug_line    0x00000723      0x1a1 main.o
 .debug_line    0x000008c4      0x6fe gcode.o
 .debug_line    0x00000fc2      0x559 config.o
 .debug_line    0x0000151b      0x19c encoder.o
 .debug_line    0x000016b7      0x182 xmega_init.o
 .debug_line    0x00001839      0x563 motion_control.o
 .debug_line    0x00001d9c      0x147 spindle_control.o
 .debug_line    0x00001ee3      0x583 stepper.o
 .debug_line    0x00002466      0x123 xmega_interrupts.o
 .debug_line    0x00002589      0x34b xio.o
 .debug_line    0x000028d4      0x41d xmega_eeprom.o
 .debug_line    0x00002cf1      0x35f controller.o
 .debug_line    0x00003050      0x108 direct_drive.o
 .debug_line    0x00003158      0x2e2 move_buffer.o
 .debug_line    0x0000343a      0x1fb limit_switches.o
 .debug_line    0x00003635       0xa0 signals.o
 .debug_line    0x000036d5      0x568 xio_usart.o
 .debug_line    0x00003c3d      0x232 xio_usb.o
 .debug_line    0x00003e6f      0x254 xio_rs485.o
 .debug_line    0x000040c3      0x251 xio_pgm.o
 .debug_line    0x00004314       0xa9 network.o
 .debug_line    0x000043bd       0x67 hardware.o
 .debug_line    0x00004424       0xd7 c:/winavr-20100110/bin/../lib/gcc/avr/4.3.3/avrxmega6\libgcc.a(_lshrdi3.o)
 .debug_line    0x000044fb       0xd7 c:/winavr-20100110/bin/../lib/gcc/avr/4.3.3/avrxmega6\libgcc.a(_ashldi3.o)
 .debug_line    0x000045d2      0x1d8 c:/winavr-20100110/bin/../lib/gcc/avr/4.3.3/avrxmega6\libgcc.a(_udivdi3.o)
 .debug_line    0x000047aa       0x7c c:/winavr-20100110/bin/../lib/gcc/avr/4.3.3/avrxmega6\libgcc.a(_clz.o)
 .debug_line    0x00004826      0x2dd c:/winavr-20100110/bin/../lib/gcc/avr/4.3.3/../../../../avr/lib/avrxmega6\libc.a(strtod.o)
 .debug_line    0x00004b03       0xaa c:/winavr-20100110/bin/../lib/gcc/avr/4.3.3/../../../../avr/lib/avrxmega6\libc.a(clearerr.o)
 .debug_line    0x00004bad       0xd7 c:/winavr-20100110/bin/../lib/gcc/avr/4.3.3/../../../../avr/lib/avrxmega6\libc.a(fgets.o)
 .debug_line    0x00004c84       0xd7 c:/winavr-20100110/bin/../lib/gcc/avr/4.3.3/../../../../avr/lib/avrxmega6\libc.a(fputc.o)
 .debug_line    0x00004d5b       0x83 c:/winavr-20100110/bin/../lib/gcc/avr/4.3.3/../../../../avr/lib/avrxmega6\libc.a(iob.o)
 .debug_line    0x00004dde       0xf1 c:/winavr-20100110/bin/../lib/gcc/avr/4.3.3/../../../../avr/lib/avrxmega6\libc.a(printf_p.o)
 .debug_line    0x00004ecf       0x5e c:/winavr-20100110/bin/../lib/gcc/avr/4.3.3/../../../../avr/lib/avrxmega6\libc.a(errno.o)
 .debug_line    0x00004f2d      0x117 c:/winavr-20100110/bin/../lib/gcc/avr/4.3.3/../../../../avr/lib/avrxmega6\libc.a(fgetc.o)

.debug_frame    0x00000000      0xc40
 *(.debug_frame)
 .debug_frame   0x00000000       0x20 c:/winavr-20100110/bin/../lib/gcc/avr/4.3.3/../../../../avr/lib/avrxmega6\libprintf_flt.a(vfprintf_flt.o)
 .debug_frame   0x00000020       0x20 main.o
 .debug_frame   0x00000040       0x90 gcode.o
 .debug_frame   0x000000d0       0xa0 config.o
 .debug_frame   0x00000170       0x40 encoder.o
 .debug_frame   0x000001b0       0x40 xmega_init.o
 .debug_frame   0x000001f0       0xf0 motion_control.o
 .debug_frame   0x000002e0       0x40 spindle_control.o
 .debug_frame   0x00000320       0xc0 stepper.o
 .debug_frame   0x000003e0       0x30 xmega_interrupts.o
 .debug_frame   0x00000410       0xb0 xio.o
 .debug_frame   0x000004c0       0xf0 xmega_eeprom.o
 .debug_frame   0x000005b0       0x90 controller.o
 .debug_frame   0x00000640       0x30 direct_drive.o
 .debug_frame   0x00000670       0x70 move_buffer.o
 .debug_frame   0x000006e0       0xa0 limit_switches.o
 .debug_frame   0x00000780       0x50 signals.o
 .debug_frame   0x000007d0      0x100 xio_usart.o
 .debug_frame   0x000008d0       0xb0 xio_usb.o
 .debug_frame   0x00000980       0xc0 xio_rs485.o
 .debug_frame   0x00000a40       0x80 xio_pgm.o
 .debug_frame   0x00000ac0       0x40 network.o
 .debug_frame   0x00000b00       0x20 hardware.o
 .debug_frame   0x00000b20       0x20 c:/winavr-20100110/bin/../lib/gcc/avr/4.3.3/avrxmega6\libgcc.a(_lshrdi3.o)
 .debug_frame   0x00000b40       0x20 c:/winavr-20100110/bin/../lib/gcc/avr/4.3.3/avrxmega6\libgcc.a(_ashldi3.o)
 .debug_frame   0x00000b60       0x20 c:/winavr-20100110/bin/../lib/gcc/avr/4.3.3/avrxmega6\libgcc.a(_udivdi3.o)
 .debug_frame   0x00000b80       0x20 c:/winavr-20100110/bin/../lib/gcc/avr/4.3.3/../../../../avr/lib/avrxmega6\libc.a(strtod.o)
 .debug_frame   0x00000ba0       0x20 c:/winavr-20100110/bin/../lib/gcc/avr/4.3.3/../../../../avr/lib/avrxmega6\libc.a(clearerr.o)
 .debug_frame   0x00000bc0       0x20 c:/winavr-20100110/bin/../lib/gcc/avr/4.3.3/../../../../avr/lib/avrxmega6\libc.a(fgets.o)
 .debug_frame   0x00000be0       0x20 c:/winavr-20100110/bin/../lib/gcc/avr/4.3.3/../../../../avr/lib/avrxmega6\libc.a(fputc.o)
 .debug_frame   0x00000c00       0x20 c:/winavr-20100110/bin/../lib/gcc/avr/4.3.3/../../../../avr/lib/avrxmega6\libc.a(printf_p.o)
 .debug_frame   0x00000c20       0x20 c:/winavr-20100110/bin/../lib/gcc/avr/4.3.3/../../../../avr/lib/avrxmega6\libc.a(fgetc.o)

.debug_str      0x00000000     0x2706
 *(.debug_str)
 .debug_str     0x00000000      0x13f c:/winavr-20100110/bin/../lib/gcc/avr/4.3.3/../../../../avr/lib/avrxmega6\libprintf_flt.a(vfprintf_flt.o)
                                0x18b (size before relaxing)
 .debug_str     0x0000013f      0x51e main.o
                                0x5f3 (size before relaxing)
 .debug_str     0x0000065d      0x3b7 gcode.o
                                0x5cf (size before relaxing)
 .debug_str     0x00000a14       0xbc config.o
                                0x676 (size before relaxing)
 .debug_str     0x00000ad0       0xd3 encoder.o
                                0x66e (size before relaxing)
 .debug_str     0x00000ba3      0x13e xmega_init.o
                                0x20b (size before relaxing)
 .debug_str     0x00000ce1      0x1ee motion_control.o
                                0x810 (size before relaxing)
 .debug_str     0x00000ecf       0x3b spindle_control.o
                                0x4eb (size before relaxing)
 .debug_str     0x00000f0a       0xa0 stepper.o
                                0x70c (size before relaxing)
 .debug_str     0x00000faa       0x5c xmega_interrupts.o
                                0x157 (size before relaxing)
 .debug_str     0x00001006      0x20a xio.o
                                0x411 (size before relaxing)
 .debug_str     0x00001210      0x48a xmega_eeprom.o
                                0x5a9 (size before relaxing)
 .debug_str     0x0000169a      0x3cb controller.o
                                0xa58 (size before relaxing)
 .debug_str     0x00001a65       0x2d direct_drive.o
                                0x5c3 (size before relaxing)
 .debug_str     0x00001a92       0xec move_buffer.o
                                0x6d4 (size before relaxing)
 .debug_str     0x00001b7e      0x279 limit_switches.o
                                0x8ac (size before relaxing)
 .debug_str     0x00001df7       0x38 signals.o
                                 0xf0 (size before relaxing)
 .debug_str     0x00001e2f      0x423 xio_usart.o
                                0x7a2 (size before relaxing)
 .debug_str     0x00002252       0xa7 xio_usb.o
                                0x5c0 (size before relaxing)
 .debug_str     0x000022f9       0xc5 xio_rs485.o
                                0x64d (size before relaxing)
 .debug_str     0x000023be       0x6f xio_pgm.o
                                0x312 (size before relaxing)
 .debug_str     0x0000242d       0x2e network.o
                                0x160 (size before relaxing)
 .debug_str     0x0000245b       0x16 hardware.o
                                 0x62 (size before relaxing)
 .debug_str     0x00002471       0xaa c:/winavr-20100110/bin/../lib/gcc/avr/4.3.3/avrxmega6\libgcc.a(_lshrdi3.o)
                                0x136 (size before relaxing)
 .debug_str     0x0000251b        0xa c:/winavr-20100110/bin/../lib/gcc/avr/4.3.3/avrxmega6\libgcc.a(_ashldi3.o)
                                0x136 (size before relaxing)
 .debug_str     0x00002525       0x7c c:/winavr-20100110/bin/../lib/gcc/avr/4.3.3/avrxmega6\libgcc.a(_udivdi3.o)
                                0x18f (size before relaxing)
 .debug_str     0x00000000       0xf9 c:/winavr-20100110/bin/../lib/gcc/avr/4.3.3/avrxmega6\libgcc.a(_clz.o)
 .debug_str     0x000025a1       0x78 c:/winavr-20100110/bin/../lib/gcc/avr/4.3.3/../../../../avr/lib/avrxmega6\libc.a(strtod.o)
                                0x14f (size before relaxing)
 .debug_str     0x00002619       0x28 c:/winavr-20100110/bin/../lib/gcc/avr/4.3.3/../../../../avr/lib/avrxmega6\libc.a(clearerr.o)
                                 0xfb (size before relaxing)
 .debug_str     0x00002641       0x22 c:/winavr-20100110/bin/../lib/gcc/avr/4.3.3/../../../../avr/lib/avrxmega6\libc.a(fgets.o)
                                 0xf5 (size before relaxing)
 .debug_str     0x00002663       0x22 c:/winavr-20100110/bin/../lib/gcc/avr/4.3.3/../../../../avr/lib/avrxmega6\libc.a(fputc.o)
                                 0xf5 (size before relaxing)
 .debug_str     0x00002685       0x1a c:/winavr-20100110/bin/../lib/gcc/avr/4.3.3/../../../../avr/lib/avrxmega6\libc.a(iob.o)
                                 0xec (size before relaxing)
 .debug_str     0x0000269f       0x28 c:/winavr-20100110/bin/../lib/gcc/avr/4.3.3/../../../../avr/lib/avrxmega6\libc.a(printf_p.o)
                                0x123 (size before relaxing)
 .debug_str     0x000026c7       0x1d c:/winavr-20100110/bin/../lib/gcc/avr/4.3.3/../../../../avr/lib/avrxmega6\libc.a(errno.o)
                                 0x5d (size before relaxing)
 .debug_str     0x000026e4       0x22 c:/winavr-20100110/bin/../lib/gcc/avr/4.3.3/../../../../avr/lib/avrxmega6\libc.a(fgetc.o)
                                 0xf5 (size before relaxing)

.debug_loc      0x00000000     0x3df7
 *(.debug_loc)
 .debug_loc     0x00000000      0x99a c:/winavr-20100110/bin/../lib/gcc/avr/4.3.3/../../../../avr/lib/avrxmega6\libprintf_flt.a(vfprintf_flt.o)
 .debug_loc     0x0000099a      0x585 gcode.o
 .debug_loc     0x00000f1f      0x2b6 config.o
 .debug_loc     0x000011d5       0x31 encoder.o
 .debug_loc     0x00001206       0x18 xmega_init.o
 .debug_loc     0x0000121e      0x5e8 motion_control.o
 .debug_loc     0x00001806       0x28 spindle_control.o
 .debug_loc     0x0000182e       0x23 stepper.o
 .debug_loc     0x00001851      0x254 xio.o
 .debug_loc     0x00001aa5      0x3bd xmega_eeprom.o
 .debug_loc     0x00001e62       0x58 controller.o
 .debug_loc     0x00001eba       0x18 direct_drive.o
 .debug_loc     0x00001ed2       0xe8 move_buffer.o
 .debug_loc     0x00001fba      0x55c xio_usart.o
 .debug_loc     0x00002516      0x140 xio_usb.o
 .debug_loc     0x00002656      0x140 xio_rs485.o
 .debug_loc     0x00002796      0x14d xio_pgm.o
 .debug_loc     0x000028e3       0xf8 c:/winavr-20100110/bin/../lib/gcc/avr/4.3.3/avrxmega6\libgcc.a(_lshrdi3.o)
 .debug_loc     0x000029db       0xf8 c:/winavr-20100110/bin/../lib/gcc/avr/4.3.3/avrxmega6\libgcc.a(_ashldi3.o)
 .debug_loc     0x00002ad3      0xe74 c:/winavr-20100110/bin/../lib/gcc/avr/4.3.3/avrxmega6\libgcc.a(_udivdi3.o)
 .debug_loc     0x00003947      0x2b0 c:/winavr-20100110/bin/../lib/gcc/avr/4.3.3/../../../../avr/lib/avrxmega6\libc.a(strtod.o)
 .debug_loc     0x00003bf7       0x28 c:/winavr-20100110/bin/../lib/gcc/avr/4.3.3/../../../../avr/lib/avrxmega6\libc.a(clearerr.o)
 .debug_loc     0x00003c1f       0xf8 c:/winavr-20100110/bin/../lib/gcc/avr/4.3.3/../../../../avr/lib/avrxmega6\libc.a(fgets.o)
 .debug_loc     0x00003d17       0x60 c:/winavr-20100110/bin/../lib/gcc/avr/4.3.3/../../../../avr/lib/avrxmega6\libc.a(fputc.o)
 .debug_loc     0x00003d77       0x80 c:/winavr-20100110/bin/../lib/gcc/avr/4.3.3/../../../../avr/lib/avrxmega6\libc.a(fgetc.o)

.debug_macinfo
 *(.debug_macinfo)
OUTPUT(TinyG.elf elf32-avr)
LOAD linker stubs
