Archive member included because of file (symbol)

c:/winavr-20100110/bin/../lib/gcc/avr/4.3.3/../../../../avr/lib/avrxmega6\libprintf_flt.a(vfprintf_flt.o)
                              (vfprintf)
c:/winavr-20100110/bin/../lib/gcc/avr/4.3.3/../../../../avr/lib/avrxmega6\libm.a(addsf3.o)
                              gcode.o (__subsf3)
c:/winavr-20100110/bin/../lib/gcc/avr/4.3.3/../../../../avr/lib/avrxmega6\libm.a(addsf3x.o)
                              c:/winavr-20100110/bin/../lib/gcc/avr/4.3.3/../../../../avr/lib/avrxmega6\libm.a(addsf3.o) (__addsf3x)
c:/winavr-20100110/bin/../lib/gcc/avr/4.3.3/../../../../avr/lib/avrxmega6\libm.a(atan.o)
                              gcode.o (atan)
c:/winavr-20100110/bin/../lib/gcc/avr/4.3.3/../../../../avr/lib/avrxmega6\libm.a(ceil.o)
                              motion_control.o (ceil)
c:/winavr-20100110/bin/../lib/gcc/avr/4.3.3/../../../../avr/lib/avrxmega6\libm.a(cmpsf2.o)
                              gcode.o (__ltsf2)
c:/winavr-20100110/bin/../lib/gcc/avr/4.3.3/../../../../avr/lib/avrxmega6\libm.a(cos.o)
                              motion_control.o (cos)
c:/winavr-20100110/bin/../lib/gcc/avr/4.3.3/../../../../avr/lib/avrxmega6\libm.a(divsf3.o)
                              gcode.o (__divsf3)
c:/winavr-20100110/bin/../lib/gcc/avr/4.3.3/../../../../avr/lib/avrxmega6\libm.a(divsf3x.o)
                              c:/winavr-20100110/bin/../lib/gcc/avr/4.3.3/../../../../avr/lib/avrxmega6\libm.a(divsf3.o) (__divsf3x)
c:/winavr-20100110/bin/../lib/gcc/avr/4.3.3/../../../../avr/lib/avrxmega6\libm.a(fixsfsi.o)
                              gcode.o (__fixsfsi)
c:/winavr-20100110/bin/../lib/gcc/avr/4.3.3/../../../../avr/lib/avrxmega6\libm.a(fixunssfsi.o)
                              gcode.o (__fixunssfsi)
c:/winavr-20100110/bin/../lib/gcc/avr/4.3.3/../../../../avr/lib/avrxmega6\libm.a(floatsisf.o)
                              config.o (__floatunsisf)
c:/winavr-20100110/bin/../lib/gcc/avr/4.3.3/../../../../avr/lib/avrxmega6\libm.a(fp_cmp.o)
                              c:/winavr-20100110/bin/../lib/gcc/avr/4.3.3/../../../../avr/lib/avrxmega6\libm.a(cmpsf2.o) (__fp_cmp)
c:/winavr-20100110/bin/../lib/gcc/avr/4.3.3/../../../../avr/lib/avrxmega6\libm.a(fp_inf.o)
                              c:/winavr-20100110/bin/../lib/gcc/avr/4.3.3/../../../../avr/lib/avrxmega6\libm.a(addsf3x.o) (__fp_inf)
c:/winavr-20100110/bin/../lib/gcc/avr/4.3.3/../../../../avr/lib/avrxmega6\libm.a(fp_mintl.o)
                              c:/winavr-20100110/bin/../lib/gcc/avr/4.3.3/../../../../avr/lib/avrxmega6\libm.a(ceil.o) (__fp_mintl)
c:/winavr-20100110/bin/../lib/gcc/avr/4.3.3/../../../../avr/lib/avrxmega6\libm.a(fp_mpack.o)
                              c:/winavr-20100110/bin/../lib/gcc/avr/4.3.3/../../../../avr/lib/avrxmega6\libm.a(ceil.o) (__fp_mpack)
c:/winavr-20100110/bin/../lib/gcc/avr/4.3.3/../../../../avr/lib/avrxmega6\libm.a(fp_nan.o)
                              c:/winavr-20100110/bin/../lib/gcc/avr/4.3.3/../../../../avr/lib/avrxmega6\libm.a(addsf3x.o) (__fp_nan)
c:/winavr-20100110/bin/../lib/gcc/avr/4.3.3/../../../../avr/lib/avrxmega6\libm.a(fp_powser.o)
                              c:/winavr-20100110/bin/../lib/gcc/avr/4.3.3/../../../../avr/lib/avrxmega6\libm.a(atan.o) (__fp_powser)
c:/winavr-20100110/bin/../lib/gcc/avr/4.3.3/../../../../avr/lib/avrxmega6\libm.a(fp_pscA.o)
                              c:/winavr-20100110/bin/../lib/gcc/avr/4.3.3/../../../../avr/lib/avrxmega6\libm.a(addsf3x.o) (__fp_pscA)
c:/winavr-20100110/bin/../lib/gcc/avr/4.3.3/../../../../avr/lib/avrxmega6\libm.a(fp_pscB.o)
                              c:/winavr-20100110/bin/../lib/gcc/avr/4.3.3/../../../../avr/lib/avrxmega6\libm.a(addsf3x.o) (__fp_pscB)
c:/winavr-20100110/bin/../lib/gcc/avr/4.3.3/../../../../avr/lib/avrxmega6\libm.a(fp_rempio2.o)
                              c:/winavr-20100110/bin/../lib/gcc/avr/4.3.3/../../../../avr/lib/avrxmega6\libm.a(cos.o) (__fp_rempio2)
c:/winavr-20100110/bin/../lib/gcc/avr/4.3.3/../../../../avr/lib/avrxmega6\libm.a(fp_round.o)
                              c:/winavr-20100110/bin/../lib/gcc/avr/4.3.3/../../../../avr/lib/avrxmega6\libm.a(addsf3.o) (__fp_round)
c:/winavr-20100110/bin/../lib/gcc/avr/4.3.3/../../../../avr/lib/avrxmega6\libm.a(fp_sinus.o)
                              c:/winavr-20100110/bin/../lib/gcc/avr/4.3.3/../../../../avr/lib/avrxmega6\libm.a(cos.o) (__fp_sinus)
c:/winavr-20100110/bin/../lib/gcc/avr/4.3.3/../../../../avr/lib/avrxmega6\libm.a(fp_split3.o)
                              c:/winavr-20100110/bin/../lib/gcc/avr/4.3.3/../../../../avr/lib/avrxmega6\libm.a(addsf3x.o) (__fp_split3)
c:/winavr-20100110/bin/../lib/gcc/avr/4.3.3/../../../../avr/lib/avrxmega6\libm.a(fp_trunc.o)
                              c:/winavr-20100110/bin/../lib/gcc/avr/4.3.3/../../../../avr/lib/avrxmega6\libm.a(ceil.o) (__fp_trunc)
c:/winavr-20100110/bin/../lib/gcc/avr/4.3.3/../../../../avr/lib/avrxmega6\libm.a(fp_zero.o)
                              c:/winavr-20100110/bin/../lib/gcc/avr/4.3.3/../../../../avr/lib/avrxmega6\libm.a(addsf3x.o) (__fp_zero)
c:/winavr-20100110/bin/../lib/gcc/avr/4.3.3/../../../../avr/lib/avrxmega6\libm.a(gesf2.o)
                              gcode.o (__gtsf2)
c:/winavr-20100110/bin/../lib/gcc/avr/4.3.3/../../../../avr/lib/avrxmega6\libm.a(hypot.o)
                              gcode.o (hypot)
c:/winavr-20100110/bin/../lib/gcc/avr/4.3.3/../../../../avr/lib/avrxmega6\libm.a(inverse.o)
                              c:/winavr-20100110/bin/../lib/gcc/avr/4.3.3/../../../../avr/lib/avrxmega6\libm.a(atan.o) (inverse)
c:/winavr-20100110/bin/../lib/gcc/avr/4.3.3/../../../../avr/lib/avrxmega6\libm.a(ldexp.o)
                              c:/winavr-20100110/bin/../lib/gcc/avr/4.3.3/../../../../avr/lib/avrxmega6\libm.a(hypot.o) (ldexp)
c:/winavr-20100110/bin/../lib/gcc/avr/4.3.3/../../../../avr/lib/avrxmega6\libm.a(lround.o)
                              motion_control.o (lround)
c:/winavr-20100110/bin/../lib/gcc/avr/4.3.3/../../../../avr/lib/avrxmega6\libm.a(mulsf3.o)
                              gcode.o (__mulsf3)
c:/winavr-20100110/bin/../lib/gcc/avr/4.3.3/../../../../avr/lib/avrxmega6\libm.a(mulsf3x.o)
                              c:/winavr-20100110/bin/../lib/gcc/avr/4.3.3/../../../../avr/lib/avrxmega6\libm.a(atan.o) (__mulsf3x)
c:/winavr-20100110/bin/../lib/gcc/avr/4.3.3/../../../../avr/lib/avrxmega6\libm.a(sin.o)
                              motion_control.o (sin)
c:/winavr-20100110/bin/../lib/gcc/avr/4.3.3/../../../../avr/lib/avrxmega6\libm.a(sqrt.o)
                              gcode.o (sqrt)
c:/winavr-20100110/bin/../lib/gcc/avr/4.3.3/../../../../avr/lib/avrxmega6\libm.a(square.o)
                              motion_control.o (square)
c:/winavr-20100110/bin/../lib/gcc/avr/4.3.3/../../../../avr/lib/avrxmega6\libm.a(trunc.o)
                              gcode.o (trunc)
c:/winavr-20100110/bin/../lib/gcc/avr/4.3.3/../../../../avr/lib/avrxmega6\libm.a(unordsf2.o)
                              gcode.o (__unordsf2)
c:/winavr-20100110/bin/../lib/gcc/avr/4.3.3/../../../../avr/lib/avrxmega6\libm.a(fp_norm2.o)
                              c:/winavr-20100110/bin/../lib/gcc/avr/4.3.3/../../../../avr/lib/avrxmega6\libm.a(sqrt.o) (__fp_norm2)
c:/winavr-20100110/bin/../lib/gcc/avr/4.3.3/../../../../avr/lib/avrxmega6\libm.a(fp_powsodd.o)
                              c:/winavr-20100110/bin/../lib/gcc/avr/4.3.3/../../../../avr/lib/avrxmega6\libm.a(fp_sinus.o) (__fp_powsodd)
c:/winavr-20100110/bin/../lib/gcc/avr/4.3.3/avrxmega6\libgcc.a(_exit.o)
                              c:/winavr-20100110/bin/../lib/gcc/avr/4.3.3/../../../../avr/lib/avrxmega6/crtx256a3.o (exit)
c:/winavr-20100110/bin/../lib/gcc/avr/4.3.3/avrxmega6\libgcc.a(_clear_bss.o)
                              main.o (__do_clear_bss)
c:/winavr-20100110/bin/../lib/gcc/avr/4.3.3/avrxmega6\libgcc.a(_udivdi3.o)
                              move_buffer.o (__udivdi3)
c:/winavr-20100110/bin/../lib/gcc/avr/4.3.3/avrxmega6\libgcc.a(_mulsi3.o)
                              c:/winavr-20100110/bin/../lib/gcc/avr/4.3.3/avrxmega6\libgcc.a(_udivdi3.o) (__mulsi3)
c:/winavr-20100110/bin/../lib/gcc/avr/4.3.3/avrxmega6\libgcc.a(_udivmodsi4.o)
                              c:/winavr-20100110/bin/../lib/gcc/avr/4.3.3/avrxmega6\libgcc.a(_udivdi3.o) (__udivmodsi4)
c:/winavr-20100110/bin/../lib/gcc/avr/4.3.3/avrxmega6\libgcc.a(_prologue.o)
                              c:/winavr-20100110/bin/../lib/gcc/avr/4.3.3/avrxmega6\libgcc.a(_udivdi3.o) (__prologue_saves__)
c:/winavr-20100110/bin/../lib/gcc/avr/4.3.3/avrxmega6\libgcc.a(_epilogue.o)
                              c:/winavr-20100110/bin/../lib/gcc/avr/4.3.3/avrxmega6\libgcc.a(_udivdi3.o) (__epilogue_restores__)
c:/winavr-20100110/bin/../lib/gcc/avr/4.3.3/avrxmega6\libgcc.a(_clz.o)
                              c:/winavr-20100110/bin/../lib/gcc/avr/4.3.3/avrxmega6\libgcc.a(_udivdi3.o) (__clz_tab)
c:/winavr-20100110/bin/../lib/gcc/avr/4.3.3/../../../../avr/lib/avrxmega6\libc.a(strtod.o)
                              gcode.o (strtod)
c:/winavr-20100110/bin/../lib/gcc/avr/4.3.3/../../../../avr/lib/avrxmega6\libc.a(atoi.o)
                              config.o (atoi)
c:/winavr-20100110/bin/../lib/gcc/avr/4.3.3/../../../../avr/lib/avrxmega6\libc.a(ftoa_engine.o)
                              c:/winavr-20100110/bin/../lib/gcc/avr/4.3.3/../../../../avr/lib/avrxmega6\libprintf_flt.a(vfprintf_flt.o) (__ftoa_engine)
c:/winavr-20100110/bin/../lib/gcc/avr/4.3.3/../../../../avr/lib/avrxmega6\libc.a(isspace.o)
                              c:/winavr-20100110/bin/../lib/gcc/avr/4.3.3/../../../../avr/lib/avrxmega6\libc.a(strtod.o) (isspace)
c:/winavr-20100110/bin/../lib/gcc/avr/4.3.3/../../../../avr/lib/avrxmega6\libc.a(strncasecmp_P.o)
                              c:/winavr-20100110/bin/../lib/gcc/avr/4.3.3/../../../../avr/lib/avrxmega6\libc.a(strtod.o) (strncasecmp_P)
c:/winavr-20100110/bin/../lib/gcc/avr/4.3.3/../../../../avr/lib/avrxmega6\libc.a(strnlen_P.o)
                              c:/winavr-20100110/bin/../lib/gcc/avr/4.3.3/../../../../avr/lib/avrxmega6\libprintf_flt.a(vfprintf_flt.o) (strnlen_P)
c:/winavr-20100110/bin/../lib/gcc/avr/4.3.3/../../../../avr/lib/avrxmega6\libc.a(strnlen.o)
                              c:/winavr-20100110/bin/../lib/gcc/avr/4.3.3/../../../../avr/lib/avrxmega6\libprintf_flt.a(vfprintf_flt.o) (strnlen)
c:/winavr-20100110/bin/../lib/gcc/avr/4.3.3/../../../../avr/lib/avrxmega6\libc.a(mul10.o)
                              c:/winavr-20100110/bin/../lib/gcc/avr/4.3.3/../../../../avr/lib/avrxmega6\libc.a(atoi.o) (__mulhi_const_10)
c:/winavr-20100110/bin/../lib/gcc/avr/4.3.3/../../../../avr/lib/avrxmega6\libc.a(clearerr.o)
                              xio_pgm.o (clearerr)
c:/winavr-20100110/bin/../lib/gcc/avr/4.3.3/../../../../avr/lib/avrxmega6\libc.a(fgets.o)
                              xio_pgm.o (fgets)
c:/winavr-20100110/bin/../lib/gcc/avr/4.3.3/../../../../avr/lib/avrxmega6\libc.a(fputc.o)
                              c:/winavr-20100110/bin/../lib/gcc/avr/4.3.3/../../../../avr/lib/avrxmega6\libprintf_flt.a(vfprintf_flt.o) (fputc)
c:/winavr-20100110/bin/../lib/gcc/avr/4.3.3/../../../../avr/lib/avrxmega6\libc.a(iob.o)
                              xio.o (__iob)
c:/winavr-20100110/bin/../lib/gcc/avr/4.3.3/../../../../avr/lib/avrxmega6\libc.a(printf_p.o)
                              config.o (printf_P)
c:/winavr-20100110/bin/../lib/gcc/avr/4.3.3/../../../../avr/lib/avrxmega6\libc.a(ultoa_invert.o)
                              c:/winavr-20100110/bin/../lib/gcc/avr/4.3.3/../../../../avr/lib/avrxmega6\libprintf_flt.a(vfprintf_flt.o) (__ultoa_invert)
c:/winavr-20100110/bin/../lib/gcc/avr/4.3.3/../../../../avr/lib/avrxmega6\libc.a(errno.o)
                              c:/winavr-20100110/bin/../lib/gcc/avr/4.3.3/../../../../avr/lib/avrxmega6\libc.a(strtod.o) (errno)
c:/winavr-20100110/bin/../lib/gcc/avr/4.3.3/../../../../avr/lib/avrxmega6\libc.a(cty_isfalse.o)
                              c:/winavr-20100110/bin/../lib/gcc/avr/4.3.3/../../../../avr/lib/avrxmega6\libc.a(isspace.o) (__ctype_isfalse)
c:/winavr-20100110/bin/../lib/gcc/avr/4.3.3/../../../../avr/lib/avrxmega6\libc.a(fgetc.o)
                              c:/winavr-20100110/bin/../lib/gcc/avr/4.3.3/../../../../avr/lib/avrxmega6\libc.a(fgets.o) (fgetc)

Allocating common symbols
Common symbol       size              file

errno               0x2               c:/winavr-20100110/bin/../lib/gcc/avr/4.3.3/../../../../avr/lib/avrxmega6\libc.a(errno.o)
ma                  0x41              motion_control.o
dd                  0x17              direct_drive.o
cfg                 0x6e              main.o
stddev              0x2               main.o
__iob               0x6               c:/winavr-20100110/bin/../lib/gcc/avr/4.3.3/../../../../avr/lib/avrxmega6\libc.a(iob.o)

Memory Configuration

Name             Origin             Length             Attributes
text             0x00000000         0x00100000         xr
data             0x00802000         0x0000ffa0         rw !x
eeprom           0x00810000         0x00010000         rw !x
fuse             0x00820000         0x00000400         rw !x
lock             0x00830000         0x00000400         rw !x
signature        0x00840000         0x00000400         rw !x
*default*        0x00000000         0xffffffff

Linker script and memory map

LOAD c:/winavr-20100110/bin/../lib/gcc/avr/4.3.3/../../../../avr/lib/avrxmega6/crtx256a3.o
LOAD c:/winavr-20100110/bin/../lib/gcc/avr/4.3.3/../../../../avr/lib/avrxmega6\libprintf_flt.a
LOAD c:/winavr-20100110/bin/../lib/gcc/avr/4.3.3/../../../../avr/lib/avrxmega6\libm.a
LOAD main.o
LOAD gcode.o
LOAD config.o
LOAD encoder.o
LOAD xmega_init.o
LOAD motion_control.o
LOAD spindle_control.o
LOAD stepper.o
LOAD xmega_interrupts.o
LOAD xio.o
LOAD xio_usb.o
LOAD xmega_eeprom.o
LOAD xio_pgm.o
LOAD controller.o
LOAD direct_drive.o
LOAD move_buffer.o
LOAD limit_switches.o
LOAD c:/winavr-20100110/bin/../lib/gcc/avr/4.3.3/../../../../avr/lib/avrxmega6\libm.a
LOAD c:/winavr-20100110/bin/../lib/gcc/avr/4.3.3/avrxmega6\libgcc.a
LOAD c:/winavr-20100110/bin/../lib/gcc/avr/4.3.3/../../../../avr/lib/avrxmega6\libc.a
LOAD c:/winavr-20100110/bin/../lib/gcc/avr/4.3.3/avrxmega6\libgcc.a

.hash
 *(.hash)

.dynsym
 *(.dynsym)

.dynstr
 *(.dynstr)

.gnu.version
 *(.gnu.version)

.gnu.version_d
 *(.gnu.version_d)

.gnu.version_r
 *(.gnu.version_r)

.rel.init
 *(.rel.init)

.rela.init
 *(.rela.init)

.rel.text
 *(.rel.text)
 *(.rel.text.*)
 *(.rel.gnu.linkonce.t*)

.rela.text
 *(.rela.text)
 *(.rela.text.*)
 *(.rela.gnu.linkonce.t*)

.rel.fini
 *(.rel.fini)

.rela.fini
 *(.rela.fini)

.rel.rodata
 *(.rel.rodata)
 *(.rel.rodata.*)
 *(.rel.gnu.linkonce.r*)

.rela.rodata
 *(.rela.rodata)
 *(.rela.rodata.*)
 *(.rela.gnu.linkonce.r*)

.rel.data
 *(.rel.data)
 *(.rel.data.*)
 *(.rel.gnu.linkonce.d*)

.rela.data
 *(.rela.data)
 *(.rela.data.*)
 *(.rela.gnu.linkonce.d*)

.rel.ctors
 *(.rel.ctors)

.rela.ctors
 *(.rela.ctors)

.rel.dtors
 *(.rel.dtors)

.rela.dtors
 *(.rela.dtors)

.rel.got
 *(.rel.got)

.rela.got
 *(.rela.got)

.rel.bss
 *(.rel.bss)

.rela.bss
 *(.rela.bss)

.rel.plt
 *(.rel.plt)

.rela.plt
 *(.rela.plt)

.text           0x00000000     0x875a
 *(.vectors)
 .vectors       0x00000000      0x1e8 c:/winavr-20100110/bin/../lib/gcc/avr/4.3.3/../../../../avr/lib/avrxmega6/crtx256a3.o
                0x00000000                __vectors
                0x00000000                __vector_default
 *(.vectors)
 *(.progmem.gcc*)
 .progmem.gcc_fplib
                0x000001e8       0x2d c:/winavr-20100110/bin/../lib/gcc/avr/4.3.3/../../../../avr/lib/avrxmega6\libm.a(atan.o)
 .progmem.gcc_fplib
                0x00000215       0x1e c:/winavr-20100110/bin/../lib/gcc/avr/4.3.3/../../../../avr/lib/avrxmega6\libm.a(fp_sinus.o)
 *(.progmem*)
 .progmem.data  0x00000233        0x8 c:/winavr-20100110/bin/../lib/gcc/avr/4.3.3/../../../../avr/lib/avrxmega6\libprintf_flt.a(vfprintf_flt.o)
 .progmem.data  0x0000023b      0x4e9 config.o
                0x00000243                cfgMsgs
                0x0000023b                cfgMsgXaxis
                0x0000023d                cfgMsgYaxis
                0x0000024b                configs_P
                0x00000241                cfgMsgAaxis
                0x0000023f                cfgMsgZaxis
 .progmem.data  0x00000724       0x42 xio.o
                0x00000724                bsel
                0x0000072f                bscale
 .progmem.data  0x00000766      0x200 xio_usb.o
 .progmem.data  0x00000966     0x1197 controller.o
                0x00000cb7                radius_arc_test2
                0x00001a88                tgModeStrings
                0x000009fa                square_test10
                0x00001a7b                tgModeStringDirect
                0x00000afe                square_circle_test100
                0x00000cbb                zoetrope
                0x00001676                contraptor_circle
                0x00000a88                square_circle_test10
                0x00000c2e                g0_test2
                0x00000c92                radius_arc_test1
                0x00001a63                tgModeStringConfig
                0x00001a56                tgModeStringControl
                0x00000bee                spiral_test50a
                0x00000966                square_test1
                0x00000c64                g0_test3
                0x00001a6f                tgModeStringGCode
                0x00000b74                spiral_test5
                0x00000a26                circle_test10
                0x00000c0e                g0_test1
                0x000009d4                square_test2
 .progmem.data  0x00001afd       0x3b c:/winavr-20100110/bin/../lib/gcc/avr/4.3.3/../../../../avr/lib/avrxmega6\libc.a(strtod.o)
 .progmem.data  0x00001b38       0xfa c:/winavr-20100110/bin/../lib/gcc/avr/4.3.3/../../../../avr/lib/avrxmega6\libc.a(ftoa_engine.o)
                0x00001c32                . = ALIGN (0x2)
                0x00001c32                __trampolines_start = .
 *(.trampolines)
 .trampolines   0x00001c32        0x0 linker stubs
 *(.trampolines*)
                0x00001c32                __trampolines_end = .
 *(.jumptables)
 *(.jumptables*)
 *(.lowtext)
 *(.lowtext*)
                0x00001c32                __ctors_start = .
 *(.ctors)
                0x00001c32                __ctors_end = .
                0x00001c32                __dtors_start = .
 *(.dtors)
                0x00001c32                __dtors_end = .
 SORT(*)(.ctors)
 SORT(*)(.dtors)
 *(.init0)
 .init0         0x00001c32        0x0 c:/winavr-20100110/bin/../lib/gcc/avr/4.3.3/../../../../avr/lib/avrxmega6/crtx256a3.o
                0x00001c32                __init
 *(.init0)
 *(.init1)
 *(.init1)
 *(.init2)
 .init2         0x00001c32       0x10 c:/winavr-20100110/bin/../lib/gcc/avr/4.3.3/../../../../avr/lib/avrxmega6/crtx256a3.o
 *(.init2)
 *(.init3)
 *(.init3)
 *(.init4)
 .init4         0x00001c42       0x1a c:/winavr-20100110/bin/../lib/gcc/avr/4.3.3/../../../../avr/lib/avrxmega6/crtx256a3.o
                0x00001c42                __do_copy_data
 .init4         0x00001c5c       0x10 c:/winavr-20100110/bin/../lib/gcc/avr/4.3.3/avrxmega6\libgcc.a(_clear_bss.o)
                0x00001c5c                __do_clear_bss
 *(.init4)
 *(.init5)
 *(.init5)
 *(.init6)
 *(.init6)
 *(.init7)
 *(.init7)
 *(.init8)
 *(.init8)
 *(.init9)
 .init9         0x00001c6c        0x8 c:/winavr-20100110/bin/../lib/gcc/avr/4.3.3/../../../../avr/lib/avrxmega6/crtx256a3.o
 *(.init9)
 *(.text)
 .text          0x00001c74        0x4 c:/winavr-20100110/bin/../lib/gcc/avr/4.3.3/../../../../avr/lib/avrxmega6/crtx256a3.o
                0x00001c74                __vector_38
                0x00001c74                __vector_104
                0x00001c74                __vector_22
                0x00001c74                __vector_63
                0x00001c74                __vector_28
                0x00001c74                __vector_67
                0x00001c74                __vector_1
                0x00001c74                __vector_119
                0x00001c74                __vector_32
                0x00001c74                __vector_75
                0x00001c74                __vector_71
                0x00001c74                __vector_91
                0x00001c74                __vector_34
                0x00001c74                __vector_62
                0x00001c74                __vector_102
                0x00001c74                __vector_24
                0x00001c74                __vector_12
                0x00001c74                __vector_55
                0x00001c74                __vector_69
                0x00001c74                __vector_81
                0x00001c74                __vector_90
                0x00001c74                __vector_46
                0x00001c74                __bad_interrupt
                0x00001c74                __vector_72
                0x00001c74                __vector_114
                0x00001c74                __vector_6
                0x00001c74                __vector_110
                0x00001c74                __vector_31
                0x00001c74                __vector_92
                0x00001c74                __vector_35
                0x00001c74                __vector_78
                0x00001c74                __vector_74
                0x00001c74                __vector_117
                0x00001c74                __vector_39
                0x00001c74                __vector_107
                0x00001c74                __vector_3
                0x00001c74                __vector_105
                0x00001c74                __vector_98
                0x00001c74                __vector_23
                0x00001c74                __vector_68
                0x00001c74                __vector_30
                0x00001c74                __vector_73
                0x00001c74                __vector_45
                0x00001c74                __vector_93
                0x00001c74                __vector_61
                0x00001c74                __vector_11
                0x00001c74                __vector_54
                0x00001c74                __vector_99
                0x00001c74                __vector_13
                0x00001c74                __vector_17
                0x00001c74                __vector_19
                0x00001c74                __vector_56
                0x00001c74                __vector_7
                0x00001c74                __vector_49
                0x00001c74                __vector_41
                0x00001c74                __vector_86
                0x00001c74                __vector_100
                0x00001c74                __vector_101
                0x00001c74                __vector_64
                0x00001c74                __vector_88
                0x00001c74                __vector_109
                0x00001c74                __vector_43
                0x00001c74                __vector_27
                0x00001c74                __vector_5
                0x00001c74                __vector_113
                0x00001c74                __vector_33
                0x00001c74                __vector_76
                0x00001c74                __vector_115
                0x00001c74                __vector_52
                0x00001c74                __vector_37
                0x00001c74                __vector_95
                0x00001c74                __vector_103
                0x00001c74                __vector_96
                0x00001c74                __vector_89
                0x00001c74                __vector_4
                0x00001c74                __vector_44
                0x00001c74                __vector_82
                0x00001c74                __vector_106
                0x00001c74                __vector_118
                0x00001c74                __vector_51
                0x00001c74                __vector_9
                0x00001c74                __vector_2
                0x00001c74                __vector_21
                0x00001c74                __vector_15
                0x00001c74                __vector_66
                0x00001c74                __vector_36
                0x00001c74                __vector_79
                0x00001c74                __vector_58
                0x00001c74                __vector_70
                0x00001c74                __vector_83
                0x00001c74                __vector_29
                0x00001c74                __vector_60
                0x00001c74                __vector_121
                0x00001c74                __vector_40
                0x00001c74                __vector_85
                0x00001c74                __vector_94
                0x00001c74                __vector_8
                0x00001c74                __vector_48
                0x00001c74                __vector_116
                0x00001c74                __vector_112
                0x00001c74                __vector_111
                0x00001c74                __vector_80
                0x00001c74                __vector_84
                0x00001c74                __vector_57
                0x00001c74                __vector_53
                0x00001c74                __vector_10
                0x00001c74                __vector_50
                0x00001c74                __vector_16
                0x00001c74                __vector_59
                0x00001c74                __vector_18
                0x00001c74                __vector_97
                0x00001c74                __vector_20
                0x00001c74                __vector_42
                0x00001c74                __vector_87
                0x00001c74                __vector_65
                0x00001c74                __vector_120
 .text          0x00001c78        0x0 c:/winavr-20100110/bin/../lib/gcc/avr/4.3.3/../../../../avr/lib/avrxmega6\libprintf_flt.a(vfprintf_flt.o)
 .text          0x00001c78       0x56 main.o
                0x00001c78                main
 .text          0x00001cce      0xcc8 gcode.o
                0x00001cdc                to_millimeters
                0x00001eaa                theta
                0x00001d12                gc_init
                0x00001cce                select_plane
                0x0000292e                gc_gcode_parser
                0x00001f28                gc_execute_block
 .text          0x00002996      0xa00 config.o
                0x00002fb2                cfg_write
                0x00002ab6                cfg_reset
                0x00002cec                _cfg_dump_axis
                0x00002c48                cfg_init
                0x00002996                _cfg_computed
                0x00002c4e                _cfg_print_status
                0x00002ec6                cfg_dump
                0x00002ff4                cfg_parse
                0x00002fc4                cfg_read
                0x00003312                cfg_test
 .text          0x00003396        0x2 encoder.o
                0x00003396                en_init
 .text          0x00003398       0x96 xmega_init.o
                0x00003404                CCPWrite
                0x000033fe                xmega_init
                0x00003398                xmega_init_clocks
 .text          0x0000342e     0x10ba motion_control.o
                0x00003ac0                mc_arc_continuation
                0x0000342e                mc_go_home
                0x00003500                mc_line_continuation
                0x00003cb4                mc_arc_nonblock
                0x0000380a                mc_line
                0x00003456                mc_dwell
                0x00003592                mc_line_nonblock
                0x00004002                mc_arc
                0x0000343e                mc_init
 .text          0x000044e8       0x38 spindle_control.o
                0x00004516                spindle_stop
                0x000044e8                spindle_init
                0x000044f6                spindle_run
 .text          0x00004520      0x67a stepper.o
                0x000046b2                st_kill
                0x00004a06                __vector_77
                0x000046e8                st_execute_move
                0x000045d8                st_set_polarity
                0x000045f2                st_motor_test
                0x0000493c                __vector_47
                0x00004872                __vector_108
                0x00004868                _st_fake_move
                0x000046a8                st_terminate
                0x00004520                st_init
                0x00004ad0                __vector_14
 .text          0x00004b9a       0x20 xmega_interrupts.o
                0x00004b9a                PMIC_SetVectorLocationToBoot
                0x00004baa                PMIC_SetVectorLocationToApplication
 .text          0x00004bba       0xd6 xio.o
                0x00004c42                xio_init
                0x00004bf6                xio_control
                0x00004bba                xio_null_signal
                0x00004bc0                xio_null_line
                0x00004c1e                xio_dev_init
                0x00004bc6                xio_fget_ln
 .text          0x00004c90      0x81e xio_usb.o
                0x00004e1c                xio_usb_control
                0x00004f46                __vector_25
                0x00004fce                xio_usb_queue_RX_char
                0x000050cc                xio_usb_putc
                0x000052f4                xio_usb_readln
                0x00005042                __vector_26
                0x00004c90                xio_usb_init
                0x000051c6                xio_usb_getc
                0x0000501c                xio_usb_queue_RX_string
 .text          0x000054ae      0x39c xmega_eeprom.o
                0x000054ae                EEPROM_ReadByte
                0x000055a4                EEPROM_WaitForNVM
                0x000056f8                EEPROM_LoadByte
                0x0000564e                eeprom_put_char
                0x00005664                memcpy_to_eeprom_with_checksum
                0x000057d2                EEPROM_SplitWritePage
                0x0000573e                EEPROM_AtomicWritePage
                0x00005716                EEPROM_LoadPage
                0x0000581c                EEPROM_EraseAll
                0x0000551c                memcpy_from_eeprom_with_checksum
                0x000055ae                EEPROM_FlushBuffer
                0x00005788                EEPROM_ErasePage
                0x000055e4                EEPROM_WriteByte
                0x00005508                eeprom_get_char
 .text          0x0000584a      0x2fc xio_pgm.o
                0x00005a66                xio_pgm_putc
                0x0000584a                xio_pgm_init
                0x0000598e                xio_pgm_control
                0x00005966                xio_pgm_open
                0x00005a6c                xio_pgm_readln
                0x00005aac                xio_pgm_getc
 .text          0x00005b46      0x3f4 controller.o
                0x00005ef4                tg_init
                0x00005be4                tg_terminate
                0x00005be0                tg_pause
                0x00005cb4                tg_parser
                0x00005e86                tg_controller
                0x00005be2                tg_resume
                0x00005c80                tg_signal
                0x00005bea                tg_kill
 .text          0x00005f3a        0x8 direct_drive.o
                0x00005f3a                dd_init
                0x00005f3c                dd_parser
 .text          0x00005f42      0x2e6 move_buffer.o
                0x00005f4c                mv_dequeue_move_buffer
                0x00005fe8                mv_queue_move_buffer
                0x00005fac                mv_synchronize
                0x00005f42                mv_init
                0x00005f90                mv_test_move_buffer_full
                0x00005fd2                mv_flush
 .text          0x00006228        0x2 limit_switches.o
                0x00006228                ls_init
 .text          0x0000622a        0x0 c:/winavr-20100110/bin/../lib/gcc/avr/4.3.3/../../../../avr/lib/avrxmega6\libm.a(addsf3.o)
 .text          0x0000622a        0x0 c:/winavr-20100110/bin/../lib/gcc/avr/4.3.3/../../../../avr/lib/avrxmega6\libm.a(addsf3x.o)
 .text          0x0000622a        0x0 c:/winavr-20100110/bin/../lib/gcc/avr/4.3.3/../../../../avr/lib/avrxmega6\libm.a(atan.o)
 .text          0x0000622a        0x0 c:/winavr-20100110/bin/../lib/gcc/avr/4.3.3/../../../../avr/lib/avrxmega6\libm.a(ceil.o)
 .text          0x0000622a        0x0 c:/winavr-20100110/bin/../lib/gcc/avr/4.3.3/../../../../avr/lib/avrxmega6\libm.a(cmpsf2.o)
 .text          0x0000622a        0x0 c:/winavr-20100110/bin/../lib/gcc/avr/4.3.3/../../../../avr/lib/avrxmega6\libm.a(cos.o)
 .text          0x0000622a        0x0 c:/winavr-20100110/bin/../lib/gcc/avr/4.3.3/../../../../avr/lib/avrxmega6\libm.a(divsf3.o)
 .text          0x0000622a        0x0 c:/winavr-20100110/bin/../lib/gcc/avr/4.3.3/../../../../avr/lib/avrxmega6\libm.a(divsf3x.o)
 .text          0x0000622a        0x0 c:/winavr-20100110/bin/../lib/gcc/avr/4.3.3/../../../../avr/lib/avrxmega6\libm.a(fixsfsi.o)
 .text          0x0000622a        0x0 c:/winavr-20100110/bin/../lib/gcc/avr/4.3.3/../../../../avr/lib/avrxmega6\libm.a(fixunssfsi.o)
 .text          0x0000622a        0x0 c:/winavr-20100110/bin/../lib/gcc/avr/4.3.3/../../../../avr/lib/avrxmega6\libm.a(floatsisf.o)
 .text          0x0000622a        0x0 c:/winavr-20100110/bin/../lib/gcc/avr/4.3.3/../../../../avr/lib/avrxmega6\libm.a(fp_cmp.o)
 .text          0x0000622a        0x0 c:/winavr-20100110/bin/../lib/gcc/avr/4.3.3/../../../../avr/lib/avrxmega6\libm.a(fp_inf.o)
 .text          0x0000622a        0x0 c:/winavr-20100110/bin/../lib/gcc/avr/4.3.3/../../../../avr/lib/avrxmega6\libm.a(fp_mintl.o)
 .text          0x0000622a        0x0 c:/winavr-20100110/bin/../lib/gcc/avr/4.3.3/../../../../avr/lib/avrxmega6\libm.a(fp_mpack.o)
 .text          0x0000622a        0x0 c:/winavr-20100110/bin/../lib/gcc/avr/4.3.3/../../../../avr/lib/avrxmega6\libm.a(fp_nan.o)
 .text          0x0000622a        0x0 c:/winavr-20100110/bin/../lib/gcc/avr/4.3.3/../../../../avr/lib/avrxmega6\libm.a(fp_powser.o)
 .text          0x0000622a        0x0 c:/winavr-20100110/bin/../lib/gcc/avr/4.3.3/../../../../avr/lib/avrxmega6\libm.a(fp_pscA.o)
 .text          0x0000622a        0x0 c:/winavr-20100110/bin/../lib/gcc/avr/4.3.3/../../../../avr/lib/avrxmega6\libm.a(fp_pscB.o)
 .text          0x0000622a        0x0 c:/winavr-20100110/bin/../lib/gcc/avr/4.3.3/../../../../avr/lib/avrxmega6\libm.a(fp_rempio2.o)
 .text          0x0000622a        0x0 c:/winavr-20100110/bin/../lib/gcc/avr/4.3.3/../../../../avr/lib/avrxmega6\libm.a(fp_round.o)
 .text          0x0000622a        0x0 c:/winavr-20100110/bin/../lib/gcc/avr/4.3.3/../../../../avr/lib/avrxmega6\libm.a(fp_sinus.o)
 .text          0x0000622a        0x0 c:/winavr-20100110/bin/../lib/gcc/avr/4.3.3/../../../../avr/lib/avrxmega6\libm.a(fp_split3.o)
 .text          0x0000622a        0x0 c:/winavr-20100110/bin/../lib/gcc/avr/4.3.3/../../../../avr/lib/avrxmega6\libm.a(fp_trunc.o)
 .text          0x0000622a        0x0 c:/winavr-20100110/bin/../lib/gcc/avr/4.3.3/../../../../avr/lib/avrxmega6\libm.a(fp_zero.o)
 .text          0x0000622a        0x0 c:/winavr-20100110/bin/../lib/gcc/avr/4.3.3/../../../../avr/lib/avrxmega6\libm.a(gesf2.o)
 .text          0x0000622a        0x0 c:/winavr-20100110/bin/../lib/gcc/avr/4.3.3/../../../../avr/lib/avrxmega6\libm.a(hypot.o)
 .text          0x0000622a        0x0 c:/winavr-20100110/bin/../lib/gcc/avr/4.3.3/../../../../avr/lib/avrxmega6\libm.a(inverse.o)
 .text          0x0000622a        0x0 c:/winavr-20100110/bin/../lib/gcc/avr/4.3.3/../../../../avr/lib/avrxmega6\libm.a(ldexp.o)
 .text          0x0000622a        0x0 c:/winavr-20100110/bin/../lib/gcc/avr/4.3.3/../../../../avr/lib/avrxmega6\libm.a(lround.o)
 .text          0x0000622a        0x0 c:/winavr-20100110/bin/../lib/gcc/avr/4.3.3/../../../../avr/lib/avrxmega6\libm.a(mulsf3.o)
 .text          0x0000622a        0x0 c:/winavr-20100110/bin/../lib/gcc/avr/4.3.3/../../../../avr/lib/avrxmega6\libm.a(mulsf3x.o)
 .text          0x0000622a        0x0 c:/winavr-20100110/bin/../lib/gcc/avr/4.3.3/../../../../avr/lib/avrxmega6\libm.a(sin.o)
 .text          0x0000622a        0x0 c:/winavr-20100110/bin/../lib/gcc/avr/4.3.3/../../../../avr/lib/avrxmega6\libm.a(sqrt.o)
 .text          0x0000622a        0x0 c:/winavr-20100110/bin/../lib/gcc/avr/4.3.3/../../../../avr/lib/avrxmega6\libm.a(square.o)
 .text          0x0000622a        0x0 c:/winavr-20100110/bin/../lib/gcc/avr/4.3.3/../../../../avr/lib/avrxmega6\libm.a(trunc.o)
 .text          0x0000622a        0x0 c:/winavr-20100110/bin/../lib/gcc/avr/4.3.3/../../../../avr/lib/avrxmega6\libm.a(unordsf2.o)
 .text          0x0000622a        0x0 c:/winavr-20100110/bin/../lib/gcc/avr/4.3.3/../../../../avr/lib/avrxmega6\libm.a(fp_norm2.o)
 .text          0x0000622a        0x0 c:/winavr-20100110/bin/../lib/gcc/avr/4.3.3/../../../../avr/lib/avrxmega6\libm.a(fp_powsodd.o)
 .text          0x0000622a        0x0 c:/winavr-20100110/bin/../lib/gcc/avr/4.3.3/avrxmega6\libgcc.a(_exit.o)
 .text          0x0000622a        0x0 c:/winavr-20100110/bin/../lib/gcc/avr/4.3.3/avrxmega6\libgcc.a(_clear_bss.o)
 .text          0x0000622a      0xcea c:/winavr-20100110/bin/../lib/gcc/avr/4.3.3/avrxmega6\libgcc.a(_udivdi3.o)
                0x0000622a                __udivdi3
 .text          0x00006f14        0x0 c:/winavr-20100110/bin/../lib/gcc/avr/4.3.3/avrxmega6\libgcc.a(_mulsi3.o)
 .text          0x00006f14        0x0 c:/winavr-20100110/bin/../lib/gcc/avr/4.3.3/avrxmega6\libgcc.a(_udivmodsi4.o)
 .text          0x00006f14        0x0 c:/winavr-20100110/bin/../lib/gcc/avr/4.3.3/avrxmega6\libgcc.a(_prologue.o)
 .text          0x00006f14        0x0 c:/winavr-20100110/bin/../lib/gcc/avr/4.3.3/avrxmega6\libgcc.a(_epilogue.o)
 .text          0x00006f14        0x0 c:/winavr-20100110/bin/../lib/gcc/avr/4.3.3/avrxmega6\libgcc.a(_clz.o)
 .text          0x00006f14        0x0 c:/winavr-20100110/bin/../lib/gcc/avr/4.3.3/../../../../avr/lib/avrxmega6\libc.a(strtod.o)
 .text          0x00006f14        0x0 c:/winavr-20100110/bin/../lib/gcc/avr/4.3.3/../../../../avr/lib/avrxmega6\libc.a(atoi.o)
 .text          0x00006f14        0x0 c:/winavr-20100110/bin/../lib/gcc/avr/4.3.3/../../../../avr/lib/avrxmega6\libc.a(ftoa_engine.o)
 .text          0x00006f14        0x0 c:/winavr-20100110/bin/../lib/gcc/avr/4.3.3/../../../../avr/lib/avrxmega6\libc.a(isspace.o)
 .text          0x00006f14        0x0 c:/winavr-20100110/bin/../lib/gcc/avr/4.3.3/../../../../avr/lib/avrxmega6\libc.a(strncasecmp_P.o)
 .text          0x00006f14        0x0 c:/winavr-20100110/bin/../lib/gcc/avr/4.3.3/../../../../avr/lib/avrxmega6\libc.a(strnlen_P.o)
 .text          0x00006f14        0x0 c:/winavr-20100110/bin/../lib/gcc/avr/4.3.3/../../../../avr/lib/avrxmega6\libc.a(strnlen.o)
 .text          0x00006f14        0x0 c:/winavr-20100110/bin/../lib/gcc/avr/4.3.3/../../../../avr/lib/avrxmega6\libc.a(mul10.o)
 .text          0x00006f14        0x0 c:/winavr-20100110/bin/../lib/gcc/avr/4.3.3/../../../../avr/lib/avrxmega6\libc.a(clearerr.o)
 .text          0x00006f14        0x0 c:/winavr-20100110/bin/../lib/gcc/avr/4.3.3/../../../../avr/lib/avrxmega6\libc.a(fgets.o)
 .text          0x00006f14        0x0 c:/winavr-20100110/bin/../lib/gcc/avr/4.3.3/../../../../avr/lib/avrxmega6\libc.a(fputc.o)
 .text          0x00006f14        0x0 c:/winavr-20100110/bin/../lib/gcc/avr/4.3.3/../../../../avr/lib/avrxmega6\libc.a(iob.o)
 .text          0x00006f14        0x0 c:/winavr-20100110/bin/../lib/gcc/avr/4.3.3/../../../../avr/lib/avrxmega6\libc.a(printf_p.o)
 .text          0x00006f14        0x0 c:/winavr-20100110/bin/../lib/gcc/avr/4.3.3/../../../../avr/lib/avrxmega6\libc.a(ultoa_invert.o)
 .text          0x00006f14        0x0 c:/winavr-20100110/bin/../lib/gcc/avr/4.3.3/../../../../avr/lib/avrxmega6\libc.a(errno.o)
 .text          0x00006f14        0x0 c:/winavr-20100110/bin/../lib/gcc/avr/4.3.3/../../../../avr/lib/avrxmega6\libc.a(cty_isfalse.o)
 .text          0x00006f14        0x0 c:/winavr-20100110/bin/../lib/gcc/avr/4.3.3/../../../../avr/lib/avrxmega6\libc.a(fgetc.o)
                0x00006f14                . = ALIGN (0x2)
 *(.text.*)
 .text.avr-libc
                0x00006f14      0x754 c:/winavr-20100110/bin/../lib/gcc/avr/4.3.3/../../../../avr/lib/avrxmega6\libprintf_flt.a(vfprintf_flt.o)
                0x00006f14                vfprintf
 .text.avr-libc.fplib
                0x00007668        0xa c:/winavr-20100110/bin/../lib/gcc/avr/4.3.3/../../../../avr/lib/avrxmega6\libm.a(addsf3.o)
                0x00007668                __subsf3
                0x0000766a                __addsf3
 .text.avr-libc.fplib
                0x00007672       0xc0 c:/winavr-20100110/bin/../lib/gcc/avr/4.3.3/../../../../avr/lib/avrxmega6\libm.a(addsf3x.o)
                0x0000768c                __addsf3x
 .text.avr-libc.fplib
                0x00007732       0x50 c:/winavr-20100110/bin/../lib/gcc/avr/4.3.3/../../../../avr/lib/avrxmega6\libm.a(atan.o)
                0x00007732                atan
 .text.avr-libc.fplib
                0x00007782       0x26 c:/winavr-20100110/bin/../lib/gcc/avr/4.3.3/../../../../avr/lib/avrxmega6\libm.a(ceil.o)
                0x00007782                ceil
 .text.avr-libc.fplib
                0x000077a8        0x8 c:/winavr-20100110/bin/../lib/gcc/avr/4.3.3/../../../../avr/lib/avrxmega6\libm.a(cmpsf2.o)
                0x000077a8                __lesf2
                0x000077a8                __nesf2
                0x000077a8                __eqsf2
                0x000077a8                __cmpsf2
                0x000077a8                __ltsf2
 .text.avr-libc.fplib
                0x000077b0        0x6 c:/winavr-20100110/bin/../lib/gcc/avr/4.3.3/../../../../avr/lib/avrxmega6\libm.a(cos.o)
                0x000077b0                cos
 .text.avr-libc.fplib
                0x000077b6        0x4 c:/winavr-20100110/bin/../lib/gcc/avr/4.3.3/../../../../avr/lib/avrxmega6\libm.a(divsf3.o)
                0x000077b6                __divsf3
 .text.avr-libc.fplib
                0x000077ba       0xcc c:/winavr-20100110/bin/../lib/gcc/avr/4.3.3/../../../../avr/lib/avrxmega6\libm.a(divsf3x.o)
                0x000077d0                __divsf3x
                0x000077d4                __divsf3_pse
 .text.avr-libc.fplib
                0x00007886        0xa c:/winavr-20100110/bin/../lib/gcc/avr/4.3.3/../../../../avr/lib/avrxmega6\libm.a(fixsfsi.o)
                0x00007886                __fixsfsi
 .text.avr-libc.fplib
                0x00007890       0x58 c:/winavr-20100110/bin/../lib/gcc/avr/4.3.3/../../../../avr/lib/avrxmega6\libm.a(fixunssfsi.o)
                0x00007890                __fixunssfsi
 .text.avr-libc.fplib
                0x000078e8       0x7a c:/winavr-20100110/bin/../lib/gcc/avr/4.3.3/../../../../avr/lib/avrxmega6\libm.a(floatsisf.o)
                0x000078ec                __floatsisf
                0x000078e8                __floatunsisf
 .text.avr-libc.fplib
                0x00007962       0x48 c:/winavr-20100110/bin/../lib/gcc/avr/4.3.3/../../../../avr/lib/avrxmega6\libm.a(fp_cmp.o)
                0x00007962                __fp_cmp
 .text.avr-libc.fplib
                0x000079aa        0xc c:/winavr-20100110/bin/../lib/gcc/avr/4.3.3/../../../../avr/lib/avrxmega6\libm.a(fp_inf.o)
                0x000079aa                __fp_inf
 .text.avr-libc.fplib
                0x000079b6       0x36 c:/winavr-20100110/bin/../lib/gcc/avr/4.3.3/../../../../avr/lib/avrxmega6\libm.a(fp_mintl.o)
                0x000079b6                __fp_mintl
 .text.avr-libc.fplib
                0x000079ec       0x1c c:/winavr-20100110/bin/../lib/gcc/avr/4.3.3/../../../../avr/lib/avrxmega6\libm.a(fp_mpack.o)
                0x000079f0                __fp_mpack_finite
                0x000079ec                __fp_mpack
 .text.avr-libc.fplib
                0x00007a08        0x6 c:/winavr-20100110/bin/../lib/gcc/avr/4.3.3/../../../../avr/lib/avrxmega6\libm.a(fp_nan.o)
                0x00007a08                __fp_nan
 .text.avr-libc.fplib
                0x00007a0e       0x4a c:/winavr-20100110/bin/../lib/gcc/avr/4.3.3/../../../../avr/lib/avrxmega6\libm.a(fp_powser.o)
                0x00007a0e                __fp_powser
 .text.avr-libc.fplib
                0x00007a58        0xe c:/winavr-20100110/bin/../lib/gcc/avr/4.3.3/../../../../avr/lib/avrxmega6\libm.a(fp_pscA.o)
                0x00007a58                __fp_pscA
 .text.avr-libc.fplib
                0x00007a66        0xe c:/winavr-20100110/bin/../lib/gcc/avr/4.3.3/../../../../avr/lib/avrxmega6\libm.a(fp_pscB.o)
                0x00007a66                __fp_pscB
 .text.avr-libc.fplib
                0x00007a74       0x50 c:/winavr-20100110/bin/../lib/gcc/avr/4.3.3/../../../../avr/lib/avrxmega6\libm.a(fp_rempio2.o)
                0x00007a76                __fp_rempio2
 .text.avr-libc.fplib
                0x00007ac4       0x22 c:/winavr-20100110/bin/../lib/gcc/avr/4.3.3/../../../../avr/lib/avrxmega6\libm.a(fp_round.o)
                0x00007ac4                __fp_round
 .text.avr-libc.fplib
                0x00007ae6       0x22 c:/winavr-20100110/bin/../lib/gcc/avr/4.3.3/../../../../avr/lib/avrxmega6\libm.a(fp_sinus.o)
                0x00007ae6                __fp_sinus
 .text.avr-libc.fplib
                0x00007b08       0x44 c:/winavr-20100110/bin/../lib/gcc/avr/4.3.3/../../../../avr/lib/avrxmega6\libm.a(fp_split3.o)
                0x00007b08                __fp_split3
                0x00007b18                __fp_splitA
 .text.avr-libc.fplib
                0x00007b4c       0x2e c:/winavr-20100110/bin/../lib/gcc/avr/4.3.3/../../../../avr/lib/avrxmega6\libm.a(fp_trunc.o)
                0x00007b4c                __fp_trunc
 .text.avr-libc.fplib
                0x00007b7a        0xe c:/winavr-20100110/bin/../lib/gcc/avr/4.3.3/../../../../avr/lib/avrxmega6\libm.a(fp_zero.o)
                0x00007b7a                __fp_zero
                0x00007b7c                __fp_szero
 .text.avr-libc.fplib
                0x00007b88        0x8 c:/winavr-20100110/bin/../lib/gcc/avr/4.3.3/../../../../avr/lib/avrxmega6\libm.a(gesf2.o)
                0x00007b88                __gtsf2
                0x00007b88                __gesf2
 .text.avr-libc.fplib
                0x00007b90       0xc2 c:/winavr-20100110/bin/../lib/gcc/avr/4.3.3/../../../../avr/lib/avrxmega6\libm.a(hypot.o)
                0x00007ba2                hypot
 .text.avr-libc.fplib
                0x00007c52        0xe c:/winavr-20100110/bin/../lib/gcc/avr/4.3.3/../../../../avr/lib/avrxmega6\libm.a(inverse.o)
                0x00007c52                inverse
 .text.avr-libc.fplib
                0x00007c60       0x6c c:/winavr-20100110/bin/../lib/gcc/avr/4.3.3/../../../../avr/lib/avrxmega6\libm.a(ldexp.o)
                0x00007c64                ldexp
 .text.avr-libc.fplib
                0x00007ccc       0x60 c:/winavr-20100110/bin/../lib/gcc/avr/4.3.3/../../../../avr/lib/avrxmega6\libm.a(lround.o)
                0x00007ccc                lround
 .text.avr-libc.fplib
                0x00007d2c        0x4 c:/winavr-20100110/bin/../lib/gcc/avr/4.3.3/../../../../avr/lib/avrxmega6\libm.a(mulsf3.o)
                0x00007d2c                __mulsf3
 .text.avr-libc.fplib
                0x00007d30       0xc2 c:/winavr-20100110/bin/../lib/gcc/avr/4.3.3/../../../../avr/lib/avrxmega6\libm.a(mulsf3x.o)
                0x00007d48                __mulsf3_pse
                0x00007d44                __mulsf3x
 .text.avr-libc.fplib
                0x00007df2        0xc c:/winavr-20100110/bin/../lib/gcc/avr/4.3.3/../../../../avr/lib/avrxmega6\libm.a(sin.o)
                0x00007df2                sin
 .text.avr-libc.fplib
                0x00007dfe       0x84 c:/winavr-20100110/bin/../lib/gcc/avr/4.3.3/../../../../avr/lib/avrxmega6\libm.a(sqrt.o)
                0x00007e06                sqrt
 .text.avr-libc.fplib
                0x00007e82        0x6 c:/winavr-20100110/bin/../lib/gcc/avr/4.3.3/../../../../avr/lib/avrxmega6\libm.a(square.o)
                0x00007e82                square
 .text.avr-libc.fplib
                0x00007e88        0xe c:/winavr-20100110/bin/../lib/gcc/avr/4.3.3/../../../../avr/lib/avrxmega6\libm.a(trunc.o)
                0x00007e88                trunc
 .text.avr-libc.fplib
                0x00007e96        0x8 c:/winavr-20100110/bin/../lib/gcc/avr/4.3.3/../../../../avr/lib/avrxmega6\libm.a(unordsf2.o)
                0x00007e96                __unordsf2
 .text.avr-libc.fplib
                0x00007e9e        0xe c:/winavr-20100110/bin/../lib/gcc/avr/4.3.3/../../../../avr/lib/avrxmega6\libm.a(fp_norm2.o)
                0x00007e9e                __fp_norm2
 .text.avr-libc.fplib
                0x00007eac       0x22 c:/winavr-20100110/bin/../lib/gcc/avr/4.3.3/../../../../avr/lib/avrxmega6\libm.a(fp_powsodd.o)
                0x00007eac                __fp_powsodd
 .text.libgcc   0x00007ece        0x0 c:/winavr-20100110/bin/../lib/gcc/avr/4.3.3/avrxmega6\libgcc.a(_exit.o)
 .text.libgcc   0x00007ece        0x0 c:/winavr-20100110/bin/../lib/gcc/avr/4.3.3/avrxmega6\libgcc.a(_clear_bss.o)
 .text.libgcc   0x00007ece       0x3e c:/winavr-20100110/bin/../lib/gcc/avr/4.3.3/avrxmega6\libgcc.a(_mulsi3.o)
                0x00007ece                __mulsi3
 .text.libgcc   0x00007f0c       0x44 c:/winavr-20100110/bin/../lib/gcc/avr/4.3.3/avrxmega6\libgcc.a(_udivmodsi4.o)
                0x00007f0c                __udivmodsi4
 .text.libgcc   0x00007f50       0x38 c:/winavr-20100110/bin/../lib/gcc/avr/4.3.3/avrxmega6\libgcc.a(_prologue.o)
                0x00007f50                __prologue_saves__
 .text.libgcc   0x00007f88       0x36 c:/winavr-20100110/bin/../lib/gcc/avr/4.3.3/avrxmega6\libgcc.a(_epilogue.o)
                0x00007f88                __epilogue_restores__
 .text.avr-libc
                0x00007fbe      0x2dc c:/winavr-20100110/bin/../lib/gcc/avr/4.3.3/../../../../avr/lib/avrxmega6\libc.a(strtod.o)
                0x00007fbe                strtod
 .text.avr-libc
                0x0000829a       0x3c c:/winavr-20100110/bin/../lib/gcc/avr/4.3.3/../../../../avr/lib/avrxmega6\libc.a(atoi.o)
                0x0000829a                atoi
 .text.avr-libc
                0x000082d6      0x1b0 c:/winavr-20100110/bin/../lib/gcc/avr/4.3.3/../../../../avr/lib/avrxmega6\libc.a(ftoa_engine.o)
                0x000082d6                __ftoa_engine
 .text.avr-libc
                0x00008486       0x10 c:/winavr-20100110/bin/../lib/gcc/avr/4.3.3/../../../../avr/lib/avrxmega6\libc.a(isspace.o)
                0x00008486                isspace
 .text.avr-libc
                0x00008496       0x30 c:/winavr-20100110/bin/../lib/gcc/avr/4.3.3/../../../../avr/lib/avrxmega6\libc.a(strncasecmp_P.o)
                0x00008496                strncasecmp_P
 .text.avr-libc
                0x000084c6       0x16 c:/winavr-20100110/bin/../lib/gcc/avr/4.3.3/../../../../avr/lib/avrxmega6\libc.a(strnlen_P.o)
                0x000084c6                strnlen_P
 .text.avr-libc
                0x000084dc       0x16 c:/winavr-20100110/bin/../lib/gcc/avr/4.3.3/../../../../avr/lib/avrxmega6\libc.a(strnlen.o)
                0x000084dc                strnlen
 .text.avr-libc
                0x000084f2       0x10 c:/winavr-20100110/bin/../lib/gcc/avr/4.3.3/../../../../avr/lib/avrxmega6\libc.a(mul10.o)
                0x000084f2                __mulhi_const_10
 .text.avr-libc
                0x00008502        0xa c:/winavr-20100110/bin/../lib/gcc/avr/4.3.3/../../../../avr/lib/avrxmega6\libc.a(clearerr.o)
                0x00008502                clearerr
 .text.avr-libc
                0x0000850c       0x66 c:/winavr-20100110/bin/../lib/gcc/avr/4.3.3/../../../../avr/lib/avrxmega6\libc.a(fgets.o)
                0x0000850c                fgets
 .text.avr-libc
                0x00008572       0x58 c:/winavr-20100110/bin/../lib/gcc/avr/4.3.3/../../../../avr/lib/avrxmega6\libc.a(fputc.o)
                0x00008572                fputc
 .text.avr-libc
                0x000085ca       0x46 c:/winavr-20100110/bin/../lib/gcc/avr/4.3.3/../../../../avr/lib/avrxmega6\libc.a(printf_p.o)
                0x000085ca                printf_P
 .text.avr-libc
                0x00008610       0xbc c:/winavr-20100110/bin/../lib/gcc/avr/4.3.3/../../../../avr/lib/avrxmega6\libc.a(ultoa_invert.o)
                0x00008610                __ultoa_invert
 .text.avr-libc
                0x000086cc        0x6 c:/winavr-20100110/bin/../lib/gcc/avr/4.3.3/../../../../avr/lib/avrxmega6\libc.a(cty_isfalse.o)
                0x000086d0                __ctype_istrue
                0x000086cc                __ctype_isfalse
 .text.avr-libc
                0x000086d2       0x84 c:/winavr-20100110/bin/../lib/gcc/avr/4.3.3/../../../../avr/lib/avrxmega6\libc.a(fgetc.o)
                0x000086d2                fgetc
                0x00008756                . = ALIGN (0x2)
 *(.fini9)
 .fini9         0x00008756        0x0 c:/winavr-20100110/bin/../lib/gcc/avr/4.3.3/avrxmega6\libgcc.a(_exit.o)
                0x00008756                exit
                0x00008756                _exit
 *(.fini9)
 *(.fini8)
 *(.fini8)
 *(.fini7)
 *(.fini7)
 *(.fini6)
 *(.fini6)
 *(.fini5)
 *(.fini5)
 *(.fini4)
 *(.fini4)
 *(.fini3)
 *(.fini3)
 *(.fini2)
 *(.fini2)
 *(.fini1)
 *(.fini1)
 *(.fini0)
 .fini0         0x00008756        0x4 c:/winavr-20100110/bin/../lib/gcc/avr/4.3.3/avrxmega6\libgcc.a(_exit.o)
 *(.fini0)
                0x0000875a                _etext = .

.data           0x00802000      0x11c load address 0x0000875a
                0x00802000                PROVIDE (__data_start, .)
 *(.data)
 .data          0x00802000        0x0 c:/winavr-20100110/bin/../lib/gcc/avr/4.3.3/../../../../avr/lib/avrxmega6/crtx256a3.o
 .data          0x00802000        0x0 c:/winavr-20100110/bin/../lib/gcc/avr/4.3.3/../../../../avr/lib/avrxmega6\libprintf_flt.a(vfprintf_flt.o)
 .data          0x00802000        0x0 main.o
 .data          0x00802000        0x0 gcode.o
 .data          0x00802000        0x0 config.o
 .data          0x00802000        0x0 encoder.o
 .data          0x00802000        0x0 xmega_init.o
 .data          0x00802000        0x0 motion_control.o
 .data          0x00802000        0x0 spindle_control.o
 .data          0x00802000        0x0 stepper.o
 .data          0x00802000        0x0 xmega_interrupts.o
 .data          0x00802000        0x0 xio.o
 .data          0x00802000        0xe xio_usb.o
                0x00802000                dev_usb
 .data          0x0080200e        0x0 xmega_eeprom.o
 .data          0x0080200e        0xe xio_pgm.o
                0x0080200e                dev_pgm
 .data          0x0080201c        0x0 controller.o
 .data          0x0080201c        0x0 direct_drive.o
 .data          0x0080201c        0x0 move_buffer.o
 .data          0x0080201c        0x0 limit_switches.o
 .data          0x0080201c        0x0 c:/winavr-20100110/bin/../lib/gcc/avr/4.3.3/../../../../avr/lib/avrxmega6\libm.a(addsf3.o)
 .data          0x0080201c        0x0 c:/winavr-20100110/bin/../lib/gcc/avr/4.3.3/../../../../avr/lib/avrxmega6\libm.a(addsf3x.o)
 .data          0x0080201c        0x0 c:/winavr-20100110/bin/../lib/gcc/avr/4.3.3/../../../../avr/lib/avrxmega6\libm.a(atan.o)
 .data          0x0080201c        0x0 c:/winavr-20100110/bin/../lib/gcc/avr/4.3.3/../../../../avr/lib/avrxmega6\libm.a(ceil.o)
 .data          0x0080201c        0x0 c:/winavr-20100110/bin/../lib/gcc/avr/4.3.3/../../../../avr/lib/avrxmega6\libm.a(cmpsf2.o)
 .data          0x0080201c        0x0 c:/winavr-20100110/bin/../lib/gcc/avr/4.3.3/../../../../avr/lib/avrxmega6\libm.a(cos.o)
 .data          0x0080201c        0x0 c:/winavr-20100110/bin/../lib/gcc/avr/4.3.3/../../../../avr/lib/avrxmega6\libm.a(divsf3.o)
 .data          0x0080201c        0x0 c:/winavr-20100110/bin/../lib/gcc/avr/4.3.3/../../../../avr/lib/avrxmega6\libm.a(divsf3x.o)
 .data          0x0080201c        0x0 c:/winavr-20100110/bin/../lib/gcc/avr/4.3.3/../../../../avr/lib/avrxmega6\libm.a(fixsfsi.o)
 .data          0x0080201c        0x0 c:/winavr-20100110/bin/../lib/gcc/avr/4.3.3/../../../../avr/lib/avrxmega6\libm.a(fixunssfsi.o)
 .data          0x0080201c        0x0 c:/winavr-20100110/bin/../lib/gcc/avr/4.3.3/../../../../avr/lib/avrxmega6\libm.a(floatsisf.o)
 .data          0x0080201c        0x0 c:/winavr-20100110/bin/../lib/gcc/avr/4.3.3/../../../../avr/lib/avrxmega6\libm.a(fp_cmp.o)
 .data          0x0080201c        0x0 c:/winavr-20100110/bin/../lib/gcc/avr/4.3.3/../../../../avr/lib/avrxmega6\libm.a(fp_inf.o)
 .data          0x0080201c        0x0 c:/winavr-20100110/bin/../lib/gcc/avr/4.3.3/../../../../avr/lib/avrxmega6\libm.a(fp_mintl.o)
 .data          0x0080201c        0x0 c:/winavr-20100110/bin/../lib/gcc/avr/4.3.3/../../../../avr/lib/avrxmega6\libm.a(fp_mpack.o)
 .data          0x0080201c        0x0 c:/winavr-20100110/bin/../lib/gcc/avr/4.3.3/../../../../avr/lib/avrxmega6\libm.a(fp_nan.o)
 .data          0x0080201c        0x0 c:/winavr-20100110/bin/../lib/gcc/avr/4.3.3/../../../../avr/lib/avrxmega6\libm.a(fp_powser.o)
 .data          0x0080201c        0x0 c:/winavr-20100110/bin/../lib/gcc/avr/4.3.3/../../../../avr/lib/avrxmega6\libm.a(fp_pscA.o)
 .data          0x0080201c        0x0 c:/winavr-20100110/bin/../lib/gcc/avr/4.3.3/../../../../avr/lib/avrxmega6\libm.a(fp_pscB.o)
 .data          0x0080201c        0x0 c:/winavr-20100110/bin/../lib/gcc/avr/4.3.3/../../../../avr/lib/avrxmega6\libm.a(fp_rempio2.o)
 .data          0x0080201c        0x0 c:/winavr-20100110/bin/../lib/gcc/avr/4.3.3/../../../../avr/lib/avrxmega6\libm.a(fp_round.o)
 .data          0x0080201c        0x0 c:/winavr-20100110/bin/../lib/gcc/avr/4.3.3/../../../../avr/lib/avrxmega6\libm.a(fp_sinus.o)
 .data          0x0080201c        0x0 c:/winavr-20100110/bin/../lib/gcc/avr/4.3.3/../../../../avr/lib/avrxmega6\libm.a(fp_split3.o)
 .data          0x0080201c        0x0 c:/winavr-20100110/bin/../lib/gcc/avr/4.3.3/../../../../avr/lib/avrxmega6\libm.a(fp_trunc.o)
 .data          0x0080201c        0x0 c:/winavr-20100110/bin/../lib/gcc/avr/4.3.3/../../../../avr/lib/avrxmega6\libm.a(fp_zero.o)
 .data          0x0080201c        0x0 c:/winavr-20100110/bin/../lib/gcc/avr/4.3.3/../../../../avr/lib/avrxmega6\libm.a(gesf2.o)
 .data          0x0080201c        0x0 c:/winavr-20100110/bin/../lib/gcc/avr/4.3.3/../../../../avr/lib/avrxmega6\libm.a(hypot.o)
 .data          0x0080201c        0x0 c:/winavr-20100110/bin/../lib/gcc/avr/4.3.3/../../../../avr/lib/avrxmega6\libm.a(inverse.o)
 .data          0x0080201c        0x0 c:/winavr-20100110/bin/../lib/gcc/avr/4.3.3/../../../../avr/lib/avrxmega6\libm.a(ldexp.o)
 .data          0x0080201c        0x0 c:/winavr-20100110/bin/../lib/gcc/avr/4.3.3/../../../../avr/lib/avrxmega6\libm.a(lround.o)
 .data          0x0080201c        0x0 c:/winavr-20100110/bin/../lib/gcc/avr/4.3.3/../../../../avr/lib/avrxmega6\libm.a(mulsf3.o)
 .data          0x0080201c        0x0 c:/winavr-20100110/bin/../lib/gcc/avr/4.3.3/../../../../avr/lib/avrxmega6\libm.a(mulsf3x.o)
 .data          0x0080201c        0x0 c:/winavr-20100110/bin/../lib/gcc/avr/4.3.3/../../../../avr/lib/avrxmega6\libm.a(sin.o)
 .data          0x0080201c        0x0 c:/winavr-20100110/bin/../lib/gcc/avr/4.3.3/../../../../avr/lib/avrxmega6\libm.a(sqrt.o)
 .data          0x0080201c        0x0 c:/winavr-20100110/bin/../lib/gcc/avr/4.3.3/../../../../avr/lib/avrxmega6\libm.a(square.o)
 .data          0x0080201c        0x0 c:/winavr-20100110/bin/../lib/gcc/avr/4.3.3/../../../../avr/lib/avrxmega6\libm.a(trunc.o)
 .data          0x0080201c        0x0 c:/winavr-20100110/bin/../lib/gcc/avr/4.3.3/../../../../avr/lib/avrxmega6\libm.a(unordsf2.o)
 .data          0x0080201c        0x0 c:/winavr-20100110/bin/../lib/gcc/avr/4.3.3/../../../../avr/lib/avrxmega6\libm.a(fp_norm2.o)
 .data          0x0080201c        0x0 c:/winavr-20100110/bin/../lib/gcc/avr/4.3.3/../../../../avr/lib/avrxmega6\libm.a(fp_powsodd.o)
 .data          0x0080201c        0x0 c:/winavr-20100110/bin/../lib/gcc/avr/4.3.3/avrxmega6\libgcc.a(_exit.o)
 .data          0x0080201c        0x0 c:/winavr-20100110/bin/../lib/gcc/avr/4.3.3/avrxmega6\libgcc.a(_clear_bss.o)
 .data          0x0080201c        0x0 c:/winavr-20100110/bin/../lib/gcc/avr/4.3.3/avrxmega6\libgcc.a(_udivdi3.o)
 .data          0x0080201c        0x0 c:/winavr-20100110/bin/../lib/gcc/avr/4.3.3/avrxmega6\libgcc.a(_mulsi3.o)
 .data          0x0080201c        0x0 c:/winavr-20100110/bin/../lib/gcc/avr/4.3.3/avrxmega6\libgcc.a(_udivmodsi4.o)
 .data          0x0080201c        0x0 c:/winavr-20100110/bin/../lib/gcc/avr/4.3.3/avrxmega6\libgcc.a(_prologue.o)
 .data          0x0080201c        0x0 c:/winavr-20100110/bin/../lib/gcc/avr/4.3.3/avrxmega6\libgcc.a(_epilogue.o)
 .data          0x0080201c      0x100 c:/winavr-20100110/bin/../lib/gcc/avr/4.3.3/avrxmega6\libgcc.a(_clz.o)
                0x0080201c                __clz_tab
 .data          0x0080211c        0x0 c:/winavr-20100110/bin/../lib/gcc/avr/4.3.3/../../../../avr/lib/avrxmega6\libc.a(strtod.o)
 .data          0x0080211c        0x0 c:/winavr-20100110/bin/../lib/gcc/avr/4.3.3/../../../../avr/lib/avrxmega6\libc.a(atoi.o)
 .data          0x0080211c        0x0 c:/winavr-20100110/bin/../lib/gcc/avr/4.3.3/../../../../avr/lib/avrxmega6\libc.a(ftoa_engine.o)
 .data          0x0080211c        0x0 c:/winavr-20100110/bin/../lib/gcc/avr/4.3.3/../../../../avr/lib/avrxmega6\libc.a(isspace.o)
 .data          0x0080211c        0x0 c:/winavr-20100110/bin/../lib/gcc/avr/4.3.3/../../../../avr/lib/avrxmega6\libc.a(strncasecmp_P.o)
 .data          0x0080211c        0x0 c:/winavr-20100110/bin/../lib/gcc/avr/4.3.3/../../../../avr/lib/avrxmega6\libc.a(strnlen_P.o)
 .data          0x0080211c        0x0 c:/winavr-20100110/bin/../lib/gcc/avr/4.3.3/../../../../avr/lib/avrxmega6\libc.a(strnlen.o)
 .data          0x0080211c        0x0 c:/winavr-20100110/bin/../lib/gcc/avr/4.3.3/../../../../avr/lib/avrxmega6\libc.a(mul10.o)
 .data          0x0080211c        0x0 c:/winavr-20100110/bin/../lib/gcc/avr/4.3.3/../../../../avr/lib/avrxmega6\libc.a(clearerr.o)
 .data          0x0080211c        0x0 c:/winavr-20100110/bin/../lib/gcc/avr/4.3.3/../../../../avr/lib/avrxmega6\libc.a(fgets.o)
 .data          0x0080211c        0x0 c:/winavr-20100110/bin/../lib/gcc/avr/4.3.3/../../../../avr/lib/avrxmega6\libc.a(fputc.o)
 .data          0x0080211c        0x0 c:/winavr-20100110/bin/../lib/gcc/avr/4.3.3/../../../../avr/lib/avrxmega6\libc.a(iob.o)
 .data          0x0080211c        0x0 c:/winavr-20100110/bin/../lib/gcc/avr/4.3.3/../../../../avr/lib/avrxmega6\libc.a(printf_p.o)
 .data          0x0080211c        0x0 c:/winavr-20100110/bin/../lib/gcc/avr/4.3.3/../../../../avr/lib/avrxmega6\libc.a(ultoa_invert.o)
 .data          0x0080211c        0x0 c:/winavr-20100110/bin/../lib/gcc/avr/4.3.3/../../../../avr/lib/avrxmega6\libc.a(errno.o)
 .data          0x0080211c        0x0 c:/winavr-20100110/bin/../lib/gcc/avr/4.3.3/../../../../avr/lib/avrxmega6\libc.a(cty_isfalse.o)
 .data          0x0080211c        0x0 c:/winavr-20100110/bin/../lib/gcc/avr/4.3.3/../../../../avr/lib/avrxmega6\libc.a(fgetc.o)
 *(.data*)
 *(.rodata)
 *(.rodata*)
 *(.gnu.linkonce.d*)
                0x0080211c                . = ALIGN (0x2)
                0x0080211c                _edata = .
                0x0080211c                PROVIDE (__data_end, .)

.bss            0x0080211c      0x3f8
                0x0080211c                PROVIDE (__bss_start, .)
 *(.bss)
 .bss           0x0080211c        0x0 c:/winavr-20100110/bin/../lib/gcc/avr/4.3.3/../../../../avr/lib/avrxmega6/crtx256a3.o
 .bss           0x0080211c        0x0 c:/winavr-20100110/bin/../lib/gcc/avr/4.3.3/../../../../avr/lib/avrxmega6\libprintf_flt.a(vfprintf_flt.o)
 .bss           0x0080211c        0x0 main.o
 .bss           0x0080211c       0x56 gcode.o
 .bss           0x00802172        0x0 config.o
 .bss           0x00802172        0x0 encoder.o
 .bss           0x00802172        0x0 xmega_init.o
 .bss           0x00802172       0x2d motion_control.o
 .bss           0x0080219f        0x0 spindle_control.o
 .bss           0x0080219f       0x40 stepper.o
 .bss           0x008021df        0x0 xmega_interrupts.o
 .bss           0x008021df        0x0 xio.o
 .bss           0x008021df       0x39 xio_usb.o
 .bss           0x00802218        0x0 xmega_eeprom.o
 .bss           0x00802218       0x11 xio_pgm.o
 .bss           0x00802229      0x1ab controller.o
 .bss           0x008023d4        0x0 direct_drive.o
 .bss           0x008023d4       0x70 move_buffer.o
 .bss           0x00802444        0x0 limit_switches.o
 .bss           0x00802444        0x0 c:/winavr-20100110/bin/../lib/gcc/avr/4.3.3/../../../../avr/lib/avrxmega6\libm.a(addsf3.o)
 .bss           0x00802444        0x0 c:/winavr-20100110/bin/../lib/gcc/avr/4.3.3/../../../../avr/lib/avrxmega6\libm.a(addsf3x.o)
 .bss           0x00802444        0x0 c:/winavr-20100110/bin/../lib/gcc/avr/4.3.3/../../../../avr/lib/avrxmega6\libm.a(atan.o)
 .bss           0x00802444        0x0 c:/winavr-20100110/bin/../lib/gcc/avr/4.3.3/../../../../avr/lib/avrxmega6\libm.a(ceil.o)
 .bss           0x00802444        0x0 c:/winavr-20100110/bin/../lib/gcc/avr/4.3.3/../../../../avr/lib/avrxmega6\libm.a(cmpsf2.o)
 .bss           0x00802444        0x0 c:/winavr-20100110/bin/../lib/gcc/avr/4.3.3/../../../../avr/lib/avrxmega6\libm.a(cos.o)
 .bss           0x00802444        0x0 c:/winavr-20100110/bin/../lib/gcc/avr/4.3.3/../../../../avr/lib/avrxmega6\libm.a(divsf3.o)
 .bss           0x00802444        0x0 c:/winavr-20100110/bin/../lib/gcc/avr/4.3.3/../../../../avr/lib/avrxmega6\libm.a(divsf3x.o)
 .bss           0x00802444        0x0 c:/winavr-20100110/bin/../lib/gcc/avr/4.3.3/../../../../avr/lib/avrxmega6\libm.a(fixsfsi.o)
 .bss           0x00802444        0x0 c:/winavr-20100110/bin/../lib/gcc/avr/4.3.3/../../../../avr/lib/avrxmega6\libm.a(fixunssfsi.o)
 .bss           0x00802444        0x0 c:/winavr-20100110/bin/../lib/gcc/avr/4.3.3/../../../../avr/lib/avrxmega6\libm.a(floatsisf.o)
 .bss           0x00802444        0x0 c:/winavr-20100110/bin/../lib/gcc/avr/4.3.3/../../../../avr/lib/avrxmega6\libm.a(fp_cmp.o)
 .bss           0x00802444        0x0 c:/winavr-20100110/bin/../lib/gcc/avr/4.3.3/../../../../avr/lib/avrxmega6\libm.a(fp_inf.o)
 .bss           0x00802444        0x0 c:/winavr-20100110/bin/../lib/gcc/avr/4.3.3/../../../../avr/lib/avrxmega6\libm.a(fp_mintl.o)
 .bss           0x00802444        0x0 c:/winavr-20100110/bin/../lib/gcc/avr/4.3.3/../../../../avr/lib/avrxmega6\libm.a(fp_mpack.o)
 .bss           0x00802444        0x0 c:/winavr-20100110/bin/../lib/gcc/avr/4.3.3/../../../../avr/lib/avrxmega6\libm.a(fp_nan.o)
 .bss           0x00802444        0x0 c:/winavr-20100110/bin/../lib/gcc/avr/4.3.3/../../../../avr/lib/avrxmega6\libm.a(fp_powser.o)
 .bss           0x00802444        0x0 c:/winavr-20100110/bin/../lib/gcc/avr/4.3.3/../../../../avr/lib/avrxmega6\libm.a(fp_pscA.o)
 .bss           0x00802444        0x0 c:/winavr-20100110/bin/../lib/gcc/avr/4.3.3/../../../../avr/lib/avrxmega6\libm.a(fp_pscB.o)
 .bss           0x00802444        0x0 c:/winavr-20100110/bin/../lib/gcc/avr/4.3.3/../../../../avr/lib/avrxmega6\libm.a(fp_rempio2.o)
 .bss           0x00802444        0x0 c:/winavr-20100110/bin/../lib/gcc/avr/4.3.3/../../../../avr/lib/avrxmega6\libm.a(fp_round.o)
 .bss           0x00802444        0x0 c:/winavr-20100110/bin/../lib/gcc/avr/4.3.3/../../../../avr/lib/avrxmega6\libm.a(fp_sinus.o)
 .bss           0x00802444        0x0 c:/winavr-20100110/bin/../lib/gcc/avr/4.3.3/../../../../avr/lib/avrxmega6\libm.a(fp_split3.o)
 .bss           0x00802444        0x0 c:/winavr-20100110/bin/../lib/gcc/avr/4.3.3/../../../../avr/lib/avrxmega6\libm.a(fp_trunc.o)
 .bss           0x00802444        0x0 c:/winavr-20100110/bin/../lib/gcc/avr/4.3.3/../../../../avr/lib/avrxmega6\libm.a(fp_zero.o)
 .bss           0x00802444        0x0 c:/winavr-20100110/bin/../lib/gcc/avr/4.3.3/../../../../avr/lib/avrxmega6\libm.a(gesf2.o)
 .bss           0x00802444        0x0 c:/winavr-20100110/bin/../lib/gcc/avr/4.3.3/../../../../avr/lib/avrxmega6\libm.a(hypot.o)
 .bss           0x00802444        0x0 c:/winavr-20100110/bin/../lib/gcc/avr/4.3.3/../../../../avr/lib/avrxmega6\libm.a(inverse.o)
 .bss           0x00802444        0x0 c:/winavr-20100110/bin/../lib/gcc/avr/4.3.3/../../../../avr/lib/avrxmega6\libm.a(ldexp.o)
 .bss           0x00802444        0x0 c:/winavr-20100110/bin/../lib/gcc/avr/4.3.3/../../../../avr/lib/avrxmega6\libm.a(lround.o)
 .bss           0x00802444        0x0 c:/winavr-20100110/bin/../lib/gcc/avr/4.3.3/../../../../avr/lib/avrxmega6\libm.a(mulsf3.o)
 .bss           0x00802444        0x0 c:/winavr-20100110/bin/../lib/gcc/avr/4.3.3/../../../../avr/lib/avrxmega6\libm.a(mulsf3x.o)
 .bss           0x00802444        0x0 c:/winavr-20100110/bin/../lib/gcc/avr/4.3.3/../../../../avr/lib/avrxmega6\libm.a(sin.o)
 .bss           0x00802444        0x0 c:/winavr-20100110/bin/../lib/gcc/avr/4.3.3/../../../../avr/lib/avrxmega6\libm.a(sqrt.o)
 .bss           0x00802444        0x0 c:/winavr-20100110/bin/../lib/gcc/avr/4.3.3/../../../../avr/lib/avrxmega6\libm.a(square.o)
 .bss           0x00802444        0x0 c:/winavr-20100110/bin/../lib/gcc/avr/4.3.3/../../../../avr/lib/avrxmega6\libm.a(trunc.o)
 .bss           0x00802444        0x0 c:/winavr-20100110/bin/../lib/gcc/avr/4.3.3/../../../../avr/lib/avrxmega6\libm.a(unordsf2.o)
 .bss           0x00802444        0x0 c:/winavr-20100110/bin/../lib/gcc/avr/4.3.3/../../../../avr/lib/avrxmega6\libm.a(fp_norm2.o)
 .bss           0x00802444        0x0 c:/winavr-20100110/bin/../lib/gcc/avr/4.3.3/../../../../avr/lib/avrxmega6\libm.a(fp_powsodd.o)
 .bss           0x00802444        0x0 c:/winavr-20100110/bin/../lib/gcc/avr/4.3.3/avrxmega6\libgcc.a(_exit.o)
 .bss           0x00802444        0x0 c:/winavr-20100110/bin/../lib/gcc/avr/4.3.3/avrxmega6\libgcc.a(_clear_bss.o)
 .bss           0x00802444        0x0 c:/winavr-20100110/bin/../lib/gcc/avr/4.3.3/avrxmega6\libgcc.a(_udivdi3.o)
 .bss           0x00802444        0x0 c:/winavr-20100110/bin/../lib/gcc/avr/4.3.3/avrxmega6\libgcc.a(_mulsi3.o)
 .bss           0x00802444        0x0 c:/winavr-20100110/bin/../lib/gcc/avr/4.3.3/avrxmega6\libgcc.a(_udivmodsi4.o)
 .bss           0x00802444        0x0 c:/winavr-20100110/bin/../lib/gcc/avr/4.3.3/avrxmega6\libgcc.a(_prologue.o)
 .bss           0x00802444        0x0 c:/winavr-20100110/bin/../lib/gcc/avr/4.3.3/avrxmega6\libgcc.a(_epilogue.o)
 .bss           0x00802444        0x0 c:/winavr-20100110/bin/../lib/gcc/avr/4.3.3/avrxmega6\libgcc.a(_clz.o)
 .bss           0x00802444        0x0 c:/winavr-20100110/bin/../lib/gcc/avr/4.3.3/../../../../avr/lib/avrxmega6\libc.a(strtod.o)
 .bss           0x00802444        0x0 c:/winavr-20100110/bin/../lib/gcc/avr/4.3.3/../../../../avr/lib/avrxmega6\libc.a(atoi.o)
 .bss           0x00802444        0x0 c:/winavr-20100110/bin/../lib/gcc/avr/4.3.3/../../../../avr/lib/avrxmega6\libc.a(ftoa_engine.o)
 .bss           0x00802444        0x0 c:/winavr-20100110/bin/../lib/gcc/avr/4.3.3/../../../../avr/lib/avrxmega6\libc.a(isspace.o)
 .bss           0x00802444        0x0 c:/winavr-20100110/bin/../lib/gcc/avr/4.3.3/../../../../avr/lib/avrxmega6\libc.a(strncasecmp_P.o)
 .bss           0x00802444        0x0 c:/winavr-20100110/bin/../lib/gcc/avr/4.3.3/../../../../avr/lib/avrxmega6\libc.a(strnlen_P.o)
 .bss           0x00802444        0x0 c:/winavr-20100110/bin/../lib/gcc/avr/4.3.3/../../../../avr/lib/avrxmega6\libc.a(strnlen.o)
 .bss           0x00802444        0x0 c:/winavr-20100110/bin/../lib/gcc/avr/4.3.3/../../../../avr/lib/avrxmega6\libc.a(mul10.o)
 .bss           0x00802444        0x0 c:/winavr-20100110/bin/../lib/gcc/avr/4.3.3/../../../../avr/lib/avrxmega6\libc.a(clearerr.o)
 .bss           0x00802444        0x0 c:/winavr-20100110/bin/../lib/gcc/avr/4.3.3/../../../../avr/lib/avrxmega6\libc.a(fgets.o)
 .bss           0x00802444        0x0 c:/winavr-20100110/bin/../lib/gcc/avr/4.3.3/../../../../avr/lib/avrxmega6\libc.a(fputc.o)
 .bss           0x00802444        0x0 c:/winavr-20100110/bin/../lib/gcc/avr/4.3.3/../../../../avr/lib/avrxmega6\libc.a(iob.o)
 .bss           0x00802444        0x0 c:/winavr-20100110/bin/../lib/gcc/avr/4.3.3/../../../../avr/lib/avrxmega6\libc.a(printf_p.o)
 .bss           0x00802444        0x0 c:/winavr-20100110/bin/../lib/gcc/avr/4.3.3/../../../../avr/lib/avrxmega6\libc.a(ultoa_invert.o)
 .bss           0x00802444        0x0 c:/winavr-20100110/bin/../lib/gcc/avr/4.3.3/../../../../avr/lib/avrxmega6\libc.a(errno.o)
 .bss           0x00802444        0x0 c:/winavr-20100110/bin/../lib/gcc/avr/4.3.3/../../../../avr/lib/avrxmega6\libc.a(cty_isfalse.o)
 .bss           0x00802444        0x0 c:/winavr-20100110/bin/../lib/gcc/avr/4.3.3/../../../../avr/lib/avrxmega6\libc.a(fgetc.o)
 *(.bss*)
 *(COMMON)
 COMMON         0x00802444       0x70 main.o
                0x00802444                cfg
                0x008024b2                stddev
 COMMON         0x008024b4       0x41 motion_control.o
                0x008024b4                ma
 COMMON         0x008024f5       0x17 direct_drive.o
                0x008024f5                dd
 COMMON         0x0080250c        0x6 c:/winavr-20100110/bin/../lib/gcc/avr/4.3.3/../../../../avr/lib/avrxmega6\libc.a(iob.o)
                0x0080250c                __iob
 COMMON         0x00802512        0x2 c:/winavr-20100110/bin/../lib/gcc/avr/4.3.3/../../../../avr/lib/avrxmega6\libc.a(errno.o)
                0x00802512                errno
                0x00802514                PROVIDE (__bss_end, .)
                0x0000875a                __data_load_start = LOADADDR (.data)
                0x00008876                __data_load_end = (__data_load_start + SIZEOF (.data))

.noinit         0x00802514        0x0
                0x00802514                PROVIDE (__noinit_start, .)
 *(.noinit*)
                0x00802514                PROVIDE (__noinit_end, .)
                0x00802514                _end = .
                0x00802514                PROVIDE (__heap_start, .)

.eeprom         0x00810000        0x0
 *(.eeprom*)
                0x00810000                __eeprom_end = .

.fuse
 *(.fuse)
 *(.lfuse)
 *(.hfuse)
 *(.efuse)

.lock
 *(.lock*)

.signature
 *(.signature*)

.stab
 *(.stab)

.stabstr
 *(.stabstr)

.stab.excl
 *(.stab.excl)

.stab.exclstr
 *(.stab.exclstr)

.stab.index
 *(.stab.index)

.stab.indexstr
 *(.stab.indexstr)

.comment
 *(.comment)

.debug
 *(.debug)

.line
 *(.line)

.debug_srcinfo
 *(.debug_srcinfo)

.debug_sfnames
 *(.debug_sfnames)

.debug_aranges  0x00000000      0x240
 *(.debug_aranges)
 .debug_aranges
                0x00000000       0x20 main.o
 .debug_aranges
                0x00000020       0x20 gcode.o
 .debug_aranges
                0x00000040       0x20 config.o
 .debug_aranges
                0x00000060       0x20 encoder.o
 .debug_aranges
                0x00000080       0x20 xmega_init.o
 .debug_aranges
                0x000000a0       0x20 motion_control.o
 .debug_aranges
                0x000000c0       0x20 spindle_control.o
 .debug_aranges
                0x000000e0       0x20 stepper.o
 .debug_aranges
                0x00000100       0x20 xmega_interrupts.o
 .debug_aranges
                0x00000120       0x20 xio.o
 .debug_aranges
                0x00000140       0x20 xio_usb.o
 .debug_aranges
                0x00000160       0x20 xmega_eeprom.o
 .debug_aranges
                0x00000180       0x20 xio_pgm.o
 .debug_aranges
                0x000001a0       0x20 controller.o
 .debug_aranges
                0x000001c0       0x20 direct_drive.o
 .debug_aranges
                0x000001e0       0x20 move_buffer.o
 .debug_aranges
                0x00000200       0x20 limit_switches.o
 .debug_aranges
                0x00000220       0x20 c:/winavr-20100110/bin/../lib/gcc/avr/4.3.3/avrxmega6\libgcc.a(_udivdi3.o)

.debug_pubnames
                0x00000000      0xafc
 *(.debug_pubnames)
 .debug_pubnames
                0x00000000       0x2e main.o
 .debug_pubnames
                0x0000002e       0x88 gcode.o
 .debug_pubnames
                0x000000b6      0x10d config.o
 .debug_pubnames
                0x000001c3       0x1e encoder.o
 .debug_pubnames
                0x000001e1       0x44 xmega_init.o
 .debug_pubnames
                0x00000225       0xba motion_control.o
 .debug_pubnames
                0x000002df       0x4c spindle_control.o
 .debug_pubnames
                0x0000032b       0xd0 stepper.o
 .debug_pubnames
                0x000003fb       0x5b xmega_interrupts.o
 .debug_pubnames
                0x00000456       0x95 xio.o
 .debug_pubnames
                0x000004eb       0xd9 xio_usb.o
 .debug_pubnames
                0x000005c4      0x15e xmega_eeprom.o
 .debug_pubnames
                0x00000722       0x94 xio_pgm.o
 .debug_pubnames
                0x000007b6      0x216 controller.o
 .debug_pubnames
                0x000009cc       0x3b direct_drive.o
 .debug_pubnames
                0x00000a07       0x97 move_buffer.o
 .debug_pubnames
                0x00000a9e       0x1e limit_switches.o
 .debug_pubnames
                0x00000abc       0x20 c:/winavr-20100110/bin/../lib/gcc/avr/4.3.3/avrxmega6\libgcc.a(_udivdi3.o)
 .debug_pubnames
                0x00000adc       0x20 c:/winavr-20100110/bin/../lib/gcc/avr/4.3.3/avrxmega6\libgcc.a(_clz.o)

.debug_info     0x00000000     0x64e9
 *(.debug_info)
 .debug_info    0x00000000      0x2cd main.o
 .debug_info    0x000002cd      0x9a5 gcode.o
 .debug_info    0x00000c72      0x84b config.o
 .debug_info    0x000014bd       0x3a encoder.o
 .debug_info    0x000014f7      0x244 xmega_init.o
 .debug_info    0x0000173b      0x76b motion_control.o
 .debug_info    0x00001ea6      0x38a spindle_control.o
 .debug_info    0x00002230      0xc0b stepper.o
 .debug_info    0x00002e3b      0x10b xmega_interrupts.o
 .debug_info    0x00002f46      0x437 xio.o
 .debug_info    0x0000337d      0xc14 xio_usb.o
 .debug_info    0x00003f91      0x620 xmega_eeprom.o
 .debug_info    0x000045b1      0x4c4 xio_pgm.o
 .debug_info    0x00004a75      0xb9f controller.o
 .debug_info    0x00005614      0x280 direct_drive.o
 .debug_info    0x00005894      0x454 move_buffer.o
 .debug_info    0x00005ce8       0x3a limit_switches.o
 .debug_info    0x00005d22      0x71e c:/winavr-20100110/bin/../lib/gcc/avr/4.3.3/avrxmega6\libgcc.a(_udivdi3.o)
 .debug_info    0x00006440       0xa9 c:/winavr-20100110/bin/../lib/gcc/avr/4.3.3/avrxmega6\libgcc.a(_clz.o)
 *(.gnu.linkonce.wi.*)

.debug_abbrev   0x00000000     0x1be1
 *(.debug_abbrev)
 .debug_abbrev  0x00000000      0x10e main.o
 .debug_abbrev  0x0000010e      0x2ea gcode.o
 .debug_abbrev  0x000003f8      0x222 config.o
 .debug_abbrev  0x0000061a       0x29 encoder.o
 .debug_abbrev  0x00000643      0x14b xmega_init.o
 .debug_abbrev  0x0000078e      0x1f5 motion_control.o
 .debug_abbrev  0x00000983      0x10c spindle_control.o
 .debug_abbrev  0x00000a8f      0x1d3 stepper.o
 .debug_abbrev  0x00000c62       0xb6 xmega_interrupts.o
 .debug_abbrev  0x00000d18      0x173 xio.o
 .debug_abbrev  0x00000e8b      0x2d2 xio_usb.o
 .debug_abbrev  0x0000115d      0x1b3 xmega_eeprom.o
 .debug_abbrev  0x00001310      0x1c4 xio_pgm.o
 .debug_abbrev  0x000014d4      0x2df controller.o
 .debug_abbrev  0x000017b3       0xd4 direct_drive.o
 .debug_abbrev  0x00001887      0x146 move_buffer.o
 .debug_abbrev  0x000019cd       0x29 limit_switches.o
 .debug_abbrev  0x000019f6      0x181 c:/winavr-20100110/bin/../lib/gcc/avr/4.3.3/avrxmega6\libgcc.a(_udivdi3.o)
 .debug_abbrev  0x00001b77       0x6a c:/winavr-20100110/bin/../lib/gcc/avr/4.3.3/avrxmega6\libgcc.a(_clz.o)

.debug_line     0x00000000     0x36ee
 *(.debug_line)
 .debug_line    0x00000000      0x17f main.o
 .debug_line    0x0000017f      0x622 gcode.o
 .debug_line    0x000007a1      0x592 config.o
 .debug_line    0x00000d33       0x5e encoder.o
 .debug_line    0x00000d91      0x182 xmega_init.o
 .debug_line    0x00000f13      0x4fc motion_control.o
 .debug_line    0x0000140f      0x146 spindle_control.o
 .debug_line    0x00001555      0x56d stepper.o
 .debug_line    0x00001ac2      0x123 xmega_interrupts.o
 .debug_line    0x00001be5      0x197 xio.o
 .debug_line    0x00001d7c      0x7d1 xio_usb.o
 .debug_line    0x0000254d      0x41d xmega_eeprom.o
 .debug_line    0x0000296a      0x38b xio_pgm.o
 .debug_line    0x00002cf5      0x458 controller.o
 .debug_line    0x0000314d       0xb8 direct_drive.o
 .debug_line    0x00003205      0x230 move_buffer.o
 .debug_line    0x00003435       0x65 limit_switches.o
 .debug_line    0x0000349a      0x1d8 c:/winavr-20100110/bin/../lib/gcc/avr/4.3.3/avrxmega6\libgcc.a(_udivdi3.o)
 .debug_line    0x00003672       0x7c c:/winavr-20100110/bin/../lib/gcc/avr/4.3.3/avrxmega6\libgcc.a(_clz.o)

.debug_frame    0x00000000      0x8c0
 *(.debug_frame)
 .debug_frame   0x00000000       0x20 main.o
 .debug_frame   0x00000020       0x80 gcode.o
 .debug_frame   0x000000a0       0xb0 config.o
 .debug_frame   0x00000150       0x20 encoder.o
 .debug_frame   0x00000170       0x40 xmega_init.o
 .debug_frame   0x000001b0       0xa0 motion_control.o
 .debug_frame   0x00000250       0x40 spindle_control.o
 .debug_frame   0x00000290       0xc0 stepper.o
 .debug_frame   0x00000350       0x30 xmega_interrupts.o
 .debug_frame   0x00000380       0x70 xio.o
 .debug_frame   0x000003f0      0x1c0 xio_usb.o
 .debug_frame   0x000005b0       0xf0 xmega_eeprom.o
 .debug_frame   0x000006a0       0x70 xio_pgm.o
 .debug_frame   0x00000710       0xd0 controller.o
 .debug_frame   0x000007e0       0x30 direct_drive.o
 .debug_frame   0x00000810       0x70 move_buffer.o
 .debug_frame   0x00000880       0x20 limit_switches.o
 .debug_frame   0x000008a0       0x20 c:/winavr-20100110/bin/../lib/gcc/avr/4.3.3/avrxmega6\libgcc.a(_udivdi3.o)

.debug_str      0x00000000     0x1fda
 *(.debug_str)
 .debug_str     0x00000000      0x1ae main.o
                                0x203 (size before relaxing)
 .debug_str     0x000001ae      0x3b9 gcode.o
                                0x5e5 (size before relaxing)
 .debug_str     0x00000567       0xf4 config.o
                                0x402 (size before relaxing)
 .debug_str     0x0000065b       0x15 encoder.o
                                 0x59 (size before relaxing)
 .debug_str     0x00000670      0x139 xmega_init.o
                                0x203 (size before relaxing)
 .debug_str     0x000007a9      0x1f7 motion_control.o
                                0x54b (size before relaxing)
 .debug_str     0x000009a0      0x106 spindle_control.o
                                0x2c9 (size before relaxing)
 .debug_str     0x00000aa6      0x4e7 stepper.o
                                0x7c7 (size before relaxing)
 .debug_str     0x00000f8d       0x5c xmega_interrupts.o
                                0x14f (size before relaxing)
 .debug_str     0x00000fe9      0x183 xio.o
                                0x3aa (size before relaxing)
 .debug_str     0x0000116c      0x403 xio_usb.o
                                0x822 (size before relaxing)
 .debug_str     0x0000156f      0x48f xmega_eeprom.o
                                0x5a1 (size before relaxing)
 .debug_str     0x000019fe       0x7e xio_pgm.o
                                0x3a5 (size before relaxing)
 .debug_str     0x00001a7c      0x32c controller.o
                                0x774 (size before relaxing)
 .debug_str     0x00001da8       0x2d direct_drive.o
                                0x1e2 (size before relaxing)
 .debug_str     0x00001dd5       0xe6 move_buffer.o
                                0x44a (size before relaxing)
 .debug_str     0x00001ebb       0x1c limit_switches.o
                                 0x60 (size before relaxing)
 .debug_str     0x00001ed7      0x103 c:/winavr-20100110/bin/../lib/gcc/avr/4.3.3/avrxmega6\libgcc.a(_udivdi3.o)
                                0x18f (size before relaxing)
 .debug_str     0x00000000       0xf9 c:/winavr-20100110/bin/../lib/gcc/avr/4.3.3/avrxmega6\libgcc.a(_clz.o)

.debug_loc      0x00000000     0x29f3
 *(.debug_loc)
 .debug_loc     0x00000000      0x51d gcode.o
 .debug_loc     0x0000051d      0x495 config.o
 .debug_loc     0x000009b2       0x18 xmega_init.o
 .debug_loc     0x000009ca      0x5ac motion_control.o
 .debug_loc     0x00000f76       0x28 spindle_control.o
 .debug_loc     0x00000f9e       0x23 stepper.o
 .debug_loc     0x00000fc1      0x195 xio.o
 .debug_loc     0x00001156      0x275 xio_usb.o
 .debug_loc     0x000013cb      0x3bd xmega_eeprom.o
 .debug_loc     0x00001788      0x12d xio_pgm.o
 .debug_loc     0x000018b5      0x143 controller.o
 .debug_loc     0x000019f8       0x18 direct_drive.o
 .debug_loc     0x00001a10      0x16f move_buffer.o
 .debug_loc     0x00001b7f      0xe74 c:/winavr-20100110/bin/../lib/gcc/avr/4.3.3/avrxmega6\libgcc.a(_udivdi3.o)

.debug_macinfo
 *(.debug_macinfo)
OUTPUT(TinyG.elf elf32-avr)
LOAD linker stubs

.debug_ranges   0x00000000       0x68
 .debug_ranges  0x00000000       0x50 gcode.o
 .debug_ranges  0x00000050       0x18 c:/winavr-20100110/bin/../lib/gcc/avr/4.3.3/avrxmega6\libgcc.a(_udivdi3.o)
